Java HotSpot(TM) 64-Bit Server VM (25.192-b12) for bsd-amd64 JRE (1.8.0_192-b12), built on Oct  6 2018 09:36:52 by "java_re" with gcc 4.2.1 (Based on Apple Inc. build 5658) (LLVM build 2336.11.00)
Memory: 4k page, physical 4194304k(26952k free)

/proc/meminfo:

CommandLine flags: -XX:+ExplicitGCInvokesConcurrent -XX:GCLogFileSize=104857600 -XX:InitialHeapSize=1073741824 -XX:InitiatingHeapOccupancyPercent=35 -XX:+ManagementServer -XX:MaxGCPauseMillis=20 -XX:MaxHeapSize=1073741824 -XX:NumberOfGCLogFiles=10 -XX:+PrintGC -XX:+PrintGCDateStamps -XX:+PrintGCDetails -XX:+PrintGCTimeStamps -XX:+UseCompressedClassPointers -XX:+UseCompressedOops -XX:+UseG1GC -XX:+UseGCLogFileRotation 
2018-12-01T21:55:40.949+0800: 3.476: [GC pause (G1 Evacuation Pause) (young), 0.0257211 secs]
   [Parallel Time: 15.3 ms, GC Workers: 4]
      [GC Worker Start (ms): Min: 3476.1, Avg: 3476.2, Max: 3476.2, Diff: 0.1]
      [Ext Root Scanning (ms): Min: 1.4, Avg: 2.3, Max: 4.5, Diff: 3.2, Sum: 9.3]
      [Update RS (ms): Min: 0.0, Avg: 0.0, Max: 0.0, Diff: 0.0, Sum: 0.0]
         [Processed Buffers: Min: 0, Avg: 0.0, Max: 0, Diff: 0, Sum: 0]
      [Scan RS (ms): Min: 0.0, Avg: 0.0, Max: 0.0, Diff: 0.0, Sum: 0.1]
      [Code Root Scanning (ms): Min: 0.0, Avg: 0.4, Max: 0.8, Diff: 0.8, Sum: 1.8]
      [Object Copy (ms): Min: 10.4, Avg: 12.2, Max: 13.4, Diff: 3.0, Sum: 48.8]
      [Termination (ms): Min: 0.0, Avg: 0.1, Max: 0.2, Diff: 0.2, Sum: 0.5]
         [Termination Attempts: Min: 1, Avg: 1.0, Max: 1, Diff: 0, Sum: 4]
      [GC Worker Other (ms): Min: 0.0, Avg: 0.0, Max: 0.1, Diff: 0.0, Sum: 0.1]
      [GC Worker Total (ms): Min: 15.1, Avg: 15.2, Max: 15.3, Diff: 0.2, Sum: 60.7]
      [GC Worker End (ms): Min: 3491.3, Avg: 3491.3, Max: 3491.4, Diff: 0.1]
   [Code Root Fixup: 0.0 ms]
   [Code Root Purge: 0.1 ms]
   [Clear CT: 0.2 ms]
   [Other: 10.1 ms]
      [Choose CSet: 0.0 ms]
      [Ref Proc: 9.5 ms]
      [Ref Enq: 0.1 ms]
      [Redirty Cards: 0.1 ms]
      [Humongous Register: 0.1 ms]
      [Humongous Reclaim: 0.0 ms]
      [Free CSet: 0.1 ms]
   [Eden: 51.0M(51.0M)->0.0B(44.0M) Survivors: 0.0B->7168.0K Heap: 51.0M(1024.0M)->8662.0K(1024.0M)]
 [Times: user=0.04 sys=0.01, real=0.03 secs] 
2018-12-01T21:55:43.074+0800: 5.600: [GC pause (Metadata GC Threshold) (young) (initial-mark), 0.0289306 secs]
   [Parallel Time: 23.6 ms, GC Workers: 4]
      [GC Worker Start (ms): Min: 5600.6, Avg: 5600.7, Max: 5600.7, Diff: 0.1]
      [Ext Root Scanning (ms): Min: 4.6, Avg: 5.6, Max: 6.3, Diff: 1.7, Sum: 22.5]
      [Update RS (ms): Min: 0.0, Avg: 0.8, Max: 2.1, Diff: 2.1, Sum: 3.0]
         [Processed Buffers: Min: 0, Avg: 0.5, Max: 1, Diff: 1, Sum: 2]
      [Scan RS (ms): Min: 0.0, Avg: 0.0, Max: 0.0, Diff: 0.0, Sum: 0.1]
      [Code Root Scanning (ms): Min: 0.0, Avg: 2.7, Max: 7.4, Diff: 7.4, Sum: 10.7]
      [Object Copy (ms): Min: 8.8, Avg: 14.3, Max: 16.6, Diff: 7.9, Sum: 57.0]
      [Termination (ms): Min: 0.0, Avg: 0.0, Max: 0.0, Diff: 0.0, Sum: 0.0]
         [Termination Attempts: Min: 1, Avg: 1.0, Max: 1, Diff: 0, Sum: 4]
      [GC Worker Other (ms): Min: 0.0, Avg: 0.0, Max: 0.1, Diff: 0.0, Sum: 0.2]
      [GC Worker Total (ms): Min: 23.4, Avg: 23.4, Max: 23.4, Diff: 0.1, Sum: 93.6]
      [GC Worker End (ms): Min: 5624.1, Avg: 5624.1, Max: 5624.1, Diff: 0.0]
   [Code Root Fixup: 0.1 ms]
   [Code Root Purge: 0.0 ms]
   [Clear CT: 0.1 ms]
   [Other: 5.1 ms]
      [Choose CSet: 0.0 ms]
      [Ref Proc: 4.5 ms]
      [Ref Enq: 0.0 ms]
      [Redirty Cards: 0.1 ms]
      [Humongous Register: 0.0 ms]
      [Humongous Reclaim: 0.0 ms]
      [Free CSet: 0.3 ms]
   [Eden: 34.0M(44.0M)->0.0B(44.0M) Survivors: 7168.0K->7168.0K Heap: 169.7M(1024.0M)->138.3M(1024.0M)]
 [Times: user=0.04 sys=0.04, real=0.03 secs] 
2018-12-01T21:55:43.103+0800: 5.629: [GC concurrent-root-region-scan-start]
2018-12-01T21:55:43.116+0800: 5.642: [GC concurrent-root-region-scan-end, 0.0129534 secs]
2018-12-01T21:55:43.116+0800: 5.642: [GC concurrent-mark-start]
2018-12-01T21:55:43.119+0800: 5.645: [GC concurrent-mark-end, 0.0027976 secs]
2018-12-01T21:55:43.120+0800: 5.646: [GC remark 2018-12-01T21:55:43.120+0800: 5.646: [Finalize Marking, 0.0003622 secs] 2018-12-01T21:55:43.120+0800: 5.646: [GC ref-proc, 0.0000642 secs] 2018-12-01T21:55:43.120+0800: 5.646: [Unloading, 0.0220903 secs], 0.0242117 secs]
 [Times: user=0.02 sys=0.04, real=0.02 secs] 
2018-12-01T21:55:43.144+0800: 5.671: [GC cleanup 139M->138M(1024M), 0.0059047 secs]
 [Times: user=0.00 sys=0.01, real=0.01 secs] 
2018-12-01T21:55:43.150+0800: 5.677: [GC concurrent-cleanup-start]
2018-12-01T21:55:43.150+0800: 5.677: [GC concurrent-cleanup-end, 0.0000242 secs]
2018-12-01T21:55:44.860+0800: 7.386: [GC pause (G1 Evacuation Pause) (young), 0.0181310 secs]
   [Parallel Time: 12.4 ms, GC Workers: 4]
      [GC Worker Start (ms): Min: 7386.2, Avg: 7386.2, Max: 7386.2, Diff: 0.1]
      [Ext Root Scanning (ms): Min: 1.7, Avg: 2.2, Max: 3.4, Diff: 1.8, Sum: 8.9]
      [Update RS (ms): Min: 0.0, Avg: 0.1, Max: 0.3, Diff: 0.3, Sum: 0.6]
         [Processed Buffers: Min: 0, Avg: 1.0, Max: 2, Diff: 2, Sum: 4]
      [Scan RS (ms): Min: 0.0, Avg: 0.0, Max: 0.0, Diff: 0.0, Sum: 0.0]
      [Code Root Scanning (ms): Min: 0.0, Avg: 0.8, Max: 1.6, Diff: 1.6, Sum: 3.4]
      [Object Copy (ms): Min: 8.8, Avg: 9.0, Max: 9.4, Diff: 0.6, Sum: 36.0]
      [Termination (ms): Min: 0.0, Avg: 0.1, Max: 0.2, Diff: 0.2, Sum: 0.4]
         [Termination Attempts: Min: 1, Avg: 8.0, Max: 14, Diff: 13, Sum: 32]
      [GC Worker Other (ms): Min: 0.0, Avg: 0.0, Max: 0.0, Diff: 0.0, Sum: 0.0]
      [GC Worker Total (ms): Min: 12.3, Avg: 12.3, Max: 12.4, Diff: 0.1, Sum: 49.3]
      [GC Worker End (ms): Min: 7398.5, Avg: 7398.5, Max: 7398.5, Diff: 0.0]
   [Code Root Fixup: 0.1 ms]
   [Code Root Purge: 0.0 ms]
   [Clear CT: 0.1 ms]
   [Other: 5.5 ms]
      [Choose CSet: 0.0 ms]
      [Ref Proc: 4.9 ms]
      [Ref Enq: 0.0 ms]
      [Redirty Cards: 0.1 ms]
      [Humongous Register: 0.0 ms]
      [Humongous Reclaim: 0.0 ms]
      [Free CSet: 0.2 ms]
   [Eden: 44.0M(44.0M)->0.0B(44.0M) Survivors: 7168.0K->7168.0K Heap: 181.3M(1024.0M)->142.0M(1024.0M)]
 [Times: user=0.05 sys=0.01, real=0.01 secs] 
2018-12-01T21:56:21.114+0800: 43.639: [GC pause (G1 Evacuation Pause) (young), 0.0480775 secs]
   [Parallel Time: 42.0 ms, GC Workers: 4]
      [GC Worker Start (ms): Min: 43641.3, Avg: 43641.4, Max: 43641.5, Diff: 0.2]
      [Ext Root Scanning (ms): Min: 1.0, Avg: 3.9, Max: 12.1, Diff: 11.2, Sum: 15.4]
      [Update RS (ms): Min: 0.0, Avg: 3.0, Max: 4.4, Diff: 4.4, Sum: 12.1]
         [Processed Buffers: Min: 0, Avg: 6.8, Max: 14, Diff: 14, Sum: 27]
      [Scan RS (ms): Min: 1.0, Avg: 2.1, Max: 2.6, Diff: 1.7, Sum: 8.4]
      [Code Root Scanning (ms): Min: 0.0, Avg: 0.7, Max: 2.2, Diff: 2.2, Sum: 2.9]
      [Object Copy (ms): Min: 27.8, Avg: 31.4, Max: 34.1, Diff: 6.3, Sum: 125.5]
      [Termination (ms): Min: 0.0, Avg: 0.7, Max: 1.0, Diff: 1.0, Sum: 2.7]
         [Termination Attempts: Min: 1, Avg: 1.0, Max: 1, Diff: 0, Sum: 4]
      [GC Worker Other (ms): Min: 0.0, Avg: 0.0, Max: 0.0, Diff: 0.0, Sum: 0.1]
      [GC Worker Total (ms): Min: 41.7, Avg: 41.8, Max: 41.9, Diff: 0.2, Sum: 167.1]
      [GC Worker End (ms): Min: 43683.2, Avg: 43683.2, Max: 43683.2, Diff: 0.0]
   [Code Root Fixup: 0.1 ms]
   [Code Root Purge: 0.1 ms]
   [Clear CT: 0.1 ms]
   [Other: 5.9 ms]
      [Choose CSet: 0.0 ms]
      [Ref Proc: 3.0 ms]
      [Ref Enq: 0.0 ms]
      [Redirty Cards: 0.1 ms]
      [Humongous Register: 2.1 ms]
      [Humongous Reclaim: 0.0 ms]
      [Free CSet: 0.2 ms]
   [Eden: 44.0M(44.0M)->0.0B(44.0M) Survivors: 7168.0K->7168.0K Heap: 186.0M(1024.0M)->143.0M(1024.0M)]
 [Times: user=0.05 sys=0.06, real=0.05 secs] 
2018-12-01T21:56:41.982+0800: 64.507: [GC pause (G1 Evacuation Pause) (young), 0.0195960 secs]
   [Parallel Time: 18.0 ms, GC Workers: 4]
      [GC Worker Start (ms): Min: 64506.9, Avg: 64506.9, Max: 64507.0, Diff: 0.1]
      [Ext Root Scanning (ms): Min: 1.0, Avg: 2.1, Max: 4.2, Diff: 3.2, Sum: 8.4]
      [Update RS (ms): Min: 0.0, Avg: 0.6, Max: 2.2, Diff: 2.2, Sum: 2.6]
         [Processed Buffers: Min: 0, Avg: 3.5, Max: 12, Diff: 12, Sum: 14]
      [Scan RS (ms): Min: 0.0, Avg: 0.4, Max: 1.0, Diff: 1.0, Sum: 1.7]
      [Code Root Scanning (ms): Min: 0.0, Avg: 1.0, Max: 2.4, Diff: 2.4, Sum: 3.9]
      [Object Copy (ms): Min: 12.3, Avg: 13.5, Max: 14.5, Diff: 2.1, Sum: 54.0]
      [Termination (ms): Min: 0.0, Avg: 0.2, Max: 0.3, Diff: 0.3, Sum: 0.6]
         [Termination Attempts: Min: 1, Avg: 1.2, Max: 2, Diff: 1, Sum: 5]
      [GC Worker Other (ms): Min: 0.0, Avg: 0.0, Max: 0.1, Diff: 0.1, Sum: 0.2]
      [GC Worker Total (ms): Min: 17.7, Avg: 17.8, Max: 18.0, Diff: 0.3, Sum: 71.3]
      [GC Worker End (ms): Min: 64524.7, Avg: 64524.8, Max: 64524.9, Diff: 0.2]
   [Code Root Fixup: 0.1 ms]
   [Code Root Purge: 0.1 ms]
   [Clear CT: 0.2 ms]
   [Other: 1.1 ms]
      [Choose CSet: 0.0 ms]
      [Ref Proc: 0.4 ms]
      [Ref Enq: 0.0 ms]
      [Redirty Cards: 0.1 ms]
      [Humongous Register: 0.1 ms]
      [Humongous Reclaim: 0.0 ms]
      [Free CSet: 0.2 ms]
   [Eden: 44.0M(44.0M)->0.0B(47.0M) Survivors: 7168.0K->4096.0K Heap: 187.0M(1024.0M)->144.8M(1024.0M)]
 [Times: user=0.05 sys=0.01, real=0.02 secs] 
2018-12-01T21:57:03.565+0800: 86.090: [GC pause (G1 Evacuation Pause) (young), 0.0268631 secs]
   [Parallel Time: 19.9 ms, GC Workers: 4]
      [GC Worker Start (ms): Min: 86094.3, Avg: 86094.4, Max: 86094.6, Diff: 0.3]
      [Ext Root Scanning (ms): Min: 2.1, Avg: 3.6, Max: 7.4, Diff: 5.3, Sum: 14.2]
      [Update RS (ms): Min: 0.0, Avg: 2.8, Max: 3.8, Diff: 3.8, Sum: 11.2]
         [Processed Buffers: Min: 0, Avg: 9.2, Max: 17, Diff: 17, Sum: 37]
      [Scan RS (ms): Min: 0.5, Avg: 1.2, Max: 2.1, Diff: 1.6, Sum: 5.0]
      [Code Root Scanning (ms): Min: 0.0, Avg: 0.4, Max: 1.2, Diff: 1.2, Sum: 1.5]
      [Object Copy (ms): Min: 11.1, Avg: 11.5, Max: 11.8, Diff: 0.7, Sum: 46.2]
      [Termination (ms): Min: 0.0, Avg: 0.1, Max: 0.1, Diff: 0.1, Sum: 0.4]
         [Termination Attempts: Min: 1, Avg: 1.0, Max: 1, Diff: 0, Sum: 4]
      [GC Worker Other (ms): Min: 0.0, Avg: 0.0, Max: 0.1, Diff: 0.0, Sum: 0.2]
      [GC Worker Total (ms): Min: 19.5, Avg: 19.7, Max: 19.8, Diff: 0.3, Sum: 78.6]
      [GC Worker End (ms): Min: 86114.0, Avg: 86114.1, Max: 86114.1, Diff: 0.0]
   [Code Root Fixup: 0.0 ms]
   [Code Root Purge: 0.0 ms]
   [Clear CT: 0.1 ms]
   [Other: 6.8 ms]
      [Choose CSet: 0.0 ms]
      [Ref Proc: 1.5 ms]
      [Ref Enq: 0.0 ms]
      [Redirty Cards: 0.1 ms]
      [Humongous Register: 4.1 ms]
      [Humongous Reclaim: 0.0 ms]
      [Free CSet: 0.2 ms]
   [Eden: 47.0M(47.0M)->0.0B(46.0M) Survivors: 4096.0K->5120.0K Heap: 191.8M(1024.0M)->145.8M(1024.0M)]
 [Times: user=0.03 sys=0.03, real=0.03 secs] 
2018-12-01T21:57:27.523+0800: 110.047: [GC pause (G1 Evacuation Pause) (young), 0.0293706 secs]
   [Parallel Time: 22.9 ms, GC Workers: 4]
      [GC Worker Start (ms): Min: 110051.7, Avg: 110051.8, Max: 110052.0, Diff: 0.3]
      [Ext Root Scanning (ms): Min: 2.0, Avg: 4.4, Max: 8.7, Diff: 6.7, Sum: 17.7]
      [Update RS (ms): Min: 0.0, Avg: 1.8, Max: 3.1, Diff: 3.1, Sum: 7.1]
         [Processed Buffers: Min: 0, Avg: 6.5, Max: 24, Diff: 24, Sum: 26]
      [Scan RS (ms): Min: 0.0, Avg: 1.0, Max: 2.5, Diff: 2.4, Sum: 4.0]
      [Code Root Scanning (ms): Min: 0.0, Avg: 0.9, Max: 2.2, Diff: 2.2, Sum: 3.4]
      [Object Copy (ms): Min: 13.4, Avg: 14.1, Max: 15.2, Diff: 1.8, Sum: 56.3]
      [Termination (ms): Min: 0.0, Avg: 0.1, Max: 0.2, Diff: 0.2, Sum: 0.3]
         [Termination Attempts: Min: 1, Avg: 1.0, Max: 1, Diff: 0, Sum: 4]
      [GC Worker Other (ms): Min: 0.1, Avg: 0.4, Max: 1.5, Diff: 1.5, Sum: 1.8]
      [GC Worker Total (ms): Min: 22.5, Avg: 22.7, Max: 22.8, Diff: 0.2, Sum: 90.6]
      [GC Worker End (ms): Min: 110074.5, Avg: 110074.5, Max: 110074.5, Diff: 0.0]
   [Code Root Fixup: 0.0 ms]
   [Code Root Purge: 0.0 ms]
   [Clear CT: 0.1 ms]
   [Other: 6.3 ms]
      [Choose CSet: 0.0 ms]
      [Ref Proc: 0.3 ms]
      [Ref Enq: 0.0 ms]
      [Redirty Cards: 0.1 ms]
      [Humongous Register: 4.0 ms]
      [Humongous Reclaim: 0.0 ms]
      [Free CSet: 0.7 ms]
   [Eden: 46.0M(46.0M)->0.0B(47.0M) Survivors: 5120.0K->4096.0K Heap: 191.8M(1024.0M)->144.8M(1024.0M)]
 [Times: user=0.03 sys=0.04, real=0.03 secs] 
2018-12-01T21:57:52.629+0800: 135.152: [GC pause (G1 Evacuation Pause) (young), 0.0100037 secs]
   [Parallel Time: 9.1 ms, GC Workers: 4]
      [GC Worker Start (ms): Min: 135151.8, Avg: 135151.8, Max: 135151.9, Diff: 0.0]
      [Ext Root Scanning (ms): Min: 0.8, Avg: 1.1, Max: 1.4, Diff: 0.6, Sum: 4.5]
      [Update RS (ms): Min: 0.4, Avg: 0.5, Max: 0.7, Diff: 0.3, Sum: 2.1]
         [Processed Buffers: Min: 1, Avg: 4.5, Max: 14, Diff: 13, Sum: 18]
      [Scan RS (ms): Min: 0.0, Avg: 0.0, Max: 0.0, Diff: 0.0, Sum: 0.0]
      [Code Root Scanning (ms): Min: 0.0, Avg: 0.3, Max: 0.7, Diff: 0.7, Sum: 1.3]
      [Object Copy (ms): Min: 6.7, Avg: 6.9, Max: 7.2, Diff: 0.5, Sum: 27.6]
      [Termination (ms): Min: 0.0, Avg: 0.1, Max: 0.1, Diff: 0.1, Sum: 0.4]
         [Termination Attempts: Min: 1, Avg: 1.0, Max: 1, Diff: 0, Sum: 4]
      [GC Worker Other (ms): Min: 0.0, Avg: 0.0, Max: 0.0, Diff: 0.0, Sum: 0.1]
      [GC Worker Total (ms): Min: 9.0, Avg: 9.0, Max: 9.0, Diff: 0.0, Sum: 36.0]
      [GC Worker End (ms): Min: 135160.8, Avg: 135160.8, Max: 135160.9, Diff: 0.0]
   [Code Root Fixup: 0.0 ms]
   [Code Root Purge: 0.0 ms]
   [Clear CT: 0.1 ms]
   [Other: 0.9 ms]
      [Choose CSet: 0.0 ms]
      [Ref Proc: 0.2 ms]
      [Ref Enq: 0.0 ms]
      [Redirty Cards: 0.1 ms]
      [Humongous Register: 0.2 ms]
      [Humongous Reclaim: 0.0 ms]
      [Free CSet: 0.1 ms]
   [Eden: 47.0M(47.0M)->0.0B(47.0M) Survivors: 4096.0K->4096.0K Heap: 191.8M(1024.0M)->145.3M(1024.0M)]
 [Times: user=0.02 sys=0.01, real=0.02 secs] 
2018-12-01T21:58:17.425+0800: 159.947: [GC pause (G1 Evacuation Pause) (young), 0.0151782 secs]
   [Parallel Time: 14.4 ms, GC Workers: 4]
      [GC Worker Start (ms): Min: 159947.3, Avg: 159947.4, Max: 159947.4, Diff: 0.1]
      [Ext Root Scanning (ms): Min: 1.6, Avg: 1.7, Max: 1.9, Diff: 0.3, Sum: 6.9]
      [Update RS (ms): Min: 0.8, Avg: 0.9, Max: 1.1, Diff: 0.2, Sum: 3.7]
         [Processed Buffers: Min: 1, Avg: 4.5, Max: 13, Diff: 12, Sum: 18]
      [Scan RS (ms): Min: 0.0, Avg: 0.0, Max: 0.0, Diff: 0.0, Sum: 0.1]
      [Code Root Scanning (ms): Min: 0.0, Avg: 0.7, Max: 1.5, Diff: 1.5, Sum: 2.6]
      [Object Copy (ms): Min: 10.2, Avg: 10.9, Max: 11.5, Diff: 1.3, Sum: 43.8]
      [Termination (ms): Min: 0.0, Avg: 0.0, Max: 0.0, Diff: 0.0, Sum: 0.0]
         [Termination Attempts: Min: 1, Avg: 1.0, Max: 1, Diff: 0, Sum: 4]
      [GC Worker Other (ms): Min: 0.0, Avg: 0.1, Max: 0.1, Diff: 0.0, Sum: 0.2]
      [GC Worker Total (ms): Min: 14.3, Avg: 14.3, Max: 14.4, Diff: 0.1, Sum: 57.3]
      [GC Worker End (ms): Min: 159961.7, Avg: 159961.7, Max: 159961.7, Diff: 0.0]
   [Code Root Fixup: 0.0 ms]
   [Code Root Purge: 0.0 ms]
   [Clear CT: 0.1 ms]
   [Other: 0.6 ms]
      [Choose CSet: 0.0 ms]
      [Ref Proc: 0.2 ms]
      [Ref Enq: 0.0 ms]
      [Redirty Cards: 0.1 ms]
      [Humongous Register: 0.0 ms]
      [Humongous Reclaim: 0.0 ms]
      [Free CSet: 0.1 ms]
   [Eden: 47.0M(47.0M)->0.0B(44.0M) Survivors: 4096.0K->7168.0K Heap: 192.3M(1024.0M)->147.7M(1024.0M)]
 [Times: user=0.04 sys=0.01, real=0.02 secs] 
2018-12-01T21:58:40.824+0800: 183.345: [GC pause (G1 Evacuation Pause) (young), 0.0442392 secs]
   [Parallel Time: 31.7 ms, GC Workers: 4]
      [GC Worker Start (ms): Min: 183355.3, Avg: 183357.0, Max: 183358.1, Diff: 2.8]
      [Ext Root Scanning (ms): Min: 2.6, Avg: 7.7, Max: 21.1, Diff: 18.5, Sum: 30.8]
      [Update RS (ms): Min: 0.0, Avg: 8.8, Max: 12.7, Diff: 12.7, Sum: 35.0]
         [Processed Buffers: Min: 0, Avg: 3.8, Max: 13, Diff: 13, Sum: 15]
      [Scan RS (ms): Min: 0.0, Avg: 0.0, Max: 0.0, Diff: 0.0, Sum: 0.0]
      [Code Root Scanning (ms): Min: 0.0, Avg: 0.4, Max: 1.4, Diff: 1.4, Sum: 1.4]
      [Object Copy (ms): Min: 10.2, Avg: 12.8, Max: 13.9, Diff: 3.7, Sum: 51.1]
      [Termination (ms): Min: 0.0, Avg: 0.1, Max: 0.2, Diff: 0.2, Sum: 0.4]
         [Termination Attempts: Min: 1, Avg: 1.2, Max: 2, Diff: 1, Sum: 5]
      [GC Worker Other (ms): Min: 0.0, Avg: 0.0, Max: 0.0, Diff: 0.0, Sum: 0.1]
      [GC Worker Total (ms): Min: 28.6, Avg: 29.7, Max: 31.4, Diff: 2.8, Sum: 118.9]
      [GC Worker End (ms): Min: 183386.7, Avg: 183386.8, Max: 183386.8, Diff: 0.1]
   [Code Root Fixup: 0.0 ms]
   [Code Root Purge: 0.0 ms]
   [Clear CT: 0.1 ms]
   [Other: 12.4 ms]
      [Choose CSet: 0.0 ms]
      [Ref Proc: 1.7 ms]
      [Ref Enq: 0.0 ms]
      [Redirty Cards: 0.1 ms]
      [Humongous Register: 9.5 ms]
      [Humongous Reclaim: 0.0 ms]
      [Free CSet: 0.2 ms]
   [Eden: 44.0M(44.0M)->0.0B(46.0M) Survivors: 7168.0K->5120.0K Heap: 191.7M(1024.0M)->145.8M(1024.0M)]
 [Times: user=0.03 sys=0.03, real=0.05 secs] 
2018-12-01T21:59:05.210+0800: 207.730: [GC pause (G1 Evacuation Pause) (young), 0.0483531 secs]
   [Parallel Time: 38.5 ms, GC Workers: 4]
      [GC Worker Start (ms): Min: 207738.9, Avg: 207738.9, Max: 207739.0, Diff: 0.1]
      [Ext Root Scanning (ms): Min: 2.7, Avg: 7.1, Max: 20.0, Diff: 17.4, Sum: 28.4]
      [Update RS (ms): Min: 0.0, Avg: 9.9, Max: 15.8, Diff: 15.8, Sum: 39.7]
         [Processed Buffers: Min: 0, Avg: 4.2, Max: 15, Diff: 15, Sum: 17]
      [Scan RS (ms): Min: 0.0, Avg: 0.0, Max: 0.0, Diff: 0.0, Sum: 0.1]
      [Code Root Scanning (ms): Min: 0.0, Avg: 1.4, Max: 3.3, Diff: 3.3, Sum: 5.8]
      [Object Copy (ms): Min: 16.8, Avg: 18.3, Max: 19.8, Diff: 3.0, Sum: 73.3]
      [Termination (ms): Min: 0.0, Avg: 0.8, Max: 1.6, Diff: 1.6, Sum: 3.4]
         [Termination Attempts: Min: 1, Avg: 1.0, Max: 1, Diff: 0, Sum: 4]
      [GC Worker Other (ms): Min: 0.0, Avg: 0.0, Max: 0.0, Diff: 0.0, Sum: 0.2]
      [GC Worker Total (ms): Min: 36.9, Avg: 37.7, Max: 38.4, Diff: 1.5, Sum: 150.8]
      [GC Worker End (ms): Min: 207775.9, Avg: 207776.6, Max: 207777.3, Diff: 1.4]
   [Code Root Fixup: 0.0 ms]
   [Code Root Purge: 0.0 ms]
   [Clear CT: 0.1 ms]
   [Other: 9.7 ms]
      [Choose CSet: 0.0 ms]
      [Ref Proc: 0.2 ms]
      [Ref Enq: 0.0 ms]
      [Redirty Cards: 0.1 ms]
      [Humongous Register: 4.4 ms]
      [Humongous Reclaim: 0.0 ms]
      [Free CSet: 0.2 ms]
   [Eden: 46.0M(46.0M)->0.0B(46.0M) Survivors: 5120.0K->5120.0K Heap: 191.8M(1024.0M)->145.8M(1024.0M)]
 [Times: user=0.03 sys=0.05, real=0.06 secs] 
2018-12-01T21:59:29.013+0800: 231.533: [GC pause (G1 Evacuation Pause) (young), 0.0241353 secs]
   [Parallel Time: 19.0 ms, GC Workers: 4]
      [GC Worker Start (ms): Min: 231537.3, Avg: 231537.5, Max: 231537.6, Diff: 0.3]
      [Ext Root Scanning (ms): Min: 4.5, Avg: 6.0, Max: 10.0, Diff: 5.5, Sum: 23.9]
      [Update RS (ms): Min: 0.0, Avg: 2.5, Max: 3.8, Diff: 3.8, Sum: 10.1]
         [Processed Buffers: Min: 0, Avg: 5.0, Max: 17, Diff: 17, Sum: 20]
      [Scan RS (ms): Min: 0.0, Avg: 0.0, Max: 0.0, Diff: 0.0, Sum: 0.0]
      [Code Root Scanning (ms): Min: 0.0, Avg: 0.4, Max: 0.9, Diff: 0.9, Sum: 1.7]
      [Object Copy (ms): Min: 8.8, Avg: 9.7, Max: 10.2, Diff: 1.3, Sum: 38.9]
      [Termination (ms): Min: 0.0, Avg: 0.0, Max: 0.0, Diff: 0.0, Sum: 0.1]
         [Termination Attempts: Min: 1, Avg: 1.0, Max: 1, Diff: 0, Sum: 4]
      [GC Worker Other (ms): Min: 0.0, Avg: 0.1, Max: 0.1, Diff: 0.1, Sum: 0.3]
      [GC Worker Total (ms): Min: 18.6, Avg: 18.7, Max: 18.8, Diff: 0.3, Sum: 74.9]
      [GC Worker End (ms): Min: 231556.2, Avg: 231556.2, Max: 231556.2, Diff: 0.0]
   [Code Root Fixup: 0.0 ms]
   [Code Root Purge: 0.0 ms]
   [Clear CT: 0.1 ms]
   [Other: 5.0 ms]
      [Choose CSet: 0.0 ms]
      [Ref Proc: 0.4 ms]
      [Ref Enq: 0.0 ms]
      [Redirty Cards: 0.1 ms]
      [Humongous Register: 3.7 ms]
      [Humongous Reclaim: 0.0 ms]
      [Free CSet: 0.2 ms]
   [Eden: 46.0M(46.0M)->0.0B(46.0M) Survivors: 5120.0K->5120.0K Heap: 191.8M(1024.0M)->145.8M(1024.0M)]
 [Times: user=0.03 sys=0.04, real=0.03 secs] 
2018-12-01T21:59:53.309+0800: 255.828: [GC pause (G1 Evacuation Pause) (young), 0.0152706 secs]
   [Parallel Time: 14.5 ms, GC Workers: 4]
      [GC Worker Start (ms): Min: 255827.7, Avg: 255827.9, Max: 255828.3, Diff: 0.5]
      [Ext Root Scanning (ms): Min: 0.6, Avg: 1.1, Max: 1.4, Diff: 0.8, Sum: 4.3]
      [Update RS (ms): Min: 0.5, Avg: 0.7, Max: 0.9, Diff: 0.4, Sum: 2.9]
         [Processed Buffers: Min: 1, Avg: 6.2, Max: 22, Diff: 21, Sum: 25]
      [Scan RS (ms): Min: 0.1, Avg: 0.2, Max: 0.3, Diff: 0.2, Sum: 0.8]
      [Code Root Scanning (ms): Min: 0.0, Avg: 0.5, Max: 1.0, Diff: 1.0, Sum: 2.0]
      [Object Copy (ms): Min: 11.1, Avg: 11.6, Max: 12.0, Diff: 1.0, Sum: 46.2]
      [Termination (ms): Min: 0.0, Avg: 0.1, Max: 0.2, Diff: 0.2, Sum: 0.5]
         [Termination Attempts: Min: 1, Avg: 1.0, Max: 1, Diff: 0, Sum: 4]
      [GC Worker Other (ms): Min: 0.0, Avg: 0.0, Max: 0.0, Diff: 0.0, Sum: 0.1]
      [GC Worker Total (ms): Min: 13.9, Avg: 14.2, Max: 14.3, Diff: 0.5, Sum: 56.8]
      [GC Worker End (ms): Min: 255842.1, Avg: 255842.1, Max: 255842.1, Diff: 0.1]
   [Code Root Fixup: 0.0 ms]
   [Code Root Purge: 0.0 ms]
   [Clear CT: 0.1 ms]
   [Other: 0.7 ms]
      [Choose CSet: 0.0 ms]
      [Ref Proc: 0.2 ms]
      [Ref Enq: 0.0 ms]
      [Redirty Cards: 0.1 ms]
      [Humongous Register: 0.1 ms]
      [Humongous Reclaim: 0.0 ms]
      [Free CSet: 0.1 ms]
   [Eden: 46.0M(46.0M)->0.0B(46.0M) Survivors: 5120.0K->5120.0K Heap: 191.8M(1024.0M)->145.7M(1024.0M)]
 [Times: user=0.03 sys=0.01, real=0.03 secs] 
2018-12-01T22:00:17.500+0800: 280.019: [GC pause (G1 Evacuation Pause) (young), 0.0300655 secs]
   [Parallel Time: 22.7 ms, GC Workers: 4]
      [GC Worker Start (ms): Min: 280024.6, Avg: 280024.9, Max: 280025.3, Diff: 0.7]
      [Ext Root Scanning (ms): Min: 1.2, Avg: 4.4, Max: 8.5, Diff: 7.3, Sum: 17.5]
      [Update RS (ms): Min: 0.0, Avg: 2.2, Max: 3.2, Diff: 3.2, Sum: 8.8]
         [Processed Buffers: Min: 0, Avg: 4.0, Max: 14, Diff: 14, Sum: 16]
      [Scan RS (ms): Min: 0.0, Avg: 0.0, Max: 0.0, Diff: 0.0, Sum: 0.0]
      [Code Root Scanning (ms): Min: 0.0, Avg: 0.6, Max: 1.8, Diff: 1.8, Sum: 2.5]
      [Object Copy (ms): Min: 13.5, Avg: 14.2, Max: 15.1, Diff: 1.5, Sum: 56.8]
      [Termination (ms): Min: 0.0, Avg: 0.2, Max: 0.3, Diff: 0.3, Sum: 0.7]
         [Termination Attempts: Min: 1, Avg: 1.0, Max: 1, Diff: 0, Sum: 4]
      [GC Worker Other (ms): Min: 0.0, Avg: 0.7, Max: 2.4, Diff: 2.4, Sum: 2.8]
      [GC Worker Total (ms): Min: 21.8, Avg: 22.3, Max: 22.6, Diff: 0.8, Sum: 89.1]
      [GC Worker End (ms): Min: 280047.1, Avg: 280047.2, Max: 280047.2, Diff: 0.1]
   [Code Root Fixup: 0.0 ms]
   [Code Root Purge: 0.0 ms]
   [Clear CT: 0.1 ms]
   [Other: 7.2 ms]
      [Choose CSet: 0.0 ms]
      [Ref Proc: 0.4 ms]
      [Ref Enq: 0.0 ms]
      [Redirty Cards: 0.1 ms]
      [Humongous Register: 5.8 ms]
      [Humongous Reclaim: 0.0 ms]
      [Free CSet: 0.2 ms]
   [Eden: 46.0M(46.0M)->0.0B(46.0M) Survivors: 5120.0K->5120.0K Heap: 191.7M(1024.0M)->145.8M(1024.0M)]
 [Times: user=0.03 sys=0.03, real=0.03 secs] 
2018-12-01T22:00:41.812+0800: 304.330: [GC pause (G1 Evacuation Pause) (young), 0.0116169 secs]
   [Parallel Time: 10.8 ms, GC Workers: 4]
      [GC Worker Start (ms): Min: 304329.9, Avg: 304330.0, Max: 304330.1, Diff: 0.2]
      [Ext Root Scanning (ms): Min: 0.8, Avg: 1.0, Max: 1.1, Diff: 0.3, Sum: 4.0]
      [Update RS (ms): Min: 0.6, Avg: 1.1, Max: 1.5, Diff: 0.9, Sum: 4.2]
         [Processed Buffers: Min: 1, Avg: 5.5, Max: 19, Diff: 18, Sum: 22]
      [Scan RS (ms): Min: 0.0, Avg: 0.2, Max: 0.5, Diff: 0.5, Sum: 0.8]
      [Code Root Scanning (ms): Min: 0.0, Avg: 0.5, Max: 1.4, Diff: 1.4, Sum: 2.1]
      [Object Copy (ms): Min: 7.5, Avg: 7.9, Max: 8.1, Diff: 0.7, Sum: 31.5]
      [Termination (ms): Min: 0.0, Avg: 0.0, Max: 0.0, Diff: 0.0, Sum: 0.1]
         [Termination Attempts: Min: 1, Avg: 1.5, Max: 2, Diff: 1, Sum: 6]
      [GC Worker Other (ms): Min: 0.0, Avg: 0.0, Max: 0.0, Diff: 0.0, Sum: 0.1]
      [GC Worker Total (ms): Min: 10.6, Avg: 10.7, Max: 10.7, Diff: 0.2, Sum: 42.7]
      [GC Worker End (ms): Min: 304340.7, Avg: 304340.7, Max: 304340.7, Diff: 0.0]
   [Code Root Fixup: 0.0 ms]
   [Code Root Purge: 0.0 ms]
   [Clear CT: 0.1 ms]
   [Other: 0.7 ms]
      [Choose CSet: 0.0 ms]
      [Ref Proc: 0.1 ms]
      [Ref Enq: 0.0 ms]
      [Redirty Cards: 0.1 ms]
      [Humongous Register: 0.1 ms]
      [Humongous Reclaim: 0.0 ms]
      [Free CSet: 0.1 ms]
   [Eden: 46.0M(46.0M)->0.0B(46.0M) Survivors: 5120.0K->5120.0K Heap: 191.8M(1024.0M)->145.8M(1024.0M)]
 [Times: user=0.04 sys=0.01, real=0.01 secs] 
2018-12-01T22:01:06.251+0800: 328.768: [GC pause (G1 Evacuation Pause) (young), 0.0114902 secs]
   [Parallel Time: 10.4 ms, GC Workers: 4]
      [GC Worker Start (ms): Min: 328768.3, Avg: 328768.5, Max: 328768.8, Diff: 0.5]
      [Ext Root Scanning (ms): Min: 0.3, Avg: 0.6, Max: 0.8, Diff: 0.6, Sum: 2.5]
      [Update RS (ms): Min: 0.5, Avg: 0.7, Max: 0.8, Diff: 0.3, Sum: 2.7]
         [Processed Buffers: Min: 1, Avg: 5.2, Max: 17, Diff: 16, Sum: 21]
      [Scan RS (ms): Min: 0.0, Avg: 0.0, Max: 0.0, Diff: 0.0, Sum: 0.1]
      [Code Root Scanning (ms): Min: 0.0, Avg: 1.8, Max: 6.5, Diff: 6.5, Sum: 7.3]
      [Object Copy (ms): Min: 2.0, Avg: 6.6, Max: 8.4, Diff: 6.3, Sum: 26.5]
      [Termination (ms): Min: 0.0, Avg: 0.2, Max: 0.5, Diff: 0.4, Sum: 0.9]
         [Termination Attempts: Min: 1, Avg: 1.0, Max: 1, Diff: 0, Sum: 4]
      [GC Worker Other (ms): Min: 0.0, Avg: 0.0, Max: 0.1, Diff: 0.1, Sum: 0.1]
      [GC Worker Total (ms): Min: 9.8, Avg: 10.0, Max: 10.2, Diff: 0.4, Sum: 40.1]
      [GC Worker End (ms): Min: 328778.4, Avg: 328778.5, Max: 328778.6, Diff: 0.3]
   [Code Root Fixup: 0.0 ms]
   [Code Root Purge: 0.0 ms]
   [Clear CT: 0.1 ms]
   [Other: 1.0 ms]
      [Choose CSet: 0.0 ms]
      [Ref Proc: 0.3 ms]
      [Ref Enq: 0.0 ms]
      [Redirty Cards: 0.1 ms]
      [Humongous Register: 0.1 ms]
      [Humongous Reclaim: 0.0 ms]
      [Free CSet: 0.1 ms]
   [Eden: 46.0M(46.0M)->0.0B(46.0M) Survivors: 5120.0K->5120.0K Heap: 191.8M(1024.0M)->145.8M(1024.0M)]
 [Times: user=0.03 sys=0.01, real=0.01 secs] 
2018-12-01T22:01:30.557+0800: 353.073: [GC pause (G1 Evacuation Pause) (young), 0.0216286 secs]
   [Parallel Time: 17.8 ms, GC Workers: 4]
      [GC Worker Start (ms): Min: 353075.8, Avg: 353075.9, Max: 353076.1, Diff: 0.3]
      [Ext Root Scanning (ms): Min: 3.2, Avg: 4.4, Max: 7.4, Diff: 4.1, Sum: 17.5]
      [Update RS (ms): Min: 0.0, Avg: 3.0, Max: 5.0, Diff: 5.0, Sum: 12.2]
         [Processed Buffers: Min: 0, Avg: 4.2, Max: 14, Diff: 14, Sum: 17]
      [Scan RS (ms): Min: 0.0, Avg: 0.0, Max: 0.0, Diff: 0.0, Sum: 0.0]
      [Code Root Scanning (ms): Min: 0.0, Avg: 1.2, Max: 3.6, Diff: 3.6, Sum: 5.0]
      [Object Copy (ms): Min: 6.5, Avg: 8.6, Max: 9.5, Diff: 3.0, Sum: 34.5]
      [Termination (ms): Min: 0.0, Avg: 0.1, Max: 0.1, Diff: 0.1, Sum: 0.3]
         [Termination Attempts: Min: 1, Avg: 1.0, Max: 1, Diff: 0, Sum: 4]
      [GC Worker Other (ms): Min: 0.0, Avg: 0.1, Max: 0.4, Diff: 0.3, Sum: 0.5]
      [GC Worker Total (ms): Min: 17.4, Avg: 17.5, Max: 17.6, Diff: 0.3, Sum: 70.0]
      [GC Worker End (ms): Min: 353093.4, Avg: 353093.4, Max: 353093.5, Diff: 0.0]
   [Code Root Fixup: 0.0 ms]
   [Code Root Purge: 0.0 ms]
   [Clear CT: 0.1 ms]
   [Other: 3.7 ms]
      [Choose CSet: 0.0 ms]
      [Ref Proc: 0.2 ms]
      [Ref Enq: 0.0 ms]
      [Redirty Cards: 0.1 ms]
      [Humongous Register: 2.7 ms]
      [Humongous Reclaim: 0.0 ms]
      [Free CSet: 0.2 ms]
   [Eden: 46.0M(46.0M)->0.0B(46.0M) Survivors: 5120.0K->5120.0K Heap: 191.8M(1024.0M)->145.8M(1024.0M)]
 [Times: user=0.03 sys=0.03, real=0.03 secs] 
2018-12-01T22:01:55.154+0800: 377.669: [GC pause (G1 Evacuation Pause) (young), 0.0204615 secs]
   [Parallel Time: 18.0 ms, GC Workers: 4]
      [GC Worker Start (ms): Min: 377669.5, Avg: 377669.9, Max: 377670.1, Diff: 0.6]
      [Ext Root Scanning (ms): Min: 1.4, Avg: 1.9, Max: 2.5, Diff: 1.1, Sum: 7.5]
      [Update RS (ms): Min: 0.4, Avg: 2.8, Max: 9.0, Diff: 8.6, Sum: 11.3]
         [Processed Buffers: Min: 1, Avg: 6.2, Max: 20, Diff: 19, Sum: 25]
      [Scan RS (ms): Min: 0.0, Avg: 0.2, Max: 0.5, Diff: 0.5, Sum: 0.6]
      [Code Root Scanning (ms): Min: 0.0, Avg: 0.9, Max: 2.5, Diff: 2.5, Sum: 3.7]
      [Object Copy (ms): Min: 6.5, Avg: 11.4, Max: 14.3, Diff: 7.8, Sum: 45.5]
      [Termination (ms): Min: 0.0, Avg: 0.2, Max: 0.3, Diff: 0.3, Sum: 0.8]
         [Termination Attempts: Min: 1, Avg: 1.0, Max: 1, Diff: 0, Sum: 4]
      [GC Worker Other (ms): Min: 0.0, Avg: 0.0, Max: 0.0, Diff: 0.0, Sum: 0.1]
      [GC Worker Total (ms): Min: 17.2, Avg: 17.4, Max: 17.6, Diff: 0.4, Sum: 69.4]
      [GC Worker End (ms): Min: 377687.1, Avg: 377687.2, Max: 377687.3, Diff: 0.2]
   [Code Root Fixup: 0.0 ms]
   [Code Root Purge: 0.0 ms]
   [Clear CT: 0.2 ms]
   [Other: 2.3 ms]
      [Choose CSet: 0.0 ms]
      [Ref Proc: 1.2 ms]
      [Ref Enq: 0.0 ms]
      [Redirty Cards: 0.1 ms]
      [Humongous Register: 0.1 ms]
      [Humongous Reclaim: 0.0 ms]
      [Free CSet: 0.1 ms]
   [Eden: 46.0M(46.0M)->0.0B(46.0M) Survivors: 5120.0K->5120.0K Heap: 191.8M(1024.0M)->145.8M(1024.0M)]
 [Times: user=0.02 sys=0.01, real=0.02 secs] 
2018-12-01T22:02:19.558+0800: 402.072: [GC pause (G1 Evacuation Pause) (young), 0.0426798 secs]
   [Parallel Time: 37.5 ms, GC Workers: 4]
      [GC Worker Start (ms): Min: 402075.0, Avg: 402075.3, Max: 402075.9, Diff: 0.9]
      [Ext Root Scanning (ms): Min: 6.6, Avg: 11.7, Max: 21.0, Diff: 14.4, Sum: 47.0]
      [Update RS (ms): Min: 0.0, Avg: 2.5, Max: 5.1, Diff: 5.1, Sum: 10.1]
         [Processed Buffers: Min: 0, Avg: 7.2, Max: 27, Diff: 27, Sum: 29]
      [Scan RS (ms): Min: 0.0, Avg: 1.5, Max: 4.7, Diff: 4.7, Sum: 6.0]
      [Code Root Scanning (ms): Min: 0.0, Avg: 2.7, Max: 5.8, Diff: 5.8, Sum: 10.6]
      [Object Copy (ms): Min: 12.0, Avg: 14.3, Max: 17.3, Diff: 5.2, Sum: 57.4]
      [Termination (ms): Min: 0.0, Avg: 1.3, Max: 4.2, Diff: 4.2, Sum: 5.2]
         [Termination Attempts: Min: 1, Avg: 1.0, Max: 1, Diff: 0, Sum: 4]
      [GC Worker Other (ms): Min: 0.0, Avg: 0.1, Max: 0.1, Diff: 0.1, Sum: 0.2]
      [GC Worker Total (ms): Min: 32.3, Avg: 34.1, Max: 37.3, Diff: 5.0, Sum: 136.5]
      [GC Worker End (ms): Min: 402108.2, Avg: 402109.5, Max: 402112.3, Diff: 4.1]
   [Code Root Fixup: 0.0 ms]
   [Code Root Purge: 0.0 ms]
   [Clear CT: 0.1 ms]
   [Other: 5.1 ms]
      [Choose CSet: 0.0 ms]
      [Ref Proc: 0.7 ms]
      [Ref Enq: 0.0 ms]
      [Redirty Cards: 0.1 ms]
      [Humongous Register: 2.2 ms]
      [Humongous Reclaim: 0.1 ms]
      [Free CSet: 0.7 ms]
   [Eden: 46.0M(46.0M)->0.0B(47.0M) Survivors: 5120.0K->4096.0K Heap: 191.8M(1024.0M)->146.2M(1024.0M)]
 [Times: user=0.03 sys=0.03, real=0.05 secs] 
2018-12-01T22:02:44.666+0800: 427.180: [GC pause (G1 Evacuation Pause) (young), 0.0277449 secs]
   [Parallel Time: 22.3 ms, GC Workers: 4]
      [GC Worker Start (ms): Min: 427184.7, Avg: 427184.8, Max: 427185.0, Diff: 0.3]
      [Ext Root Scanning (ms): Min: 4.7, Avg: 6.2, Max: 10.2, Diff: 5.4, Sum: 24.9]
      [Update RS (ms): Min: 0.0, Avg: 2.5, Max: 3.4, Diff: 3.4, Sum: 10.0]
         [Processed Buffers: Min: 0, Avg: 8.8, Max: 28, Diff: 28, Sum: 35]
      [Scan RS (ms): Min: 0.0, Avg: 0.6, Max: 0.8, Diff: 0.8, Sum: 2.3]
      [Code Root Scanning (ms): Min: 0.0, Avg: 0.1, Max: 0.3, Diff: 0.3, Sum: 0.6]
      [Object Copy (ms): Min: 11.9, Avg: 12.4, Max: 12.7, Diff: 0.9, Sum: 49.7]
      [Termination (ms): Min: 0.0, Avg: 0.0, Max: 0.0, Diff: 0.0, Sum: 0.0]
         [Termination Attempts: Min: 1, Avg: 1.2, Max: 2, Diff: 1, Sum: 5]
      [GC Worker Other (ms): Min: 0.0, Avg: 0.1, Max: 0.1, Diff: 0.1, Sum: 0.3]
      [GC Worker Total (ms): Min: 21.8, Avg: 22.0, Max: 22.1, Diff: 0.3, Sum: 87.9]
      [GC Worker End (ms): Min: 427206.8, Avg: 427206.8, Max: 427206.8, Diff: 0.0]
   [Code Root Fixup: 0.0 ms]
   [Code Root Purge: 0.0 ms]
   [Clear CT: 0.1 ms]
   [Other: 5.4 ms]
      [Choose CSet: 0.0 ms]
      [Ref Proc: 0.2 ms]
      [Ref Enq: 0.0 ms]
      [Redirty Cards: 0.1 ms]
      [Humongous Register: 3.8 ms]
      [Humongous Reclaim: 0.0 ms]
      [Free CSet: 0.2 ms]
   [Eden: 47.0M(47.0M)->0.0B(46.0M) Survivors: 4096.0K->5120.0K Heap: 193.2M(1024.0M)->147.1M(1024.0M)]
 [Times: user=0.03 sys=0.05, real=0.03 secs] 
2018-12-01T22:03:09.181+0800: 451.694: [GC pause (G1 Evacuation Pause) (young), 0.0126544 secs]
   [Parallel Time: 11.5 ms, GC Workers: 4]
      [GC Worker Start (ms): Min: 451694.2, Avg: 451694.3, Max: 451694.3, Diff: 0.1]
      [Ext Root Scanning (ms): Min: 1.2, Avg: 1.9, Max: 3.7, Diff: 2.4, Sum: 7.5]
      [Update RS (ms): Min: 0.0, Avg: 0.9, Max: 1.5, Diff: 1.5, Sum: 3.7]
         [Processed Buffers: Min: 0, Avg: 7.8, Max: 20, Diff: 20, Sum: 31]
      [Scan RS (ms): Min: 0.0, Avg: 0.3, Max: 0.6, Diff: 0.6, Sum: 1.3]
      [Code Root Scanning (ms): Min: 0.0, Avg: 0.1, Max: 0.3, Diff: 0.3, Sum: 0.5]
      [Object Copy (ms): Min: 7.7, Avg: 8.0, Max: 8.2, Diff: 0.5, Sum: 32.1]
      [Termination (ms): Min: 0.0, Avg: 0.0, Max: 0.0, Diff: 0.0, Sum: 0.0]
         [Termination Attempts: Min: 1, Avg: 1.0, Max: 1, Diff: 0, Sum: 4]
      [GC Worker Other (ms): Min: 0.0, Avg: 0.1, Max: 0.1, Diff: 0.1, Sum: 0.3]
      [GC Worker Total (ms): Min: 11.3, Avg: 11.4, Max: 11.4, Diff: 0.1, Sum: 45.4]
      [GC Worker End (ms): Min: 451705.6, Avg: 451705.6, Max: 451705.7, Diff: 0.0]
   [Code Root Fixup: 0.0 ms]
   [Code Root Purge: 0.0 ms]
   [Clear CT: 0.1 ms]
   [Other: 1.1 ms]
      [Choose CSet: 0.0 ms]
      [Ref Proc: 0.2 ms]
      [Ref Enq: 0.0 ms]
      [Redirty Cards: 0.1 ms]
      [Humongous Register: 0.3 ms]
      [Humongous Reclaim: 0.0 ms]
      [Free CSet: 0.1 ms]
   [Eden: 46.0M(46.0M)->0.0B(48.0M) Survivors: 5120.0K->3072.0K Heap: 193.1M(1024.0M)->145.8M(1024.0M)]
 [Times: user=0.03 sys=0.01, real=0.01 secs] 
2018-12-01T22:03:34.646+0800: 477.158: [GC pause (G1 Evacuation Pause) (young), 0.0129347 secs]
   [Parallel Time: 12.0 ms, GC Workers: 4]
      [GC Worker Start (ms): Min: 477158.1, Avg: 477158.8, Max: 477160.3, Diff: 2.2]
      [Ext Root Scanning (ms): Min: 0.0, Avg: 1.4, Max: 2.3, Diff: 2.3, Sum: 5.6]
      [Update RS (ms): Min: 0.5, Avg: 0.8, Max: 1.2, Diff: 0.7, Sum: 3.1]
         [Processed Buffers: Min: 0, Avg: 7.5, Max: 18, Diff: 18, Sum: 30]
      [Scan RS (ms): Min: 0.0, Avg: 0.1, Max: 0.2, Diff: 0.2, Sum: 0.4]
      [Code Root Scanning (ms): Min: 0.0, Avg: 0.0, Max: 0.1, Diff: 0.1, Sum: 0.1]
      [Object Copy (ms): Min: 8.6, Avg: 8.7, Max: 8.8, Diff: 0.2, Sum: 34.9]
      [Termination (ms): Min: 0.0, Avg: 0.1, Max: 0.2, Diff: 0.2, Sum: 0.5]
         [Termination Attempts: Min: 1, Avg: 1.2, Max: 2, Diff: 1, Sum: 5]
      [GC Worker Other (ms): Min: 0.0, Avg: 0.0, Max: 0.0, Diff: 0.0, Sum: 0.1]
      [GC Worker Total (ms): Min: 9.7, Avg: 11.2, Max: 11.9, Diff: 2.2, Sum: 44.8]
      [GC Worker End (ms): Min: 477170.0, Avg: 477170.0, Max: 477170.0, Diff: 0.1]
   [Code Root Fixup: 0.0 ms]
   [Code Root Purge: 0.0 ms]
   [Clear CT: 0.1 ms]
   [Other: 0.8 ms]
      [Choose CSet: 0.0 ms]
      [Ref Proc: 0.3 ms]
      [Ref Enq: 0.0 ms]
      [Redirty Cards: 0.2 ms]
      [Humongous Register: 0.1 ms]
      [Humongous Reclaim: 0.0 ms]
      [Free CSet: 0.1 ms]
   [Eden: 48.0M(48.0M)->0.0B(53.0M) Survivors: 3072.0K->4096.0K Heap: 193.8M(1024.0M)->146.8M(1024.0M)]
 [Times: user=0.02 sys=0.01, real=0.02 secs] 
2018-12-01T22:04:02.451+0800: 504.962: [GC pause (G1 Evacuation Pause) (young), 0.0145866 secs]
   [Parallel Time: 13.6 ms, GC Workers: 4]
      [GC Worker Start (ms): Min: 504962.9, Avg: 504963.0, Max: 504963.0, Diff: 0.1]
      [Ext Root Scanning (ms): Min: 0.9, Avg: 1.0, Max: 1.1, Diff: 0.2, Sum: 3.9]
      [Update RS (ms): Min: 0.5, Avg: 0.7, Max: 1.0, Diff: 0.5, Sum: 3.0]
         [Processed Buffers: Min: 1, Avg: 7.8, Max: 17, Diff: 16, Sum: 31]
      [Scan RS (ms): Min: 0.0, Avg: 0.1, Max: 0.3, Diff: 0.3, Sum: 0.3]
      [Code Root Scanning (ms): Min: 0.0, Avg: 0.1, Max: 0.2, Diff: 0.2, Sum: 0.2]
      [Object Copy (ms): Min: 11.4, Avg: 11.5, Max: 11.5, Diff: 0.2, Sum: 45.9]
      [Termination (ms): Min: 0.0, Avg: 0.1, Max: 0.2, Diff: 0.2, Sum: 0.6]
         [Termination Attempts: Min: 1, Avg: 3.8, Max: 6, Diff: 5, Sum: 15]
      [GC Worker Other (ms): Min: 0.0, Avg: 0.0, Max: 0.0, Diff: 0.0, Sum: 0.1]
      [GC Worker Total (ms): Min: 13.4, Avg: 13.5, Max: 13.5, Diff: 0.1, Sum: 53.9]
      [GC Worker End (ms): Min: 504976.4, Avg: 504976.4, Max: 504976.5, Diff: 0.1]
   [Code Root Fixup: 0.0 ms]
   [Code Root Purge: 0.0 ms]
   [Clear CT: 0.1 ms]
   [Other: 0.9 ms]
      [Choose CSet: 0.0 ms]
      [Ref Proc: 0.2 ms]
      [Ref Enq: 0.0 ms]
      [Redirty Cards: 0.1 ms]
      [Humongous Register: 0.3 ms]
      [Humongous Reclaim: 0.0 ms]
      [Free CSet: 0.0 ms]
   [Eden: 53.0M(53.0M)->0.0B(81.0M) Survivors: 4096.0K->5120.0K Heap: 199.8M(1024.0M)->147.5M(1024.0M)]
 [Times: user=0.04 sys=0.01, real=0.01 secs] 
2018-12-01T22:04:45.693+0800: 548.205: [GC pause (G1 Evacuation Pause) (young), 0.0430044 secs]
   [Parallel Time: 31.3 ms, GC Workers: 4]
      [GC Worker Start (ms): Min: 548214.6, Avg: 548214.8, Max: 548215.1, Diff: 0.5]
      [Ext Root Scanning (ms): Min: 3.2, Avg: 7.5, Max: 19.8, Diff: 16.6, Sum: 30.0]
      [Update RS (ms): Min: 0.0, Avg: 5.6, Max: 10.8, Diff: 10.8, Sum: 22.5]
         [Processed Buffers: Min: 0, Avg: 8.5, Max: 30, Diff: 30, Sum: 34]
      [Scan RS (ms): Min: 0.0, Avg: 0.0, Max: 0.1, Diff: 0.1, Sum: 0.1]
      [Code Root Scanning (ms): Min: 0.0, Avg: 0.9, Max: 2.4, Diff: 2.4, Sum: 3.6]
      [Object Copy (ms): Min: 11.1, Avg: 16.8, Max: 20.7, Diff: 9.5, Sum: 67.0]
      [Termination (ms): Min: 0.0, Avg: 0.1, Max: 0.1, Diff: 0.1, Sum: 0.4]
         [Termination Attempts: Min: 6, Avg: 9.0, Max: 11, Diff: 5, Sum: 36]
      [GC Worker Other (ms): Min: 0.1, Avg: 0.1, Max: 0.1, Diff: 0.1, Sum: 0.4]
      [GC Worker Total (ms): Min: 30.7, Avg: 31.0, Max: 31.2, Diff: 0.5, Sum: 124.1]
      [GC Worker End (ms): Min: 548245.8, Avg: 548245.8, Max: 548245.8, Diff: 0.0]
   [Code Root Fixup: 0.0 ms]
   [Code Root Purge: 0.0 ms]
   [Clear CT: 0.1 ms]
   [Other: 11.6 ms]
      [Choose CSet: 0.0 ms]
      [Ref Proc: 0.1 ms]
      [Ref Enq: 0.0 ms]
      [Redirty Cards: 0.1 ms]
      [Humongous Register: 9.1 ms]
      [Humongous Reclaim: 0.0 ms]
      [Free CSet: 0.2 ms]
   [Eden: 81.0M(81.0M)->0.0B(46.0M) Survivors: 5120.0K->5120.0K Heap: 228.5M(1024.0M)->147.6M(1024.0M)]
 [Times: user=0.04 sys=0.03, real=0.04 secs] 
2018-12-01T22:05:10.443+0800: 572.953: [GC pause (G1 Evacuation Pause) (young), 0.0174022 secs]
   [Parallel Time: 16.7 ms, GC Workers: 4]
      [GC Worker Start (ms): Min: 572953.0, Avg: 572953.7, Max: 572954.2, Diff: 1.2]
      [Ext Root Scanning (ms): Min: 0.8, Avg: 1.3, Max: 2.1, Diff: 1.2, Sum: 5.2]
      [Update RS (ms): Min: 1.0, Avg: 1.4, Max: 1.8, Diff: 0.8, Sum: 5.6]
         [Processed Buffers: Min: 1, Avg: 7.0, Max: 20, Diff: 19, Sum: 28]
      [Scan RS (ms): Min: 0.0, Avg: 0.3, Max: 0.7, Diff: 0.7, Sum: 1.2]
      [Code Root Scanning (ms): Min: 0.0, Avg: 0.0, Max: 0.1, Diff: 0.1, Sum: 0.1]
      [Object Copy (ms): Min: 12.7, Avg: 12.7, Max: 12.9, Diff: 0.2, Sum: 51.0]
      [Termination (ms): Min: 0.0, Avg: 0.0, Max: 0.0, Diff: 0.0, Sum: 0.0]
         [Termination Attempts: Min: 3, Avg: 7.5, Max: 13, Diff: 10, Sum: 30]
      [GC Worker Other (ms): Min: 0.0, Avg: 0.0, Max: 0.1, Diff: 0.1, Sum: 0.2]
      [GC Worker Total (ms): Min: 15.4, Avg: 15.8, Max: 16.6, Diff: 1.2, Sum: 63.3]
      [GC Worker End (ms): Min: 572969.5, Avg: 572969.6, Max: 572969.6, Diff: 0.0]
   [Code Root Fixup: 0.0 ms]
   [Code Root Purge: 0.0 ms]
   [Clear CT: 0.1 ms]
   [Other: 0.7 ms]
      [Choose CSet: 0.0 ms]
      [Ref Proc: 0.1 ms]
      [Ref Enq: 0.0 ms]
      [Redirty Cards: 0.1 ms]
      [Humongous Register: 0.1 ms]
      [Humongous Reclaim: 0.0 ms]
      [Free CSet: 0.0 ms]
   [Eden: 46.0M(46.0M)->0.0B(45.0M) Survivors: 5120.0K->6144.0K Heap: 193.6M(1024.0M)->149.1M(1024.0M)]
 [Times: user=0.05 sys=0.01, real=0.02 secs] 
2018-12-01T22:05:34.301+0800: 596.810: [GC pause (G1 Evacuation Pause) (young), 0.0392330 secs]
   [Parallel Time: 33.8 ms, GC Workers: 4]
      [GC Worker Start (ms): Min: 596815.0, Avg: 596815.1, Max: 596815.2, Diff: 0.2]
      [Ext Root Scanning (ms): Min: 3.9, Avg: 5.5, Max: 10.3, Diff: 6.4, Sum: 22.1]
      [Update RS (ms): Min: 0.0, Avg: 2.0, Max: 2.8, Diff: 2.8, Sum: 8.1]
         [Processed Buffers: Min: 0, Avg: 7.2, Max: 23, Diff: 23, Sum: 29]
      [Scan RS (ms): Min: 0.0, Avg: 0.0, Max: 0.0, Diff: 0.0, Sum: 0.0]
      [Code Root Scanning (ms): Min: 0.0, Avg: 0.0, Max: 0.1, Diff: 0.1, Sum: 0.2]
      [Object Copy (ms): Min: 23.4, Avg: 25.9, Max: 26.7, Diff: 3.4, Sum: 103.6]
      [Termination (ms): Min: 0.0, Avg: 0.0, Max: 0.0, Diff: 0.0, Sum: 0.0]
         [Termination Attempts: Min: 1, Avg: 1.8, Max: 2, Diff: 1, Sum: 7]
      [GC Worker Other (ms): Min: 0.0, Avg: 0.1, Max: 0.1, Diff: 0.0, Sum: 0.3]
      [GC Worker Total (ms): Min: 33.4, Avg: 33.6, Max: 33.7, Diff: 0.3, Sum: 134.3]
      [GC Worker End (ms): Min: 596848.6, Avg: 596848.6, Max: 596848.7, Diff: 0.0]
   [Code Root Fixup: 0.0 ms]
   [Code Root Purge: 0.0 ms]
   [Clear CT: 0.1 ms]
   [Other: 5.3 ms]
      [Choose CSet: 0.0 ms]
      [Ref Proc: 0.2 ms]
      [Ref Enq: 0.0 ms]
      [Redirty Cards: 0.1 ms]
      [Humongous Register: 3.9 ms]
      [Humongous Reclaim: 0.0 ms]
      [Free CSet: 0.1 ms]
   [Eden: 45.0M(45.0M)->0.0B(46.0M) Survivors: 6144.0K->5120.0K Heap: 194.1M(1024.0M)->149.3M(1024.0M)]
 [Times: user=0.05 sys=0.05, real=0.04 secs] 
2018-12-01T22:05:58.773+0800: 621.281: [GC pause (G1 Evacuation Pause) (young), 0.0214030 secs]
   [Parallel Time: 20.1 ms, GC Workers: 4]
      [GC Worker Start (ms): Min: 621281.2, Avg: 621281.4, Max: 621281.5, Diff: 0.3]
      [Ext Root Scanning (ms): Min: 0.6, Avg: 0.8, Max: 1.0, Diff: 0.4, Sum: 3.1]
      [Update RS (ms): Min: 1.1, Avg: 1.7, Max: 2.8, Diff: 1.7, Sum: 7.0]
         [Processed Buffers: Min: 3, Avg: 9.2, Max: 15, Diff: 12, Sum: 37]
      [Scan RS (ms): Min: 0.9, Avg: 2.1, Max: 2.8, Diff: 1.9, Sum: 8.6]
      [Code Root Scanning (ms): Min: 0.0, Avg: 0.0, Max: 0.0, Diff: 0.0, Sum: 0.0]
      [Object Copy (ms): Min: 13.8, Avg: 14.2, Max: 14.4, Diff: 0.6, Sum: 56.7]
      [Termination (ms): Min: 0.0, Avg: 0.5, Max: 1.1, Diff: 1.1, Sum: 2.1]
         [Termination Attempts: Min: 1, Avg: 1.5, Max: 2, Diff: 1, Sum: 6]
      [GC Worker Other (ms): Min: 0.0, Avg: 0.1, Max: 0.1, Diff: 0.1, Sum: 0.2]
      [GC Worker Total (ms): Min: 19.1, Avg: 19.4, Max: 19.8, Diff: 0.7, Sum: 77.7]
      [GC Worker End (ms): Min: 621300.3, Avg: 621300.8, Max: 621301.3, Diff: 0.9]
   [Code Root Fixup: 0.0 ms]
   [Code Root Purge: 0.0 ms]
   [Clear CT: 0.1 ms]
   [Other: 1.2 ms]
      [Choose CSet: 0.0 ms]
      [Ref Proc: 0.4 ms]
      [Ref Enq: 0.0 ms]
      [Redirty Cards: 0.1 ms]
      [Humongous Register: 0.3 ms]
      [Humongous Reclaim: 0.0 ms]
      [Free CSet: 0.1 ms]
   [Eden: 46.0M(46.0M)->0.0B(46.0M) Survivors: 5120.0K->5120.0K Heap: 195.3M(1024.0M)->149.8M(1024.0M)]
 [Times: user=0.04 sys=0.02, real=0.02 secs] 
2018-12-01T22:06:23.355+0800: 645.862: [GC pause (G1 Evacuation Pause) (young), 0.0179975 secs]
   [Parallel Time: 17.2 ms, GC Workers: 4]
      [GC Worker Start (ms): Min: 645862.1, Avg: 645862.2, Max: 645862.3, Diff: 0.2]
      [Ext Root Scanning (ms): Min: 1.2, Avg: 1.3, Max: 1.4, Diff: 0.2, Sum: 5.0]
      [Update RS (ms): Min: 2.0, Avg: 2.3, Max: 3.0, Diff: 0.9, Sum: 9.2]
         [Processed Buffers: Min: 1, Avg: 8.5, Max: 25, Diff: 24, Sum: 34]
      [Scan RS (ms): Min: 1.4, Avg: 2.0, Max: 2.2, Diff: 0.9, Sum: 7.9]
      [Code Root Scanning (ms): Min: 0.0, Avg: 0.0, Max: 0.0, Diff: 0.0, Sum: 0.0]
      [Object Copy (ms): Min: 11.4, Avg: 11.5, Max: 11.5, Diff: 0.1, Sum: 45.9]
      [Termination (ms): Min: 0.0, Avg: 0.0, Max: 0.0, Diff: 0.0, Sum: 0.0]
         [Termination Attempts: Min: 1, Avg: 1.0, Max: 1, Diff: 0, Sum: 4]
      [GC Worker Other (ms): Min: 0.0, Avg: 0.0, Max: 0.1, Diff: 0.0, Sum: 0.1]
      [GC Worker Total (ms): Min: 17.0, Avg: 17.1, Max: 17.1, Diff: 0.2, Sum: 68.2]
      [GC Worker End (ms): Min: 645879.2, Avg: 645879.2, Max: 645879.2, Diff: 0.0]
   [Code Root Fixup: 0.0 ms]
   [Code Root Purge: 0.0 ms]
   [Clear CT: 0.1 ms]
   [Other: 0.7 ms]
      [Choose CSet: 0.0 ms]
      [Ref Proc: 0.2 ms]
      [Ref Enq: 0.0 ms]
      [Redirty Cards: 0.1 ms]
      [Humongous Register: 0.0 ms]
      [Humongous Reclaim: 0.0 ms]
      [Free CSet: 0.1 ms]
   [Eden: 46.0M(46.0M)->0.0B(46.0M) Survivors: 5120.0K->5120.0K Heap: 195.8M(1024.0M)->150.0M(1024.0M)]
 [Times: user=0.05 sys=0.00, real=0.02 secs] 
2018-12-01T22:06:48.041+0800: 670.548: [GC pause (G1 Evacuation Pause) (young), 0.0402742 secs]
   [Parallel Time: 35.3 ms, GC Workers: 4]
      [GC Worker Start (ms): Min: 670551.4, Avg: 670551.6, Max: 670551.9, Diff: 0.5]
      [Ext Root Scanning (ms): Min: 3.8, Avg: 5.3, Max: 9.0, Diff: 5.2, Sum: 21.1]
      [Update RS (ms): Min: 0.0, Avg: 2.0, Max: 3.6, Diff: 3.6, Sum: 8.1]
         [Processed Buffers: Min: 0, Avg: 7.5, Max: 19, Diff: 19, Sum: 30]
      [Scan RS (ms): Min: 1.3, Avg: 2.6, Max: 3.8, Diff: 2.5, Sum: 10.4]
      [Code Root Scanning (ms): Min: 0.0, Avg: 0.0, Max: 0.1, Diff: 0.1, Sum: 0.1]
      [Object Copy (ms): Min: 24.7, Avg: 24.9, Max: 25.2, Diff: 0.5, Sum: 99.7]
      [Termination (ms): Min: 0.0, Avg: 0.0, Max: 0.0, Diff: 0.0, Sum: 0.0]
         [Termination Attempts: Min: 1, Avg: 1.5, Max: 2, Diff: 1, Sum: 6]
      [GC Worker Other (ms): Min: 0.0, Avg: 0.1, Max: 0.2, Diff: 0.1, Sum: 0.4]
      [GC Worker Total (ms): Min: 34.6, Avg: 34.9, Max: 35.2, Diff: 0.5, Sum: 139.7]
      [GC Worker End (ms): Min: 670586.5, Avg: 670586.5, Max: 670586.5, Diff: 0.0]
   [Code Root Fixup: 0.0 ms]
   [Code Root Purge: 0.0 ms]
   [Clear CT: 0.1 ms]
   [Other: 4.9 ms]
      [Choose CSet: 0.0 ms]
      [Ref Proc: 0.2 ms]
      [Ref Enq: 0.0 ms]
      [Redirty Cards: 0.1 ms]
      [Humongous Register: 3.4 ms]
      [Humongous Reclaim: 0.0 ms]
      [Free CSet: 0.6 ms]
   [Eden: 46.0M(46.0M)->0.0B(44.0M) Survivors: 5120.0K->7168.0K Heap: 196.0M(1024.0M)->152.0M(1024.0M)]
 [Times: user=0.06 sys=0.05, real=0.04 secs] 
2018-12-01T22:07:11.584+0800: 694.090: [GC pause (G1 Evacuation Pause) (young), 0.0502550 secs]
   [Parallel Time: 45.5 ms, GC Workers: 4]
      [GC Worker Start (ms): Min: 694094.1, Avg: 694094.2, Max: 694094.4, Diff: 0.4]
      [Ext Root Scanning (ms): Min: 6.3, Avg: 8.7, Max: 15.4, Diff: 9.1, Sum: 34.8]
      [Update RS (ms): Min: 0.0, Avg: 3.0, Max: 4.7, Diff: 4.7, Sum: 11.9]
         [Processed Buffers: Min: 0, Avg: 6.5, Max: 13, Diff: 13, Sum: 26]
      [Scan RS (ms): Min: 0.0, Avg: 3.4, Max: 5.2, Diff: 5.2, Sum: 13.7]
      [Code Root Scanning (ms): Min: 0.0, Avg: 0.0, Max: 0.1, Diff: 0.1, Sum: 0.1]
      [Object Copy (ms): Min: 29.2, Avg: 29.7, Max: 30.1, Diff: 0.9, Sum: 118.9]
      [Termination (ms): Min: 0.0, Avg: 0.1, Max: 0.1, Diff: 0.1, Sum: 0.4]
         [Termination Attempts: Min: 1, Avg: 1.2, Max: 2, Diff: 1, Sum: 5]
      [GC Worker Other (ms): Min: 0.1, Avg: 0.1, Max: 0.3, Diff: 0.3, Sum: 0.6]
      [GC Worker Total (ms): Min: 44.9, Avg: 45.1, Max: 45.2, Diff: 0.3, Sum: 180.3]
      [GC Worker End (ms): Min: 694139.3, Avg: 694139.3, Max: 694139.3, Diff: 0.0]
   [Code Root Fixup: 0.0 ms]
   [Code Root Purge: 0.0 ms]
   [Clear CT: 0.1 ms]
   [Other: 4.7 ms]
      [Choose CSet: 0.0 ms]
      [Ref Proc: 0.4 ms]
      [Ref Enq: 0.0 ms]
      [Redirty Cards: 0.1 ms]
      [Humongous Register: 3.1 ms]
      [Humongous Reclaim: 0.0 ms]
      [Free CSet: 0.2 ms]
   [Eden: 44.0M(44.0M)->0.0B(46.0M) Survivors: 7168.0K->5120.0K Heap: 196.0M(1024.0M)->152.1M(1024.0M)]
 [Times: user=0.06 sys=0.06, real=0.05 secs] 
2018-12-01T22:07:35.958+0800: 718.464: [GC pause (G1 Evacuation Pause) (young), 0.0754780 secs]
   [Parallel Time: 71.6 ms, GC Workers: 4]
      [GC Worker Start (ms): Min: 718466.3, Avg: 718466.4, Max: 718466.6, Diff: 0.3]
      [Ext Root Scanning (ms): Min: 3.2, Avg: 5.2, Max: 9.7, Diff: 6.5, Sum: 20.9]
      [Update RS (ms): Min: 3.6, Avg: 8.6, Max: 11.0, Diff: 7.4, Sum: 34.3]
         [Processed Buffers: Min: 1, Avg: 7.8, Max: 19, Diff: 18, Sum: 31]
      [Scan RS (ms): Min: 2.8, Avg: 3.3, Max: 4.0, Diff: 1.2, Sum: 13.1]
      [Code Root Scanning (ms): Min: 0.0, Avg: 0.0, Max: 0.1, Diff: 0.1, Sum: 0.1]
      [Object Copy (ms): Min: 54.0, Avg: 54.1, Max: 54.2, Diff: 0.2, Sum: 216.4]
      [Termination (ms): Min: 0.0, Avg: 0.1, Max: 0.2, Diff: 0.2, Sum: 0.4]
         [Termination Attempts: Min: 1, Avg: 1.0, Max: 1, Diff: 0, Sum: 4]
      [GC Worker Other (ms): Min: 0.0, Avg: 0.0, Max: 0.1, Diff: 0.0, Sum: 0.2]
      [GC Worker Total (ms): Min: 71.1, Avg: 71.4, Max: 71.4, Diff: 0.3, Sum: 285.4]
      [GC Worker End (ms): Min: 718537.8, Avg: 718537.8, Max: 718537.8, Diff: 0.0]
   [Code Root Fixup: 0.0 ms]
   [Code Root Purge: 0.0 ms]
   [Clear CT: 0.1 ms]
   [Other: 3.8 ms]
      [Choose CSet: 0.0 ms]
      [Ref Proc: 0.5 ms]
      [Ref Enq: 0.0 ms]
      [Redirty Cards: 0.1 ms]
      [Humongous Register: 2.4 ms]
      [Humongous Reclaim: 0.0 ms]
      [Free CSet: 0.2 ms]
   [Eden: 46.0M(46.0M)->0.0B(46.0M) Survivors: 5120.0K->5120.0K Heap: 198.1M(1024.0M)->152.8M(1024.0M)]
 [Times: user=0.05 sys=0.05, real=0.08 secs] 
2018-12-01T22:08:00.623+0800: 743.127: [GC pause (G1 Evacuation Pause) (young), 0.0183079 secs]
   [Parallel Time: 17.5 ms, GC Workers: 4]
      [GC Worker Start (ms): Min: 743127.0, Avg: 743127.0, Max: 743127.1, Diff: 0.1]
      [Ext Root Scanning (ms): Min: 0.8, Avg: 0.9, Max: 0.9, Diff: 0.1, Sum: 3.5]
      [Update RS (ms): Min: 1.8, Avg: 2.1, Max: 2.6, Diff: 0.8, Sum: 8.6]
         [Processed Buffers: Min: 3, Avg: 7.0, Max: 10, Diff: 7, Sum: 28]
      [Scan RS (ms): Min: 2.9, Avg: 4.2, Max: 6.9, Diff: 4.1, Sum: 16.9]
      [Code Root Scanning (ms): Min: 0.0, Avg: 0.0, Max: 0.0, Diff: 0.0, Sum: 0.0]
      [Object Copy (ms): Min: 7.6, Avg: 10.1, Max: 11.0, Diff: 3.3, Sum: 40.4]
      [Termination (ms): Min: 0.0, Avg: 0.0, Max: 0.0, Diff: 0.0, Sum: 0.0]
         [Termination Attempts: Min: 1, Avg: 1.0, Max: 1, Diff: 0, Sum: 4]
      [GC Worker Other (ms): Min: 0.0, Avg: 0.0, Max: 0.0, Diff: 0.0, Sum: 0.1]
      [GC Worker Total (ms): Min: 17.3, Avg: 17.4, Max: 17.4, Diff: 0.1, Sum: 69.5]
      [GC Worker End (ms): Min: 743144.4, Avg: 743144.4, Max: 743144.4, Diff: 0.0]
   [Code Root Fixup: 0.0 ms]
   [Code Root Purge: 0.0 ms]
   [Clear CT: 0.1 ms]
   [Other: 0.8 ms]
      [Choose CSet: 0.0 ms]
      [Ref Proc: 0.3 ms]
      [Ref Enq: 0.0 ms]
      [Redirty Cards: 0.1 ms]
      [Humongous Register: 0.0 ms]
      [Humongous Reclaim: 0.0 ms]
      [Free CSet: 0.1 ms]
   [Eden: 46.0M(46.0M)->0.0B(45.0M) Survivors: 5120.0K->6144.0K Heap: 198.8M(1024.0M)->153.8M(1024.0M)]
 [Times: user=0.05 sys=0.00, real=0.02 secs] 
2018-12-01T22:08:24.668+0800: 767.172: [GC pause (G1 Evacuation Pause) (young), 0.1073663 secs]
   [Parallel Time: 75.1 ms, GC Workers: 4]
      [GC Worker Start (ms): Min: 767202.6, Avg: 767202.7, Max: 767202.8, Diff: 0.2]
      [Ext Root Scanning (ms): Min: 3.6, Avg: 7.5, Max: 18.7, Diff: 15.1, Sum: 30.0]
      [Update RS (ms): Min: 0.3, Avg: 11.4, Max: 15.9, Diff: 15.5, Sum: 45.6]
         [Processed Buffers: Min: 1, Avg: 6.8, Max: 12, Diff: 11, Sum: 27]
      [Scan RS (ms): Min: 2.1, Avg: 2.6, Max: 3.2, Diff: 1.1, Sum: 10.5]
      [Code Root Scanning (ms): Min: 0.0, Avg: 0.0, Max: 0.0, Diff: 0.0, Sum: 0.0]
      [Object Copy (ms): Min: 52.7, Avg: 53.0, Max: 53.6, Diff: 0.9, Sum: 211.9]
      [Termination (ms): Min: 0.0, Avg: 0.2, Max: 0.3, Diff: 0.3, Sum: 0.9]
         [Termination Attempts: Min: 1, Avg: 1.0, Max: 1, Diff: 0, Sum: 4]
      [GC Worker Other (ms): Min: 0.0, Avg: 0.0, Max: 0.1, Diff: 0.0, Sum: 0.2]
      [GC Worker Total (ms): Min: 74.7, Avg: 74.8, Max: 74.9, Diff: 0.2, Sum: 299.2]
      [GC Worker End (ms): Min: 767277.4, Avg: 767277.5, Max: 767277.6, Diff: 0.2]
   [Code Root Fixup: 0.0 ms]
   [Code Root Purge: 0.0 ms]
   [Clear CT: 0.1 ms]
   [Other: 32.2 ms]
      [Choose CSet: 0.0 ms]
      [Ref Proc: 0.7 ms]
      [Ref Enq: 0.0 ms]
      [Redirty Cards: 0.1 ms]
      [Humongous Register: 30.3 ms]
      [Humongous Reclaim: 0.0 ms]
      [Free CSet: 0.2 ms]
   [Eden: 45.0M(45.0M)->0.0B(44.0M) Survivors: 6144.0K->7168.0K Heap: 198.8M(1024.0M)->155.4M(1024.0M)]
 [Times: user=0.06 sys=0.07, real=0.11 secs] 
2018-12-01T22:08:48.263+0800: 790.766: [GC pause (G1 Evacuation Pause) (young), 0.0250607 secs]
   [Parallel Time: 23.8 ms, GC Workers: 4]
      [GC Worker Start (ms): Min: 790766.5, Avg: 790766.6, Max: 790766.6, Diff: 0.1]
      [Ext Root Scanning (ms): Min: 1.4, Avg: 1.7, Max: 2.3, Diff: 0.9, Sum: 6.9]
      [Update RS (ms): Min: 2.7, Avg: 3.3, Max: 4.6, Diff: 1.9, Sum: 13.1]
         [Processed Buffers: Min: 2, Avg: 7.5, Max: 15, Diff: 13, Sum: 30]
      [Scan RS (ms): Min: 1.3, Avg: 3.2, Max: 4.0, Diff: 2.6, Sum: 12.6]
      [Code Root Scanning (ms): Min: 0.0, Avg: 0.0, Max: 0.0, Diff: 0.0, Sum: 0.0]
      [Object Copy (ms): Min: 15.2, Avg: 15.3, Max: 15.5, Diff: 0.3, Sum: 61.4]
      [Termination (ms): Min: 0.0, Avg: 0.1, Max: 0.2, Diff: 0.2, Sum: 0.3]
         [Termination Attempts: Min: 1, Avg: 1.0, Max: 1, Diff: 0, Sum: 4]
      [GC Worker Other (ms): Min: 0.0, Avg: 0.0, Max: 0.0, Diff: 0.0, Sum: 0.1]
      [GC Worker Total (ms): Min: 23.6, Avg: 23.6, Max: 23.6, Diff: 0.1, Sum: 94.4]
      [GC Worker End (ms): Min: 790790.2, Avg: 790790.2, Max: 790790.2, Diff: 0.1]
   [Code Root Fixup: 0.0 ms]
   [Code Root Purge: 0.0 ms]
   [Clear CT: 0.1 ms]
   [Other: 1.1 ms]
      [Choose CSet: 0.0 ms]
      [Ref Proc: 0.3 ms]
      [Ref Enq: 0.0 ms]
      [Redirty Cards: 0.2 ms]
      [Humongous Register: 0.2 ms]
      [Humongous Reclaim: 0.0 ms]
      [Free CSet: 0.1 ms]
   [Eden: 44.0M(44.0M)->0.0B(46.0M) Survivors: 7168.0K->5120.0K Heap: 199.4M(1024.0M)->154.8M(1024.0M)]
 [Times: user=0.06 sys=0.02, real=0.03 secs] 
2018-12-01T22:09:12.869+0800: 815.371: [GC pause (G1 Evacuation Pause) (young), 0.0237012 secs]
   [Parallel Time: 22.9 ms, GC Workers: 4]
      [GC Worker Start (ms): Min: 815371.0, Avg: 815371.0, Max: 815371.0, Diff: 0.0]
      [Ext Root Scanning (ms): Min: 0.8, Avg: 1.2, Max: 2.4, Diff: 1.6, Sum: 4.9]
      [Update RS (ms): Min: 3.6, Avg: 5.2, Max: 6.9, Diff: 3.3, Sum: 21.0]
         [Processed Buffers: Min: 1, Avg: 8.8, Max: 15, Diff: 14, Sum: 35]
      [Scan RS (ms): Min: 3.5, Avg: 5.1, Max: 6.6, Diff: 3.0, Sum: 20.6]
      [Code Root Scanning (ms): Min: 0.0, Avg: 0.0, Max: 0.0, Diff: 0.0, Sum: 0.0]
      [Object Copy (ms): Min: 10.3, Avg: 11.2, Max: 11.5, Diff: 1.2, Sum: 44.7]
      [Termination (ms): Min: 0.0, Avg: 0.0, Max: 0.1, Diff: 0.1, Sum: 0.1]
         [Termination Attempts: Min: 1, Avg: 1.2, Max: 2, Diff: 1, Sum: 5]
      [GC Worker Other (ms): Min: 0.0, Avg: 0.0, Max: 0.0, Diff: 0.0, Sum: 0.1]
      [GC Worker Total (ms): Min: 22.8, Avg: 22.8, Max: 22.9, Diff: 0.0, Sum: 91.4]
      [GC Worker End (ms): Min: 815393.8, Avg: 815393.8, Max: 815393.8, Diff: 0.0]
   [Code Root Fixup: 0.0 ms]
   [Code Root Purge: 0.0 ms]
   [Clear CT: 0.2 ms]
   [Other: 0.6 ms]
      [Choose CSet: 0.0 ms]
      [Ref Proc: 0.2 ms]
      [Ref Enq: 0.0 ms]
      [Redirty Cards: 0.1 ms]
      [Humongous Register: 0.1 ms]
      [Humongous Reclaim: 0.0 ms]
      [Free CSet: 0.1 ms]
   [Eden: 46.0M(46.0M)->0.0B(46.0M) Survivors: 5120.0K->5120.0K Heap: 200.8M(1024.0M)->155.3M(1024.0M)]
 [Times: user=0.05 sys=0.01, real=0.03 secs] 
2018-12-01T22:09:37.559+0800: 840.044: [GC pause (G1 Evacuation Pause) (young), 0.0213674 secs]
   [Parallel Time: 18.8 ms, GC Workers: 4]
      [GC Worker Start (ms): Min: 840045.5, Avg: 840045.6, Max: 840045.6, Diff: 0.1]
      [Ext Root Scanning (ms): Min: 1.5, Avg: 1.7, Max: 2.1, Diff: 0.6, Sum: 6.8]
      [Update RS (ms): Min: 2.5, Avg: 2.6, Max: 3.0, Diff: 0.5, Sum: 10.5]
         [Processed Buffers: Min: 4, Avg: 6.8, Max: 12, Diff: 8, Sum: 27]
      [Scan RS (ms): Min: 3.1, Avg: 3.3, Max: 3.7, Diff: 0.6, Sum: 13.4]
      [Code Root Scanning (ms): Min: 0.0, Avg: 0.0, Max: 0.0, Diff: 0.0, Sum: 0.0]
      [Object Copy (ms): Min: 10.8, Avg: 10.9, Max: 11.0, Diff: 0.2, Sum: 43.7]
      [Termination (ms): Min: 0.0, Avg: 0.0, Max: 0.0, Diff: 0.0, Sum: 0.0]
         [Termination Attempts: Min: 1, Avg: 1.0, Max: 1, Diff: 0, Sum: 4]
      [GC Worker Other (ms): Min: 0.0, Avg: 0.0, Max: 0.0, Diff: 0.0, Sum: 0.1]
      [GC Worker Total (ms): Min: 18.6, Avg: 18.6, Max: 18.7, Diff: 0.1, Sum: 74.5]
      [GC Worker End (ms): Min: 840064.2, Avg: 840064.2, Max: 840064.2, Diff: 0.0]
   [Code Root Fixup: 0.0 ms]
   [Code Root Purge: 0.0 ms]
   [Clear CT: 0.1 ms]
   [Other: 2.5 ms]
      [Choose CSet: 0.0 ms]
      [Ref Proc: 0.1 ms]
      [Ref Enq: 0.0 ms]
      [Redirty Cards: 0.1 ms]
      [Humongous Register: 1.5 ms]
      [Humongous Reclaim: 0.0 ms]
      [Free CSet: 0.0 ms]
   [Eden: 46.0M(46.0M)->0.0B(46.0M) Survivors: 5120.0K->5120.0K Heap: 201.3M(1024.0M)->155.6M(1024.0M)]
 [Times: user=0.07 sys=0.01, real=0.03 secs] 
2018-12-01T22:10:02.163+0800: 864.642: [GC pause (G1 Evacuation Pause) (young), 0.0507260 secs]
   [Parallel Time: 45.4 ms, GC Workers: 4]
      [GC Worker Start (ms): Min: 864646.6, Avg: 864646.8, Max: 864647.1, Diff: 0.5]
      [Ext Root Scanning (ms): Min: 6.0, Avg: 8.0, Max: 13.6, Diff: 7.6, Sum: 32.1]
      [Update RS (ms): Min: 0.6, Avg: 6.4, Max: 8.3, Diff: 7.6, Sum: 25.5]
         [Processed Buffers: Min: 3, Avg: 7.2, Max: 13, Diff: 10, Sum: 29]
      [Scan RS (ms): Min: 5.2, Avg: 5.5, Max: 6.0, Diff: 0.8, Sum: 22.1]
      [Code Root Scanning (ms): Min: 0.0, Avg: 0.0, Max: 0.0, Diff: 0.0, Sum: 0.0]
      [Object Copy (ms): Min: 24.8, Avg: 25.0, Max: 25.2, Diff: 0.4, Sum: 100.0]
      [Termination (ms): Min: 0.0, Avg: 0.0, Max: 0.0, Diff: 0.0, Sum: 0.0]
         [Termination Attempts: Min: 1, Avg: 1.5, Max: 2, Diff: 1, Sum: 6]
      [GC Worker Other (ms): Min: 0.0, Avg: 0.1, Max: 0.1, Diff: 0.1, Sum: 0.3]
      [GC Worker Total (ms): Min: 44.7, Avg: 45.0, Max: 45.2, Diff: 0.5, Sum: 179.9]
      [GC Worker End (ms): Min: 864691.8, Avg: 864691.8, Max: 864691.8, Diff: 0.0]
   [Code Root Fixup: 0.0 ms]
   [Code Root Purge: 0.0 ms]
   [Clear CT: 0.1 ms]
   [Other: 5.2 ms]
      [Choose CSet: 0.0 ms]
      [Ref Proc: 0.2 ms]
      [Ref Enq: 0.0 ms]
      [Redirty Cards: 0.1 ms]
      [Humongous Register: 3.8 ms]
      [Humongous Reclaim: 0.0 ms]
      [Free CSet: 0.2 ms]
   [Eden: 46.0M(46.0M)->0.0B(44.0M) Survivors: 5120.0K->7168.0K Heap: 201.6M(1024.0M)->158.6M(1024.0M)]
 [Times: user=0.07 sys=0.09, real=0.05 secs] 
2018-12-01T22:10:25.542+0800: 888.019: [GC pause (G1 Evacuation Pause) (young), 0.0220446 secs]
   [Parallel Time: 20.7 ms, GC Workers: 4]
      [GC Worker Start (ms): Min: 888019.4, Avg: 888019.4, Max: 888019.5, Diff: 0.1]
      [Ext Root Scanning (ms): Min: 1.0, Avg: 1.0, Max: 1.1, Diff: 0.1, Sum: 4.1]
      [Update RS (ms): Min: 1.8, Avg: 2.8, Max: 5.2, Diff: 3.4, Sum: 11.0]
         [Processed Buffers: Min: 5, Avg: 7.5, Max: 10, Diff: 5, Sum: 30]
      [Scan RS (ms): Min: 2.1, Avg: 4.6, Max: 5.5, Diff: 3.4, Sum: 18.4]
      [Code Root Scanning (ms): Min: 0.0, Avg: 0.0, Max: 0.0, Diff: 0.0, Sum: 0.0]
      [Object Copy (ms): Min: 11.9, Avg: 12.0, Max: 12.1, Diff: 0.2, Sum: 48.1]
      [Termination (ms): Min: 0.0, Avg: 0.1, Max: 0.2, Diff: 0.2, Sum: 0.4]
         [Termination Attempts: Min: 1, Avg: 1.0, Max: 1, Diff: 0, Sum: 4]
      [GC Worker Other (ms): Min: 0.0, Avg: 0.0, Max: 0.0, Diff: 0.0, Sum: 0.1]
      [GC Worker Total (ms): Min: 20.5, Avg: 20.5, Max: 20.6, Diff: 0.0, Sum: 82.1]
      [GC Worker End (ms): Min: 888039.9, Avg: 888040.0, Max: 888040.0, Diff: 0.1]
   [Code Root Fixup: 0.0 ms]
   [Code Root Purge: 0.0 ms]
   [Clear CT: 0.1 ms]
   [Other: 1.3 ms]
      [Choose CSet: 0.0 ms]
      [Ref Proc: 0.4 ms]
      [Ref Enq: 0.0 ms]
      [Redirty Cards: 0.1 ms]
      [Humongous Register: 0.3 ms]
      [Humongous Reclaim: 0.0 ms]
      [Free CSet: 0.1 ms]
   [Eden: 44.0M(44.0M)->0.0B(46.0M) Survivors: 7168.0K->5120.0K Heap: 202.6M(1024.0M)->158.1M(1024.0M)]
 [Times: user=0.07 sys=0.01, real=0.02 secs] 
2018-12-01T22:10:50.363+0800: 912.839: [GC pause (G1 Evacuation Pause) (young), 0.0200352 secs]
   [Parallel Time: 19.3 ms, GC Workers: 4]
      [GC Worker Start (ms): Min: 912839.4, Avg: 912839.5, Max: 912839.5, Diff: 0.1]
      [Ext Root Scanning (ms): Min: 1.1, Avg: 1.5, Max: 2.4, Diff: 1.3, Sum: 6.1]
      [Update RS (ms): Min: 1.1, Avg: 1.9, Max: 2.3, Diff: 1.2, Sum: 7.5]
         [Processed Buffers: Min: 3, Avg: 9.2, Max: 20, Diff: 17, Sum: 37]
      [Scan RS (ms): Min: 4.2, Avg: 4.4, Max: 4.6, Diff: 0.4, Sum: 17.5]
      [Code Root Scanning (ms): Min: 0.0, Avg: 0.0, Max: 0.0, Diff: 0.0, Sum: 0.0]
      [Object Copy (ms): Min: 11.3, Avg: 11.4, Max: 11.5, Diff: 0.3, Sum: 45.6]
      [Termination (ms): Min: 0.0, Avg: 0.0, Max: 0.0, Diff: 0.0, Sum: 0.0]
         [Termination Attempts: Min: 1, Avg: 1.8, Max: 2, Diff: 1, Sum: 7]
      [GC Worker Other (ms): Min: 0.0, Avg: 0.1, Max: 0.1, Diff: 0.1, Sum: 0.2]
      [GC Worker Total (ms): Min: 19.2, Avg: 19.2, Max: 19.2, Diff: 0.1, Sum: 76.9]
      [GC Worker End (ms): Min: 912858.7, Avg: 912858.7, Max: 912858.7, Diff: 0.0]
   [Code Root Fixup: 0.0 ms]
   [Code Root Purge: 0.0 ms]
   [Clear CT: 0.1 ms]
   [Other: 0.6 ms]
      [Choose CSet: 0.0 ms]
      [Ref Proc: 0.1 ms]
      [Ref Enq: 0.0 ms]
      [Redirty Cards: 0.1 ms]
      [Humongous Register: 0.1 ms]
      [Humongous Reclaim: 0.0 ms]
      [Free CSet: 0.1 ms]
   [Eden: 46.0M(46.0M)->0.0B(46.0M) Survivors: 5120.0K->5120.0K Heap: 204.1M(1024.0M)->159.7M(1024.0M)]
 [Times: user=0.06 sys=0.01, real=0.02 secs] 
2018-12-01T22:11:14.863+0800: 937.338: [GC pause (G1 Evacuation Pause) (young), 0.0542998 secs]
   [Parallel Time: 51.0 ms, GC Workers: 4]
      [GC Worker Start (ms): Min: 937340.8, Avg: 937340.8, Max: 937340.9, Diff: 0.2]
      [Ext Root Scanning (ms): Min: 3.2, Avg: 7.3, Max: 19.4, Diff: 16.2, Sum: 29.2]
      [Update RS (ms): Min: 0.0, Avg: 10.1, Max: 14.6, Diff: 14.6, Sum: 40.3]
         [Processed Buffers: Min: 0, Avg: 7.8, Max: 28, Diff: 28, Sum: 31]
      [Scan RS (ms): Min: 3.1, Avg: 5.1, Max: 6.4, Diff: 3.3, Sum: 20.5]
      [Code Root Scanning (ms): Min: 0.0, Avg: 0.0, Max: 0.0, Diff: 0.0, Sum: 0.0]
      [Object Copy (ms): Min: 28.1, Avg: 28.2, Max: 28.3, Diff: 0.1, Sum: 112.8]
      [Termination (ms): Min: 0.0, Avg: 0.1, Max: 0.2, Diff: 0.2, Sum: 0.3]
         [Termination Attempts: Min: 1, Avg: 1.0, Max: 1, Diff: 0, Sum: 4]
      [GC Worker Other (ms): Min: 0.0, Avg: 0.0, Max: 0.1, Diff: 0.0, Sum: 0.2]
      [GC Worker Total (ms): Min: 50.8, Avg: 50.8, Max: 50.9, Diff: 0.2, Sum: 203.4]
      [GC Worker End (ms): Min: 937391.7, Avg: 937391.7, Max: 937391.7, Diff: 0.0]
   [Code Root Fixup: 0.0 ms]
   [Code Root Purge: 0.0 ms]
   [Clear CT: 0.1 ms]
   [Other: 3.2 ms]
      [Choose CSet: 0.0 ms]
      [Ref Proc: 0.3 ms]
      [Ref Enq: 0.0 ms]
      [Redirty Cards: 0.1 ms]
      [Humongous Register: 1.9 ms]
      [Humongous Reclaim: 0.0 ms]
      [Free CSet: 0.2 ms]
   [Eden: 46.0M(46.0M)->0.0B(46.0M) Survivors: 5120.0K->5120.0K Heap: 205.7M(1024.0M)->159.7M(1024.0M)]
 [Times: user=0.06 sys=0.06, real=0.06 secs] 
2018-12-01T22:11:39.673+0800: 962.148: [GC pause (G1 Evacuation Pause) (young), 0.0475384 secs]
   [Parallel Time: 42.1 ms, GC Workers: 4]
      [GC Worker Start (ms): Min: 962152.6, Avg: 962152.8, Max: 962153.0, Diff: 0.4]
      [Ext Root Scanning (ms): Min: 7.1, Avg: 9.0, Max: 14.4, Diff: 7.3, Sum: 35.9]
      [Update RS (ms): Min: 0.5, Avg: 6.0, Max: 8.1, Diff: 7.5, Sum: 23.9]
         [Processed Buffers: Min: 1, Avg: 7.2, Max: 14, Diff: 13, Sum: 29]
      [Scan RS (ms): Min: 4.7, Avg: 5.1, Max: 5.6, Diff: 0.9, Sum: 20.5]
      [Code Root Scanning (ms): Min: 0.0, Avg: 0.0, Max: 0.0, Diff: 0.0, Sum: 0.0]
      [Object Copy (ms): Min: 21.3, Avg: 21.6, Max: 21.9, Diff: 0.6, Sum: 86.3]
      [Termination (ms): Min: 0.0, Avg: 0.0, Max: 0.0, Diff: 0.0, Sum: 0.0]
         [Termination Attempts: Min: 1, Avg: 1.2, Max: 2, Diff: 1, Sum: 5]
      [GC Worker Other (ms): Min: 0.1, Avg: 0.1, Max: 0.1, Diff: 0.0, Sum: 0.4]
      [GC Worker Total (ms): Min: 41.5, Avg: 41.7, Max: 42.0, Diff: 0.4, Sum: 167.0]
      [GC Worker End (ms): Min: 962194.5, Avg: 962194.5, Max: 962194.5, Diff: 0.0]
   [Code Root Fixup: 0.0 ms]
   [Code Root Purge: 0.0 ms]
   [Clear CT: 0.1 ms]
   [Other: 5.3 ms]
      [Choose CSet: 0.0 ms]
      [Ref Proc: 0.2 ms]
      [Ref Enq: 0.0 ms]
      [Redirty Cards: 0.1 ms]
      [Humongous Register: 3.8 ms]
      [Humongous Reclaim: 0.0 ms]
      [Free CSet: 0.2 ms]
   [Eden: 46.0M(46.0M)->0.0B(44.0M) Survivors: 5120.0K->7168.0K Heap: 205.7M(1024.0M)->161.9M(1024.0M)]
 [Times: user=0.07 sys=0.08, real=0.05 secs] 
2018-12-01T22:12:03.524+0800: 985.998: [GC pause (G1 Evacuation Pause) (young), 0.0217826 secs]
   [Parallel Time: 20.7 ms, GC Workers: 4]
      [GC Worker Start (ms): Min: 985998.7, Avg: 985998.7, Max: 985998.7, Diff: 0.1]
      [Ext Root Scanning (ms): Min: 0.6, Avg: 0.7, Max: 0.7, Diff: 0.1, Sum: 2.6]
      [Update RS (ms): Min: 2.5, Avg: 3.2, Max: 5.0, Diff: 2.4, Sum: 12.7]
         [Processed Buffers: Min: 0, Avg: 8.8, Max: 17, Diff: 17, Sum: 35]
      [Scan RS (ms): Min: 1.8, Avg: 3.5, Max: 4.4, Diff: 2.6, Sum: 14.1]
      [Code Root Scanning (ms): Min: 0.0, Avg: 0.0, Max: 0.0, Diff: 0.0, Sum: 0.0]
      [Object Copy (ms): Min: 13.0, Avg: 13.2, Max: 13.4, Diff: 0.4, Sum: 52.9]
      [Termination (ms): Min: 0.0, Avg: 0.0, Max: 0.0, Diff: 0.0, Sum: 0.0]
         [Termination Attempts: Min: 1, Avg: 1.0, Max: 1, Diff: 0, Sum: 4]
      [GC Worker Other (ms): Min: 0.0, Avg: 0.0, Max: 0.0, Diff: 0.0, Sum: 0.1]
      [GC Worker Total (ms): Min: 20.6, Avg: 20.6, Max: 20.6, Diff: 0.1, Sum: 82.5]
      [GC Worker End (ms): Min: 986019.3, Avg: 986019.3, Max: 986019.3, Diff: 0.0]
   [Code Root Fixup: 0.0 ms]
   [Code Root Purge: 0.0 ms]
   [Clear CT: 0.1 ms]
   [Other: 1.0 ms]
      [Choose CSet: 0.0 ms]
      [Ref Proc: 0.3 ms]
      [Ref Enq: 0.0 ms]
      [Redirty Cards: 0.1 ms]
      [Humongous Register: 0.0 ms]
      [Humongous Reclaim: 0.0 ms]
      [Free CSet: 0.1 ms]
   [Eden: 44.0M(44.0M)->0.0B(46.0M) Survivors: 7168.0K->5120.0K Heap: 205.9M(1024.0M)->161.3M(1024.0M)]
 [Times: user=0.05 sys=0.01, real=0.03 secs] 
2018-12-01T22:12:27.861+0800: 1010.334: [GC pause (G1 Evacuation Pause) (young), 0.0569354 secs]
   [Parallel Time: 46.0 ms, GC Workers: 4]
      [GC Worker Start (ms): Min: 1010344.4, Avg: 1010344.5, Max: 1010344.6, Diff: 0.3]
      [Ext Root Scanning (ms): Min: 4.2, Avg: 8.1, Max: 19.6, Diff: 15.4, Sum: 32.4]
      [Update RS (ms): Min: 0.0, Avg: 9.5, Max: 13.6, Diff: 13.6, Sum: 38.2]
         [Processed Buffers: Min: 0, Avg: 8.2, Max: 16, Diff: 16, Sum: 33]
      [Scan RS (ms): Min: 3.4, Avg: 5.1, Max: 6.1, Diff: 2.7, Sum: 20.4]
      [Code Root Scanning (ms): Min: 0.0, Avg: 0.0, Max: 0.0, Diff: 0.0, Sum: 0.0]
      [Object Copy (ms): Min: 22.9, Avg: 23.0, Max: 23.0, Diff: 0.2, Sum: 91.8]
      [Termination (ms): Min: 0.0, Avg: 0.0, Max: 0.0, Diff: 0.0, Sum: 0.1]
         [Termination Attempts: Min: 1, Avg: 1.2, Max: 2, Diff: 1, Sum: 5]
      [GC Worker Other (ms): Min: 0.0, Avg: 0.1, Max: 0.1, Diff: 0.0, Sum: 0.2]
      [GC Worker Total (ms): Min: 45.6, Avg: 45.8, Max: 45.9, Diff: 0.3, Sum: 183.1]
      [GC Worker End (ms): Min: 1010390.3, Avg: 1010390.3, Max: 1010390.3, Diff: 0.0]
   [Code Root Fixup: 0.0 ms]
   [Code Root Purge: 0.0 ms]
   [Clear CT: 0.1 ms]
   [Other: 10.8 ms]
      [Choose CSet: 0.0 ms]
      [Ref Proc: 0.2 ms]
      [Ref Enq: 0.0 ms]
      [Redirty Cards: 0.1 ms]
      [Humongous Register: 9.4 ms]
      [Humongous Reclaim: 0.0 ms]
      [Free CSet: 0.1 ms]
   [Eden: 46.0M(46.0M)->0.0B(46.0M) Survivors: 5120.0K->5120.0K Heap: 207.3M(1024.0M)->162.5M(1024.0M)]
 [Times: user=0.05 sys=0.07, real=0.06 secs] 
2018-12-01T22:12:52.579+0800: 1035.051: [GC pause (G1 Evacuation Pause) (young), 0.0202310 secs]
   [Parallel Time: 19.4 ms, GC Workers: 4]
      [GC Worker Start (ms): Min: 1035051.5, Avg: 1035051.6, Max: 1035051.7, Diff: 0.2]
      [Ext Root Scanning (ms): Min: 0.9, Avg: 1.1, Max: 1.1, Diff: 0.2, Sum: 4.3]
      [Update RS (ms): Min: 2.2, Avg: 2.4, Max: 2.6, Diff: 0.4, Sum: 9.4]
         [Processed Buffers: Min: 2, Avg: 8.8, Max: 16, Diff: 14, Sum: 35]
      [Scan RS (ms): Min: 4.5, Avg: 4.6, Max: 4.8, Diff: 0.3, Sum: 18.6]
      [Code Root Scanning (ms): Min: 0.0, Avg: 0.0, Max: 0.0, Diff: 0.0, Sum: 0.0]
      [Object Copy (ms): Min: 11.1, Avg: 11.2, Max: 11.3, Diff: 0.2, Sum: 44.8]
      [Termination (ms): Min: 0.0, Avg: 0.0, Max: 0.0, Diff: 0.0, Sum: 0.0]
         [Termination Attempts: Min: 1, Avg: 1.2, Max: 2, Diff: 1, Sum: 5]
      [GC Worker Other (ms): Min: 0.0, Avg: 0.0, Max: 0.0, Diff: 0.0, Sum: 0.1]
      [GC Worker Total (ms): Min: 19.2, Avg: 19.3, Max: 19.4, Diff: 0.2, Sum: 77.3]
      [GC Worker End (ms): Min: 1035070.9, Avg: 1035070.9, Max: 1035070.9, Diff: 0.0]
   [Code Root Fixup: 0.0 ms]
   [Code Root Purge: 0.0 ms]
   [Clear CT: 0.1 ms]
   [Other: 0.7 ms]
      [Choose CSet: 0.0 ms]
      [Ref Proc: 0.2 ms]
      [Ref Enq: 0.0 ms]
      [Redirty Cards: 0.1 ms]
      [Humongous Register: 0.0 ms]
      [Humongous Reclaim: 0.0 ms]
      [Free CSet: 0.1 ms]
   [Eden: 46.0M(46.0M)->0.0B(45.0M) Survivors: 5120.0K->6144.0K Heap: 208.5M(1024.0M)->163.5M(1024.0M)]
 [Times: user=0.06 sys=0.01, real=0.02 secs] 
2018-12-01T22:13:16.580+0800: 1059.052: [GC pause (G1 Evacuation Pause) (young), 0.0213947 secs]
   [Parallel Time: 20.4 ms, GC Workers: 4]
      [GC Worker Start (ms): Min: 1059052.6, Avg: 1059052.7, Max: 1059052.8, Diff: 0.2]
      [Ext Root Scanning (ms): Min: 0.9, Avg: 1.0, Max: 1.1, Diff: 0.3, Sum: 4.1]
      [Update RS (ms): Min: 2.3, Avg: 2.5, Max: 2.6, Diff: 0.3, Sum: 9.8]
         [Processed Buffers: Min: 2, Avg: 7.0, Max: 15, Diff: 13, Sum: 28]
      [Scan RS (ms): Min: 3.9, Avg: 4.1, Max: 4.2, Diff: 0.3, Sum: 16.5]
      [Code Root Scanning (ms): Min: 0.0, Avg: 0.0, Max: 0.0, Diff: 0.0, Sum: 0.0]
      [Object Copy (ms): Min: 12.5, Avg: 12.6, Max: 12.7, Diff: 0.2, Sum: 50.5]
      [Termination (ms): Min: 0.0, Avg: 0.0, Max: 0.0, Diff: 0.0, Sum: 0.0]
         [Termination Attempts: Min: 1, Avg: 1.0, Max: 1, Diff: 0, Sum: 4]
      [GC Worker Other (ms): Min: 0.0, Avg: 0.0, Max: 0.0, Diff: 0.0, Sum: 0.1]
      [GC Worker Total (ms): Min: 20.1, Avg: 20.3, Max: 20.3, Diff: 0.2, Sum: 81.0]
      [GC Worker End (ms): Min: 1059072.9, Avg: 1059072.9, Max: 1059072.9, Diff: 0.0]
   [Code Root Fixup: 0.0 ms]
   [Code Root Purge: 0.0 ms]
   [Clear CT: 0.1 ms]
   [Other: 0.9 ms]
      [Choose CSet: 0.0 ms]
      [Ref Proc: 0.2 ms]
      [Ref Enq: 0.0 ms]
      [Redirty Cards: 0.1 ms]
      [Humongous Register: 0.3 ms]
      [Humongous Reclaim: 0.0 ms]
      [Free CSet: 0.0 ms]
   [Eden: 45.0M(45.0M)->0.0B(44.0M) Survivors: 6144.0K->7168.0K Heap: 208.5M(1024.0M)->165.1M(1024.0M)]
 [Times: user=0.08 sys=0.00, real=0.02 secs] 
2018-12-01T22:13:40.151+0800: 1082.622: [GC pause (G1 Evacuation Pause) (young), 0.0197568 secs]
   [Parallel Time: 19.1 ms, GC Workers: 4]
      [GC Worker Start (ms): Min: 1082622.5, Avg: 1082622.5, Max: 1082622.6, Diff: 0.1]
      [Ext Root Scanning (ms): Min: 0.9, Avg: 0.9, Max: 1.0, Diff: 0.1, Sum: 3.7]
      [Update RS (ms): Min: 1.8, Avg: 2.3, Max: 2.7, Diff: 0.9, Sum: 9.2]
         [Processed Buffers: Min: 2, Avg: 7.2, Max: 16, Diff: 14, Sum: 29]
      [Scan RS (ms): Min: 4.0, Avg: 4.5, Max: 4.9, Diff: 0.9, Sum: 17.8]
      [Code Root Scanning (ms): Min: 0.0, Avg: 0.0, Max: 0.0, Diff: 0.0, Sum: 0.0]
      [Object Copy (ms): Min: 11.1, Avg: 11.2, Max: 11.2, Diff: 0.2, Sum: 44.6]
      [Termination (ms): Min: 0.0, Avg: 0.1, Max: 0.1, Diff: 0.1, Sum: 0.2]
         [Termination Attempts: Min: 1, Avg: 1.5, Max: 3, Diff: 2, Sum: 6]
      [GC Worker Other (ms): Min: 0.0, Avg: 0.0, Max: 0.0, Diff: 0.0, Sum: 0.1]
      [GC Worker Total (ms): Min: 18.9, Avg: 18.9, Max: 19.0, Diff: 0.1, Sum: 75.7]
      [GC Worker End (ms): Min: 1082641.4, Avg: 1082641.5, Max: 1082641.5, Diff: 0.0]
   [Code Root Fixup: 0.0 ms]
   [Code Root Purge: 0.0 ms]
   [Clear CT: 0.1 ms]
   [Other: 0.6 ms]
      [Choose CSet: 0.0 ms]
      [Ref Proc: 0.1 ms]
      [Ref Enq: 0.0 ms]
      [Redirty Cards: 0.1 ms]
      [Humongous Register: 0.1 ms]
      [Humongous Reclaim: 0.0 ms]
      [Free CSet: 0.0 ms]
   [Eden: 44.0M(44.0M)->0.0B(46.0M) Survivors: 7168.0K->5120.0K Heap: 209.1M(1024.0M)->164.6M(1024.0M)]
 [Times: user=0.08 sys=0.00, real=0.02 secs] 
2018-12-01T22:14:04.867+0800: 1107.338: [GC pause (G1 Evacuation Pause) (young), 0.0197558 secs]
   [Parallel Time: 19.1 ms, GC Workers: 4]
      [GC Worker Start (ms): Min: 1107337.7, Avg: 1107337.8, Max: 1107337.8, Diff: 0.1]
      [Ext Root Scanning (ms): Min: 0.7, Avg: 0.8, Max: 0.8, Diff: 0.1, Sum: 3.1]
      [Update RS (ms): Min: 2.2, Avg: 2.3, Max: 2.4, Diff: 0.2, Sum: 9.1]
         [Processed Buffers: Min: 3, Avg: 8.8, Max: 14, Diff: 11, Sum: 35]
      [Scan RS (ms): Min: 6.1, Avg: 6.2, Max: 6.3, Diff: 0.2, Sum: 24.7]
      [Code Root Scanning (ms): Min: 0.0, Avg: 0.0, Max: 0.0, Diff: 0.0, Sum: 0.0]
      [Object Copy (ms): Min: 9.6, Avg: 9.7, Max: 9.7, Diff: 0.1, Sum: 38.7]
      [Termination (ms): Min: 0.0, Avg: 0.1, Max: 0.1, Diff: 0.1, Sum: 0.2]
         [Termination Attempts: Min: 1, Avg: 1.5, Max: 3, Diff: 2, Sum: 6]
      [GC Worker Other (ms): Min: 0.0, Avg: 0.0, Max: 0.0, Diff: 0.0, Sum: 0.1]
      [GC Worker Total (ms): Min: 19.0, Avg: 19.0, Max: 19.0, Diff: 0.1, Sum: 76.0]
      [GC Worker End (ms): Min: 1107356.8, Avg: 1107356.8, Max: 1107356.8, Diff: 0.0]
   [Code Root Fixup: 0.0 ms]
   [Code Root Purge: 0.0 ms]
   [Clear CT: 0.1 ms]
   [Other: 0.6 ms]
      [Choose CSet: 0.0 ms]
      [Ref Proc: 0.1 ms]
      [Ref Enq: 0.0 ms]
      [Redirty Cards: 0.1 ms]
      [Humongous Register: 0.0 ms]
      [Humongous Reclaim: 0.0 ms]
      [Free CSet: 0.1 ms]
   [Eden: 46.0M(46.0M)->0.0B(46.0M) Survivors: 5120.0K->5120.0K Heap: 210.6M(1024.0M)->165.7M(1024.0M)]
 [Times: user=0.06 sys=0.01, real=0.02 secs] 
2018-12-01T22:14:29.406+0800: 1131.876: [GC pause (G1 Evacuation Pause) (young), 0.0175704 secs]
   [Parallel Time: 16.6 ms, GC Workers: 4]
      [GC Worker Start (ms): Min: 1131876.2, Avg: 1131876.3, Max: 1131876.3, Diff: 0.1]
      [Ext Root Scanning (ms): Min: 0.8, Avg: 0.9, Max: 0.9, Diff: 0.1, Sum: 3.4]
      [Update RS (ms): Min: 2.4, Avg: 2.5, Max: 2.5, Diff: 0.1, Sum: 10.0]
         [Processed Buffers: Min: 2, Avg: 8.8, Max: 22, Diff: 20, Sum: 35]
      [Scan RS (ms): Min: 3.7, Avg: 3.9, Max: 3.9, Diff: 0.2, Sum: 15.5]
      [Code Root Scanning (ms): Min: 0.0, Avg: 0.0, Max: 0.0, Diff: 0.0, Sum: 0.0]
      [Object Copy (ms): Min: 9.3, Avg: 9.3, Max: 9.4, Diff: 0.1, Sum: 37.2]
      [Termination (ms): Min: 0.0, Avg: 0.0, Max: 0.0, Diff: 0.0, Sum: 0.0]
         [Termination Attempts: Min: 1, Avg: 1.0, Max: 1, Diff: 0, Sum: 4]
      [GC Worker Other (ms): Min: 0.0, Avg: 0.0, Max: 0.1, Diff: 0.0, Sum: 0.1]
      [GC Worker Total (ms): Min: 16.5, Avg: 16.6, Max: 16.6, Diff: 0.1, Sum: 66.2]
      [GC Worker End (ms): Min: 1131892.8, Avg: 1131892.8, Max: 1131892.8, Diff: 0.0]
   [Code Root Fixup: 0.0 ms]
   [Code Root Purge: 0.0 ms]
   [Clear CT: 0.1 ms]
   [Other: 0.8 ms]
      [Choose CSet: 0.0 ms]
      [Ref Proc: 0.3 ms]
      [Ref Enq: 0.0 ms]
      [Redirty Cards: 0.1 ms]
      [Humongous Register: 0.0 ms]
      [Humongous Reclaim: 0.0 ms]
      [Free CSet: 0.1 ms]
   [Eden: 46.0M(46.0M)->0.0B(45.0M) Survivors: 5120.0K->6144.0K Heap: 211.7M(1024.0M)->167.2M(1024.0M)]
 [Times: user=0.06 sys=0.00, real=0.02 secs] 
2018-12-01T22:14:53.519+0800: 1155.988: [GC pause (G1 Evacuation Pause) (young), 0.0245522 secs]
   [Parallel Time: 22.9 ms, GC Workers: 4]
      [GC Worker Start (ms): Min: 1155988.6, Avg: 1155988.7, Max: 1155988.7, Diff: 0.1]
      [Ext Root Scanning (ms): Min: 1.1, Avg: 1.2, Max: 1.7, Diff: 0.6, Sum: 5.0]
      [Update RS (ms): Min: 1.9, Avg: 2.2, Max: 2.4, Diff: 0.5, Sum: 8.7]
         [Processed Buffers: Min: 3, Avg: 8.2, Max: 15, Diff: 12, Sum: 33]
      [Scan RS (ms): Min: 3.5, Avg: 3.7, Max: 4.0, Diff: 0.5, Sum: 15.0]
      [Code Root Scanning (ms): Min: 0.0, Avg: 0.0, Max: 0.0, Diff: 0.0, Sum: 0.0]
      [Object Copy (ms): Min: 15.3, Avg: 15.5, Max: 15.7, Diff: 0.4, Sum: 62.0]
      [Termination (ms): Min: 0.0, Avg: 0.1, Max: 0.2, Diff: 0.2, Sum: 0.5]
         [Termination Attempts: Min: 1, Avg: 2.5, Max: 4, Diff: 3, Sum: 10]
      [GC Worker Other (ms): Min: 0.0, Avg: 0.0, Max: 0.1, Diff: 0.0, Sum: 0.1]
      [GC Worker Total (ms): Min: 22.8, Avg: 22.8, Max: 22.9, Diff: 0.1, Sum: 91.3]
      [GC Worker End (ms): Min: 1156011.5, Avg: 1156011.5, Max: 1156011.5, Diff: 0.0]
   [Code Root Fixup: 0.0 ms]
   [Code Root Purge: 0.0 ms]
   [Clear CT: 0.1 ms]
   [Other: 1.5 ms]
      [Choose CSet: 0.0 ms]
      [Ref Proc: 0.4 ms]
      [Ref Enq: 0.0 ms]
      [Redirty Cards: 0.1 ms]
      [Humongous Register: 0.4 ms]
      [Humongous Reclaim: 0.0 ms]
      [Free CSet: 0.1 ms]
   [Eden: 45.0M(45.0M)->0.0B(45.0M) Survivors: 6144.0K->6144.0K Heap: 212.2M(1024.0M)->167.9M(1024.0M)]
 [Times: user=0.06 sys=0.01, real=0.03 secs] 
2018-12-01T22:15:17.334+0800: 1179.803: [GC pause (G1 Evacuation Pause) (young), 0.0449999 secs]
   [Parallel Time: 38.7 ms, GC Workers: 4]
      [GC Worker Start (ms): Min: 1179807.3, Avg: 1179807.5, Max: 1179807.6, Diff: 0.3]
      [Ext Root Scanning (ms): Min: 6.0, Avg: 7.5, Max: 11.9, Diff: 5.9, Sum: 30.1]
      [Update RS (ms): Min: 0.0, Avg: 4.2, Max: 5.6, Diff: 5.5, Sum: 16.7]
         [Processed Buffers: Min: 2, Avg: 9.0, Max: 14, Diff: 12, Sum: 36]
      [Scan RS (ms): Min: 6.3, Avg: 6.4, Max: 6.5, Diff: 0.2, Sum: 25.5]
      [Code Root Scanning (ms): Min: 0.0, Avg: 0.0, Max: 0.0, Diff: 0.0, Sum: 0.0]
      [Object Copy (ms): Min: 20.2, Avg: 20.3, Max: 20.4, Diff: 0.3, Sum: 81.3]
      [Termination (ms): Min: 0.0, Avg: 0.0, Max: 0.0, Diff: 0.0, Sum: 0.0]
         [Termination Attempts: Min: 1, Avg: 1.5, Max: 2, Diff: 1, Sum: 6]
      [GC Worker Other (ms): Min: 0.0, Avg: 0.1, Max: 0.1, Diff: 0.0, Sum: 0.2]
      [GC Worker Total (ms): Min: 38.3, Avg: 38.4, Max: 38.6, Diff: 0.3, Sum: 153.8]
      [GC Worker End (ms): Min: 1179845.9, Avg: 1179845.9, Max: 1179845.9, Diff: 0.0]
   [Code Root Fixup: 0.0 ms]
   [Code Root Purge: 0.0 ms]
   [Clear CT: 0.1 ms]
   [Other: 6.1 ms]
      [Choose CSet: 0.0 ms]
      [Ref Proc: 1.0 ms]
      [Ref Enq: 0.0 ms]
      [Redirty Cards: 0.1 ms]
      [Humongous Register: 3.7 ms]
      [Humongous Reclaim: 0.0 ms]
      [Free CSet: 0.2 ms]
   [Eden: 45.0M(45.0M)->0.0B(46.0M) Survivors: 6144.0K->5120.0K Heap: 212.9M(1024.0M)->168.5M(1024.0M)]
 [Times: user=0.07 sys=0.07, real=0.05 secs] 
2018-12-01T22:15:41.979+0800: 1204.447: [GC pause (G1 Evacuation Pause) (young), 0.0206750 secs]
   [Parallel Time: 19.7 ms, GC Workers: 4]
      [GC Worker Start (ms): Min: 1204446.9, Avg: 1204446.9, Max: 1204447.0, Diff: 0.1]
      [Ext Root Scanning (ms): Min: 1.1, Avg: 1.2, Max: 1.2, Diff: 0.1, Sum: 4.6]
      [Update RS (ms): Min: 2.4, Avg: 2.5, Max: 2.5, Diff: 0.2, Sum: 9.9]
         [Processed Buffers: Min: 4, Avg: 8.2, Max: 15, Diff: 11, Sum: 33]
      [Scan RS (ms): Min: 5.4, Avg: 5.5, Max: 5.7, Diff: 0.3, Sum: 22.2]
      [Code Root Scanning (ms): Min: 0.0, Avg: 0.0, Max: 0.0, Diff: 0.0, Sum: 0.0]
      [Object Copy (ms): Min: 10.3, Avg: 10.3, Max: 10.4, Diff: 0.2, Sum: 41.4]
      [Termination (ms): Min: 0.0, Avg: 0.0, Max: 0.0, Diff: 0.0, Sum: 0.0]
         [Termination Attempts: Min: 1, Avg: 1.8, Max: 2, Diff: 1, Sum: 7]
      [GC Worker Other (ms): Min: 0.0, Avg: 0.0, Max: 0.1, Diff: 0.0, Sum: 0.1]
      [GC Worker Total (ms): Min: 19.5, Avg: 19.6, Max: 19.6, Diff: 0.1, Sum: 78.3]
      [GC Worker End (ms): Min: 1204466.5, Avg: 1204466.5, Max: 1204466.5, Diff: 0.0]
   [Code Root Fixup: 0.0 ms]
   [Code Root Purge: 0.0 ms]
   [Clear CT: 0.2 ms]
   [Other: 0.8 ms]
      [Choose CSet: 0.0 ms]
      [Ref Proc: 0.3 ms]
      [Ref Enq: 0.0 ms]
      [Redirty Cards: 0.1 ms]
      [Humongous Register: 0.0 ms]
      [Humongous Reclaim: 0.0 ms]
      [Free CSet: 0.1 ms]
   [Eden: 46.0M(46.0M)->0.0B(46.0M) Survivors: 5120.0K->5120.0K Heap: 214.5M(1024.0M)->169.0M(1024.0M)]
 [Times: user=0.06 sys=0.01, real=0.03 secs] 
2018-12-01T22:16:06.764+0800: 1229.231: [GC pause (G1 Evacuation Pause) (young), 0.0191254 secs]
   [Parallel Time: 18.2 ms, GC Workers: 4]
      [GC Worker Start (ms): Min: 1229230.8, Avg: 1229230.9, Max: 1229230.9, Diff: 0.1]
      [Ext Root Scanning (ms): Min: 0.9, Avg: 0.9, Max: 0.9, Diff: 0.1, Sum: 3.6]
      [Update RS (ms): Min: 2.0, Avg: 2.2, Max: 2.4, Diff: 0.4, Sum: 9.0]
         [Processed Buffers: Min: 4, Avg: 8.5, Max: 15, Diff: 11, Sum: 34]
      [Scan RS (ms): Min: 5.0, Avg: 5.2, Max: 5.4, Diff: 0.4, Sum: 20.8]
      [Code Root Scanning (ms): Min: 0.0, Avg: 0.0, Max: 0.0, Diff: 0.0, Sum: 0.0]
      [Object Copy (ms): Min: 9.6, Avg: 9.6, Max: 9.7, Diff: 0.1, Sum: 38.5]
      [Termination (ms): Min: 0.0, Avg: 0.1, Max: 0.1, Diff: 0.1, Sum: 0.4]
         [Termination Attempts: Min: 1, Avg: 1.2, Max: 2, Diff: 1, Sum: 5]
      [GC Worker Other (ms): Min: 0.0, Avg: 0.0, Max: 0.0, Diff: 0.0, Sum: 0.1]
      [GC Worker Total (ms): Min: 18.0, Avg: 18.1, Max: 18.1, Diff: 0.1, Sum: 72.4]
      [GC Worker End (ms): Min: 1229248.9, Avg: 1229248.9, Max: 1229249.0, Diff: 0.0]
   [Code Root Fixup: 0.0 ms]
   [Code Root Purge: 0.0 ms]
   [Clear CT: 0.1 ms]
   [Other: 0.8 ms]
      [Choose CSet: 0.0 ms]
      [Ref Proc: 0.3 ms]
      [Ref Enq: 0.0 ms]
      [Redirty Cards: 0.1 ms]
      [Humongous Register: 0.0 ms]
      [Humongous Reclaim: 0.0 ms]
      [Free CSet: 0.1 ms]
   [Eden: 46.0M(46.0M)->0.0B(46.0M) Survivors: 5120.0K->5120.0K Heap: 215.0M(1024.0M)->169.5M(1024.0M)]
 [Times: user=0.07 sys=0.00, real=0.02 secs] 
2018-12-01T22:16:31.302+0800: 1253.769: [GC pause (G1 Evacuation Pause) (young), 0.0221034 secs]
   [Parallel Time: 21.1 ms, GC Workers: 4]
      [GC Worker Start (ms): Min: 1253768.8, Avg: 1253768.8, Max: 1253768.8, Diff: 0.1]
      [Ext Root Scanning (ms): Min: 1.0, Avg: 1.0, Max: 1.0, Diff: 0.0, Sum: 4.1]
      [Update RS (ms): Min: 1.6, Avg: 2.3, Max: 2.7, Diff: 1.1, Sum: 9.1]
         [Processed Buffers: Min: 5, Avg: 8.2, Max: 16, Diff: 11, Sum: 33]
      [Scan RS (ms): Min: 3.8, Avg: 4.2, Max: 4.8, Diff: 1.1, Sum: 16.8]
      [Code Root Scanning (ms): Min: 0.0, Avg: 0.0, Max: 0.0, Diff: 0.0, Sum: 0.0]
      [Object Copy (ms): Min: 13.0, Avg: 13.1, Max: 13.2, Diff: 0.2, Sum: 52.5]
      [Termination (ms): Min: 0.0, Avg: 0.1, Max: 0.3, Diff: 0.3, Sum: 0.6]
         [Termination Attempts: Min: 1, Avg: 1.0, Max: 1, Diff: 0, Sum: 4]
      [GC Worker Other (ms): Min: 0.0, Avg: 0.0, Max: 0.0, Diff: 0.0, Sum: 0.1]
      [GC Worker Total (ms): Min: 20.7, Avg: 20.8, Max: 21.0, Diff: 0.2, Sum: 83.2]
      [GC Worker End (ms): Min: 1253789.5, Avg: 1253789.6, Max: 1253789.8, Diff: 0.2]
   [Code Root Fixup: 0.0 ms]
   [Code Root Purge: 0.0 ms]
   [Clear CT: 0.1 ms]
   [Other: 0.9 ms]
      [Choose CSet: 0.0 ms]
      [Ref Proc: 0.4 ms]
      [Ref Enq: 0.0 ms]
      [Redirty Cards: 0.1 ms]
      [Humongous Register: 0.0 ms]
      [Humongous Reclaim: 0.0 ms]
      [Free CSet: 0.0 ms]
   [Eden: 46.0M(46.0M)->0.0B(46.0M) Survivors: 5120.0K->5120.0K Heap: 215.5M(1024.0M)->170.1M(1024.0M)]
 [Times: user=0.06 sys=0.00, real=0.02 secs] 
2018-12-01T22:16:56.161+0800: 1278.627: [GC pause (G1 Evacuation Pause) (young), 0.0219086 secs]
   [Parallel Time: 21.1 ms, GC Workers: 4]
      [GC Worker Start (ms): Min: 1278627.1, Avg: 1278627.1, Max: 1278627.1, Diff: 0.1]
      [Ext Root Scanning (ms): Min: 0.9, Avg: 0.9, Max: 1.0, Diff: 0.1, Sum: 3.7]
      [Update RS (ms): Min: 2.1, Avg: 2.8, Max: 4.0, Diff: 1.9, Sum: 11.0]
         [Processed Buffers: Min: 4, Avg: 9.5, Max: 16, Diff: 12, Sum: 38]
      [Scan RS (ms): Min: 3.7, Avg: 4.8, Max: 5.4, Diff: 1.7, Sum: 19.3]
      [Code Root Scanning (ms): Min: 0.0, Avg: 0.0, Max: 0.0, Diff: 0.0, Sum: 0.0]
      [Object Copy (ms): Min: 12.3, Avg: 12.4, Max: 12.5, Diff: 0.2, Sum: 49.7]
      [Termination (ms): Min: 0.0, Avg: 0.0, Max: 0.0, Diff: 0.0, Sum: 0.0]
         [Termination Attempts: Min: 1, Avg: 1.8, Max: 3, Diff: 2, Sum: 7]
      [GC Worker Other (ms): Min: 0.0, Avg: 0.0, Max: 0.1, Diff: 0.0, Sum: 0.2]
      [GC Worker Total (ms): Min: 21.0, Avg: 21.0, Max: 21.0, Diff: 0.0, Sum: 83.9]
      [GC Worker End (ms): Min: 1278648.1, Avg: 1278648.1, Max: 1278648.1, Diff: 0.0]
   [Code Root Fixup: 0.0 ms]
   [Code Root Purge: 0.0 ms]
   [Clear CT: 0.1 ms]
   [Other: 0.8 ms]
      [Choose CSet: 0.0 ms]
      [Ref Proc: 0.2 ms]
      [Ref Enq: 0.0 ms]
      [Redirty Cards: 0.1 ms]
      [Humongous Register: 0.2 ms]
      [Humongous Reclaim: 0.0 ms]
      [Free CSet: 0.1 ms]
   [Eden: 46.0M(46.0M)->0.0B(44.0M) Survivors: 5120.0K->7168.0K Heap: 216.1M(1024.0M)->172.6M(1024.0M)]
 [Times: user=0.07 sys=0.00, real=0.02 secs] 
2018-12-01T22:17:19.534+0800: 1301.999: [GC pause (G1 Evacuation Pause) (young), 0.0190834 secs]
   [Parallel Time: 18.3 ms, GC Workers: 4]
      [GC Worker Start (ms): Min: 1301999.2, Avg: 1301999.2, Max: 1301999.2, Diff: 0.1]
      [Ext Root Scanning (ms): Min: 0.7, Avg: 0.7, Max: 0.8, Diff: 0.1, Sum: 2.9]
      [Update RS (ms): Min: 1.6, Avg: 1.8, Max: 2.2, Diff: 0.5, Sum: 7.3]
         [Processed Buffers: Min: 5, Avg: 8.5, Max: 12, Diff: 7, Sum: 34]
      [Scan RS (ms): Min: 4.7, Avg: 5.0, Max: 5.2, Diff: 0.5, Sum: 20.1]
      [Code Root Scanning (ms): Min: 0.0, Avg: 0.0, Max: 0.0, Diff: 0.0, Sum: 0.0]
      [Object Copy (ms): Min: 10.6, Avg: 10.6, Max: 10.7, Diff: 0.1, Sum: 42.5]
      [Termination (ms): Min: 0.0, Avg: 0.0, Max: 0.0, Diff: 0.0, Sum: 0.0]
         [Termination Attempts: Min: 1, Avg: 1.0, Max: 1, Diff: 0, Sum: 4]
      [GC Worker Other (ms): Min: 0.0, Avg: 0.0, Max: 0.1, Diff: 0.0, Sum: 0.2]
      [GC Worker Total (ms): Min: 18.2, Avg: 18.2, Max: 18.3, Diff: 0.0, Sum: 73.0]
      [GC Worker End (ms): Min: 1302017.4, Avg: 1302017.4, Max: 1302017.4, Diff: 0.0]
   [Code Root Fixup: 0.0 ms]
   [Code Root Purge: 0.0 ms]
   [Clear CT: 0.1 ms]
   [Other: 0.6 ms]
      [Choose CSet: 0.0 ms]
      [Ref Proc: 0.2 ms]
      [Ref Enq: 0.0 ms]
      [Redirty Cards: 0.1 ms]
      [Humongous Register: 0.0 ms]
      [Humongous Reclaim: 0.0 ms]
      [Free CSet: 0.1 ms]
   [Eden: 44.0M(44.0M)->0.0B(46.0M) Survivors: 7168.0K->5120.0K Heap: 216.6M(1024.0M)->172.1M(1024.0M)]
 [Times: user=0.07 sys=0.00, real=0.02 secs] 
2018-12-01T22:17:44.115+0800: 1326.579: [GC pause (G1 Evacuation Pause) (young), 0.0185754 secs]
   [Parallel Time: 17.9 ms, GC Workers: 4]
      [GC Worker Start (ms): Min: 1326579.1, Avg: 1326579.2, Max: 1326579.3, Diff: 0.1]
      [Ext Root Scanning (ms): Min: 0.6, Avg: 0.7, Max: 0.8, Diff: 0.1, Sum: 2.8]
      [Update RS (ms): Min: 2.0, Avg: 2.6, Max: 3.0, Diff: 1.0, Sum: 10.5]
         [Processed Buffers: Min: 1, Avg: 8.0, Max: 16, Diff: 15, Sum: 32]
      [Scan RS (ms): Min: 5.0, Avg: 5.2, Max: 5.5, Diff: 0.5, Sum: 20.9]
      [Code Root Scanning (ms): Min: 0.0, Avg: 0.0, Max: 0.0, Diff: 0.0, Sum: 0.0]
      [Object Copy (ms): Min: 8.8, Avg: 9.2, Max: 9.9, Diff: 1.1, Sum: 36.7]
      [Termination (ms): Min: 0.0, Avg: 0.0, Max: 0.0, Diff: 0.0, Sum: 0.1]
         [Termination Attempts: Min: 1, Avg: 1.0, Max: 1, Diff: 0, Sum: 4]
      [GC Worker Other (ms): Min: 0.0, Avg: 0.0, Max: 0.0, Diff: 0.0, Sum: 0.1]
      [GC Worker Total (ms): Min: 17.7, Avg: 17.8, Max: 17.8, Diff: 0.1, Sum: 71.1]
      [GC Worker End (ms): Min: 1326597.0, Avg: 1326597.0, Max: 1326597.0, Diff: 0.0]
   [Code Root Fixup: 0.0 ms]
   [Code Root Purge: 0.0 ms]
   [Clear CT: 0.1 ms]
   [Other: 0.6 ms]
      [Choose CSet: 0.0 ms]
      [Ref Proc: 0.2 ms]
      [Ref Enq: 0.0 ms]
      [Redirty Cards: 0.1 ms]
      [Humongous Register: 0.0 ms]
      [Humongous Reclaim: 0.0 ms]
      [Free CSet: 0.0 ms]
   [Eden: 46.0M(46.0M)->0.0B(46.0M) Survivors: 5120.0K->5120.0K Heap: 218.1M(1024.0M)->173.2M(1024.0M)]
 [Times: user=0.07 sys=0.00, real=0.02 secs] 
2018-12-01T22:18:08.776+0800: 1351.239: [GC pause (G1 Evacuation Pause) (young), 0.0170832 secs]
   [Parallel Time: 16.4 ms, GC Workers: 4]
      [GC Worker Start (ms): Min: 1351239.1, Avg: 1351239.2, Max: 1351239.5, Diff: 0.4]
      [Ext Root Scanning (ms): Min: 0.6, Avg: 0.9, Max: 1.1, Diff: 0.5, Sum: 3.6]
      [Update RS (ms): Min: 2.3, Avg: 2.6, Max: 2.8, Diff: 0.6, Sum: 10.3]
         [Processed Buffers: Min: 5, Avg: 7.5, Max: 12, Diff: 7, Sum: 30]
      [Scan RS (ms): Min: 4.3, Avg: 4.6, Max: 5.2, Diff: 0.9, Sum: 18.6]
      [Code Root Scanning (ms): Min: 0.0, Avg: 0.0, Max: 0.0, Diff: 0.0, Sum: 0.0]
      [Object Copy (ms): Min: 7.9, Avg: 8.0, Max: 8.2, Diff: 0.3, Sum: 32.2]
      [Termination (ms): Min: 0.0, Avg: 0.0, Max: 0.0, Diff: 0.0, Sum: 0.0]
         [Termination Attempts: Min: 1, Avg: 1.0, Max: 1, Diff: 0, Sum: 4]
      [GC Worker Other (ms): Min: 0.0, Avg: 0.0, Max: 0.0, Diff: 0.0, Sum: 0.1]
      [GC Worker Total (ms): Min: 16.0, Avg: 16.2, Max: 16.3, Diff: 0.3, Sum: 64.8]
      [GC Worker End (ms): Min: 1351255.4, Avg: 1351255.4, Max: 1351255.4, Diff: 0.0]
   [Code Root Fixup: 0.0 ms]
   [Code Root Purge: 0.0 ms]
   [Clear CT: 0.1 ms]
   [Other: 0.6 ms]
      [Choose CSet: 0.0 ms]
      [Ref Proc: 0.3 ms]
      [Ref Enq: 0.0 ms]
      [Redirty Cards: 0.1 ms]
      [Humongous Register: 0.0 ms]
      [Humongous Reclaim: 0.0 ms]
      [Free CSet: 0.0 ms]
   [Eden: 46.0M(46.0M)->0.0B(46.0M) Survivors: 5120.0K->5120.0K Heap: 219.2M(1024.0M)->173.2M(1024.0M)]
 [Times: user=0.06 sys=0.00, real=0.02 secs] 
2018-12-01T22:18:33.434+0800: 1375.897: [GC pause (G1 Evacuation Pause) (young), 0.0210952 secs]
   [Parallel Time: 20.3 ms, GC Workers: 4]
      [GC Worker Start (ms): Min: 1375897.1, Avg: 1375897.1, Max: 1375897.2, Diff: 0.1]
      [Ext Root Scanning (ms): Min: 0.6, Avg: 0.7, Max: 0.8, Diff: 0.1, Sum: 2.8]
      [Update RS (ms): Min: 1.7, Avg: 1.9, Max: 2.1, Diff: 0.4, Sum: 7.7]
         [Processed Buffers: Min: 5, Avg: 7.8, Max: 10, Diff: 5, Sum: 31]
      [Scan RS (ms): Min: 4.8, Avg: 5.0, Max: 5.3, Diff: 0.5, Sum: 20.1]
      [Code Root Scanning (ms): Min: 0.0, Avg: 0.0, Max: 0.0, Diff: 0.0, Sum: 0.0]
      [Object Copy (ms): Min: 12.5, Avg: 12.5, Max: 12.6, Diff: 0.0, Sum: 50.2]
      [Termination (ms): Min: 0.0, Avg: 0.0, Max: 0.0, Diff: 0.0, Sum: 0.0]
         [Termination Attempts: Min: 1, Avg: 1.0, Max: 1, Diff: 0, Sum: 4]
      [GC Worker Other (ms): Min: 0.0, Avg: 0.0, Max: 0.1, Diff: 0.0, Sum: 0.2]
      [GC Worker Total (ms): Min: 20.2, Avg: 20.2, Max: 20.3, Diff: 0.1, Sum: 80.9]
      [GC Worker End (ms): Min: 1375917.3, Avg: 1375917.4, Max: 1375917.4, Diff: 0.0]
   [Code Root Fixup: 0.0 ms]
   [Code Root Purge: 0.0 ms]
   [Clear CT: 0.1 ms]
   [Other: 0.7 ms]
      [Choose CSet: 0.0 ms]
      [Ref Proc: 0.1 ms]
      [Ref Enq: 0.0 ms]
      [Redirty Cards: 0.1 ms]
      [Humongous Register: 0.1 ms]
      [Humongous Reclaim: 0.0 ms]
      [Free CSet: 0.1 ms]
   [Eden: 46.0M(46.0M)->0.0B(44.0M) Survivors: 5120.0K->7168.0K Heap: 219.2M(1024.0M)->175.9M(1024.0M)]
 [Times: user=0.07 sys=0.00, real=0.02 secs] 
2018-12-01T22:18:57.182+0800: 1399.644: [GC pause (G1 Evacuation Pause) (young), 0.0208288 secs]
   [Parallel Time: 20.2 ms, GC Workers: 4]
      [GC Worker Start (ms): Min: 1399644.3, Avg: 1399644.4, Max: 1399644.4, Diff: 0.1]
      [Ext Root Scanning (ms): Min: 0.6, Avg: 0.7, Max: 0.7, Diff: 0.1, Sum: 2.7]
      [Update RS (ms): Min: 2.1, Avg: 2.4, Max: 3.0, Diff: 0.9, Sum: 9.6]
         [Processed Buffers: Min: 1, Avg: 8.8, Max: 13, Diff: 12, Sum: 35]
      [Scan RS (ms): Min: 5.1, Avg: 5.5, Max: 5.8, Diff: 0.7, Sum: 21.9]
      [Code Root Scanning (ms): Min: 0.0, Avg: 0.0, Max: 0.0, Diff: 0.0, Sum: 0.0]
      [Object Copy (ms): Min: 11.3, Avg: 11.4, Max: 11.5, Diff: 0.2, Sum: 45.5]
      [Termination (ms): Min: 0.0, Avg: 0.1, Max: 0.1, Diff: 0.1, Sum: 0.2]
         [Termination Attempts: Min: 1, Avg: 1.8, Max: 2, Diff: 1, Sum: 7]
      [GC Worker Other (ms): Min: 0.0, Avg: 0.0, Max: 0.0, Diff: 0.0, Sum: 0.1]
      [GC Worker Total (ms): Min: 20.0, Avg: 20.0, Max: 20.0, Diff: 0.1, Sum: 80.1]
      [GC Worker End (ms): Min: 1399664.4, Avg: 1399664.4, Max: 1399664.4, Diff: 0.0]
   [Code Root Fixup: 0.0 ms]
   [Code Root Purge: 0.0 ms]
   [Clear CT: 0.1 ms]
   [Other: 0.6 ms]
      [Choose CSet: 0.0 ms]
      [Ref Proc: 0.1 ms]
      [Ref Enq: 0.0 ms]
      [Redirty Cards: 0.1 ms]
      [Humongous Register: 0.0 ms]
      [Humongous Reclaim: 0.0 ms]
      [Free CSet: 0.1 ms]
   [Eden: 44.0M(44.0M)->0.0B(46.0M) Survivors: 7168.0K->5120.0K Heap: 219.9M(1024.0M)->175.8M(1024.0M)]
 [Times: user=0.08 sys=0.00, real=0.02 secs] 
2018-12-01T22:19:21.743+0800: 1424.204: [GC pause (G1 Evacuation Pause) (young), 0.0204598 secs]
   [Parallel Time: 19.7 ms, GC Workers: 4]
      [GC Worker Start (ms): Min: 1424204.6, Avg: 1424204.6, Max: 1424204.6, Diff: 0.1]
      [Ext Root Scanning (ms): Min: 0.8, Avg: 0.8, Max: 0.9, Diff: 0.1, Sum: 3.3]
      [Update RS (ms): Min: 2.3, Avg: 2.5, Max: 2.6, Diff: 0.2, Sum: 9.8]
         [Processed Buffers: Min: 2, Avg: 8.0, Max: 21, Diff: 19, Sum: 32]
      [Scan RS (ms): Min: 5.6, Avg: 5.6, Max: 5.8, Diff: 0.2, Sum: 22.6]
      [Code Root Scanning (ms): Min: 0.0, Avg: 0.0, Max: 0.0, Diff: 0.0, Sum: 0.0]
      [Object Copy (ms): Min: 10.6, Avg: 10.6, Max: 10.7, Diff: 0.1, Sum: 42.4]
      [Termination (ms): Min: 0.0, Avg: 0.0, Max: 0.0, Diff: 0.0, Sum: 0.1]
         [Termination Attempts: Min: 1, Avg: 1.0, Max: 1, Diff: 0, Sum: 4]
      [GC Worker Other (ms): Min: 0.0, Avg: 0.0, Max: 0.1, Diff: 0.0, Sum: 0.1]
      [GC Worker Total (ms): Min: 19.5, Avg: 19.6, Max: 19.6, Diff: 0.1, Sum: 78.3]
      [GC Worker End (ms): Min: 1424224.2, Avg: 1424224.2, Max: 1424224.2, Diff: 0.0]
   [Code Root Fixup: 0.0 ms]
   [Code Root Purge: 0.0 ms]
   [Clear CT: 0.1 ms]
   [Other: 0.7 ms]
      [Choose CSet: 0.0 ms]
      [Ref Proc: 0.2 ms]
      [Ref Enq: 0.0 ms]
      [Redirty Cards: 0.1 ms]
      [Humongous Register: 0.0 ms]
      [Humongous Reclaim: 0.0 ms]
      [Free CSet: 0.1 ms]
   [Eden: 46.0M(46.0M)->0.0B(49.0M) Survivors: 5120.0K->5120.0K Heap: 221.8M(1024.0M)->176.5M(1024.0M)]
 [Times: user=0.07 sys=0.00, real=0.02 secs] 
2018-12-01T22:19:48.081+0800: 1450.542: [GC pause (G1 Evacuation Pause) (young), 0.0213746 secs]
   [Parallel Time: 20.7 ms, GC Workers: 4]
      [GC Worker Start (ms): Min: 1450541.9, Avg: 1450541.9, Max: 1450541.9, Diff: 0.1]
      [Ext Root Scanning (ms): Min: 0.8, Avg: 0.8, Max: 0.9, Diff: 0.1, Sum: 3.4]
      [Update RS (ms): Min: 2.3, Avg: 2.5, Max: 2.7, Diff: 0.4, Sum: 10.1]
         [Processed Buffers: Min: 3, Avg: 8.2, Max: 19, Diff: 16, Sum: 33]
      [Scan RS (ms): Min: 5.1, Avg: 5.3, Max: 5.4, Diff: 0.3, Sum: 21.1]
      [Code Root Scanning (ms): Min: 0.0, Avg: 0.0, Max: 0.0, Diff: 0.0, Sum: 0.0]
      [Object Copy (ms): Min: 11.7, Avg: 11.8, Max: 12.0, Diff: 0.3, Sum: 47.3]
      [Termination (ms): Min: 0.0, Avg: 0.1, Max: 0.1, Diff: 0.1, Sum: 0.3]
         [Termination Attempts: Min: 1, Avg: 1.2, Max: 2, Diff: 1, Sum: 5]
      [GC Worker Other (ms): Min: 0.0, Avg: 0.0, Max: 0.1, Diff: 0.1, Sum: 0.2]
      [GC Worker Total (ms): Min: 20.6, Avg: 20.6, Max: 20.6, Diff: 0.1, Sum: 82.4]
      [GC Worker End (ms): Min: 1450562.5, Avg: 1450562.5, Max: 1450562.5, Diff: 0.0]
   [Code Root Fixup: 0.0 ms]
   [Code Root Purge: 0.0 ms]
   [Clear CT: 0.1 ms]
   [Other: 0.6 ms]
      [Choose CSet: 0.0 ms]
      [Ref Proc: 0.2 ms]
      [Ref Enq: 0.0 ms]
      [Redirty Cards: 0.1 ms]
      [Humongous Register: 0.0 ms]
      [Humongous Reclaim: 0.0 ms]
      [Free CSet: 0.1 ms]
   [Eden: 49.0M(49.0M)->0.0B(57.0M) Survivors: 5120.0K->6144.0K Heap: 225.5M(1024.0M)->178.0M(1024.0M)]
 [Times: user=0.07 sys=0.01, real=0.02 secs] 
2018-12-01T22:20:15.832+0800: 1478.291: [GC pause (G1 Evacuation Pause) (young), 0.0245833 secs]
   [Parallel Time: 23.5 ms, GC Workers: 4]
      [GC Worker Start (ms): Min: 1478291.3, Avg: 1478291.4, Max: 1478291.5, Diff: 0.2]
      [Ext Root Scanning (ms): Min: 1.0, Avg: 1.1, Max: 1.2, Diff: 0.2, Sum: 4.5]
      [Update RS (ms): Min: 2.7, Avg: 2.9, Max: 3.2, Diff: 0.5, Sum: 11.7]
         [Processed Buffers: Min: 5, Avg: 8.8, Max: 12, Diff: 7, Sum: 35]
      [Scan RS (ms): Min: 5.6, Avg: 5.8, Max: 5.9, Diff: 0.3, Sum: 23.2]
      [Code Root Scanning (ms): Min: 0.0, Avg: 0.0, Max: 0.0, Diff: 0.0, Sum: 0.0]
      [Object Copy (ms): Min: 13.2, Avg: 13.3, Max: 13.4, Diff: 0.2, Sum: 53.3]
      [Termination (ms): Min: 0.0, Avg: 0.1, Max: 0.2, Diff: 0.2, Sum: 0.5]
         [Termination Attempts: Min: 1, Avg: 1.0, Max: 1, Diff: 0, Sum: 4]
      [GC Worker Other (ms): Min: 0.0, Avg: 0.0, Max: 0.0, Diff: 0.0, Sum: 0.1]
      [GC Worker Total (ms): Min: 23.3, Avg: 23.3, Max: 23.4, Diff: 0.1, Sum: 93.3]
      [GC Worker End (ms): Min: 1478314.7, Avg: 1478314.7, Max: 1478314.8, Diff: 0.1]
   [Code Root Fixup: 0.0 ms]
   [Code Root Purge: 0.0 ms]
   [Clear CT: 0.1 ms]
   [Other: 0.9 ms]
      [Choose CSet: 0.0 ms]
      [Ref Proc: 0.2 ms]
      [Ref Enq: 0.0 ms]
      [Redirty Cards: 0.1 ms]
      [Humongous Register: 0.2 ms]
      [Humongous Reclaim: 0.0 ms]
      [Free CSet: 0.1 ms]
   [Eden: 52.0M(45.0M)->0.0B(45.0M) Survivors: 6144.0K->6144.0K Heap: 230.0M(1024.0M)->178.7M(1024.0M)]
 [Times: user=0.08 sys=0.01, real=0.02 secs] 
2018-12-01T22:20:39.994+0800: 1502.453: [GC pause (G1 Evacuation Pause) (young), 0.0193881 secs]
   [Parallel Time: 18.6 ms, GC Workers: 4]
      [GC Worker Start (ms): Min: 1502452.8, Avg: 1502452.8, Max: 1502452.8, Diff: 0.1]
      [Ext Root Scanning (ms): Min: 0.7, Avg: 0.7, Max: 0.8, Diff: 0.1, Sum: 2.9]
      [Update RS (ms): Min: 2.2, Avg: 2.3, Max: 2.4, Diff: 0.2, Sum: 9.1]
         [Processed Buffers: Min: 4, Avg: 8.5, Max: 17, Diff: 13, Sum: 34]
      [Scan RS (ms): Min: 5.3, Avg: 5.4, Max: 5.5, Diff: 0.3, Sum: 21.6]
      [Code Root Scanning (ms): Min: 0.0, Avg: 0.0, Max: 0.0, Diff: 0.0, Sum: 0.0]
      [Object Copy (ms): Min: 10.0, Avg: 10.0, Max: 10.1, Diff: 0.1, Sum: 40.1]
      [Termination (ms): Min: 0.0, Avg: 0.0, Max: 0.0, Diff: 0.0, Sum: 0.0]
         [Termination Attempts: Min: 1, Avg: 1.0, Max: 1, Diff: 0, Sum: 4]
      [GC Worker Other (ms): Min: 0.0, Avg: 0.1, Max: 0.1, Diff: 0.1, Sum: 0.2]
      [GC Worker Total (ms): Min: 18.5, Avg: 18.5, Max: 18.5, Diff: 0.1, Sum: 74.0]
      [GC Worker End (ms): Min: 1502471.3, Avg: 1502471.3, Max: 1502471.3, Diff: 0.0]
   [Code Root Fixup: 0.0 ms]
   [Code Root Purge: 0.0 ms]
   [Clear CT: 0.1 ms]
   [Other: 0.7 ms]
      [Choose CSet: 0.0 ms]
      [Ref Proc: 0.2 ms]
      [Ref Enq: 0.0 ms]
      [Redirty Cards: 0.1 ms]
      [Humongous Register: 0.0 ms]
      [Humongous Reclaim: 0.0 ms]
      [Free CSet: 0.1 ms]
   [Eden: 45.0M(45.0M)->0.0B(46.0M) Survivors: 6144.0K->5120.0K Heap: 223.7M(1024.0M)->178.7M(1024.0M)]
 [Times: user=0.07 sys=0.00, real=0.02 secs] 
2018-12-01T22:21:04.682+0800: 1527.140: [GC pause (G1 Evacuation Pause) (young), 0.0236211 secs]
   [Parallel Time: 22.6 ms, GC Workers: 4]
      [GC Worker Start (ms): Min: 1527140.1, Avg: 1527140.2, Max: 1527140.5, Diff: 0.5]
      [Ext Root Scanning (ms): Min: 0.5, Avg: 0.8, Max: 0.9, Diff: 0.4, Sum: 3.1]
      [Update RS (ms): Min: 2.2, Avg: 2.4, Max: 2.6, Diff: 0.4, Sum: 9.7]
         [Processed Buffers: Min: 6, Avg: 10.0, Max: 19, Diff: 13, Sum: 40]
      [Scan RS (ms): Min: 5.3, Avg: 5.4, Max: 5.6, Diff: 0.3, Sum: 21.6]
      [Code Root Scanning (ms): Min: 0.0, Avg: 0.0, Max: 0.0, Diff: 0.0, Sum: 0.0]
      [Object Copy (ms): Min: 13.6, Avg: 13.6, Max: 13.7, Diff: 0.1, Sum: 54.4]
      [Termination (ms): Min: 0.0, Avg: 0.1, Max: 0.1, Diff: 0.1, Sum: 0.4]
         [Termination Attempts: Min: 1, Avg: 1.0, Max: 1, Diff: 0, Sum: 4]
      [GC Worker Other (ms): Min: 0.0, Avg: 0.0, Max: 0.0, Diff: 0.0, Sum: 0.1]
      [GC Worker Total (ms): Min: 22.0, Avg: 22.3, Max: 22.4, Diff: 0.4, Sum: 89.3]
      [GC Worker End (ms): Min: 1527162.5, Avg: 1527162.5, Max: 1527162.6, Diff: 0.0]
   [Code Root Fixup: 0.0 ms]
   [Code Root Purge: 0.0 ms]
   [Clear CT: 0.1 ms]
   [Other: 0.9 ms]
      [Choose CSet: 0.0 ms]
      [Ref Proc: 0.3 ms]
      [Ref Enq: 0.0 ms]
      [Redirty Cards: 0.1 ms]
      [Humongous Register: 0.0 ms]
      [Humongous Reclaim: 0.1 ms]
      [Free CSet: 0.1 ms]
   [Eden: 46.0M(46.0M)->0.0B(46.0M) Survivors: 5120.0K->5120.0K Heap: 224.7M(1024.0M)->180.2M(1024.0M)]
 [Times: user=0.07 sys=0.00, real=0.02 secs] 
2018-12-01T22:21:29.342+0800: 1551.799: [GC pause (G1 Evacuation Pause) (young), 0.0187632 secs]
   [Parallel Time: 18.1 ms, GC Workers: 4]
      [GC Worker Start (ms): Min: 1551799.2, Avg: 1551799.3, Max: 1551799.6, Diff: 0.4]
      [Ext Root Scanning (ms): Min: 0.6, Avg: 1.0, Max: 1.5, Diff: 0.9, Sum: 3.9]
      [Update RS (ms): Min: 1.8, Avg: 2.3, Max: 2.6, Diff: 0.7, Sum: 9.2]
         [Processed Buffers: Min: 6, Avg: 9.0, Max: 15, Diff: 9, Sum: 36]
      [Scan RS (ms): Min: 5.6, Avg: 5.8, Max: 5.9, Diff: 0.4, Sum: 23.2]
      [Code Root Scanning (ms): Min: 0.0, Avg: 0.0, Max: 0.0, Diff: 0.0, Sum: 0.0]
      [Object Copy (ms): Min: 8.7, Avg: 8.8, Max: 8.9, Diff: 0.2, Sum: 35.0]
      [Termination (ms): Min: 0.0, Avg: 0.0, Max: 0.0, Diff: 0.0, Sum: 0.0]
         [Termination Attempts: Min: 1, Avg: 1.0, Max: 1, Diff: 0, Sum: 4]
      [GC Worker Other (ms): Min: 0.0, Avg: 0.0, Max: 0.0, Diff: 0.0, Sum: 0.1]
      [GC Worker Total (ms): Min: 17.6, Avg: 17.9, Max: 18.0, Diff: 0.4, Sum: 71.4]
      [GC Worker End (ms): Min: 1551817.2, Avg: 1551817.2, Max: 1551817.2, Diff: 0.0]
   [Code Root Fixup: 0.0 ms]
   [Code Root Purge: 0.0 ms]
   [Clear CT: 0.1 ms]
   [Other: 0.6 ms]
      [Choose CSet: 0.0 ms]
      [Ref Proc: 0.1 ms]
      [Ref Enq: 0.0 ms]
      [Redirty Cards: 0.1 ms]
      [Humongous Register: 0.1 ms]
      [Humongous Reclaim: 0.0 ms]
      [Free CSet: 0.0 ms]
   [Eden: 46.0M(46.0M)->0.0B(49.0M) Survivors: 5120.0K->5120.0K Heap: 226.2M(1024.0M)->180.2M(1024.0M)]
 [Times: user=0.07 sys=0.00, real=0.02 secs] 
2018-12-01T22:21:55.810+0800: 1578.267: [GC pause (G1 Evacuation Pause) (young), 0.0197628 secs]
   [Parallel Time: 18.7 ms, GC Workers: 4]
      [GC Worker Start (ms): Min: 1578266.9, Avg: 1578267.0, Max: 1578267.2, Diff: 0.3]
      [Ext Root Scanning (ms): Min: 0.6, Avg: 0.8, Max: 0.9, Diff: 0.3, Sum: 3.3]
      [Update RS (ms): Min: 1.8, Avg: 2.2, Max: 2.7, Diff: 0.9, Sum: 8.9]
         [Processed Buffers: Min: 4, Avg: 9.0, Max: 13, Diff: 9, Sum: 36]
      [Scan RS (ms): Min: 4.6, Avg: 5.1, Max: 5.5, Diff: 0.9, Sum: 20.4]
      [Code Root Scanning (ms): Min: 0.0, Avg: 0.0, Max: 0.0, Diff: 0.0, Sum: 0.0]
      [Object Copy (ms): Min: 10.2, Avg: 10.3, Max: 10.5, Diff: 0.2, Sum: 41.3]
      [Termination (ms): Min: 0.0, Avg: 0.0, Max: 0.0, Diff: 0.0, Sum: 0.0]
         [Termination Attempts: Min: 1, Avg: 1.2, Max: 2, Diff: 1, Sum: 5]
      [GC Worker Other (ms): Min: 0.0, Avg: 0.0, Max: 0.1, Diff: 0.0, Sum: 0.1]
      [GC Worker Total (ms): Min: 18.3, Avg: 18.5, Max: 18.6, Diff: 0.3, Sum: 74.0]
      [GC Worker End (ms): Min: 1578285.5, Avg: 1578285.5, Max: 1578285.5, Diff: 0.0]
   [Code Root Fixup: 0.0 ms]
   [Code Root Purge: 0.0 ms]
   [Clear CT: 0.1 ms]
   [Other: 1.0 ms]
      [Choose CSet: 0.0 ms]
      [Ref Proc: 0.5 ms]
      [Ref Enq: 0.0 ms]
      [Redirty Cards: 0.1 ms]
      [Humongous Register: 0.0 ms]
      [Humongous Reclaim: 0.0 ms]
      [Free CSet: 0.1 ms]
   [Eden: 49.0M(49.0M)->0.0B(64.0M) Survivors: 5120.0K->6144.0K Heap: 229.2M(1024.0M)->181.3M(1024.0M)]
 [Times: user=0.08 sys=0.00, real=0.02 secs] 
2018-12-01T22:22:22.212+0800: 1604.668: [GC pause (G1 Evacuation Pause) (young), 0.0206963 secs]
   [Parallel Time: 19.9 ms, GC Workers: 4]
      [GC Worker Start (ms): Min: 1604667.8, Avg: 1604667.9, Max: 1604667.9, Diff: 0.1]
      [Ext Root Scanning (ms): Min: 0.7, Avg: 0.8, Max: 0.9, Diff: 0.1, Sum: 3.2]
      [Update RS (ms): Min: 1.6, Avg: 1.8, Max: 2.3, Diff: 0.7, Sum: 7.2]
         [Processed Buffers: Min: 3, Avg: 9.0, Max: 12, Diff: 9, Sum: 36]
      [Scan RS (ms): Min: 5.4, Avg: 5.9, Max: 6.0, Diff: 0.6, Sum: 23.4]
      [Code Root Scanning (ms): Min: 0.0, Avg: 0.0, Max: 0.0, Diff: 0.0, Sum: 0.0]
      [Object Copy (ms): Min: 11.3, Avg: 11.3, Max: 11.4, Diff: 0.1, Sum: 45.2]
      [Termination (ms): Min: 0.0, Avg: 0.0, Max: 0.0, Diff: 0.0, Sum: 0.0]
         [Termination Attempts: Min: 1, Avg: 1.0, Max: 1, Diff: 0, Sum: 4]
      [GC Worker Other (ms): Min: 0.0, Avg: 0.0, Max: 0.0, Diff: 0.0, Sum: 0.1]
      [GC Worker Total (ms): Min: 19.7, Avg: 19.8, Max: 19.8, Diff: 0.1, Sum: 79.2]
      [GC Worker End (ms): Min: 1604687.6, Avg: 1604687.7, Max: 1604687.7, Diff: 0.0]
   [Code Root Fixup: 0.0 ms]
   [Code Root Purge: 0.0 ms]
   [Clear CT: 0.1 ms]
   [Other: 0.6 ms]
      [Choose CSet: 0.0 ms]
      [Ref Proc: 0.1 ms]
      [Ref Enq: 0.0 ms]
      [Redirty Cards: 0.1 ms]
      [Humongous Register: 0.0 ms]
      [Humongous Reclaim: 0.0 ms]
      [Free CSet: 0.1 ms]
   [Eden: 50.0M(45.0M)->0.0B(73.0M) Survivors: 6144.0K->6144.0K Heap: 231.3M(1024.0M)->182.8M(1024.0M)]
 [Times: user=0.08 sys=0.00, real=0.02 secs] 
2018-12-01T22:23:01.713+0800: 1644.168: [GC pause (G1 Evacuation Pause) (young), 0.0824893 secs]
   [Parallel Time: 73.7 ms, GC Workers: 4]
      [GC Worker Start (ms): Min: 1644175.7, Avg: 1644175.9, Max: 1644176.2, Diff: 0.5]
      [Ext Root Scanning (ms): Min: 3.8, Avg: 6.0, Max: 11.8, Diff: 8.0, Sum: 23.9]
      [Update RS (ms): Min: 5.1, Avg: 9.5, Max: 11.1, Diff: 5.9, Sum: 38.1]
         [Processed Buffers: Min: 1, Avg: 9.8, Max: 20, Diff: 19, Sum: 39]
      [Scan RS (ms): Min: 13.5, Avg: 14.6, Max: 15.0, Diff: 1.5, Sum: 58.5]
      [Code Root Scanning (ms): Min: 0.0, Avg: 0.0, Max: 0.0, Diff: 0.0, Sum: 0.0]
      [Object Copy (ms): Min: 42.9, Avg: 43.0, Max: 43.2, Diff: 0.3, Sum: 172.1]
      [Termination (ms): Min: 0.0, Avg: 0.1, Max: 0.2, Diff: 0.2, Sum: 0.4]
         [Termination Attempts: Min: 1, Avg: 1.2, Max: 2, Diff: 1, Sum: 5]
      [GC Worker Other (ms): Min: 0.0, Avg: 0.1, Max: 0.4, Diff: 0.4, Sum: 0.5]
      [GC Worker Total (ms): Min: 73.1, Avg: 73.4, Max: 73.6, Diff: 0.5, Sum: 293.6]
      [GC Worker End (ms): Min: 1644249.3, Avg: 1644249.3, Max: 1644249.3, Diff: 0.0]
   [Code Root Fixup: 0.0 ms]
   [Code Root Purge: 0.0 ms]
   [Clear CT: 0.1 ms]
   [Other: 8.6 ms]
      [Choose CSet: 0.0 ms]
      [Ref Proc: 0.3 ms]
      [Ref Enq: 0.0 ms]
      [Redirty Cards: 0.1 ms]
      [Humongous Register: 4.0 ms]
      [Humongous Reclaim: 0.0 ms]
      [Free CSet: 0.3 ms]
   [Eden: 73.0M(73.0M)->0.0B(44.0M) Survivors: 6144.0K->7168.0K Heap: 255.8M(1024.0M)->183.3M(1024.0M)]
 [Times: user=0.08 sys=0.10, real=0.09 secs] 
2018-12-01T22:23:25.273+0800: 1667.727: [GC pause (G1 Evacuation Pause) (young), 0.0675047 secs]
   [Parallel Time: 57.9 ms, GC Workers: 4]
      [GC Worker Start (ms): Min: 1667733.2, Avg: 1667733.4, Max: 1667733.6, Diff: 0.4]
      [Ext Root Scanning (ms): Min: 4.4, Avg: 6.1, Max: 11.0, Diff: 6.6, Sum: 24.5]
      [Update RS (ms): Min: 3.6, Avg: 8.1, Max: 11.7, Diff: 8.1, Sum: 32.4]
         [Processed Buffers: Min: 3, Avg: 8.5, Max: 19, Diff: 16, Sum: 34]
      [Scan RS (ms): Min: 11.8, Avg: 13.9, Max: 15.9, Diff: 4.1, Sum: 55.6]
      [Code Root Scanning (ms): Min: 0.0, Avg: 0.0, Max: 0.0, Diff: 0.0, Sum: 0.1]
      [Object Copy (ms): Min: 29.0, Avg: 29.2, Max: 29.2, Diff: 0.2, Sum: 116.7]
      [Termination (ms): Min: 0.0, Avg: 0.0, Max: 0.0, Diff: 0.0, Sum: 0.0]
         [Termination Attempts: Min: 1, Avg: 1.5, Max: 2, Diff: 1, Sum: 6]
      [GC Worker Other (ms): Min: 0.0, Avg: 0.1, Max: 0.1, Diff: 0.1, Sum: 0.3]
      [GC Worker Total (ms): Min: 57.2, Avg: 57.4, Max: 57.6, Diff: 0.4, Sum: 229.6]
      [GC Worker End (ms): Min: 1667790.8, Avg: 1667790.8, Max: 1667790.8, Diff: 0.0]
   [Code Root Fixup: 0.0 ms]
   [Code Root Purge: 0.0 ms]
   [Clear CT: 0.1 ms]
   [Other: 9.5 ms]
      [Choose CSet: 0.0 ms]
      [Ref Proc: 0.3 ms]
      [Ref Enq: 0.0 ms]
      [Redirty Cards: 0.1 ms]
      [Humongous Register: 4.1 ms]
      [Humongous Reclaim: 0.0 ms]
      [Free CSet: 1.5 ms]
   [Eden: 44.0M(44.0M)->0.0B(46.0M) Survivors: 7168.0K->5120.0K Heap: 227.3M(1024.0M)->183.2M(1024.0M)]
 [Times: user=0.08 sys=0.11, real=0.07 secs] 
2018-12-01T22:23:50.133+0800: 1692.586: [GC pause (G1 Evacuation Pause) (young), 0.0295748 secs]
   [Parallel Time: 28.3 ms, GC Workers: 4]
      [GC Worker Start (ms): Min: 1692586.6, Avg: 1692586.7, Max: 1692586.7, Diff: 0.1]
      [Ext Root Scanning (ms): Min: 1.2, Avg: 1.3, Max: 1.4, Diff: 0.2, Sum: 5.2]
      [Update RS (ms): Min: 2.3, Avg: 2.3, Max: 2.4, Diff: 0.1, Sum: 9.3]
         [Processed Buffers: Min: 5, Avg: 9.0, Max: 13, Diff: 8, Sum: 36]
      [Scan RS (ms): Min: 7.4, Avg: 7.7, Max: 8.5, Diff: 1.1, Sum: 31.0]
      [Code Root Scanning (ms): Min: 0.0, Avg: 0.0, Max: 0.0, Diff: 0.0, Sum: 0.1]
      [Object Copy (ms): Min: 16.0, Avg: 16.8, Max: 17.1, Diff: 1.0, Sum: 67.0]
      [Termination (ms): Min: 0.0, Avg: 0.0, Max: 0.1, Diff: 0.1, Sum: 0.1]
         [Termination Attempts: Min: 1, Avg: 1.5, Max: 2, Diff: 1, Sum: 6]
      [GC Worker Other (ms): Min: 0.0, Avg: 0.0, Max: 0.0, Diff: 0.0, Sum: 0.1]
      [GC Worker Total (ms): Min: 28.1, Avg: 28.2, Max: 28.2, Diff: 0.1, Sum: 112.7]
      [GC Worker End (ms): Min: 1692614.8, Avg: 1692614.8, Max: 1692614.8, Diff: 0.0]
   [Code Root Fixup: 0.0 ms]
   [Code Root Purge: 0.0 ms]
   [Clear CT: 0.1 ms]
   [Other: 1.1 ms]
      [Choose CSet: 0.0 ms]
      [Ref Proc: 0.1 ms]
      [Ref Enq: 0.0 ms]
      [Redirty Cards: 0.1 ms]
      [Humongous Register: 0.2 ms]
      [Humongous Reclaim: 0.0 ms]
      [Free CSet: 0.1 ms]
   [Eden: 46.0M(46.0M)->0.0B(44.0M) Survivors: 5120.0K->7168.0K Heap: 229.2M(1024.0M)->185.2M(1024.0M)]
 [Times: user=0.08 sys=0.03, real=0.03 secs] 
2018-12-01T22:24:13.612+0800: 1716.064: [GC pause (G1 Evacuation Pause) (young), 0.0217690 secs]
   [Parallel Time: 21.0 ms, GC Workers: 4]
      [GC Worker Start (ms): Min: 1716064.1, Avg: 1716064.1, Max: 1716064.2, Diff: 0.1]
      [Ext Root Scanning (ms): Min: 0.8, Avg: 0.8, Max: 0.9, Diff: 0.1, Sum: 3.3]
      [Update RS (ms): Min: 2.3, Avg: 2.5, Max: 2.7, Diff: 0.4, Sum: 10.1]
         [Processed Buffers: Min: 1, Avg: 8.2, Max: 17, Diff: 16, Sum: 33]
      [Scan RS (ms): Min: 4.7, Avg: 4.8, Max: 5.0, Diff: 0.2, Sum: 19.3]
      [Code Root Scanning (ms): Min: 0.0, Avg: 0.0, Max: 0.1, Diff: 0.1, Sum: 0.1]
      [Object Copy (ms): Min: 12.6, Avg: 12.7, Max: 12.8, Diff: 0.2, Sum: 50.8]
      [Termination (ms): Min: 0.0, Avg: 0.0, Max: 0.0, Diff: 0.0, Sum: 0.0]
         [Termination Attempts: Min: 1, Avg: 1.0, Max: 1, Diff: 0, Sum: 4]
      [GC Worker Other (ms): Min: 0.0, Avg: 0.0, Max: 0.0, Diff: 0.0, Sum: 0.1]
      [GC Worker Total (ms): Min: 20.9, Avg: 20.9, Max: 20.9, Diff: 0.1, Sum: 83.6]
      [GC Worker End (ms): Min: 1716085.1, Avg: 1716085.1, Max: 1716085.1, Diff: 0.0]
   [Code Root Fixup: 0.0 ms]
   [Code Root Purge: 0.0 ms]
   [Clear CT: 0.1 ms]
   [Other: 0.7 ms]
      [Choose CSet: 0.0 ms]
      [Ref Proc: 0.2 ms]
      [Ref Enq: 0.0 ms]
      [Redirty Cards: 0.1 ms]
      [Humongous Register: 0.0 ms]
      [Humongous Reclaim: 0.0 ms]
      [Free CSet: 0.1 ms]
   [Eden: 44.0M(44.0M)->0.0B(46.0M) Survivors: 7168.0K->5120.0K Heap: 229.2M(1024.0M)->185.3M(1024.0M)]
 [Times: user=0.07 sys=0.00, real=0.02 secs] 
2018-12-01T22:24:38.298+0800: 1740.749: [GC pause (G1 Evacuation Pause) (young), 0.0196401 secs]
   [Parallel Time: 18.8 ms, GC Workers: 4]
      [GC Worker Start (ms): Min: 1740749.7, Avg: 1740749.8, Max: 1740749.8, Diff: 0.1]
      [Ext Root Scanning (ms): Min: 0.8, Avg: 0.8, Max: 0.9, Diff: 0.1, Sum: 3.3]
      [Update RS (ms): Min: 2.3, Avg: 2.5, Max: 2.8, Diff: 0.5, Sum: 10.1]
         [Processed Buffers: Min: 2, Avg: 8.0, Max: 17, Diff: 15, Sum: 32]
      [Scan RS (ms): Min: 7.0, Avg: 7.2, Max: 7.5, Diff: 0.4, Sum: 28.8]
      [Code Root Scanning (ms): Min: 0.0, Avg: 0.0, Max: 0.1, Diff: 0.1, Sum: 0.1]
      [Object Copy (ms): Min: 7.9, Avg: 8.0, Max: 8.1, Diff: 0.2, Sum: 32.0]
      [Termination (ms): Min: 0.0, Avg: 0.0, Max: 0.0, Diff: 0.0, Sum: 0.0]
         [Termination Attempts: Min: 1, Avg: 1.2, Max: 2, Diff: 1, Sum: 5]
      [GC Worker Other (ms): Min: 0.0, Avg: 0.0, Max: 0.0, Diff: 0.0, Sum: 0.1]
      [GC Worker Total (ms): Min: 18.6, Avg: 18.6, Max: 18.7, Diff: 0.1, Sum: 74.4]
      [GC Worker End (ms): Min: 1740768.4, Avg: 1740768.4, Max: 1740768.4, Diff: 0.0]
   [Code Root Fixup: 0.0 ms]
   [Code Root Purge: 0.0 ms]
   [Clear CT: 0.1 ms]
   [Other: 0.8 ms]
      [Choose CSet: 0.0 ms]
      [Ref Proc: 0.2 ms]
      [Ref Enq: 0.0 ms]
      [Redirty Cards: 0.1 ms]
      [Humongous Register: 0.0 ms]
      [Humongous Reclaim: 0.0 ms]
      [Free CSet: 0.1 ms]
   [Eden: 46.0M(46.0M)->0.0B(46.0M) Survivors: 5120.0K->5120.0K Heap: 231.3M(1024.0M)->185.3M(1024.0M)]
 [Times: user=0.06 sys=0.01, real=0.03 secs] 
2018-12-01T22:25:03.051+0800: 1765.502: [GC pause (G1 Evacuation Pause) (young), 0.0836730 secs]
   [Parallel Time: 74.8 ms, GC Workers: 4]
      [GC Worker Start (ms): Min: 1765509.1, Avg: 1765513.8, Max: 1765518.4, Diff: 9.2]
      [Ext Root Scanning (ms): Min: 6.0, Avg: 12.8, Max: 28.6, Diff: 22.5, Sum: 51.3]
      [Update RS (ms): Min: 0.8, Avg: 11.3, Max: 16.8, Diff: 16.0, Sum: 45.2]
         [Processed Buffers: Min: 1, Avg: 7.0, Max: 16, Diff: 15, Sum: 28]
      [Scan RS (ms): Min: 9.7, Avg: 11.9, Max: 12.9, Diff: 3.2, Sum: 47.6]
      [Code Root Scanning (ms): Min: 0.0, Avg: 0.0, Max: 0.1, Diff: 0.1, Sum: 0.1]
      [Object Copy (ms): Min: 32.0, Avg: 32.3, Max: 32.6, Diff: 0.6, Sum: 129.3]
      [Termination (ms): Min: 0.0, Avg: 0.4, Max: 0.6, Diff: 0.6, Sum: 1.4]
         [Termination Attempts: Min: 1, Avg: 1.2, Max: 2, Diff: 1, Sum: 5]
      [GC Worker Other (ms): Min: 0.0, Avg: 1.2, Max: 4.5, Diff: 4.4, Sum: 4.7]
      [GC Worker Total (ms): Min: 65.5, Avg: 69.9, Max: 74.4, Diff: 8.9, Sum: 279.6]
      [GC Worker End (ms): Min: 1765583.5, Avg: 1765583.7, Max: 1765583.9, Diff: 0.3]
   [Code Root Fixup: 0.0 ms]
   [Code Root Purge: 0.0 ms]
   [Clear CT: 0.1 ms]
   [Other: 8.7 ms]
      [Choose CSet: 0.0 ms]
      [Ref Proc: 0.7 ms]
      [Ref Enq: 0.0 ms]
      [Redirty Cards: 0.1 ms]
      [Humongous Register: 3.8 ms]
      [Humongous Reclaim: 0.0 ms]
      [Free CSet: 0.2 ms]
   [Eden: 46.0M(46.0M)->0.0B(46.0M) Survivors: 5120.0K->5120.0K Heap: 231.3M(1024.0M)->186.4M(1024.0M)]
 [Times: user=0.06 sys=0.08, real=0.08 secs] 
2018-12-01T22:25:27.601+0800: 1790.051: [GC pause (G1 Evacuation Pause) (young), 0.0863154 secs]
   [Parallel Time: 82.0 ms, GC Workers: 4]
      [GC Worker Start (ms): Min: 1790054.6, Avg: 1790055.1, Max: 1790055.4, Diff: 0.8]
      [Ext Root Scanning (ms): Min: 5.6, Avg: 7.7, Max: 13.2, Diff: 7.6, Sum: 30.8]
      [Update RS (ms): Min: 7.3, Avg: 11.8, Max: 14.0, Diff: 6.6, Sum: 47.2]
         [Processed Buffers: Min: 1, Avg: 9.0, Max: 17, Diff: 16, Sum: 36]
      [Scan RS (ms): Min: 15.0, Avg: 15.6, Max: 16.8, Diff: 1.8, Sum: 62.6]
      [Code Root Scanning (ms): Min: 0.0, Avg: 0.0, Max: 0.1, Diff: 0.1, Sum: 0.2]
      [Object Copy (ms): Min: 46.1, Avg: 46.2, Max: 46.3, Diff: 0.2, Sum: 184.7]
      [Termination (ms): Min: 0.0, Avg: 0.0, Max: 0.0, Diff: 0.0, Sum: 0.0]
         [Termination Attempts: Min: 1, Avg: 1.2, Max: 2, Diff: 1, Sum: 5]
      [GC Worker Other (ms): Min: 0.0, Avg: 0.1, Max: 0.1, Diff: 0.0, Sum: 0.2]
      [GC Worker Total (ms): Min: 81.0, Avg: 81.4, Max: 81.8, Diff: 0.8, Sum: 325.6]
      [GC Worker End (ms): Min: 1790136.5, Avg: 1790136.5, Max: 1790136.5, Diff: 0.0]
   [Code Root Fixup: 0.0 ms]
   [Code Root Purge: 0.0 ms]
   [Clear CT: 0.1 ms]
   [Other: 4.2 ms]
      [Choose CSet: 0.0 ms]
      [Ref Proc: 0.2 ms]
      [Ref Enq: 0.0 ms]
      [Redirty Cards: 0.1 ms]
      [Humongous Register: 2.2 ms]
      [Humongous Reclaim: 0.0 ms]
      [Free CSet: 0.3 ms]
   [Eden: 46.0M(46.0M)->0.0B(45.0M) Survivors: 5120.0K->6144.0K Heap: 232.4M(1024.0M)->187.9M(1024.0M)]
 [Times: user=0.08 sys=0.11, real=0.08 secs] 
2018-12-01T22:25:51.730+0800: 1814.180: [GC pause (G1 Evacuation Pause) (young), 0.0181713 secs]
   [Parallel Time: 17.5 ms, GC Workers: 4]
      [GC Worker Start (ms): Min: 1814179.9, Avg: 1814179.9, Max: 1814179.9, Diff: 0.1]
      [Ext Root Scanning (ms): Min: 0.9, Avg: 0.9, Max: 0.9, Diff: 0.1, Sum: 3.6]
      [Update RS (ms): Min: 2.6, Avg: 2.8, Max: 3.1, Diff: 0.5, Sum: 11.1]
         [Processed Buffers: Min: 5, Avg: 8.0, Max: 12, Diff: 7, Sum: 32]
      [Scan RS (ms): Min: 2.5, Avg: 2.8, Max: 2.9, Diff: 0.4, Sum: 11.1]
      [Code Root Scanning (ms): Min: 0.0, Avg: 0.0, Max: 0.0, Diff: 0.0, Sum: 0.1]
      [Object Copy (ms): Min: 10.8, Avg: 10.9, Max: 10.9, Diff: 0.1, Sum: 43.4]
      [Termination (ms): Min: 0.0, Avg: 0.0, Max: 0.0, Diff: 0.0, Sum: 0.0]
         [Termination Attempts: Min: 1, Avg: 1.8, Max: 2, Diff: 1, Sum: 7]
      [GC Worker Other (ms): Min: 0.0, Avg: 0.1, Max: 0.1, Diff: 0.1, Sum: 0.2]
      [GC Worker Total (ms): Min: 17.3, Avg: 17.4, Max: 17.4, Diff: 0.1, Sum: 69.6]
      [GC Worker End (ms): Min: 1814197.3, Avg: 1814197.3, Max: 1814197.3, Diff: 0.0]
   [Code Root Fixup: 0.0 ms]
   [Code Root Purge: 0.0 ms]
   [Clear CT: 0.0 ms]
   [Other: 0.6 ms]
      [Choose CSet: 0.0 ms]
      [Ref Proc: 0.2 ms]
      [Ref Enq: 0.0 ms]
      [Redirty Cards: 0.1 ms]
      [Humongous Register: 0.0 ms]
      [Humongous Reclaim: 0.0 ms]
      [Free CSet: 0.1 ms]
   [Eden: 45.0M(45.0M)->0.0B(46.0M) Survivors: 6144.0K->5120.0K Heap: 232.9M(1024.0M)->187.7M(1024.0M)]
 [Times: user=0.06 sys=0.01, real=0.02 secs] 
2018-12-01T22:26:16.424+0800: 1838.873: [GC pause (G1 Evacuation Pause) (young), 0.0373485 secs]
   [Parallel Time: 32.5 ms, GC Workers: 4]
      [GC Worker Start (ms): Min: 1838877.4, Avg: 1838877.5, Max: 1838877.6, Diff: 0.2]
      [Ext Root Scanning (ms): Min: 4.4, Avg: 5.9, Max: 10.0, Diff: 5.5, Sum: 23.7]
      [Update RS (ms): Min: 0.0, Avg: 3.6, Max: 4.9, Diff: 4.9, Sum: 14.2]
         [Processed Buffers: Min: 0, Avg: 8.2, Max: 24, Diff: 24, Sum: 33]
      [Scan RS (ms): Min: 7.3, Avg: 7.6, Max: 8.0, Diff: 0.6, Sum: 30.5]
      [Code Root Scanning (ms): Min: 0.0, Avg: 0.0, Max: 0.0, Diff: 0.0, Sum: 0.0]
      [Object Copy (ms): Min: 14.9, Avg: 15.0, Max: 15.2, Diff: 0.2, Sum: 60.0]
      [Termination (ms): Min: 0.0, Avg: 0.0, Max: 0.0, Diff: 0.0, Sum: 0.0]
         [Termination Attempts: Min: 1, Avg: 1.0, Max: 1, Diff: 0, Sum: 4]
      [GC Worker Other (ms): Min: 0.0, Avg: 0.1, Max: 0.1, Diff: 0.1, Sum: 0.4]
      [GC Worker Total (ms): Min: 32.1, Avg: 32.2, Max: 32.3, Diff: 0.2, Sum: 128.7]
      [GC Worker End (ms): Min: 1838909.6, Avg: 1838909.7, Max: 1838909.7, Diff: 0.1]
   [Code Root Fixup: 0.0 ms]
   [Code Root Purge: 0.0 ms]
   [Clear CT: 0.1 ms]
   [Other: 4.8 ms]
      [Choose CSet: 0.0 ms]
      [Ref Proc: 0.2 ms]
      [Ref Enq: 0.0 ms]
      [Redirty Cards: 0.1 ms]
      [Humongous Register: 3.6 ms]
      [Humongous Reclaim: 0.0 ms]
      [Free CSet: 0.1 ms]
   [Eden: 46.0M(46.0M)->0.0B(46.0M) Survivors: 5120.0K->5120.0K Heap: 233.7M(1024.0M)->188.7M(1024.0M)]
 [Times: user=0.06 sys=0.06, real=0.04 secs] 
2018-12-01T22:26:41.059+0800: 1863.507: [GC pause (G1 Evacuation Pause) (young), 0.0187756 secs]
   [Parallel Time: 17.3 ms, GC Workers: 4]
      [GC Worker Start (ms): Min: 1863507.1, Avg: 1863507.1, Max: 1863507.1, Diff: 0.1]
      [Ext Root Scanning (ms): Min: 0.7, Avg: 0.7, Max: 0.7, Diff: 0.0, Sum: 2.7]
      [Update RS (ms): Min: 1.4, Avg: 1.5, Max: 1.6, Diff: 0.2, Sum: 5.9]
         [Processed Buffers: Min: 1, Avg: 7.8, Max: 14, Diff: 13, Sum: 31]
      [Scan RS (ms): Min: 2.8, Avg: 2.8, Max: 2.9, Diff: 0.1, Sum: 11.3]
      [Code Root Scanning (ms): Min: 0.0, Avg: 0.0, Max: 0.0, Diff: 0.0, Sum: 0.0]
      [Object Copy (ms): Min: 12.0, Avg: 12.1, Max: 12.1, Diff: 0.1, Sum: 48.3]
      [Termination (ms): Min: 0.0, Avg: 0.1, Max: 0.2, Diff: 0.2, Sum: 0.4]
         [Termination Attempts: Min: 1, Avg: 1.0, Max: 1, Diff: 0, Sum: 4]
      [GC Worker Other (ms): Min: 0.0, Avg: 0.0, Max: 0.0, Diff: 0.0, Sum: 0.1]
      [GC Worker Total (ms): Min: 17.1, Avg: 17.2, Max: 17.3, Diff: 0.1, Sum: 68.8]
      [GC Worker End (ms): Min: 1863524.3, Avg: 1863524.3, Max: 1863524.3, Diff: 0.1]
   [Code Root Fixup: 0.0 ms]
   [Code Root Purge: 0.0 ms]
   [Clear CT: 0.1 ms]
   [Other: 1.3 ms]
      [Choose CSet: 0.0 ms]
      [Ref Proc: 0.5 ms]
      [Ref Enq: 0.0 ms]
      [Redirty Cards: 0.1 ms]
      [Humongous Register: 0.1 ms]
      [Humongous Reclaim: 0.0 ms]
      [Free CSet: 0.3 ms]
   [Eden: 46.0M(46.0M)->0.0B(46.0M) Survivors: 5120.0K->5120.0K Heap: 234.7M(1024.0M)->189.2M(1024.0M)]
 [Times: user=0.05 sys=0.01, real=0.03 secs] 
2018-12-01T22:27:05.829+0800: 1888.277: [GC pause (G1 Evacuation Pause) (young), 0.0471153 secs]
   [Parallel Time: 37.7 ms, GC Workers: 4]
      [GC Worker Start (ms): Min: 1888285.3, Avg: 1888285.5, Max: 1888285.7, Diff: 0.4]
      [Ext Root Scanning (ms): Min: 4.2, Avg: 6.5, Max: 12.1, Diff: 7.8, Sum: 26.1]
      [Update RS (ms): Min: 0.0, Avg: 4.9, Max: 7.2, Diff: 7.2, Sum: 19.5]
         [Processed Buffers: Min: 0, Avg: 8.2, Max: 17, Diff: 17, Sum: 33]
      [Scan RS (ms): Min: 7.1, Avg: 7.5, Max: 7.8, Diff: 0.7, Sum: 29.9]
      [Code Root Scanning (ms): Min: 0.0, Avg: 0.0, Max: 0.0, Diff: 0.0, Sum: 0.0]
      [Object Copy (ms): Min: 18.3, Avg: 18.5, Max: 18.8, Diff: 0.5, Sum: 73.8]
      [Termination (ms): Min: 0.0, Avg: 0.0, Max: 0.0, Diff: 0.0, Sum: 0.1]
         [Termination Attempts: Min: 1, Avg: 1.0, Max: 1, Diff: 0, Sum: 4]
      [GC Worker Other (ms): Min: 0.0, Avg: 0.0, Max: 0.1, Diff: 0.0, Sum: 0.2]
      [GC Worker Total (ms): Min: 37.2, Avg: 37.4, Max: 37.5, Diff: 0.4, Sum: 149.6]
      [GC Worker End (ms): Min: 1888322.8, Avg: 1888322.8, Max: 1888322.9, Diff: 0.0]
   [Code Root Fixup: 0.0 ms]
   [Code Root Purge: 0.0 ms]
   [Clear CT: 0.1 ms]
   [Other: 9.3 ms]
      [Choose CSet: 0.0 ms]
      [Ref Proc: 0.3 ms]
      [Ref Enq: 0.0 ms]
      [Redirty Cards: 0.1 ms]
      [Humongous Register: 8.0 ms]
      [Humongous Reclaim: 0.0 ms]
      [Free CSet: 0.2 ms]
   [Eden: 46.0M(46.0M)->0.0B(46.0M) Survivors: 5120.0K->5120.0K Heap: 235.2M(1024.0M)->189.3M(1024.0M)]
 [Times: user=0.06 sys=0.04, real=0.05 secs] 
2018-12-01T22:27:30.504+0800: 1912.950: [GC pause (G1 Evacuation Pause) (young), 0.0246697 secs]
   [Parallel Time: 23.6 ms, GC Workers: 4]
      [GC Worker Start (ms): Min: 1912950.6, Avg: 1912950.7, Max: 1912950.7, Diff: 0.1]
      [Ext Root Scanning (ms): Min: 1.2, Avg: 1.3, Max: 1.4, Diff: 0.2, Sum: 5.1]
      [Update RS (ms): Min: 2.0, Avg: 2.3, Max: 2.8, Diff: 0.7, Sum: 9.1]
         [Processed Buffers: Min: 4, Avg: 9.0, Max: 16, Diff: 12, Sum: 36]
      [Scan RS (ms): Min: 3.8, Avg: 4.4, Max: 4.7, Diff: 0.9, Sum: 17.5]
      [Code Root Scanning (ms): Min: 0.0, Avg: 0.0, Max: 0.0, Diff: 0.0, Sum: 0.0]
      [Object Copy (ms): Min: 15.3, Avg: 15.4, Max: 15.5, Diff: 0.2, Sum: 61.7]
      [Termination (ms): Min: 0.0, Avg: 0.0, Max: 0.1, Diff: 0.1, Sum: 0.2]
         [Termination Attempts: Min: 1, Avg: 1.5, Max: 2, Diff: 1, Sum: 6]
      [GC Worker Other (ms): Min: 0.0, Avg: 0.0, Max: 0.0, Diff: 0.0, Sum: 0.1]
      [GC Worker Total (ms): Min: 23.3, Avg: 23.4, Max: 23.5, Diff: 0.1, Sum: 93.7]
      [GC Worker End (ms): Min: 1912974.1, Avg: 1912974.1, Max: 1912974.1, Diff: 0.0]
   [Code Root Fixup: 0.0 ms]
   [Code Root Purge: 0.0 ms]
   [Clear CT: 0.1 ms]
   [Other: 1.0 ms]
      [Choose CSet: 0.0 ms]
      [Ref Proc: 0.2 ms]
      [Ref Enq: 0.0 ms]
      [Redirty Cards: 0.1 ms]
      [Humongous Register: 0.2 ms]
      [Humongous Reclaim: 0.0 ms]
      [Free CSet: 0.1 ms]
   [Eden: 46.0M(46.0M)->0.0B(44.0M) Survivors: 5120.0K->7168.0K Heap: 235.3M(1024.0M)->192.2M(1024.0M)]
 [Times: user=0.06 sys=0.01, real=0.03 secs] 
2018-12-01T22:27:54.139+0800: 1936.585: [GC pause (G1 Evacuation Pause) (young), 0.0446577 secs]
   [Parallel Time: 43.4 ms, GC Workers: 4]
      [GC Worker Start (ms): Min: 1936585.1, Avg: 1936585.2, Max: 1936585.3, Diff: 0.2]
      [Ext Root Scanning (ms): Min: 1.7, Avg: 2.3, Max: 3.9, Diff: 2.3, Sum: 9.2]
      [Update RS (ms): Min: 11.7, Avg: 12.9, Max: 15.2, Diff: 3.5, Sum: 51.7]
         [Processed Buffers: Min: 5, Avg: 8.5, Max: 12, Diff: 7, Sum: 34]
      [Scan RS (ms): Min: 4.2, Avg: 4.7, Max: 5.6, Diff: 1.5, Sum: 19.0]
      [Code Root Scanning (ms): Min: 0.0, Avg: 0.0, Max: 0.0, Diff: 0.0, Sum: 0.0]
      [Object Copy (ms): Min: 21.9, Avg: 23.2, Max: 24.3, Diff: 2.4, Sum: 93.0]
      [Termination (ms): Min: 0.0, Avg: 0.0, Max: 0.0, Diff: 0.0, Sum: 0.0]
         [Termination Attempts: Min: 1, Avg: 1.8, Max: 2, Diff: 1, Sum: 7]
      [GC Worker Other (ms): Min: 0.0, Avg: 0.0, Max: 0.1, Diff: 0.1, Sum: 0.2]
      [GC Worker Total (ms): Min: 43.1, Avg: 43.3, Max: 43.3, Diff: 0.2, Sum: 173.1]
      [GC Worker End (ms): Min: 1936628.4, Avg: 1936628.4, Max: 1936628.4, Diff: 0.0]
   [Code Root Fixup: 0.0 ms]
   [Code Root Purge: 0.0 ms]
   [Clear CT: 0.1 ms]
   [Other: 1.1 ms]
      [Choose CSet: 0.0 ms]
      [Ref Proc: 0.2 ms]
      [Ref Enq: 0.0 ms]
      [Redirty Cards: 0.1 ms]
      [Humongous Register: 0.2 ms]
      [Humongous Reclaim: 0.0 ms]
      [Free CSet: 0.1 ms]
   [Eden: 44.0M(44.0M)->0.0B(45.0M) Survivors: 7168.0K->6144.0K Heap: 236.2M(1024.0M)->192.6M(1024.0M)]
 [Times: user=0.06 sys=0.03, real=0.05 secs] 
2018-12-01T22:28:18.160+0800: 1960.605: [GC pause (G1 Evacuation Pause) (young), 0.0351106 secs]
   [Parallel Time: 34.0 ms, GC Workers: 4]
      [GC Worker Start (ms): Min: 1960605.5, Avg: 1960605.5, Max: 1960605.7, Diff: 0.2]
      [Ext Root Scanning (ms): Min: 1.2, Avg: 1.3, Max: 1.3, Diff: 0.2, Sum: 5.1]
      [Update RS (ms): Min: 3.8, Avg: 4.2, Max: 4.9, Diff: 1.1, Sum: 16.8]
         [Processed Buffers: Min: 1, Avg: 8.5, Max: 18, Diff: 17, Sum: 34]
      [Scan RS (ms): Min: 9.3, Avg: 9.7, Max: 9.9, Diff: 0.6, Sum: 38.6]
      [Code Root Scanning (ms): Min: 0.0, Avg: 0.1, Max: 0.4, Diff: 0.4, Sum: 0.4]
      [Object Copy (ms): Min: 17.9, Avg: 18.4, Max: 18.8, Diff: 0.9, Sum: 73.8]
      [Termination (ms): Min: 0.0, Avg: 0.1, Max: 0.2, Diff: 0.2, Sum: 0.5]
         [Termination Attempts: Min: 1, Avg: 1.0, Max: 1, Diff: 0, Sum: 4]
      [GC Worker Other (ms): Min: 0.0, Avg: 0.0, Max: 0.0, Diff: 0.0, Sum: 0.1]
      [GC Worker Total (ms): Min: 33.7, Avg: 33.8, Max: 33.9, Diff: 0.2, Sum: 135.3]
      [GC Worker End (ms): Min: 1960639.3, Avg: 1960639.4, Max: 1960639.4, Diff: 0.1]
   [Code Root Fixup: 0.0 ms]
   [Code Root Purge: 0.0 ms]
   [Clear CT: 0.1 ms]
   [Other: 1.1 ms]
      [Choose CSet: 0.0 ms]
      [Ref Proc: 0.3 ms]
      [Ref Enq: 0.0 ms]
      [Redirty Cards: 0.1 ms]
      [Humongous Register: 0.2 ms]
      [Humongous Reclaim: 0.0 ms]
      [Free CSet: 0.1 ms]
   [Eden: 45.0M(45.0M)->0.0B(46.0M) Survivors: 6144.0K->5120.0K Heap: 237.6M(1024.0M)->192.8M(1024.0M)]
 [Times: user=0.06 sys=0.03, real=0.03 secs] 
2018-12-01T22:28:43.112+0800: 1985.556: [GC pause (G1 Evacuation Pause) (young), 0.0236712 secs]
   [Parallel Time: 22.4 ms, GC Workers: 4]
      [GC Worker Start (ms): Min: 1985556.6, Avg: 1985556.6, Max: 1985556.6, Diff: 0.1]
      [Ext Root Scanning (ms): Min: 1.2, Avg: 1.3, Max: 1.3, Diff: 0.2, Sum: 5.1]
      [Update RS (ms): Min: 3.5, Avg: 4.1, Max: 5.1, Diff: 1.6, Sum: 16.2]
         [Processed Buffers: Min: 4, Avg: 8.2, Max: 14, Diff: 10, Sum: 33]
      [Scan RS (ms): Min: 4.1, Avg: 5.2, Max: 5.9, Diff: 1.7, Sum: 20.8]
      [Code Root Scanning (ms): Min: 0.0, Avg: 0.0, Max: 0.0, Diff: 0.0, Sum: 0.0]
      [Object Copy (ms): Min: 11.6, Avg: 11.7, Max: 11.7, Diff: 0.1, Sum: 46.7]
      [Termination (ms): Min: 0.0, Avg: 0.0, Max: 0.1, Diff: 0.1, Sum: 0.1]
         [Termination Attempts: Min: 1, Avg: 1.0, Max: 1, Diff: 0, Sum: 4]
      [GC Worker Other (ms): Min: 0.0, Avg: 0.0, Max: 0.1, Diff: 0.1, Sum: 0.1]
      [GC Worker Total (ms): Min: 22.2, Avg: 22.3, Max: 22.3, Diff: 0.1, Sum: 89.1]
      [GC Worker End (ms): Min: 1985578.9, Avg: 1985578.9, Max: 1985578.9, Diff: 0.0]
   [Code Root Fixup: 0.0 ms]
   [Code Root Purge: 0.0 ms]
   [Clear CT: 0.1 ms]
   [Other: 1.1 ms]
      [Choose CSet: 0.0 ms]
      [Ref Proc: 0.3 ms]
      [Ref Enq: 0.0 ms]
      [Redirty Cards: 0.1 ms]
      [Humongous Register: 0.2 ms]
      [Humongous Reclaim: 0.0 ms]
      [Free CSet: 0.1 ms]
   [Eden: 46.0M(46.0M)->0.0B(46.0M) Survivors: 5120.0K->5120.0K Heap: 238.8M(1024.0M)->193.3M(1024.0M)]
 [Times: user=0.07 sys=0.01, real=0.02 secs] 
2018-12-01T22:29:07.950+0800: 2010.393: [GC pause (G1 Evacuation Pause) (young), 0.0285441 secs]
   [Parallel Time: 27.6 ms, GC Workers: 4]
      [GC Worker Start (ms): Min: 2010393.3, Avg: 2010393.4, Max: 2010393.6, Diff: 0.3]
      [Ext Root Scanning (ms): Min: 0.4, Avg: 0.6, Max: 0.7, Diff: 0.3, Sum: 2.4]
      [Update RS (ms): Min: 1.7, Avg: 2.0, Max: 2.7, Diff: 1.0, Sum: 8.0]
         [Processed Buffers: Min: 3, Avg: 8.2, Max: 16, Diff: 13, Sum: 33]
      [Scan RS (ms): Min: 2.2, Avg: 2.9, Max: 3.3, Diff: 1.1, Sum: 11.8]
      [Code Root Scanning (ms): Min: 0.0, Avg: 0.0, Max: 0.0, Diff: 0.0, Sum: 0.0]
      [Object Copy (ms): Min: 21.7, Avg: 21.8, Max: 21.8, Diff: 0.1, Sum: 87.1]
      [Termination (ms): Min: 0.0, Avg: 0.1, Max: 0.2, Diff: 0.2, Sum: 0.5]
         [Termination Attempts: Min: 1, Avg: 1.0, Max: 1, Diff: 0, Sum: 4]
      [GC Worker Other (ms): Min: 0.0, Avg: 0.0, Max: 0.0, Diff: 0.0, Sum: 0.1]
      [GC Worker Total (ms): Min: 27.3, Avg: 27.5, Max: 27.6, Diff: 0.3, Sum: 109.9]
      [GC Worker End (ms): Min: 2010420.8, Avg: 2010420.9, Max: 2010420.9, Diff: 0.1]
   [Code Root Fixup: 0.0 ms]
   [Code Root Purge: 0.0 ms]
   [Clear CT: 0.1 ms]
   [Other: 0.8 ms]
      [Choose CSet: 0.0 ms]
      [Ref Proc: 0.3 ms]
      [Ref Enq: 0.0 ms]
      [Redirty Cards: 0.1 ms]
      [Humongous Register: 0.0 ms]
      [Humongous Reclaim: 0.0 ms]
      [Free CSet: 0.1 ms]
   [Eden: 46.0M(46.0M)->0.0B(45.0M) Survivors: 5120.0K->6144.0K Heap: 239.3M(1024.0M)->194.9M(1024.0M)]
 [Times: user=0.06 sys=0.01, real=0.03 secs] 
2018-12-01T22:29:31.934+0800: 2034.368: [GC pause (G1 Evacuation Pause) (young), 0.0212515 secs]
   [Parallel Time: 20.2 ms, GC Workers: 4]
      [GC Worker Start (ms): Min: 2034368.3, Avg: 2034368.4, Max: 2034368.4, Diff: 0.1]
      [Ext Root Scanning (ms): Min: 0.8, Avg: 1.2, Max: 2.2, Diff: 1.3, Sum: 4.9]
      [Update RS (ms): Min: 0.6, Avg: 1.8, Max: 2.7, Diff: 2.1, Sum: 7.1]
         [Processed Buffers: Min: 2, Avg: 8.5, Max: 17, Diff: 15, Sum: 34]
      [Scan RS (ms): Min: 2.8, Avg: 3.4, Max: 3.7, Diff: 1.0, Sum: 13.6]
      [Code Root Scanning (ms): Min: 0.0, Avg: 0.0, Max: 0.0, Diff: 0.0, Sum: 0.0]
      [Object Copy (ms): Min: 13.3, Avg: 13.5, Max: 13.7, Diff: 0.4, Sum: 54.1]
      [Termination (ms): Min: 0.0, Avg: 0.2, Max: 0.3, Diff: 0.3, Sum: 0.7]
         [Termination Attempts: Min: 1, Avg: 3.0, Max: 5, Diff: 4, Sum: 12]
      [GC Worker Other (ms): Min: 0.0, Avg: 0.0, Max: 0.0, Diff: 0.0, Sum: 0.1]
      [GC Worker Total (ms): Min: 20.1, Avg: 20.1, Max: 20.2, Diff: 0.1, Sum: 80.5]
      [GC Worker End (ms): Min: 2034388.5, Avg: 2034388.5, Max: 2034388.5, Diff: 0.0]
   [Code Root Fixup: 0.0 ms]
   [Code Root Purge: 0.0 ms]
   [Clear CT: 0.1 ms]
   [Other: 0.9 ms]
      [Choose CSet: 0.0 ms]
      [Ref Proc: 0.3 ms]
      [Ref Enq: 0.0 ms]
      [Redirty Cards: 0.1 ms]
      [Humongous Register: 0.2 ms]
      [Humongous Reclaim: 0.0 ms]
      [Free CSet: 0.1 ms]
   [Eden: 45.0M(45.0M)->0.0B(46.0M) Survivors: 6144.0K->5120.0K Heap: 239.9M(1024.0M)->195.4M(1024.0M)]
 [Times: user=0.06 sys=0.00, real=0.02 secs] 
2018-12-01T22:29:56.833+0800: 2059.264: [GC pause (G1 Evacuation Pause) (young), 0.0206418 secs]
   [Parallel Time: 19.6 ms, GC Workers: 4]
      [GC Worker Start (ms): Min: 2059264.2, Avg: 2059264.2, Max: 2059264.2, Diff: 0.0]
      [Ext Root Scanning (ms): Min: 0.6, Avg: 0.6, Max: 0.6, Diff: 0.0, Sum: 2.5]
      [Update RS (ms): Min: 2.1, Avg: 2.2, Max: 2.5, Diff: 0.4, Sum: 9.0]
         [Processed Buffers: Min: 1, Avg: 9.5, Max: 26, Diff: 25, Sum: 38]
      [Scan RS (ms): Min: 3.3, Avg: 3.6, Max: 3.8, Diff: 0.5, Sum: 14.5]
      [Code Root Scanning (ms): Min: 0.0, Avg: 0.0, Max: 0.0, Diff: 0.0, Sum: 0.0]
      [Object Copy (ms): Min: 12.9, Avg: 12.9, Max: 13.0, Diff: 0.2, Sum: 51.7]
      [Termination (ms): Min: 0.0, Avg: 0.1, Max: 0.1, Diff: 0.1, Sum: 0.2]
         [Termination Attempts: Min: 1, Avg: 1.0, Max: 1, Diff: 0, Sum: 4]
      [GC Worker Other (ms): Min: 0.0, Avg: 0.0, Max: 0.0, Diff: 0.0, Sum: 0.1]
      [GC Worker Total (ms): Min: 19.5, Avg: 19.5, Max: 19.5, Diff: 0.0, Sum: 77.9]
      [GC Worker End (ms): Min: 2059283.7, Avg: 2059283.7, Max: 2059283.7, Diff: 0.0]
   [Code Root Fixup: 0.0 ms]
   [Code Root Purge: 0.0 ms]
   [Clear CT: 0.1 ms]
   [Other: 0.9 ms]
      [Choose CSet: 0.0 ms]
      [Ref Proc: 0.3 ms]
      [Ref Enq: 0.0 ms]
      [Redirty Cards: 0.2 ms]
      [Humongous Register: 0.0 ms]
      [Humongous Reclaim: 0.0 ms]
      [Free CSet: 0.1 ms]
   [Eden: 46.0M(46.0M)->0.0B(45.0M) Survivors: 5120.0K->6144.0K Heap: 241.4M(1024.0M)->196.4M(1024.0M)]
 [Times: user=0.05 sys=0.01, real=0.02 secs] 
2018-12-01T22:30:20.902+0800: 2083.332: [GC pause (G1 Evacuation Pause) (young), 0.0201735 secs]
   [Parallel Time: 19.1 ms, GC Workers: 4]
      [GC Worker Start (ms): Min: 2083332.5, Avg: 2083332.5, Max: 2083332.5, Diff: 0.1]
      [Ext Root Scanning (ms): Min: 1.1, Avg: 1.2, Max: 1.2, Diff: 0.1, Sum: 4.6]
      [Update RS (ms): Min: 2.4, Avg: 3.2, Max: 5.1, Diff: 2.7, Sum: 12.8]
         [Processed Buffers: Min: 0, Avg: 7.8, Max: 17, Diff: 17, Sum: 31]
      [Scan RS (ms): Min: 3.4, Avg: 5.2, Max: 6.0, Diff: 2.6, Sum: 20.9]
      [Code Root Scanning (ms): Min: 0.0, Avg: 0.0, Max: 0.0, Diff: 0.0, Sum: 0.0]
      [Object Copy (ms): Min: 9.3, Avg: 9.4, Max: 9.4, Diff: 0.1, Sum: 37.6]
      [Termination (ms): Min: 0.0, Avg: 0.0, Max: 0.0, Diff: 0.0, Sum: 0.0]
         [Termination Attempts: Min: 1, Avg: 2.2, Max: 4, Diff: 3, Sum: 9]
      [GC Worker Other (ms): Min: 0.0, Avg: 0.0, Max: 0.0, Diff: 0.0, Sum: 0.1]
      [GC Worker Total (ms): Min: 19.0, Avg: 19.0, Max: 19.1, Diff: 0.1, Sum: 76.1]
      [GC Worker End (ms): Min: 2083351.5, Avg: 2083351.5, Max: 2083351.5, Diff: 0.0]
   [Code Root Fixup: 0.0 ms]
   [Code Root Purge: 0.0 ms]
   [Clear CT: 0.1 ms]
   [Other: 0.9 ms]
      [Choose CSet: 0.0 ms]
      [Ref Proc: 0.2 ms]
      [Ref Enq: 0.0 ms]
      [Redirty Cards: 0.1 ms]
      [Humongous Register: 0.2 ms]
      [Humongous Reclaim: 0.0 ms]
      [Free CSet: 0.1 ms]
   [Eden: 45.0M(45.0M)->0.0B(46.0M) Survivors: 6144.0K->5120.0K Heap: 241.4M(1024.0M)->196.2M(1024.0M)]
 [Times: user=0.06 sys=0.00, real=0.02 secs] 
2018-12-01T22:30:45.768+0800: 2108.198: [GC pause (G1 Evacuation Pause) (young), 0.0269215 secs]
   [Parallel Time: 25.9 ms, GC Workers: 4]
      [GC Worker Start (ms): Min: 2108198.1, Avg: 2108198.1, Max: 2108198.2, Diff: 0.1]
      [Ext Root Scanning (ms): Min: 0.9, Avg: 1.0, Max: 1.0, Diff: 0.1, Sum: 3.9]
      [Update RS (ms): Min: 3.4, Avg: 4.0, Max: 4.3, Diff: 0.9, Sum: 16.2]
         [Processed Buffers: Min: 4, Avg: 8.0, Max: 15, Diff: 11, Sum: 32]
      [Scan RS (ms): Min: 7.9, Avg: 8.1, Max: 8.4, Diff: 0.4, Sum: 32.3]
      [Code Root Scanning (ms): Min: 0.0, Avg: 0.0, Max: 0.0, Diff: 0.0, Sum: 0.0]
      [Object Copy (ms): Min: 12.5, Avg: 12.7, Max: 13.0, Diff: 0.5, Sum: 50.7]
      [Termination (ms): Min: 0.0, Avg: 0.0, Max: 0.0, Diff: 0.0, Sum: 0.0]
         [Termination Attempts: Min: 1, Avg: 2.0, Max: 3, Diff: 2, Sum: 8]
      [GC Worker Other (ms): Min: 0.0, Avg: 0.0, Max: 0.0, Diff: 0.0, Sum: 0.2]
      [GC Worker Total (ms): Min: 25.8, Avg: 25.8, Max: 25.8, Diff: 0.1, Sum: 103.3]
      [GC Worker End (ms): Min: 2108223.9, Avg: 2108223.9, Max: 2108224.0, Diff: 0.0]
   [Code Root Fixup: 0.0 ms]
   [Code Root Purge: 0.0 ms]
   [Clear CT: 0.1 ms]
   [Other: 0.9 ms]
      [Choose CSet: 0.0 ms]
      [Ref Proc: 0.2 ms]
      [Ref Enq: 0.0 ms]
      [Redirty Cards: 0.1 ms]
      [Humongous Register: 0.0 ms]
      [Humongous Reclaim: 0.0 ms]
      [Free CSet: 0.1 ms]
   [Eden: 46.0M(46.0M)->0.0B(46.0M) Survivors: 5120.0K->5120.0K Heap: 242.2M(1024.0M)->196.2M(1024.0M)]
 [Times: user=0.06 sys=0.03, real=0.03 secs] 
2018-12-01T22:31:10.407+0800: 2132.836: [GC pause (G1 Evacuation Pause) (young), 0.0226766 secs]
   [Parallel Time: 21.7 ms, GC Workers: 4]
      [GC Worker Start (ms): Min: 2132836.3, Avg: 2132836.4, Max: 2132836.4, Diff: 0.1]
      [Ext Root Scanning (ms): Min: 1.2, Avg: 1.3, Max: 1.3, Diff: 0.1, Sum: 5.0]
      [Update RS (ms): Min: 1.9, Avg: 2.3, Max: 2.8, Diff: 0.9, Sum: 9.3]
         [Processed Buffers: Min: 3, Avg: 6.8, Max: 9, Diff: 6, Sum: 27]
      [Scan RS (ms): Min: 4.2, Avg: 4.6, Max: 5.0, Diff: 0.9, Sum: 18.3]
      [Code Root Scanning (ms): Min: 0.0, Avg: 0.0, Max: 0.0, Diff: 0.0, Sum: 0.0]
      [Object Copy (ms): Min: 13.4, Avg: 13.4, Max: 13.5, Diff: 0.1, Sum: 53.7]
      [Termination (ms): Min: 0.0, Avg: 0.0, Max: 0.0, Diff: 0.0, Sum: 0.1]
         [Termination Attempts: Min: 1, Avg: 1.0, Max: 1, Diff: 0, Sum: 4]
      [GC Worker Other (ms): Min: 0.0, Avg: 0.0, Max: 0.0, Diff: 0.0, Sum: 0.1]
      [GC Worker Total (ms): Min: 21.6, Avg: 21.6, Max: 21.7, Diff: 0.1, Sum: 86.5]
      [GC Worker End (ms): Min: 2132858.0, Avg: 2132858.0, Max: 2132858.0, Diff: 0.0]
   [Code Root Fixup: 0.0 ms]
   [Code Root Purge: 0.0 ms]
   [Clear CT: 0.1 ms]
   [Other: 0.8 ms]
      [Choose CSet: 0.0 ms]
      [Ref Proc: 0.2 ms]
      [Ref Enq: 0.0 ms]
      [Redirty Cards: 0.1 ms]
      [Humongous Register: 0.2 ms]
      [Humongous Reclaim: 0.0 ms]
      [Free CSet: 0.1 ms]
   [Eden: 46.0M(46.0M)->0.0B(45.0M) Survivors: 5120.0K->6144.0K Heap: 242.2M(1024.0M)->198.4M(1024.0M)]
 [Times: user=0.08 sys=0.01, real=0.03 secs] 
2018-12-01T22:31:34.308+0800: 2156.736: [GC pause (G1 Evacuation Pause) (young), 0.0200508 secs]
   [Parallel Time: 19.1 ms, GC Workers: 4]
      [GC Worker Start (ms): Min: 2156736.0, Avg: 2156736.1, Max: 2156736.3, Diff: 0.3]
      [Ext Root Scanning (ms): Min: 0.5, Avg: 0.7, Max: 0.8, Diff: 0.3, Sum: 2.9]
      [Update RS (ms): Min: 1.7, Avg: 2.1, Max: 2.8, Diff: 1.1, Sum: 8.4]
         [Processed Buffers: Min: 5, Avg: 8.8, Max: 14, Diff: 9, Sum: 35]
      [Scan RS (ms): Min: 4.4, Avg: 4.9, Max: 5.2, Diff: 0.9, Sum: 19.7]
      [Code Root Scanning (ms): Min: 0.0, Avg: 0.0, Max: 0.0, Diff: 0.0, Sum: 0.0]
      [Object Copy (ms): Min: 11.1, Avg: 11.2, Max: 11.3, Diff: 0.2, Sum: 44.8]
      [Termination (ms): Min: 0.0, Avg: 0.0, Max: 0.0, Diff: 0.0, Sum: 0.0]
         [Termination Attempts: Min: 1, Avg: 1.0, Max: 1, Diff: 0, Sum: 4]
      [GC Worker Other (ms): Min: 0.0, Avg: 0.0, Max: 0.0, Diff: 0.0, Sum: 0.1]
      [GC Worker Total (ms): Min: 18.7, Avg: 19.0, Max: 19.1, Diff: 0.3, Sum: 75.8]
      [GC Worker End (ms): Min: 2156755.0, Avg: 2156755.0, Max: 2156755.0, Diff: 0.0]
   [Code Root Fixup: 0.0 ms]
   [Code Root Purge: 0.0 ms]
   [Clear CT: 0.1 ms]
   [Other: 0.8 ms]
      [Choose CSet: 0.0 ms]
      [Ref Proc: 0.3 ms]
      [Ref Enq: 0.0 ms]
      [Redirty Cards: 0.1 ms]
      [Humongous Register: 0.0 ms]
      [Humongous Reclaim: 0.0 ms]
      [Free CSet: 0.1 ms]
   [Eden: 45.0M(45.0M)->0.0B(46.0M) Survivors: 6144.0K->5120.0K Heap: 243.4M(1024.0M)->199.0M(1024.0M)]
 [Times: user=0.07 sys=0.00, real=0.02 secs] 
2018-12-01T22:31:58.864+0800: 2181.291: [GC pause (G1 Evacuation Pause) (young), 0.0407921 secs]
   [Parallel Time: 39.3 ms, GC Workers: 4]
      [GC Worker Start (ms): Min: 2181291.1, Avg: 2181291.8, Max: 2181293.4, Diff: 2.3]
      [Ext Root Scanning (ms): Min: 3.3, Avg: 14.1, Max: 19.7, Diff: 16.5, Sum: 56.6]
      [Update RS (ms): Min: 0.0, Avg: 2.6, Max: 9.6, Diff: 9.6, Sum: 10.2]
         [Processed Buffers: Min: 0, Avg: 8.8, Max: 27, Diff: 27, Sum: 35]
      [Scan RS (ms): Min: 3.4, Avg: 6.9, Max: 11.8, Diff: 8.4, Sum: 27.7]
      [Code Root Scanning (ms): Min: 0.0, Avg: 0.0, Max: 0.0, Diff: 0.0, Sum: 0.0]
      [Object Copy (ms): Min: 11.5, Avg: 14.1, Max: 15.0, Diff: 3.5, Sum: 56.2]
      [Termination (ms): Min: 0.0, Avg: 0.4, Max: 0.6, Diff: 0.6, Sum: 1.7]
         [Termination Attempts: Min: 1, Avg: 1.8, Max: 2, Diff: 1, Sum: 7]
      [GC Worker Other (ms): Min: 0.0, Avg: 0.0, Max: 0.1, Diff: 0.1, Sum: 0.1]
      [GC Worker Total (ms): Min: 36.2, Avg: 38.2, Max: 39.0, Diff: 2.7, Sum: 152.6]
      [GC Worker End (ms): Min: 2181329.6, Avg: 2181330.0, Max: 2181330.1, Diff: 0.5]
   [Code Root Fixup: 0.0 ms]
   [Code Root Purge: 0.0 ms]
   [Clear CT: 0.2 ms]
   [Other: 1.3 ms]
      [Choose CSet: 0.0 ms]
      [Ref Proc: 0.4 ms]
      [Ref Enq: 0.0 ms]
      [Redirty Cards: 0.4 ms]
      [Humongous Register: 0.1 ms]
      [Humongous Reclaim: 0.0 ms]
      [Free CSet: 0.1 ms]
   [Eden: 46.0M(46.0M)->0.0B(46.0M) Survivors: 5120.0K->5120.0K Heap: 245.0M(1024.0M)->199.5M(1024.0M)]
 [Times: user=0.05 sys=0.01, real=0.04 secs] 
2018-12-01T22:32:23.650+0800: 2206.076: [GC pause (G1 Evacuation Pause) (young), 0.0376787 secs]
   [Parallel Time: 35.5 ms, GC Workers: 4]
      [GC Worker Start (ms): Min: 2206077.7, Avg: 2206077.7, Max: 2206077.8, Diff: 0.1]
      [Ext Root Scanning (ms): Min: 2.1, Avg: 2.5, Max: 3.3, Diff: 1.3, Sum: 10.0]
      [Update RS (ms): Min: 7.3, Avg: 8.0, Max: 8.3, Diff: 1.0, Sum: 32.0]
         [Processed Buffers: Min: 3, Avg: 9.5, Max: 17, Diff: 14, Sum: 38]
      [Scan RS (ms): Min: 5.5, Avg: 5.6, Max: 5.7, Diff: 0.2, Sum: 22.5]
      [Code Root Scanning (ms): Min: 0.0, Avg: 0.0, Max: 0.1, Diff: 0.1, Sum: 0.1]
      [Object Copy (ms): Min: 19.0, Avg: 19.2, Max: 19.4, Diff: 0.4, Sum: 76.9]
      [Termination (ms): Min: 0.0, Avg: 0.0, Max: 0.0, Diff: 0.0, Sum: 0.0]
         [Termination Attempts: Min: 1, Avg: 1.0, Max: 1, Diff: 0, Sum: 4]
      [GC Worker Other (ms): Min: 0.0, Avg: 0.1, Max: 0.1, Diff: 0.1, Sum: 0.2]
      [GC Worker Total (ms): Min: 35.4, Avg: 35.4, Max: 35.5, Diff: 0.1, Sum: 141.7]
      [GC Worker End (ms): Min: 2206113.1, Avg: 2206113.2, Max: 2206113.2, Diff: 0.0]
   [Code Root Fixup: 0.0 ms]
   [Code Root Purge: 0.0 ms]
   [Clear CT: 0.1 ms]
   [Other: 2.0 ms]
      [Choose CSet: 0.0 ms]
      [Ref Proc: 0.2 ms]
      [Ref Enq: 0.0 ms]
      [Redirty Cards: 0.1 ms]
      [Humongous Register: 0.6 ms]
      [Humongous Reclaim: 0.0 ms]
      [Free CSet: 0.2 ms]
   [Eden: 46.0M(46.0M)->0.0B(46.0M) Survivors: 5120.0K->5120.0K Heap: 245.5M(1024.0M)->199.5M(1024.0M)]
 [Times: user=0.06 sys=0.05, real=0.04 secs] 
2018-12-01T22:32:48.367+0800: 2230.792: [GC pause (G1 Evacuation Pause) (young), 0.0228926 secs]
   [Parallel Time: 22.2 ms, GC Workers: 4]
      [GC Worker Start (ms): Min: 2230792.6, Avg: 2230792.6, Max: 2230792.6, Diff: 0.1]
      [Ext Root Scanning (ms): Min: 0.8, Avg: 0.8, Max: 0.9, Diff: 0.1, Sum: 3.3]
      [Update RS (ms): Min: 2.1, Avg: 2.4, Max: 2.7, Diff: 0.7, Sum: 9.5]
         [Processed Buffers: Min: 4, Avg: 8.2, Max: 13, Diff: 9, Sum: 33]
      [Scan RS (ms): Min: 4.1, Avg: 4.5, Max: 4.8, Diff: 0.8, Sum: 18.2]
      [Code Root Scanning (ms): Min: 0.0, Avg: 0.0, Max: 0.0, Diff: 0.0, Sum: 0.0]
      [Object Copy (ms): Min: 14.0, Avg: 14.2, Max: 14.4, Diff: 0.3, Sum: 56.7]
      [Termination (ms): Min: 0.0, Avg: 0.1, Max: 0.1, Diff: 0.1, Sum: 0.3]
         [Termination Attempts: Min: 1, Avg: 1.2, Max: 2, Diff: 1, Sum: 5]
      [GC Worker Other (ms): Min: 0.0, Avg: 0.0, Max: 0.1, Diff: 0.0, Sum: 0.2]
      [GC Worker Total (ms): Min: 22.0, Avg: 22.0, Max: 22.1, Diff: 0.1, Sum: 88.2]
      [GC Worker End (ms): Min: 2230814.6, Avg: 2230814.7, Max: 2230814.7, Diff: 0.0]
   [Code Root Fixup: 0.0 ms]
   [Code Root Purge: 0.0 ms]
   [Clear CT: 0.1 ms]
   [Other: 0.6 ms]
      [Choose CSet: 0.0 ms]
      [Ref Proc: 0.2 ms]
      [Ref Enq: 0.0 ms]
      [Redirty Cards: 0.1 ms]
      [Humongous Register: 0.0 ms]
      [Humongous Reclaim: 0.0 ms]
      [Free CSet: 0.0 ms]
   [Eden: 46.0M(46.0M)->0.0B(46.0M) Survivors: 5120.0K->5120.0K Heap: 245.5M(1024.0M)->200.1M(1024.0M)]
 [Times: user=0.07 sys=0.01, real=0.03 secs] 
2018-12-01T22:33:12.944+0800: 2255.369: [GC pause (G1 Evacuation Pause) (young), 0.0197046 secs]
   [Parallel Time: 19.0 ms, GC Workers: 4]
      [GC Worker Start (ms): Min: 2255368.7, Avg: 2255368.7, Max: 2255368.7, Diff: 0.0]
      [Ext Root Scanning (ms): Min: 0.4, Avg: 0.4, Max: 0.5, Diff: 0.1, Sum: 1.8]
      [Update RS (ms): Min: 1.4, Avg: 1.6, Max: 1.8, Diff: 0.4, Sum: 6.3]
         [Processed Buffers: Min: 5, Avg: 9.0, Max: 13, Diff: 8, Sum: 36]
      [Scan RS (ms): Min: 3.4, Avg: 3.7, Max: 3.9, Diff: 0.5, Sum: 14.9]
      [Code Root Scanning (ms): Min: 0.0, Avg: 0.0, Max: 0.0, Diff: 0.0, Sum: 0.0]
      [Object Copy (ms): Min: 13.0, Avg: 13.1, Max: 13.2, Diff: 0.2, Sum: 52.2]
      [Termination (ms): Min: 0.0, Avg: 0.1, Max: 0.2, Diff: 0.2, Sum: 0.4]
         [Termination Attempts: Min: 1, Avg: 1.0, Max: 1, Diff: 0, Sum: 4]
      [GC Worker Other (ms): Min: 0.0, Avg: 0.0, Max: 0.0, Diff: 0.0, Sum: 0.1]
      [GC Worker Total (ms): Min: 18.9, Avg: 18.9, Max: 19.0, Diff: 0.1, Sum: 75.7]
      [GC Worker End (ms): Min: 2255387.6, Avg: 2255387.6, Max: 2255387.6, Diff: 0.0]
   [Code Root Fixup: 0.0 ms]
   [Code Root Purge: 0.0 ms]
   [Clear CT: 0.1 ms]
   [Other: 0.6 ms]
      [Choose CSet: 0.0 ms]
      [Ref Proc: 0.1 ms]
      [Ref Enq: 0.0 ms]
      [Redirty Cards: 0.1 ms]
      [Humongous Register: 0.0 ms]
      [Humongous Reclaim: 0.0 ms]
      [Free CSet: 0.1 ms]
   [Eden: 46.0M(46.0M)->0.0B(44.0M) Survivors: 5120.0K->7168.0K Heap: 246.1M(1024.0M)->202.4M(1024.0M)]
 [Times: user=0.06 sys=0.00, real=0.02 secs] 
2018-12-01T22:33:36.607+0800: 2279.031: [GC pause (G1 Evacuation Pause) (young), 0.0214551 secs]
   [Parallel Time: 20.4 ms, GC Workers: 4]
      [GC Worker Start (ms): Min: 2279031.7, Avg: 2279032.1, Max: 2279033.0, Diff: 1.3]
      [Ext Root Scanning (ms): Min: 0.0, Avg: 0.7, Max: 1.1, Diff: 1.1, Sum: 2.9]
      [Update RS (ms): Min: 1.2, Avg: 1.3, Max: 1.5, Diff: 0.3, Sum: 5.3]
         [Processed Buffers: Min: 1, Avg: 9.0, Max: 17, Diff: 16, Sum: 36]
      [Scan RS (ms): Min: 2.4, Avg: 2.6, Max: 2.8, Diff: 0.5, Sum: 10.4]
      [Code Root Scanning (ms): Min: 0.0, Avg: 0.0, Max: 0.0, Diff: 0.0, Sum: 0.0]
      [Object Copy (ms): Min: 15.1, Avg: 15.2, Max: 15.2, Diff: 0.2, Sum: 60.6]
      [Termination (ms): Min: 0.0, Avg: 0.1, Max: 0.1, Diff: 0.1, Sum: 0.4]
         [Termination Attempts: Min: 1, Avg: 1.0, Max: 1, Diff: 0, Sum: 4]
      [GC Worker Other (ms): Min: 0.0, Avg: 0.0, Max: 0.0, Diff: 0.0, Sum: 0.1]
      [GC Worker Total (ms): Min: 19.1, Avg: 19.9, Max: 20.4, Diff: 1.3, Sum: 79.7]
      [GC Worker End (ms): Min: 2279052.1, Avg: 2279052.1, Max: 2279052.1, Diff: 0.0]
   [Code Root Fixup: 0.0 ms]
   [Code Root Purge: 0.0 ms]
   [Clear CT: 0.1 ms]
   [Other: 0.9 ms]
      [Choose CSet: 0.0 ms]
      [Ref Proc: 0.3 ms]
      [Ref Enq: 0.0 ms]
      [Redirty Cards: 0.1 ms]
      [Humongous Register: 0.2 ms]
      [Humongous Reclaim: 0.0 ms]
      [Free CSet: 0.1 ms]
   [Eden: 44.0M(44.0M)->0.0B(45.0M) Survivors: 7168.0K->6144.0K Heap: 246.4M(1024.0M)->202.9M(1024.0M)]
 [Times: user=0.06 sys=0.00, real=0.03 secs] 
2018-12-01T22:34:00.776+0800: 2303.199: [GC pause (G1 Evacuation Pause) (young), 0.0283800 secs]
   [Parallel Time: 27.1 ms, GC Workers: 4]
      [GC Worker Start (ms): Min: 2303200.1, Avg: 2303200.2, Max: 2303200.4, Diff: 0.2]
      [Ext Root Scanning (ms): Min: 1.2, Avg: 1.4, Max: 1.5, Diff: 0.2, Sum: 5.5]
      [Update RS (ms): Min: 6.9, Avg: 7.6, Max: 7.9, Diff: 1.0, Sum: 30.5]
         [Processed Buffers: Min: 1, Avg: 9.5, Max: 26, Diff: 25, Sum: 38]
      [Scan RS (ms): Min: 5.6, Avg: 5.8, Max: 6.6, Diff: 1.0, Sum: 23.4]
      [Code Root Scanning (ms): Min: 0.0, Avg: 0.0, Max: 0.0, Diff: 0.0, Sum: 0.0]
      [Object Copy (ms): Min: 12.0, Avg: 12.1, Max: 12.1, Diff: 0.1, Sum: 48.3]
      [Termination (ms): Min: 0.0, Avg: 0.0, Max: 0.0, Diff: 0.0, Sum: 0.0]
         [Termination Attempts: Min: 1, Avg: 1.0, Max: 1, Diff: 0, Sum: 4]
      [GC Worker Other (ms): Min: 0.0, Avg: 0.0, Max: 0.0, Diff: 0.0, Sum: 0.1]
      [GC Worker Total (ms): Min: 26.8, Avg: 27.0, Max: 27.0, Diff: 0.2, Sum: 107.8]
      [GC Worker End (ms): Min: 2303227.2, Avg: 2303227.2, Max: 2303227.2, Diff: 0.0]
   [Code Root Fixup: 0.0 ms]
   [Code Root Purge: 0.0 ms]
   [Clear CT: 0.1 ms]
   [Other: 1.2 ms]
      [Choose CSet: 0.0 ms]
      [Ref Proc: 0.2 ms]
      [Ref Enq: 0.0 ms]
      [Redirty Cards: 0.1 ms]
      [Humongous Register: 0.2 ms]
      [Humongous Reclaim: 0.0 ms]
      [Free CSet: 0.1 ms]
   [Eden: 45.0M(45.0M)->0.0B(46.0M) Survivors: 6144.0K->5120.0K Heap: 247.9M(1024.0M)->203.0M(1024.0M)]
 [Times: user=0.07 sys=0.03, real=0.03 secs] 
2018-12-01T22:34:25.239+0800: 2327.662: [GC pause (G1 Evacuation Pause) (young), 0.0201271 secs]
   [Parallel Time: 19.2 ms, GC Workers: 4]
      [GC Worker Start (ms): Min: 2327661.7, Avg: 2327661.8, Max: 2327662.2, Diff: 0.5]
      [Ext Root Scanning (ms): Min: 0.5, Avg: 0.9, Max: 1.0, Diff: 0.5, Sum: 3.6]
      [Update RS (ms): Min: 2.6, Avg: 2.9, Max: 3.1, Diff: 0.5, Sum: 11.5]
         [Processed Buffers: Min: 1, Avg: 8.8, Max: 15, Diff: 14, Sum: 35]
      [Scan RS (ms): Min: 4.3, Avg: 4.5, Max: 4.7, Diff: 0.4, Sum: 17.9]
      [Code Root Scanning (ms): Min: 0.0, Avg: 0.0, Max: 0.0, Diff: 0.0, Sum: 0.0]
      [Object Copy (ms): Min: 10.5, Avg: 10.6, Max: 10.6, Diff: 0.1, Sum: 42.4]
      [Termination (ms): Min: 0.0, Avg: 0.1, Max: 0.1, Diff: 0.1, Sum: 0.4]
         [Termination Attempts: Min: 1, Avg: 1.5, Max: 2, Diff: 1, Sum: 6]
      [GC Worker Other (ms): Min: 0.0, Avg: 0.0, Max: 0.0, Diff: 0.0, Sum: 0.1]
      [GC Worker Total (ms): Min: 18.6, Avg: 19.0, Max: 19.1, Diff: 0.5, Sum: 75.9]
      [GC Worker End (ms): Min: 2327680.8, Avg: 2327680.8, Max: 2327680.8, Diff: 0.0]
   [Code Root Fixup: 0.0 ms]
   [Code Root Purge: 0.0 ms]
   [Clear CT: 0.1 ms]
   [Other: 0.8 ms]
      [Choose CSet: 0.0 ms]
      [Ref Proc: 0.3 ms]
      [Ref Enq: 0.0 ms]
      [Redirty Cards: 0.2 ms]
      [Humongous Register: 0.0 ms]
      [Humongous Reclaim: 0.0 ms]
      [Free CSet: 0.1 ms]
   [Eden: 46.0M(46.0M)->0.0B(46.0M) Survivors: 5120.0K->5120.0K Heap: 249.0M(1024.0M)->203.0M(1024.0M)]
 [Times: user=0.07 sys=0.02, real=0.03 secs] 
2018-12-01T22:34:49.986+0800: 2352.408: [GC pause (G1 Evacuation Pause) (young), 0.0396168 secs]
   [Parallel Time: 38.2 ms, GC Workers: 4]
      [GC Worker Start (ms): Min: 2352408.8, Avg: 2352408.8, Max: 2352408.8, Diff: 0.1]
      [Ext Root Scanning (ms): Min: 1.6, Avg: 1.7, Max: 1.8, Diff: 0.1, Sum: 6.7]
      [Update RS (ms): Min: 5.2, Avg: 5.5, Max: 6.3, Diff: 1.1, Sum: 21.9]
         [Processed Buffers: Min: 7, Avg: 8.5, Max: 10, Diff: 3, Sum: 34]
      [Scan RS (ms): Min: 7.1, Avg: 8.0, Max: 8.3, Diff: 1.2, Sum: 31.8]
      [Code Root Scanning (ms): Min: 0.0, Avg: 0.0, Max: 0.0, Diff: 0.0, Sum: 0.0]
      [Object Copy (ms): Min: 22.8, Avg: 22.8, Max: 22.9, Diff: 0.1, Sum: 91.3]
      [Termination (ms): Min: 0.0, Avg: 0.0, Max: 0.0, Diff: 0.0, Sum: 0.1]
         [Termination Attempts: Min: 1, Avg: 2.0, Max: 3, Diff: 2, Sum: 8]
      [GC Worker Other (ms): Min: 0.0, Avg: 0.0, Max: 0.0, Diff: 0.0, Sum: 0.2]
      [GC Worker Total (ms): Min: 38.0, Avg: 38.0, Max: 38.0, Diff: 0.1, Sum: 152.0]
      [GC Worker End (ms): Min: 2352446.8, Avg: 2352446.8, Max: 2352446.8, Diff: 0.0]
   [Code Root Fixup: 0.0 ms]
   [Code Root Purge: 0.0 ms]
   [Clear CT: 0.1 ms]
   [Other: 1.3 ms]
      [Choose CSet: 0.0 ms]
      [Ref Proc: 0.2 ms]
      [Ref Enq: 0.0 ms]
      [Redirty Cards: 0.1 ms]
      [Humongous Register: 0.3 ms]
      [Humongous Reclaim: 0.0 ms]
      [Free CSet: 0.1 ms]
   [Eden: 46.0M(46.0M)->0.0B(44.0M) Survivors: 5120.0K->7168.0K Heap: 249.0M(1024.0M)->205.6M(1024.0M)]
 [Times: user=0.07 sys=0.05, real=0.04 secs] 
2018-12-01T22:35:13.555+0800: 2375.976: [GC pause (G1 Evacuation Pause) (young), 0.0233176 secs]
   [Parallel Time: 21.7 ms, GC Workers: 4]
      [GC Worker Start (ms): Min: 2375976.5, Avg: 2375976.5, Max: 2375976.5, Diff: 0.1]
      [Ext Root Scanning (ms): Min: 0.6, Avg: 1.7, Max: 4.9, Diff: 4.3, Sum: 6.8]
      [Update RS (ms): Min: 0.0, Avg: 1.2, Max: 1.7, Diff: 1.7, Sum: 4.8]
         [Processed Buffers: Min: 0, Avg: 8.8, Max: 15, Diff: 15, Sum: 35]
      [Scan RS (ms): Min: 1.8, Avg: 4.4, Max: 7.4, Diff: 5.6, Sum: 17.7]
      [Code Root Scanning (ms): Min: 0.0, Avg: 0.0, Max: 0.0, Diff: 0.0, Sum: 0.0]
      [Object Copy (ms): Min: 11.9, Avg: 14.1, Max: 15.0, Diff: 3.1, Sum: 56.5]
      [Termination (ms): Min: 0.0, Avg: 0.1, Max: 0.2, Diff: 0.2, Sum: 0.6]
         [Termination Attempts: Min: 1, Avg: 1.0, Max: 1, Diff: 0, Sum: 4]
      [GC Worker Other (ms): Min: 0.0, Avg: 0.0, Max: 0.0, Diff: 0.0, Sum: 0.1]
      [GC Worker Total (ms): Min: 21.6, Avg: 21.6, Max: 21.7, Diff: 0.1, Sum: 86.4]
      [GC Worker End (ms): Min: 2375998.0, Avg: 2375998.1, Max: 2375998.1, Diff: 0.1]
   [Code Root Fixup: 0.0 ms]
   [Code Root Purge: 0.0 ms]
   [Clear CT: 0.1 ms]
   [Other: 1.4 ms]
      [Choose CSet: 0.0 ms]
      [Ref Proc: 0.7 ms]
      [Ref Enq: 0.0 ms]
      [Redirty Cards: 0.2 ms]
      [Humongous Register: 0.1 ms]
      [Humongous Reclaim: 0.0 ms]
      [Free CSet: 0.2 ms]
   [Eden: 44.0M(44.0M)->0.0B(46.0M) Survivors: 7168.0K->5120.0K Heap: 249.6M(1024.0M)->205.6M(1024.0M)]
 [Times: user=0.06 sys=0.00, real=0.03 secs] 
2018-12-01T22:35:38.208+0800: 2400.629: [GC pause (G1 Evacuation Pause) (young), 0.0324328 secs]
   [Parallel Time: 27.7 ms, GC Workers: 4]
      [GC Worker Start (ms): Min: 2400632.8, Avg: 2400633.0, Max: 2400633.2, Diff: 0.3]
      [Ext Root Scanning (ms): Min: 5.7, Avg: 6.9, Max: 10.5, Diff: 4.8, Sum: 27.8]
      [Update RS (ms): Min: 0.0, Avg: 2.6, Max: 3.5, Diff: 3.5, Sum: 10.4]
         [Processed Buffers: Min: 0, Avg: 8.5, Max: 16, Diff: 16, Sum: 34]
      [Scan RS (ms): Min: 4.6, Avg: 5.2, Max: 5.6, Diff: 0.9, Sum: 20.9]
      [Code Root Scanning (ms): Min: 0.0, Avg: 0.0, Max: 0.0, Diff: 0.0, Sum: 0.0]
      [Object Copy (ms): Min: 12.4, Avg: 12.5, Max: 12.6, Diff: 0.3, Sum: 50.1]
      [Termination (ms): Min: 0.0, Avg: 0.0, Max: 0.0, Diff: 0.0, Sum: 0.0]
         [Termination Attempts: Min: 1, Avg: 1.2, Max: 2, Diff: 1, Sum: 5]
      [GC Worker Other (ms): Min: 0.0, Avg: 0.1, Max: 0.1, Diff: 0.0, Sum: 0.3]
      [GC Worker Total (ms): Min: 27.2, Avg: 27.4, Max: 27.5, Diff: 0.3, Sum: 109.5]
      [GC Worker End (ms): Min: 2400660.3, Avg: 2400660.4, Max: 2400660.4, Diff: 0.0]
   [Code Root Fixup: 0.0 ms]
   [Code Root Purge: 0.0 ms]
   [Clear CT: 0.1 ms]
   [Other: 4.6 ms]
      [Choose CSet: 0.0 ms]
      [Ref Proc: 0.2 ms]
      [Ref Enq: 0.0 ms]
      [Redirty Cards: 0.1 ms]
      [Humongous Register: 3.4 ms]
      [Humongous Reclaim: 0.0 ms]
      [Free CSet: 0.2 ms]
   [Eden: 46.0M(46.0M)->0.0B(46.0M) Survivors: 5120.0K->5120.0K Heap: 251.6M(1024.0M)->206.2M(1024.0M)]
 [Times: user=0.06 sys=0.05, real=0.04 secs] 
2018-12-01T22:36:02.907+0800: 2425.327: [GC pause (G1 Evacuation Pause) (young), 0.0188045 secs]
   [Parallel Time: 18.0 ms, GC Workers: 4]
      [GC Worker Start (ms): Min: 2425327.2, Avg: 2425327.3, Max: 2425327.4, Diff: 0.1]
      [Ext Root Scanning (ms): Min: 0.9, Avg: 1.0, Max: 1.2, Diff: 0.3, Sum: 4.1]
      [Update RS (ms): Min: 2.7, Avg: 2.7, Max: 2.8, Diff: 0.1, Sum: 10.9]
         [Processed Buffers: Min: 3, Avg: 9.0, Max: 19, Diff: 16, Sum: 36]
      [Scan RS (ms): Min: 4.7, Avg: 4.9, Max: 5.2, Diff: 0.4, Sum: 19.5]
      [Code Root Scanning (ms): Min: 0.0, Avg: 0.0, Max: 0.0, Diff: 0.0, Sum: 0.0]
      [Object Copy (ms): Min: 9.1, Avg: 9.3, Max: 9.4, Diff: 0.3, Sum: 37.2]
      [Termination (ms): Min: 0.0, Avg: 0.0, Max: 0.0, Diff: 0.0, Sum: 0.0]
         [Termination Attempts: Min: 1, Avg: 1.0, Max: 1, Diff: 0, Sum: 4]
      [GC Worker Other (ms): Min: 0.0, Avg: 0.0, Max: 0.0, Diff: 0.0, Sum: 0.1]
      [GC Worker Total (ms): Min: 17.8, Avg: 17.9, Max: 18.0, Diff: 0.1, Sum: 71.7]
      [GC Worker End (ms): Min: 2425345.2, Avg: 2425345.2, Max: 2425345.2, Diff: 0.0]
   [Code Root Fixup: 0.0 ms]
   [Code Root Purge: 0.0 ms]
   [Clear CT: 0.1 ms]
   [Other: 0.7 ms]
      [Choose CSet: 0.0 ms]
      [Ref Proc: 0.2 ms]
      [Ref Enq: 0.0 ms]
      [Redirty Cards: 0.1 ms]
      [Humongous Register: 0.1 ms]
      [Humongous Reclaim: 0.0 ms]
      [Free CSet: 0.1 ms]
   [Eden: 46.0M(46.0M)->0.0B(46.0M) Survivors: 5120.0K->5120.0K Heap: 252.2M(1024.0M)->206.7M(1024.0M)]
 [Times: user=0.06 sys=0.00, real=0.03 secs] 
2018-12-01T22:36:27.477+0800: 2449.896: [GC pause (G1 Evacuation Pause) (young), 0.0255521 secs]
   [Parallel Time: 24.0 ms, GC Workers: 4]
      [GC Worker Start (ms): Min: 2449896.3, Avg: 2449896.4, Max: 2449896.6, Diff: 0.3]
      [Ext Root Scanning (ms): Min: 0.5, Avg: 1.4, Max: 2.9, Diff: 2.3, Sum: 5.6]
      [Update RS (ms): Min: 0.6, Avg: 2.3, Max: 3.0, Diff: 2.3, Sum: 9.0]
         [Processed Buffers: Min: 6, Avg: 8.2, Max: 12, Diff: 6, Sum: 33]
      [Scan RS (ms): Min: 5.5, Avg: 6.7, Max: 8.0, Diff: 2.5, Sum: 26.8]
      [Code Root Scanning (ms): Min: 0.0, Avg: 0.0, Max: 0.0, Diff: 0.0, Sum: 0.0]
      [Object Copy (ms): Min: 12.4, Avg: 13.5, Max: 14.2, Diff: 1.8, Sum: 54.0]
      [Termination (ms): Min: 0.0, Avg: 0.0, Max: 0.0, Diff: 0.0, Sum: 0.0]
         [Termination Attempts: Min: 1, Avg: 1.2, Max: 2, Diff: 1, Sum: 5]
      [GC Worker Other (ms): Min: 0.0, Avg: 0.0, Max: 0.0, Diff: 0.0, Sum: 0.1]
      [GC Worker Total (ms): Min: 23.7, Avg: 23.9, Max: 24.0, Diff: 0.3, Sum: 95.5]
      [GC Worker End (ms): Min: 2449920.3, Avg: 2449920.3, Max: 2449920.3, Diff: 0.0]
   [Code Root Fixup: 0.0 ms]
   [Code Root Purge: 0.0 ms]
   [Clear CT: 0.2 ms]
   [Other: 1.3 ms]
      [Choose CSet: 0.0 ms]
      [Ref Proc: 0.3 ms]
      [Ref Enq: 0.0 ms]
      [Redirty Cards: 0.2 ms]
      [Humongous Register: 0.1 ms]
      [Humongous Reclaim: 0.0 ms]
      [Free CSet: 0.2 ms]
   [Eden: 46.0M(46.0M)->0.0B(46.0M) Survivors: 5120.0K->5120.0K Heap: 252.7M(1024.0M)->206.9M(1024.0M)]
 [Times: user=0.06 sys=0.01, real=0.03 secs] 
2018-12-01T22:36:52.282+0800: 2474.701: [GC pause (G1 Evacuation Pause) (young), 0.0439830 secs]
   [Parallel Time: 42.4 ms, GC Workers: 4]
      [GC Worker Start (ms): Min: 2474700.9, Avg: 2474701.1, Max: 2474701.7, Diff: 0.8]
      [Ext Root Scanning (ms): Min: 0.7, Avg: 1.3, Max: 1.7, Diff: 0.9, Sum: 5.3]
      [Update RS (ms): Min: 5.3, Avg: 6.0, Max: 7.8, Diff: 2.5, Sum: 24.2]
         [Processed Buffers: Min: 6, Avg: 9.0, Max: 12, Diff: 6, Sum: 36]
      [Scan RS (ms): Min: 11.3, Avg: 13.0, Max: 13.8, Diff: 2.5, Sum: 51.9]
      [Code Root Scanning (ms): Min: 0.0, Avg: 0.0, Max: 0.0, Diff: 0.0, Sum: 0.0]
      [Object Copy (ms): Min: 21.5, Avg: 21.6, Max: 21.7, Diff: 0.1, Sum: 86.3]
      [Termination (ms): Min: 0.0, Avg: 0.1, Max: 0.1, Diff: 0.1, Sum: 0.3]
         [Termination Attempts: Min: 1, Avg: 1.0, Max: 1, Diff: 0, Sum: 4]
      [GC Worker Other (ms): Min: 0.0, Avg: 0.0, Max: 0.1, Diff: 0.0, Sum: 0.1]
      [GC Worker Total (ms): Min: 41.5, Avg: 42.1, Max: 42.3, Diff: 0.8, Sum: 168.3]
      [GC Worker End (ms): Min: 2474743.2, Avg: 2474743.2, Max: 2474743.2, Diff: 0.0]
   [Code Root Fixup: 0.0 ms]
   [Code Root Purge: 0.0 ms]
   [Clear CT: 0.1 ms]
   [Other: 1.5 ms]
      [Choose CSet: 0.0 ms]
      [Ref Proc: 0.3 ms]
      [Ref Enq: 0.0 ms]
      [Redirty Cards: 0.1 ms]
      [Humongous Register: 0.0 ms]
      [Humongous Reclaim: 0.0 ms]
      [Free CSet: 0.6 ms]
   [Eden: 46.0M(46.0M)->0.0B(44.0M) Survivors: 5120.0K->7168.0K Heap: 252.9M(1024.0M)->208.9M(1024.0M)]
 [Times: user=0.07 sys=0.03, real=0.04 secs] 
2018-12-01T22:37:15.691+0800: 2498.109: [GC pause (G1 Evacuation Pause) (young), 0.0292841 secs]
   [Parallel Time: 28.3 ms, GC Workers: 4]
      [GC Worker Start (ms): Min: 2498108.8, Avg: 2498108.9, Max: 2498109.0, Diff: 0.2]
      [Ext Root Scanning (ms): Min: 0.5, Avg: 0.7, Max: 1.1, Diff: 0.6, Sum: 2.9]
      [Update RS (ms): Min: 2.3, Avg: 2.8, Max: 3.3, Diff: 1.0, Sum: 11.0]
         [Processed Buffers: Min: 0, Avg: 8.5, Max: 13, Diff: 13, Sum: 34]
      [Scan RS (ms): Min: 4.2, Avg: 5.1, Max: 7.2, Diff: 3.1, Sum: 20.6]
      [Code Root Scanning (ms): Min: 0.0, Avg: 0.0, Max: 0.0, Diff: 0.0, Sum: 0.0]
      [Object Copy (ms): Min: 17.4, Avg: 19.5, Max: 20.4, Diff: 3.0, Sum: 77.9]
      [Termination (ms): Min: 0.0, Avg: 0.0, Max: 0.0, Diff: 0.0, Sum: 0.0]
         [Termination Attempts: Min: 1, Avg: 1.8, Max: 4, Diff: 3, Sum: 7]
      [GC Worker Other (ms): Min: 0.0, Avg: 0.0, Max: 0.1, Diff: 0.0, Sum: 0.2]
      [GC Worker Total (ms): Min: 28.0, Avg: 28.2, Max: 28.2, Diff: 0.2, Sum: 112.6]
      [GC Worker End (ms): Min: 2498137.0, Avg: 2498137.0, Max: 2498137.1, Diff: 0.0]
   [Code Root Fixup: 0.0 ms]
   [Code Root Purge: 0.0 ms]
   [Clear CT: 0.1 ms]
   [Other: 0.9 ms]
      [Choose CSet: 0.0 ms]
      [Ref Proc: 0.2 ms]
      [Ref Enq: 0.0 ms]
      [Redirty Cards: 0.1 ms]
      [Humongous Register: 0.2 ms]
      [Humongous Reclaim: 0.0 ms]
      [Free CSet: 0.1 ms]
   [Eden: 44.0M(44.0M)->0.0B(46.0M) Survivors: 7168.0K->5120.0K Heap: 252.9M(1024.0M)->209.2M(1024.0M)]
 [Times: user=0.06 sys=0.01, real=0.03 secs] 
2018-12-01T22:37:40.459+0800: 2522.876: [GC pause (G1 Evacuation Pause) (young), 0.0194130 secs]
   [Parallel Time: 18.6 ms, GC Workers: 4]
      [GC Worker Start (ms): Min: 2522876.5, Avg: 2522876.6, Max: 2522877.0, Diff: 0.5]
      [Ext Root Scanning (ms): Min: 0.9, Avg: 1.2, Max: 1.4, Diff: 0.5, Sum: 4.9]
      [Update RS (ms): Min: 2.2, Avg: 2.4, Max: 2.5, Diff: 0.3, Sum: 9.5]
         [Processed Buffers: Min: 2, Avg: 8.2, Max: 18, Diff: 16, Sum: 33]
      [Scan RS (ms): Min: 5.4, Avg: 5.6, Max: 5.8, Diff: 0.4, Sum: 22.3]
      [Code Root Scanning (ms): Min: 0.0, Avg: 0.0, Max: 0.0, Diff: 0.0, Sum: 0.0]
      [Object Copy (ms): Min: 9.2, Avg: 9.2, Max: 9.2, Diff: 0.1, Sum: 36.8]
      [Termination (ms): Min: 0.0, Avg: 0.0, Max: 0.0, Diff: 0.0, Sum: 0.0]
         [Termination Attempts: Min: 1, Avg: 1.5, Max: 3, Diff: 2, Sum: 6]
      [GC Worker Other (ms): Min: 0.0, Avg: 0.0, Max: 0.0, Diff: 0.0, Sum: 0.1]
      [GC Worker Total (ms): Min: 18.1, Avg: 18.4, Max: 18.5, Diff: 0.5, Sum: 73.6]
      [GC Worker End (ms): Min: 2522895.0, Avg: 2522895.0, Max: 2522895.0, Diff: 0.0]
   [Code Root Fixup: 0.0 ms]
   [Code Root Purge: 0.0 ms]
   [Clear CT: 0.1 ms]
   [Other: 0.7 ms]
      [Choose CSet: 0.0 ms]
      [Ref Proc: 0.2 ms]
      [Ref Enq: 0.0 ms]
      [Redirty Cards: 0.1 ms]
      [Humongous Register: 0.0 ms]
      [Humongous Reclaim: 0.0 ms]
      [Free CSet: 0.1 ms]
   [Eden: 46.0M(46.0M)->0.0B(46.0M) Survivors: 5120.0K->5120.0K Heap: 255.2M(1024.0M)->209.2M(1024.0M)]
 [Times: user=0.07 sys=0.01, real=0.02 secs] 
2018-12-01T22:38:05.162+0800: 2547.578: [GC pause (G1 Evacuation Pause) (young), 0.0195425 secs]
   [Parallel Time: 18.9 ms, GC Workers: 4]
      [GC Worker Start (ms): Min: 2547578.3, Avg: 2547578.4, Max: 2547578.4, Diff: 0.1]
      [Ext Root Scanning (ms): Min: 0.8, Avg: 0.9, Max: 0.9, Diff: 0.1, Sum: 3.5]
      [Update RS (ms): Min: 1.6, Avg: 2.0, Max: 2.6, Diff: 1.0, Sum: 8.0]
         [Processed Buffers: Min: 5, Avg: 8.8, Max: 12, Diff: 7, Sum: 35]
      [Scan RS (ms): Min: 4.6, Avg: 5.2, Max: 5.6, Diff: 1.0, Sum: 20.8]
      [Code Root Scanning (ms): Min: 0.0, Avg: 0.0, Max: 0.0, Diff: 0.0, Sum: 0.0]
      [Object Copy (ms): Min: 10.6, Avg: 10.7, Max: 10.7, Diff: 0.1, Sum: 42.7]
      [Termination (ms): Min: 0.0, Avg: 0.0, Max: 0.0, Diff: 0.0, Sum: 0.0]
         [Termination Attempts: Min: 1, Avg: 1.0, Max: 1, Diff: 0, Sum: 4]
      [GC Worker Other (ms): Min: 0.0, Avg: 0.0, Max: 0.1, Diff: 0.0, Sum: 0.2]
      [GC Worker Total (ms): Min: 18.7, Avg: 18.8, Max: 18.8, Diff: 0.1, Sum: 75.1]
      [GC Worker End (ms): Min: 2547597.1, Avg: 2547597.1, Max: 2547597.2, Diff: 0.0]
   [Code Root Fixup: 0.0 ms]
   [Code Root Purge: 0.0 ms]
   [Clear CT: 0.1 ms]
   [Other: 0.5 ms]
      [Choose CSet: 0.0 ms]
      [Ref Proc: 0.1 ms]
      [Ref Enq: 0.0 ms]
      [Redirty Cards: 0.1 ms]
      [Humongous Register: 0.0 ms]
      [Humongous Reclaim: 0.0 ms]
      [Free CSet: 0.1 ms]
   [Eden: 46.0M(46.0M)->0.0B(46.0M) Survivors: 5120.0K->5120.0K Heap: 255.2M(1024.0M)->209.9M(1024.0M)]
 [Times: user=0.06 sys=0.00, real=0.02 secs] 
2018-12-01T22:38:29.450+0800: 2571.865: [GC pause (G1 Evacuation Pause) (young), 0.0246420 secs]
   [Parallel Time: 23.9 ms, GC Workers: 4]
      [GC Worker Start (ms): Min: 2571865.7, Avg: 2571866.0, Max: 2571866.3, Diff: 0.6]
      [Ext Root Scanning (ms): Min: 0.5, Avg: 0.8, Max: 1.1, Diff: 0.6, Sum: 3.1]
      [Update RS (ms): Min: 3.6, Avg: 4.4, Max: 6.3, Diff: 2.6, Sum: 17.8]
         [Processed Buffers: Min: 1, Avg: 8.5, Max: 12, Diff: 11, Sum: 34]
      [Scan RS (ms): Min: 2.5, Avg: 4.4, Max: 5.0, Diff: 2.5, Sum: 17.4]
      [Code Root Scanning (ms): Min: 0.0, Avg: 0.0, Max: 0.0, Diff: 0.0, Sum: 0.0]
      [Object Copy (ms): Min: 13.8, Avg: 13.9, Max: 14.1, Diff: 0.3, Sum: 55.7]
      [Termination (ms): Min: 0.0, Avg: 0.0, Max: 0.0, Diff: 0.0, Sum: 0.0]
         [Termination Attempts: Min: 1, Avg: 1.2, Max: 2, Diff: 1, Sum: 5]
      [GC Worker Other (ms): Min: 0.0, Avg: 0.0, Max: 0.0, Diff: 0.0, Sum: 0.1]
      [GC Worker Total (ms): Min: 23.3, Avg: 23.5, Max: 23.8, Diff: 0.6, Sum: 94.2]
      [GC Worker End (ms): Min: 2571889.5, Avg: 2571889.5, Max: 2571889.5, Diff: 0.0]
   [Code Root Fixup: 0.0 ms]
   [Code Root Purge: 0.0 ms]
   [Clear CT: 0.0 ms]
   [Other: 0.6 ms]
      [Choose CSet: 0.0 ms]
      [Ref Proc: 0.1 ms]
      [Ref Enq: 0.0 ms]
      [Redirty Cards: 0.1 ms]
      [Humongous Register: 0.1 ms]
      [Humongous Reclaim: 0.0 ms]
      [Free CSet: 0.1 ms]
   [Eden: 46.0M(46.0M)->0.0B(44.0M) Survivors: 5120.0K->7168.0K Heap: 255.9M(1024.0M)->212.4M(1024.0M)]
 [Times: user=0.08 sys=0.02, real=0.02 secs] 
2018-12-01T22:38:52.982+0800: 2595.396: [GC pause (G1 Evacuation Pause) (young), 0.0205645 secs]
   [Parallel Time: 19.6 ms, GC Workers: 4]
      [GC Worker Start (ms): Min: 2595396.7, Avg: 2595396.9, Max: 2595397.1, Diff: 0.4]
      [Ext Root Scanning (ms): Min: 0.4, Avg: 0.7, Max: 0.9, Diff: 0.4, Sum: 3.0]
      [Update RS (ms): Min: 1.8, Avg: 1.9, Max: 2.2, Diff: 0.3, Sum: 7.8]
         [Processed Buffers: Min: 1, Avg: 8.5, Max: 17, Diff: 16, Sum: 34]
      [Scan RS (ms): Min: 5.4, Avg: 5.5, Max: 5.6, Diff: 0.2, Sum: 22.1]
      [Code Root Scanning (ms): Min: 0.0, Avg: 0.0, Max: 0.0, Diff: 0.0, Sum: 0.0]
      [Object Copy (ms): Min: 11.1, Avg: 11.2, Max: 11.2, Diff: 0.1, Sum: 44.8]
      [Termination (ms): Min: 0.0, Avg: 0.0, Max: 0.0, Diff: 0.0, Sum: 0.0]
         [Termination Attempts: Min: 1, Avg: 1.0, Max: 1, Diff: 0, Sum: 4]
      [GC Worker Other (ms): Min: 0.0, Avg: 0.0, Max: 0.0, Diff: 0.0, Sum: 0.1]
      [GC Worker Total (ms): Min: 19.2, Avg: 19.4, Max: 19.6, Diff: 0.4, Sum: 77.8]
      [GC Worker End (ms): Min: 2595416.3, Avg: 2595416.3, Max: 2595416.3, Diff: 0.0]
   [Code Root Fixup: 0.0 ms]
   [Code Root Purge: 0.0 ms]
   [Clear CT: 0.2 ms]
   [Other: 0.7 ms]
      [Choose CSet: 0.0 ms]
      [Ref Proc: 0.1 ms]
      [Ref Enq: 0.0 ms]
      [Redirty Cards: 0.1 ms]
      [Humongous Register: 0.1 ms]
      [Humongous Reclaim: 0.0 ms]
      [Free CSet: 0.1 ms]
   [Eden: 44.0M(44.0M)->0.0B(46.0M) Survivors: 7168.0K->5120.0K Heap: 256.4M(1024.0M)->211.9M(1024.0M)]
 [Times: user=0.07 sys=0.00, real=0.02 secs] 
2018-12-01T22:39:17.428+0800: 2619.842: [GC pause (G1 Evacuation Pause) (young), 0.0232110 secs]
   [Parallel Time: 22.2 ms, GC Workers: 4]
      [GC Worker Start (ms): Min: 2619842.0, Avg: 2619842.0, Max: 2619842.1, Diff: 0.1]
      [Ext Root Scanning (ms): Min: 0.9, Avg: 1.0, Max: 1.1, Diff: 0.2, Sum: 3.9]
      [Update RS (ms): Min: 4.1, Avg: 4.5, Max: 5.6, Diff: 1.5, Sum: 18.1]
         [Processed Buffers: Min: 1, Avg: 8.2, Max: 25, Diff: 24, Sum: 33]
      [Scan RS (ms): Min: 3.6, Avg: 4.7, Max: 5.1, Diff: 1.5, Sum: 18.8]
      [Code Root Scanning (ms): Min: 0.0, Avg: 0.0, Max: 0.0, Diff: 0.0, Sum: 0.0]
      [Object Copy (ms): Min: 11.8, Avg: 11.9, Max: 12.0, Diff: 0.2, Sum: 47.5]
      [Termination (ms): Min: 0.0, Avg: 0.0, Max: 0.0, Diff: 0.0, Sum: 0.0]
         [Termination Attempts: Min: 1, Avg: 2.8, Max: 5, Diff: 4, Sum: 11]
      [GC Worker Other (ms): Min: 0.0, Avg: 0.0, Max: 0.0, Diff: 0.0, Sum: 0.1]
      [GC Worker Total (ms): Min: 22.1, Avg: 22.1, Max: 22.1, Diff: 0.1, Sum: 88.4]
      [GC Worker End (ms): Min: 2619864.1, Avg: 2619864.2, Max: 2619864.2, Diff: 0.0]
   [Code Root Fixup: 0.0 ms]
   [Code Root Purge: 0.0 ms]
   [Clear CT: 0.1 ms]
   [Other: 0.9 ms]
      [Choose CSet: 0.0 ms]
      [Ref Proc: 0.1 ms]
      [Ref Enq: 0.0 ms]
      [Redirty Cards: 0.1 ms]
      [Humongous Register: 0.2 ms]
      [Humongous Reclaim: 0.0 ms]
      [Free CSet: 0.1 ms]
   [Eden: 46.0M(46.0M)->0.0B(46.0M) Survivors: 5120.0K->5120.0K Heap: 257.9M(1024.0M)->213.0M(1024.0M)]
 [Times: user=0.06 sys=0.01, real=0.03 secs] 
2018-12-01T22:39:42.031+0800: 2644.444: [GC pause (G1 Evacuation Pause) (young), 0.0196330 secs]
   [Parallel Time: 18.3 ms, GC Workers: 4]
      [GC Worker Start (ms): Min: 2644444.5, Avg: 2644444.6, Max: 2644444.6, Diff: 0.1]
      [Ext Root Scanning (ms): Min: 0.9, Avg: 0.9, Max: 1.0, Diff: 0.1, Sum: 3.7]
      [Update RS (ms): Min: 2.1, Avg: 2.4, Max: 2.5, Diff: 0.4, Sum: 9.4]
         [Processed Buffers: Min: 3, Avg: 7.2, Max: 14, Diff: 11, Sum: 29]
      [Scan RS (ms): Min: 4.7, Avg: 5.0, Max: 5.3, Diff: 0.5, Sum: 20.0]
      [Code Root Scanning (ms): Min: 0.0, Avg: 0.0, Max: 0.0, Diff: 0.0, Sum: 0.0]
      [Object Copy (ms): Min: 9.5, Avg: 9.9, Max: 10.0, Diff: 0.5, Sum: 39.4]
      [Termination (ms): Min: 0.0, Avg: 0.0, Max: 0.0, Diff: 0.0, Sum: 0.0]
         [Termination Attempts: Min: 1, Avg: 1.2, Max: 2, Diff: 1, Sum: 5]
      [GC Worker Other (ms): Min: 0.0, Avg: 0.0, Max: 0.1, Diff: 0.0, Sum: 0.2]
      [GC Worker Total (ms): Min: 18.1, Avg: 18.2, Max: 18.2, Diff: 0.1, Sum: 72.7]
      [GC Worker End (ms): Min: 2644462.7, Avg: 2644462.8, Max: 2644462.8, Diff: 0.0]
   [Code Root Fixup: 0.0 ms]
   [Code Root Purge: 0.0 ms]
   [Clear CT: 0.1 ms]
   [Other: 1.2 ms]
      [Choose CSet: 0.0 ms]
      [Ref Proc: 0.2 ms]
      [Ref Enq: 0.0 ms]
      [Redirty Cards: 0.5 ms]
      [Humongous Register: 0.0 ms]
      [Humongous Reclaim: 0.0 ms]
      [Free CSet: 0.1 ms]
   [Eden: 46.0M(46.0M)->0.0B(45.0M) Survivors: 5120.0K->6144.0K Heap: 259.0M(1024.0M)->214.0M(1024.0M)]
 [Times: user=0.06 sys=0.00, real=0.02 secs] 
2018-12-01T22:40:05.977+0800: 2668.390: [GC pause (G1 Evacuation Pause) (young), 0.0576149 secs]
   [Parallel Time: 52.3 ms, GC Workers: 4]
      [GC Worker Start (ms): Min: 2668394.2, Avg: 2668394.3, Max: 2668394.5, Diff: 0.4]
      [Ext Root Scanning (ms): Min: 6.9, Avg: 8.0, Max: 11.3, Diff: 4.4, Sum: 32.1]
      [Update RS (ms): Min: 2.8, Avg: 6.3, Max: 8.0, Diff: 5.2, Sum: 25.0]
         [Processed Buffers: Min: 4, Avg: 8.5, Max: 12, Diff: 8, Sum: 34]
      [Scan RS (ms): Min: 8.4, Avg: 9.1, Max: 9.9, Diff: 1.5, Sum: 36.6]
      [Code Root Scanning (ms): Min: 0.0, Avg: 0.0, Max: 0.0, Diff: 0.0, Sum: 0.0]
      [Object Copy (ms): Min: 28.3, Avg: 28.5, Max: 28.6, Diff: 0.2, Sum: 113.8]
      [Termination (ms): Min: 0.0, Avg: 0.0, Max: 0.0, Diff: 0.0, Sum: 0.0]
         [Termination Attempts: Min: 1, Avg: 1.0, Max: 1, Diff: 0, Sum: 4]
      [GC Worker Other (ms): Min: 0.1, Avg: 0.1, Max: 0.2, Diff: 0.1, Sum: 0.5]
      [GC Worker Total (ms): Min: 51.8, Avg: 52.0, Max: 52.1, Diff: 0.4, Sum: 208.0]
      [GC Worker End (ms): Min: 2668446.3, Avg: 2668446.3, Max: 2668446.3, Diff: 0.0]
   [Code Root Fixup: 0.0 ms]
   [Code Root Purge: 0.0 ms]
   [Clear CT: 0.1 ms]
   [Other: 5.2 ms]
      [Choose CSet: 0.0 ms]
      [Ref Proc: 0.1 ms]
      [Ref Enq: 0.0 ms]
      [Redirty Cards: 0.1 ms]
      [Humongous Register: 3.5 ms]
      [Humongous Reclaim: 0.0 ms]
      [Free CSet: 0.2 ms]
   [Eden: 45.0M(45.0M)->0.0B(45.0M) Survivors: 6144.0K->6144.0K Heap: 259.0M(1024.0M)->214.7M(1024.0M)]
 [Times: user=0.07 sys=0.09, real=0.06 secs] 
2018-12-01T22:40:30.013+0800: 2692.425: [GC pause (G1 Evacuation Pause) (young), 0.0550460 secs]
   [Parallel Time: 49.5 ms, GC Workers: 4]
      [GC Worker Start (ms): Min: 2692429.6, Avg: 2692429.7, Max: 2692429.8, Diff: 0.2]
      [Ext Root Scanning (ms): Min: 5.3, Avg: 7.0, Max: 11.8, Diff: 6.6, Sum: 28.1]
      [Update RS (ms): Min: 1.7, Avg: 5.8, Max: 7.3, Diff: 5.6, Sum: 23.2]
         [Processed Buffers: Min: 0, Avg: 8.5, Max: 14, Diff: 14, Sum: 34]
      [Scan RS (ms): Min: 10.2, Avg: 10.8, Max: 11.4, Diff: 1.2, Sum: 43.4]
      [Code Root Scanning (ms): Min: 0.0, Avg: 0.0, Max: 0.0, Diff: 0.0, Sum: 0.0]
      [Object Copy (ms): Min: 25.2, Avg: 25.5, Max: 25.7, Diff: 0.6, Sum: 102.2]
      [Termination (ms): Min: 0.0, Avg: 0.0, Max: 0.0, Diff: 0.0, Sum: 0.0]
         [Termination Attempts: Min: 1, Avg: 1.2, Max: 2, Diff: 1, Sum: 5]
      [GC Worker Other (ms): Min: 0.0, Avg: 0.0, Max: 0.1, Diff: 0.0, Sum: 0.2]
      [GC Worker Total (ms): Min: 49.1, Avg: 49.3, Max: 49.4, Diff: 0.2, Sum: 197.1]
      [GC Worker End (ms): Min: 2692478.9, Avg: 2692478.9, Max: 2692478.9, Diff: 0.0]
   [Code Root Fixup: 0.0 ms]
   [Code Root Purge: 0.0 ms]
   [Clear CT: 0.1 ms]
   [Other: 5.4 ms]
      [Choose CSet: 0.0 ms]
      [Ref Proc: 0.2 ms]
      [Ref Enq: 0.0 ms]
      [Redirty Cards: 0.1 ms]
      [Humongous Register: 3.4 ms]
      [Humongous Reclaim: 0.0 ms]
      [Free CSet: 0.3 ms]
   [Eden: 45.0M(45.0M)->0.0B(45.0M) Survivors: 6144.0K->6144.0K Heap: 259.7M(1024.0M)->216.2M(1024.0M)]
 [Times: user=0.07 sys=0.07, real=0.05 secs] 
2018-12-01T22:40:54.182+0800: 2716.593: [GC pause (G1 Evacuation Pause) (young), 0.0148672 secs]
   [Parallel Time: 14.2 ms, GC Workers: 4]
      [GC Worker Start (ms): Min: 2716593.3, Avg: 2716593.4, Max: 2716593.4, Diff: 0.0]
      [Ext Root Scanning (ms): Min: 0.5, Avg: 0.5, Max: 0.5, Diff: 0.1, Sum: 2.1]
      [Update RS (ms): Min: 1.3, Avg: 1.4, Max: 1.5, Diff: 0.2, Sum: 5.4]
         [Processed Buffers: Min: 3, Avg: 9.5, Max: 18, Diff: 15, Sum: 38]
      [Scan RS (ms): Min: 2.8, Avg: 2.8, Max: 2.9, Diff: 0.1, Sum: 11.3]
      [Code Root Scanning (ms): Min: 0.0, Avg: 0.0, Max: 0.0, Diff: 0.0, Sum: 0.0]
      [Object Copy (ms): Min: 9.4, Avg: 9.4, Max: 9.5, Diff: 0.1, Sum: 37.8]
      [Termination (ms): Min: 0.0, Avg: 0.0, Max: 0.0, Diff: 0.0, Sum: 0.0]
         [Termination Attempts: Min: 1, Avg: 3.2, Max: 8, Diff: 7, Sum: 13]
      [GC Worker Other (ms): Min: 0.0, Avg: 0.0, Max: 0.1, Diff: 0.0, Sum: 0.1]
      [GC Worker Total (ms): Min: 14.1, Avg: 14.2, Max: 14.2, Diff: 0.0, Sum: 56.6]
      [GC Worker End (ms): Min: 2716607.5, Avg: 2716607.5, Max: 2716607.5, Diff: 0.0]
   [Code Root Fixup: 0.0 ms]
   [Code Root Purge: 0.0 ms]
   [Clear CT: 0.1 ms]
   [Other: 0.5 ms]
      [Choose CSet: 0.0 ms]
      [Ref Proc: 0.1 ms]
      [Ref Enq: 0.0 ms]
      [Redirty Cards: 0.1 ms]
      [Humongous Register: 0.0 ms]
      [Humongous Reclaim: 0.0 ms]
      [Free CSet: 0.1 ms]
   [Eden: 45.0M(45.0M)->0.0B(46.0M) Survivors: 6144.0K->5120.0K Heap: 261.2M(1024.0M)->216.2M(1024.0M)]
 [Times: user=0.05 sys=0.00, real=0.01 secs] 
2018-12-01T22:41:18.735+0800: 2741.146: [GC pause (G1 Evacuation Pause) (young), 0.0371178 secs]
   [Parallel Time: 32.4 ms, GC Workers: 4]
      [GC Worker Start (ms): Min: 2741149.5, Avg: 2741149.7, Max: 2741149.8, Diff: 0.3]
      [Ext Root Scanning (ms): Min: 4.4, Avg: 6.0, Max: 10.9, Diff: 6.5, Sum: 24.1]
      [Update RS (ms): Min: 0.0, Avg: 4.2, Max: 5.8, Diff: 5.8, Sum: 16.7]
         [Processed Buffers: Min: 0, Avg: 8.2, Max: 19, Diff: 19, Sum: 33]
      [Scan RS (ms): Min: 5.7, Avg: 6.1, Max: 6.4, Diff: 0.7, Sum: 24.3]
      [Code Root Scanning (ms): Min: 0.0, Avg: 0.0, Max: 0.0, Diff: 0.0, Sum: 0.0]
      [Object Copy (ms): Min: 15.6, Avg: 15.6, Max: 15.7, Diff: 0.1, Sum: 62.6]
      [Termination (ms): Min: 0.0, Avg: 0.0, Max: 0.0, Diff: 0.0, Sum: 0.0]
         [Termination Attempts: Min: 2, Avg: 2.5, Max: 4, Diff: 2, Sum: 10]
      [GC Worker Other (ms): Min: 0.0, Avg: 0.1, Max: 0.1, Diff: 0.0, Sum: 0.3]
      [GC Worker Total (ms): Min: 31.9, Avg: 32.0, Max: 32.2, Diff: 0.3, Sum: 128.0]
      [GC Worker End (ms): Min: 2741181.6, Avg: 2741181.7, Max: 2741181.7, Diff: 0.0]
   [Code Root Fixup: 0.0 ms]
   [Code Root Purge: 0.0 ms]
   [Clear CT: 0.1 ms]
   [Other: 4.6 ms]
      [Choose CSet: 0.0 ms]
      [Ref Proc: 0.2 ms]
      [Ref Enq: 0.0 ms]
      [Redirty Cards: 0.0 ms]
      [Humongous Register: 3.3 ms]
      [Humongous Reclaim: 0.0 ms]
      [Free CSet: 0.2 ms]
   [Eden: 46.0M(46.0M)->0.0B(46.0M) Survivors: 5120.0K->5120.0K Heap: 262.2M(1024.0M)->216.2M(1024.0M)]
 [Times: user=0.06 sys=0.06, real=0.04 secs] 
2018-12-01T22:41:43.571+0800: 2765.980: [GC pause (G1 Evacuation Pause) (young), 0.0663993 secs]
   [Parallel Time: 61.0 ms, GC Workers: 4]
      [GC Worker Start (ms): Min: 2765984.4, Avg: 2765984.6, Max: 2765984.9, Diff: 0.5]
      [Ext Root Scanning (ms): Min: 3.4, Avg: 7.3, Max: 18.3, Diff: 14.8, Sum: 29.3]
      [Update RS (ms): Min: 0.0, Avg: 10.6, Max: 15.8, Diff: 15.8, Sum: 42.3]
         [Processed Buffers: Min: 0, Avg: 7.8, Max: 19, Diff: 19, Sum: 31]
      [Scan RS (ms): Min: 8.5, Avg: 9.8, Max: 10.6, Diff: 2.1, Sum: 39.3]
      [Code Root Scanning (ms): Min: 0.0, Avg: 0.0, Max: 0.0, Diff: 0.0, Sum: 0.0]
      [Object Copy (ms): Min: 32.6, Avg: 32.9, Max: 33.1, Diff: 0.5, Sum: 131.5]
      [Termination (ms): Min: 0.0, Avg: 0.0, Max: 0.0, Diff: 0.0, Sum: 0.1]
         [Termination Attempts: Min: 1, Avg: 1.0, Max: 1, Diff: 0, Sum: 4]
      [GC Worker Other (ms): Min: 0.1, Avg: 0.1, Max: 0.1, Diff: 0.1, Sum: 0.3]
      [GC Worker Total (ms): Min: 60.4, Avg: 60.7, Max: 60.9, Diff: 0.5, Sum: 242.8]
      [GC Worker End (ms): Min: 2766045.3, Avg: 2766045.3, Max: 2766045.3, Diff: 0.0]
   [Code Root Fixup: 0.0 ms]
   [Code Root Purge: 0.0 ms]
   [Clear CT: 0.2 ms]
   [Other: 5.2 ms]
      [Choose CSet: 0.0 ms]
      [Ref Proc: 0.3 ms]
      [Ref Enq: 0.0 ms]
      [Redirty Cards: 0.1 ms]
      [Humongous Register: 3.1 ms]
      [Humongous Reclaim: 0.0 ms]
      [Free CSet: 0.4 ms]
   [Eden: 46.0M(46.0M)->0.0B(44.0M) Survivors: 5120.0K->7168.0K Heap: 262.2M(1024.0M)->218.9M(1024.0M)]
 [Times: user=0.08 sys=0.07, real=0.06 secs] 
2018-12-01T22:42:07.047+0800: 2789.456: [GC pause (G1 Evacuation Pause) (young), 0.0215321 secs]
   [Parallel Time: 20.6 ms, GC Workers: 4]
      [GC Worker Start (ms): Min: 2789456.3, Avg: 2789456.3, Max: 2789456.4, Diff: 0.1]
      [Ext Root Scanning (ms): Min: 1.1, Avg: 1.2, Max: 1.2, Diff: 0.1, Sum: 4.7]
      [Update RS (ms): Min: 2.0, Avg: 2.9, Max: 5.4, Diff: 3.4, Sum: 11.8]
         [Processed Buffers: Min: 6, Avg: 8.5, Max: 11, Diff: 5, Sum: 34]
      [Scan RS (ms): Min: 2.5, Avg: 4.9, Max: 5.9, Diff: 3.4, Sum: 19.7]
      [Code Root Scanning (ms): Min: 0.0, Avg: 0.0, Max: 0.0, Diff: 0.0, Sum: 0.0]
      [Object Copy (ms): Min: 11.3, Avg: 11.3, Max: 11.4, Diff: 0.1, Sum: 45.2]
      [Termination (ms): Min: 0.0, Avg: 0.1, Max: 0.1, Diff: 0.1, Sum: 0.4]
         [Termination Attempts: Min: 1, Avg: 1.0, Max: 1, Diff: 0, Sum: 4]
      [GC Worker Other (ms): Min: 0.0, Avg: 0.0, Max: 0.0, Diff: 0.0, Sum: 0.1]
      [GC Worker Total (ms): Min: 20.4, Avg: 20.5, Max: 20.5, Diff: 0.1, Sum: 81.8]
      [GC Worker End (ms): Min: 2789476.8, Avg: 2789476.8, Max: 2789476.8, Diff: 0.0]
   [Code Root Fixup: 0.0 ms]
   [Code Root Purge: 0.0 ms]
   [Clear CT: 0.1 ms]
   [Other: 0.8 ms]
      [Choose CSet: 0.0 ms]
      [Ref Proc: 0.2 ms]
      [Ref Enq: 0.0 ms]
      [Redirty Cards: 0.1 ms]
      [Humongous Register: 0.0 ms]
      [Humongous Reclaim: 0.0 ms]
      [Free CSet: 0.1 ms]
   [Eden: 44.0M(44.0M)->0.0B(45.0M) Survivors: 7168.0K->6144.0K Heap: 262.9M(1024.0M)->219.4M(1024.0M)]
 [Times: user=0.07 sys=0.00, real=0.03 secs] 
2018-12-01T22:42:31.362+0800: 2813.770: [GC pause (G1 Evacuation Pause) (young), 0.0426400 secs]
   [Parallel Time: 39.3 ms, GC Workers: 4]
      [GC Worker Start (ms): Min: 2813772.4, Avg: 2813772.6, Max: 2813772.8, Diff: 0.4]
      [Ext Root Scanning (ms): Min: 4.2, Avg: 6.4, Max: 12.4, Diff: 8.2, Sum: 25.6]
      [Update RS (ms): Min: 0.6, Avg: 6.5, Max: 8.7, Diff: 8.2, Sum: 26.2]
         [Processed Buffers: Min: 1, Avg: 8.0, Max: 15, Diff: 14, Sum: 32]
      [Scan RS (ms): Min: 8.4, Avg: 8.6, Max: 8.8, Diff: 0.5, Sum: 34.6]
      [Code Root Scanning (ms): Min: 0.0, Avg: 0.0, Max: 0.0, Diff: 0.0, Sum: 0.0]
      [Object Copy (ms): Min: 17.3, Avg: 17.4, Max: 17.5, Diff: 0.2, Sum: 69.8]
      [Termination (ms): Min: 0.0, Avg: 0.0, Max: 0.0, Diff: 0.0, Sum: 0.0]
         [Termination Attempts: Min: 1, Avg: 3.0, Max: 5, Diff: 4, Sum: 12]
      [GC Worker Other (ms): Min: 0.0, Avg: 0.0, Max: 0.1, Diff: 0.0, Sum: 0.2]
      [GC Worker Total (ms): Min: 38.8, Avg: 39.1, Max: 39.2, Diff: 0.4, Sum: 156.3]
      [GC Worker End (ms): Min: 2813811.7, Avg: 2813811.7, Max: 2813811.7, Diff: 0.0]
   [Code Root Fixup: 0.0 ms]
   [Code Root Purge: 0.0 ms]
   [Clear CT: 0.1 ms]
   [Other: 3.2 ms]
      [Choose CSet: 0.0 ms]
      [Ref Proc: 0.2 ms]
      [Ref Enq: 0.0 ms]
      [Redirty Cards: 0.1 ms]
      [Humongous Register: 1.9 ms]
      [Humongous Reclaim: 0.0 ms]
      [Free CSet: 0.3 ms]
   [Eden: 45.0M(45.0M)->0.0B(46.0M) Survivors: 6144.0K->5120.0K Heap: 264.4M(1024.0M)->219.5M(1024.0M)]
 [Times: user=0.06 sys=0.07, real=0.04 secs] 
2018-12-01T22:42:56.048+0800: 2838.455: [GC pause (G1 Evacuation Pause) (young), 0.0220832 secs]
   [Parallel Time: 21.0 ms, GC Workers: 4]
      [GC Worker Start (ms): Min: 2838455.9, Avg: 2838456.0, Max: 2838456.3, Diff: 0.4]
      [Ext Root Scanning (ms): Min: 0.9, Avg: 1.2, Max: 1.3, Diff: 0.4, Sum: 4.7]
      [Update RS (ms): Min: 3.0, Avg: 3.3, Max: 3.9, Diff: 0.9, Sum: 13.3]
         [Processed Buffers: Min: 1, Avg: 9.2, Max: 16, Diff: 15, Sum: 37]
      [Scan RS (ms): Min: 4.9, Avg: 5.5, Max: 5.9, Diff: 1.0, Sum: 21.9]
      [Code Root Scanning (ms): Min: 0.0, Avg: 0.0, Max: 0.0, Diff: 0.0, Sum: 0.0]
      [Object Copy (ms): Min: 10.7, Avg: 10.8, Max: 10.9, Diff: 0.1, Sum: 43.2]
      [Termination (ms): Min: 0.0, Avg: 0.0, Max: 0.0, Diff: 0.0, Sum: 0.0]
         [Termination Attempts: Min: 1, Avg: 2.5, Max: 4, Diff: 3, Sum: 10]
      [GC Worker Other (ms): Min: 0.0, Avg: 0.0, Max: 0.1, Diff: 0.0, Sum: 0.2]
      [GC Worker Total (ms): Min: 20.6, Avg: 20.9, Max: 20.9, Diff: 0.3, Sum: 83.4]
      [GC Worker End (ms): Min: 2838476.9, Avg: 2838476.9, Max: 2838476.9, Diff: 0.0]
   [Code Root Fixup: 0.0 ms]
   [Code Root Purge: 0.0 ms]
   [Clear CT: 0.0 ms]
   [Other: 1.0 ms]
      [Choose CSet: 0.0 ms]
      [Ref Proc: 0.1 ms]
      [Ref Enq: 0.0 ms]
      [Redirty Cards: 0.1 ms]
      [Humongous Register: 0.2 ms]
      [Humongous Reclaim: 0.0 ms]
      [Free CSet: 0.1 ms]
   [Eden: 46.0M(46.0M)->0.0B(46.0M) Survivors: 5120.0K->5120.0K Heap: 265.5M(1024.0M)->219.5M(1024.0M)]
 [Times: user=0.06 sys=0.02, real=0.03 secs] 
2018-12-01T22:43:20.621+0800: 2863.028: [GC pause (G1 Evacuation Pause) (young), 0.0198123 secs]
   [Parallel Time: 19.0 ms, GC Workers: 4]
      [GC Worker Start (ms): Min: 2863028.3, Avg: 2863028.3, Max: 2863028.4, Diff: 0.1]
      [Ext Root Scanning (ms): Min: 0.9, Avg: 1.1, Max: 1.2, Diff: 0.2, Sum: 4.2]
      [Update RS (ms): Min: 2.8, Avg: 3.1, Max: 3.4, Diff: 0.6, Sum: 12.5]
         [Processed Buffers: Min: 0, Avg: 9.0, Max: 26, Diff: 26, Sum: 36]
      [Scan RS (ms): Min: 3.3, Avg: 4.1, Max: 4.6, Diff: 1.3, Sum: 16.5]
      [Code Root Scanning (ms): Min: 0.0, Avg: 0.0, Max: 0.0, Diff: 0.0, Sum: 0.1]
      [Object Copy (ms): Min: 10.1, Avg: 10.6, Max: 11.7, Diff: 1.6, Sum: 42.2]
      [Termination (ms): Min: 0.0, Avg: 0.0, Max: 0.0, Diff: 0.0, Sum: 0.0]
         [Termination Attempts: Min: 1, Avg: 1.5, Max: 2, Diff: 1, Sum: 6]
      [GC Worker Other (ms): Min: 0.0, Avg: 0.0, Max: 0.0, Diff: 0.0, Sum: 0.1]
      [GC Worker Total (ms): Min: 18.8, Avg: 18.9, Max: 18.9, Diff: 0.1, Sum: 75.6]
      [GC Worker End (ms): Min: 2863047.2, Avg: 2863047.2, Max: 2863047.2, Diff: 0.0]
   [Code Root Fixup: 0.0 ms]
   [Code Root Purge: 0.0 ms]
   [Clear CT: 0.1 ms]
   [Other: 0.7 ms]
      [Choose CSet: 0.0 ms]
      [Ref Proc: 0.2 ms]
      [Ref Enq: 0.0 ms]
      [Redirty Cards: 0.1 ms]
      [Humongous Register: 0.0 ms]
      [Humongous Reclaim: 0.0 ms]
      [Free CSet: 0.1 ms]
   [Eden: 46.0M(46.0M)->0.0B(46.0M) Survivors: 5120.0K->5120.0K Heap: 265.5M(1024.0M)->220.1M(1024.0M)]
 [Times: user=0.06 sys=0.00, real=0.02 secs] 
2018-12-01T22:43:45.292+0800: 2887.698: [GC pause (G1 Evacuation Pause) (young), 0.0399932 secs]
   [Parallel Time: 34.8 ms, GC Workers: 4]
      [GC Worker Start (ms): Min: 2887702.6, Avg: 2887702.7, Max: 2887702.9, Diff: 0.3]
      [Ext Root Scanning (ms): Min: 5.9, Avg: 7.5, Max: 11.7, Diff: 5.8, Sum: 29.8]
      [Update RS (ms): Min: 0.0, Avg: 3.4, Max: 4.6, Diff: 4.6, Sum: 13.5]
         [Processed Buffers: Min: 0, Avg: 8.2, Max: 18, Diff: 18, Sum: 33]
      [Scan RS (ms): Min: 5.8, Avg: 6.4, Max: 6.7, Diff: 0.9, Sum: 25.6]
      [Code Root Scanning (ms): Min: 0.0, Avg: 0.0, Max: 0.0, Diff: 0.0, Sum: 0.0]
      [Object Copy (ms): Min: 17.2, Avg: 17.3, Max: 17.3, Diff: 0.2, Sum: 69.0]
      [Termination (ms): Min: 0.0, Avg: 0.0, Max: 0.0, Diff: 0.0, Sum: 0.0]
         [Termination Attempts: Min: 1, Avg: 1.0, Max: 1, Diff: 0, Sum: 4]
      [GC Worker Other (ms): Min: 0.0, Avg: 0.1, Max: 0.1, Diff: 0.1, Sum: 0.3]
      [GC Worker Total (ms): Min: 34.4, Avg: 34.5, Max: 34.7, Diff: 0.3, Sum: 138.2]
      [GC Worker End (ms): Min: 2887737.3, Avg: 2887737.3, Max: 2887737.3, Diff: 0.0]
   [Code Root Fixup: 0.0 ms]
   [Code Root Purge: 0.0 ms]
   [Clear CT: 0.1 ms]
   [Other: 5.0 ms]
      [Choose CSet: 0.0 ms]
      [Ref Proc: 0.1 ms]
      [Ref Enq: 0.0 ms]
      [Redirty Cards: 0.1 ms]
      [Humongous Register: 3.7 ms]
      [Humongous Reclaim: 0.0 ms]
      [Free CSet: 0.2 ms]
   [Eden: 46.0M(46.0M)->0.0B(44.0M) Survivors: 5120.0K->7168.0K Heap: 266.1M(1024.0M)->222.1M(1024.0M)]
 [Times: user=0.07 sys=0.06, real=0.04 secs] 
2018-12-01T22:44:08.832+0800: 2911.237: [GC pause (G1 Evacuation Pause) (young), 0.0258047 secs]
   [Parallel Time: 24.6 ms, GC Workers: 4]
      [GC Worker Start (ms): Min: 2911237.1, Avg: 2911237.3, Max: 2911237.8, Diff: 0.8]
      [Ext Root Scanning (ms): Min: 0.6, Avg: 1.1, Max: 1.4, Diff: 0.8, Sum: 4.5]
      [Update RS (ms): Min: 1.8, Avg: 2.4, Max: 2.8, Diff: 1.0, Sum: 9.7]
         [Processed Buffers: Min: 3, Avg: 8.0, Max: 15, Diff: 12, Sum: 32]
      [Scan RS (ms): Min: 5.1, Avg: 5.7, Max: 7.0, Diff: 1.9, Sum: 22.9]
      [Code Root Scanning (ms): Min: 0.0, Avg: 0.0, Max: 0.0, Diff: 0.0, Sum: 0.0]
      [Object Copy (ms): Min: 14.2, Avg: 14.9, Max: 15.2, Diff: 1.0, Sum: 59.5]
      [Termination (ms): Min: 0.0, Avg: 0.1, Max: 0.2, Diff: 0.2, Sum: 0.4]
         [Termination Attempts: Min: 1, Avg: 1.0, Max: 1, Diff: 0, Sum: 4]
      [GC Worker Other (ms): Min: 0.0, Avg: 0.0, Max: 0.0, Diff: 0.0, Sum: 0.1]
      [GC Worker Total (ms): Min: 23.8, Avg: 24.3, Max: 24.5, Diff: 0.7, Sum: 97.1]
      [GC Worker End (ms): Min: 2911261.5, Avg: 2911261.6, Max: 2911261.6, Diff: 0.1]
   [Code Root Fixup: 0.0 ms]
   [Code Root Purge: 0.0 ms]
   [Clear CT: 0.1 ms]
   [Other: 1.1 ms]
      [Choose CSet: 0.0 ms]
      [Ref Proc: 0.5 ms]
      [Ref Enq: 0.0 ms]
      [Redirty Cards: 0.1 ms]
      [Humongous Register: 0.0 ms]
      [Humongous Reclaim: 0.0 ms]
      [Free CSet: 0.1 ms]
   [Eden: 44.0M(44.0M)->0.0B(46.0M) Survivors: 7168.0K->5120.0K Heap: 266.1M(1024.0M)->222.4M(1024.0M)]
 [Times: user=0.07 sys=0.00, real=0.03 secs] 
2018-12-01T22:44:33.584+0800: 2935.988: [GC pause (G1 Evacuation Pause) (young), 0.0277153 secs]
   [Parallel Time: 25.1 ms, GC Workers: 4]
      [GC Worker Start (ms): Min: 2935988.7, Avg: 2935989.3, Max: 2935989.7, Diff: 1.0]
      [Ext Root Scanning (ms): Min: 0.6, Avg: 2.0, Max: 3.4, Diff: 2.7, Sum: 8.0]
      [Update RS (ms): Min: 0.5, Avg: 2.0, Max: 3.6, Diff: 3.1, Sum: 8.2]
         [Processed Buffers: Min: 2, Avg: 8.8, Max: 16, Diff: 14, Sum: 35]
      [Scan RS (ms): Min: 5.6, Avg: 6.3, Max: 6.8, Diff: 1.2, Sum: 25.4]
      [Code Root Scanning (ms): Min: 0.0, Avg: 0.0, Max: 0.0, Diff: 0.0, Sum: 0.0]
      [Object Copy (ms): Min: 13.7, Avg: 13.9, Max: 14.0, Diff: 0.3, Sum: 55.5]
      [Termination (ms): Min: 0.0, Avg: 0.1, Max: 0.1, Diff: 0.1, Sum: 0.2]
         [Termination Attempts: Min: 1, Avg: 2.5, Max: 5, Diff: 4, Sum: 10]
      [GC Worker Other (ms): Min: 0.0, Avg: 0.0, Max: 0.0, Diff: 0.0, Sum: 0.1]
      [GC Worker Total (ms): Min: 24.0, Avg: 24.3, Max: 25.0, Diff: 1.1, Sum: 97.4]
      [GC Worker End (ms): Min: 2936013.7, Avg: 2936013.7, Max: 2936013.7, Diff: 0.0]
   [Code Root Fixup: 0.0 ms]
   [Code Root Purge: 0.0 ms]
   [Clear CT: 0.1 ms]
   [Other: 2.5 ms]
      [Choose CSet: 0.0 ms]
      [Ref Proc: 2.0 ms]
      [Ref Enq: 0.0 ms]
      [Redirty Cards: 0.1 ms]
      [Humongous Register: 0.1 ms]
      [Humongous Reclaim: 0.0 ms]
      [Free CSet: 0.1 ms]
   [Eden: 46.0M(46.0M)->0.0B(46.0M) Survivors: 5120.0K->5120.0K Heap: 268.4M(1024.0M)->222.4M(1024.0M)]
 [Times: user=0.05 sys=0.01, real=0.03 secs] 
2018-12-01T22:44:58.437+0800: 2960.840: [GC pause (G1 Evacuation Pause) (young), 0.0255746 secs]
   [Parallel Time: 24.7 ms, GC Workers: 4]
      [GC Worker Start (ms): Min: 2960840.8, Avg: 2960840.8, Max: 2960840.9, Diff: 0.1]
      [Ext Root Scanning (ms): Min: 0.8, Avg: 0.9, Max: 0.9, Diff: 0.1, Sum: 3.5]
      [Update RS (ms): Min: 0.0, Avg: 1.7, Max: 2.4, Diff: 2.4, Sum: 6.6]
         [Processed Buffers: Min: 0, Avg: 8.2, Max: 16, Diff: 16, Sum: 33]
      [Scan RS (ms): Min: 0.0, Avg: 2.9, Max: 3.9, Diff: 3.9, Sum: 11.4]
      [Code Root Scanning (ms): Min: 0.0, Avg: 0.0, Max: 0.0, Diff: 0.0, Sum: 0.0]
      [Object Copy (ms): Min: 16.9, Avg: 18.5, Max: 23.0, Diff: 6.1, Sum: 74.0]
      [Termination (ms): Min: 0.0, Avg: 0.4, Max: 0.8, Diff: 0.8, Sum: 1.7]
         [Termination Attempts: Min: 1, Avg: 1.0, Max: 1, Diff: 0, Sum: 4]
      [GC Worker Other (ms): Min: 0.0, Avg: 0.0, Max: 0.0, Diff: 0.0, Sum: 0.1]
      [GC Worker Total (ms): Min: 23.9, Avg: 24.3, Max: 24.7, Diff: 0.7, Sum: 97.2]
      [GC Worker End (ms): Min: 2960864.8, Avg: 2960865.1, Max: 2960865.4, Diff: 0.6]
   [Code Root Fixup: 0.0 ms]
   [Code Root Purge: 0.0 ms]
   [Clear CT: 0.1 ms]
   [Other: 0.8 ms]
      [Choose CSet: 0.0 ms]
      [Ref Proc: 0.2 ms]
      [Ref Enq: 0.0 ms]
      [Redirty Cards: 0.1 ms]
      [Humongous Register: 0.1 ms]
      [Humongous Reclaim: 0.0 ms]
      [Free CSet: 0.1 ms]
   [Eden: 46.0M(46.0M)->0.0B(45.0M) Survivors: 5120.0K->6144.0K Heap: 268.4M(1024.0M)->223.6M(1024.0M)]
 [Times: user=0.06 sys=0.01, real=0.03 secs] 
2018-12-01T22:45:22.512+0800: 2984.897: [GC pause (G1 Evacuation Pause) (young), 0.0283883 secs]
   [Parallel Time: 27.1 ms, GC Workers: 4]
      [GC Worker Start (ms): Min: 2984897.6, Avg: 2984897.7, Max: 2984897.9, Diff: 0.3]
      [Ext Root Scanning (ms): Min: 1.6, Avg: 1.7, Max: 1.9, Diff: 0.3, Sum: 6.9]
      [Update RS (ms): Min: 1.9, Avg: 2.5, Max: 2.9, Diff: 1.0, Sum: 9.9]
         [Processed Buffers: Min: 1, Avg: 9.5, Max: 13, Diff: 12, Sum: 38]
      [Scan RS (ms): Min: 6.3, Avg: 6.6, Max: 7.1, Diff: 0.8, Sum: 26.6]
      [Code Root Scanning (ms): Min: 0.0, Avg: 0.0, Max: 0.0, Diff: 0.0, Sum: 0.0]
      [Object Copy (ms): Min: 15.8, Avg: 15.9, Max: 15.9, Diff: 0.1, Sum: 63.6]
      [Termination (ms): Min: 0.0, Avg: 0.0, Max: 0.0, Diff: 0.0, Sum: 0.0]
         [Termination Attempts: Min: 1, Avg: 1.0, Max: 1, Diff: 0, Sum: 4]
      [GC Worker Other (ms): Min: 0.0, Avg: 0.1, Max: 0.2, Diff: 0.1, Sum: 0.3]
      [GC Worker Total (ms): Min: 26.7, Avg: 26.8, Max: 27.0, Diff: 0.3, Sum: 107.2]
      [GC Worker End (ms): Min: 2984924.6, Avg: 2984924.6, Max: 2984924.6, Diff: 0.0]
   [Code Root Fixup: 0.0 ms]
   [Code Root Purge: 0.0 ms]
   [Clear CT: 0.1 ms]
   [Other: 1.2 ms]
      [Choose CSet: 0.0 ms]
      [Ref Proc: 0.3 ms]
      [Ref Enq: 0.0 ms]
      [Redirty Cards: 0.1 ms]
      [Humongous Register: 0.2 ms]
      [Humongous Reclaim: 0.0 ms]
      [Free CSet: 0.1 ms]
   [Eden: 45.0M(45.0M)->0.0B(45.0M) Survivors: 6144.0K->6144.0K Heap: 268.6M(1024.0M)->224.5M(1024.0M)]
 [Times: user=0.06 sys=0.03, real=0.03 secs] 
2018-12-01T22:45:46.688+0800: 3009.063: [GC pause (G1 Evacuation Pause) (young), 0.0213742 secs]
   [Parallel Time: 20.6 ms, GC Workers: 4]
      [GC Worker Start (ms): Min: 3009063.5, Avg: 3009063.5, Max: 3009063.6, Diff: 0.1]
      [Ext Root Scanning (ms): Min: 0.9, Avg: 0.9, Max: 0.9, Diff: 0.1, Sum: 3.7]
      [Update RS (ms): Min: 1.9, Avg: 1.9, Max: 2.1, Diff: 0.2, Sum: 7.8]
         [Processed Buffers: Min: 7, Avg: 8.8, Max: 10, Diff: 3, Sum: 35]
      [Scan RS (ms): Min: 5.3, Avg: 5.4, Max: 5.4, Diff: 0.1, Sum: 21.5]
      [Code Root Scanning (ms): Min: 0.0, Avg: 0.0, Max: 0.0, Diff: 0.0, Sum: 0.0]
      [Object Copy (ms): Min: 12.1, Avg: 12.2, Max: 12.3, Diff: 0.1, Sum: 48.8]
      [Termination (ms): Min: 0.0, Avg: 0.0, Max: 0.0, Diff: 0.0, Sum: 0.0]
         [Termination Attempts: Min: 1, Avg: 1.8, Max: 2, Diff: 1, Sum: 7]
      [GC Worker Other (ms): Min: 0.0, Avg: 0.0, Max: 0.1, Diff: 0.0, Sum: 0.2]
      [GC Worker Total (ms): Min: 20.4, Avg: 20.5, Max: 20.5, Diff: 0.1, Sum: 81.9]
      [GC Worker End (ms): Min: 3009084.0, Avg: 3009084.0, Max: 3009084.0, Diff: 0.0]
   [Code Root Fixup: 0.0 ms]
   [Code Root Purge: 0.0 ms]
   [Clear CT: 0.1 ms]
   [Other: 0.7 ms]
      [Choose CSet: 0.0 ms]
      [Ref Proc: 0.2 ms]
      [Ref Enq: 0.0 ms]
      [Redirty Cards: 0.2 ms]
      [Humongous Register: 0.0 ms]
      [Humongous Reclaim: 0.0 ms]
      [Free CSet: 0.1 ms]
   [Eden: 45.0M(45.0M)->0.0B(46.0M) Survivors: 6144.0K->5120.0K Heap: 269.5M(1024.0M)->225.4M(1024.0M)]
 [Times: user=0.07 sys=0.00, real=0.03 secs] 
2018-12-01T22:46:11.482+0800: 3033.854: [GC pause (G1 Evacuation Pause) (young), 0.0252798 secs]
   [Parallel Time: 24.2 ms, GC Workers: 4]
      [GC Worker Start (ms): Min: 3033854.8, Avg: 3033854.8, Max: 3033854.9, Diff: 0.1]
      [Ext Root Scanning (ms): Min: 0.9, Avg: 2.1, Max: 5.5, Diff: 4.5, Sum: 8.5]
      [Update RS (ms): Min: 0.1, Avg: 3.7, Max: 5.0, Diff: 4.9, Sum: 14.6]
         [Processed Buffers: Min: 1, Avg: 8.0, Max: 11, Diff: 10, Sum: 32]
      [Scan RS (ms): Min: 4.6, Avg: 4.9, Max: 5.2, Diff: 0.6, Sum: 19.4]
      [Code Root Scanning (ms): Min: 0.0, Avg: 0.0, Max: 0.0, Diff: 0.0, Sum: 0.0]
      [Object Copy (ms): Min: 13.3, Avg: 13.4, Max: 13.6, Diff: 0.3, Sum: 53.7]
      [Termination (ms): Min: 0.0, Avg: 0.0, Max: 0.0, Diff: 0.0, Sum: 0.0]
         [Termination Attempts: Min: 1, Avg: 2.0, Max: 3, Diff: 2, Sum: 8]
      [GC Worker Other (ms): Min: 0.0, Avg: 0.0, Max: 0.0, Diff: 0.0, Sum: 0.1]
      [GC Worker Total (ms): Min: 24.1, Avg: 24.1, Max: 24.1, Diff: 0.1, Sum: 96.4]
      [GC Worker End (ms): Min: 3033878.9, Avg: 3033878.9, Max: 3033878.9, Diff: 0.0]
   [Code Root Fixup: 0.0 ms]
   [Code Root Purge: 0.0 ms]
   [Clear CT: 0.1 ms]
   [Other: 1.0 ms]
      [Choose CSet: 0.0 ms]
      [Ref Proc: 0.4 ms]
      [Ref Enq: 0.0 ms]
      [Redirty Cards: 0.1 ms]
      [Humongous Register: 0.1 ms]
      [Humongous Reclaim: 0.0 ms]
      [Free CSet: 0.1 ms]
   [Eden: 46.0M(46.0M)->0.0B(45.0M) Survivors: 5120.0K->6144.0K Heap: 271.4M(1024.0M)->227.0M(1024.0M)]
 [Times: user=0.06 sys=0.02, real=0.03 secs] 
2018-12-01T22:46:35.525+0800: 3057.896: [GC pause (G1 Evacuation Pause) (young), 0.0180624 secs]
   [Parallel Time: 17.4 ms, GC Workers: 4]
      [GC Worker Start (ms): Min: 3057896.0, Avg: 3057896.0, Max: 3057896.1, Diff: 0.2]
      [Ext Root Scanning (ms): Min: 1.0, Avg: 1.2, Max: 1.3, Diff: 0.3, Sum: 4.6]
      [Update RS (ms): Min: 2.2, Avg: 2.3, Max: 2.5, Diff: 0.2, Sum: 9.4]
         [Processed Buffers: Min: 1, Avg: 8.8, Max: 20, Diff: 19, Sum: 35]
      [Scan RS (ms): Min: 4.7, Avg: 4.8, Max: 4.9, Diff: 0.2, Sum: 19.1]
      [Code Root Scanning (ms): Min: 0.0, Avg: 0.0, Max: 0.0, Diff: 0.0, Sum: 0.0]
      [Object Copy (ms): Min: 8.8, Avg: 9.0, Max: 9.1, Diff: 0.3, Sum: 35.8]
      [Termination (ms): Min: 0.0, Avg: 0.0, Max: 0.0, Diff: 0.0, Sum: 0.0]
         [Termination Attempts: Min: 1, Avg: 1.8, Max: 2, Diff: 1, Sum: 7]
      [GC Worker Other (ms): Min: 0.0, Avg: 0.0, Max: 0.0, Diff: 0.0, Sum: 0.1]
      [GC Worker Total (ms): Min: 17.2, Avg: 17.3, Max: 17.3, Diff: 0.2, Sum: 69.1]
      [GC Worker End (ms): Min: 3057913.3, Avg: 3057913.3, Max: 3057913.3, Diff: 0.0]
   [Code Root Fixup: 0.0 ms]
   [Code Root Purge: 0.0 ms]
   [Clear CT: 0.1 ms]
   [Other: 0.6 ms]
      [Choose CSet: 0.0 ms]
      [Ref Proc: 0.1 ms]
      [Ref Enq: 0.0 ms]
      [Redirty Cards: 0.1 ms]
      [Humongous Register: 0.0 ms]
      [Humongous Reclaim: 0.0 ms]
      [Free CSet: 0.1 ms]
   [Eden: 45.0M(45.0M)->0.0B(46.0M) Survivors: 6144.0K->5120.0K Heap: 272.0M(1024.0M)->226.0M(1024.0M)]
 [Times: user=0.06 sys=0.00, real=0.02 secs] 
2018-12-01T22:47:00.334+0800: 3082.704: [GC pause (G1 Evacuation Pause) (young), 0.0347554 secs]
   [Parallel Time: 29.7 ms, GC Workers: 4]
      [GC Worker Start (ms): Min: 3082708.3, Avg: 3082708.4, Max: 3082708.8, Diff: 0.5]
      [Ext Root Scanning (ms): Min: 5.5, Avg: 6.2, Max: 7.5, Diff: 2.0, Sum: 24.9]
      [Update RS (ms): Min: 1.4, Avg: 2.8, Max: 3.8, Diff: 2.4, Sum: 11.1]
         [Processed Buffers: Min: 4, Avg: 8.5, Max: 15, Diff: 11, Sum: 34]
      [Scan RS (ms): Min: 2.9, Avg: 3.6, Max: 3.9, Diff: 1.0, Sum: 14.4]
      [Code Root Scanning (ms): Min: 0.0, Avg: 0.0, Max: 0.0, Diff: 0.0, Sum: 0.0]
      [Object Copy (ms): Min: 16.6, Avg: 16.7, Max: 16.7, Diff: 0.1, Sum: 66.6]
      [Termination (ms): Min: 0.0, Avg: 0.0, Max: 0.0, Diff: 0.0, Sum: 0.0]
         [Termination Attempts: Min: 1, Avg: 1.2, Max: 2, Diff: 1, Sum: 5]
      [GC Worker Other (ms): Min: 0.1, Avg: 0.1, Max: 0.1, Diff: 0.1, Sum: 0.3]
      [GC Worker Total (ms): Min: 29.0, Avg: 29.4, Max: 29.5, Diff: 0.5, Sum: 117.4]
      [GC Worker End (ms): Min: 3082737.8, Avg: 3082737.8, Max: 3082737.8, Diff: 0.0]
   [Code Root Fixup: 0.0 ms]
   [Code Root Purge: 0.0 ms]
   [Clear CT: 0.1 ms]
   [Other: 4.9 ms]
      [Choose CSet: 0.0 ms]
      [Ref Proc: 0.2 ms]
      [Ref Enq: 0.0 ms]
      [Redirty Cards: 0.1 ms]
      [Humongous Register: 3.4 ms]
      [Humongous Reclaim: 0.0 ms]
      [Free CSet: 0.2 ms]
   [Eden: 46.0M(46.0M)->0.0B(44.0M) Survivors: 5120.0K->7168.0K Heap: 272.0M(1024.0M)->228.6M(1024.0M)]
 [Times: user=0.06 sys=0.04, real=0.04 secs] 
2018-12-01T22:47:23.947+0800: 3106.316: [GC pause (G1 Evacuation Pause) (young), 0.0224050 secs]
   [Parallel Time: 21.5 ms, GC Workers: 4]
      [GC Worker Start (ms): Min: 3106316.4, Avg: 3106316.5, Max: 3106316.6, Diff: 0.2]
      [Ext Root Scanning (ms): Min: 0.8, Avg: 1.0, Max: 1.0, Diff: 0.2, Sum: 3.8]
      [Update RS (ms): Min: 2.3, Avg: 2.4, Max: 2.6, Diff: 0.3, Sum: 9.6]
         [Processed Buffers: Min: 2, Avg: 9.0, Max: 15, Diff: 13, Sum: 36]
      [Scan RS (ms): Min: 6.0, Avg: 6.3, Max: 6.4, Diff: 0.4, Sum: 25.0]
      [Code Root Scanning (ms): Min: 0.0, Avg: 0.0, Max: 0.0, Diff: 0.0, Sum: 0.0]
      [Object Copy (ms): Min: 11.7, Avg: 11.8, Max: 11.9, Diff: 0.2, Sum: 47.1]
      [Termination (ms): Min: 0.0, Avg: 0.0, Max: 0.0, Diff: 0.0, Sum: 0.0]
         [Termination Attempts: Min: 1, Avg: 1.0, Max: 1, Diff: 0, Sum: 4]
      [GC Worker Other (ms): Min: 0.0, Avg: 0.0, Max: 0.0, Diff: 0.0, Sum: 0.1]
      [GC Worker Total (ms): Min: 21.3, Avg: 21.4, Max: 21.5, Diff: 0.1, Sum: 85.7]
      [GC Worker End (ms): Min: 3106337.9, Avg: 3106337.9, Max: 3106337.9, Diff: 0.0]
   [Code Root Fixup: 0.0 ms]
   [Code Root Purge: 0.0 ms]
   [Clear CT: 0.1 ms]
   [Other: 0.8 ms]
      [Choose CSet: 0.0 ms]
      [Ref Proc: 0.3 ms]
      [Ref Enq: 0.0 ms]
      [Redirty Cards: 0.1 ms]
      [Humongous Register: 0.0 ms]
      [Humongous Reclaim: 0.0 ms]
      [Free CSet: 0.1 ms]
   [Eden: 44.0M(44.0M)->0.0B(46.0M) Survivors: 7168.0K->5120.0K Heap: 272.6M(1024.0M)->228.6M(1024.0M)]
 [Times: user=0.08 sys=0.00, real=0.03 secs] 
2018-12-01T22:47:48.645+0800: 3131.014: [GC pause (G1 Evacuation Pause) (young), 0.0173580 secs]
   [Parallel Time: 16.3 ms, GC Workers: 4]
      [GC Worker Start (ms): Min: 3131014.2, Avg: 3131014.2, Max: 3131014.3, Diff: 0.1]
      [Ext Root Scanning (ms): Min: 1.2, Avg: 1.2, Max: 1.3, Diff: 0.1, Sum: 5.0]
      [Update RS (ms): Min: 1.9, Avg: 2.0, Max: 2.3, Diff: 0.5, Sum: 8.1]
         [Processed Buffers: Min: 6, Avg: 9.2, Max: 13, Diff: 7, Sum: 37]
      [Scan RS (ms): Min: 4.3, Avg: 4.6, Max: 4.7, Diff: 0.4, Sum: 18.4]
      [Code Root Scanning (ms): Min: 0.0, Avg: 0.0, Max: 0.0, Diff: 0.0, Sum: 0.0]
      [Object Copy (ms): Min: 8.2, Avg: 8.2, Max: 8.3, Diff: 0.1, Sum: 32.8]
      [Termination (ms): Min: 0.0, Avg: 0.0, Max: 0.0, Diff: 0.0, Sum: 0.0]
         [Termination Attempts: Min: 1, Avg: 1.8, Max: 3, Diff: 2, Sum: 7]
      [GC Worker Other (ms): Min: 0.0, Avg: 0.0, Max: 0.1, Diff: 0.0, Sum: 0.2]
      [GC Worker Total (ms): Min: 16.1, Avg: 16.1, Max: 16.2, Diff: 0.2, Sum: 64.5]
      [GC Worker End (ms): Min: 3131030.4, Avg: 3131030.4, Max: 3131030.4, Diff: 0.0]
   [Code Root Fixup: 0.0 ms]
   [Code Root Purge: 0.0 ms]
   [Clear CT: 0.1 ms]
   [Other: 1.0 ms]
      [Choose CSet: 0.0 ms]
      [Ref Proc: 0.2 ms]
      [Ref Enq: 0.0 ms]
      [Redirty Cards: 0.1 ms]
      [Humongous Register: 0.3 ms]
      [Humongous Reclaim: 0.0 ms]
      [Free CSet: 0.1 ms]
   [Eden: 46.0M(46.0M)->0.0B(46.0M) Survivors: 5120.0K->5120.0K Heap: 274.6M(1024.0M)->228.6M(1024.0M)]
 [Times: user=0.06 sys=0.00, real=0.02 secs] 
2018-12-01T22:48:13.016+0800: 3155.384: [GC pause (G1 Evacuation Pause) (young), 0.0253709 secs]
   [Parallel Time: 24.4 ms, GC Workers: 4]
      [GC Worker Start (ms): Min: 3155384.8, Avg: 3155384.9, Max: 3155385.0, Diff: 0.2]
      [Ext Root Scanning (ms): Min: 1.7, Avg: 3.4, Max: 8.0, Diff: 6.3, Sum: 13.6]
      [Update RS (ms): Min: 0.0, Avg: 3.5, Max: 5.1, Diff: 5.1, Sum: 14.2]
         [Processed Buffers: Min: 0, Avg: 8.2, Max: 20, Diff: 20, Sum: 33]
      [Scan RS (ms): Min: 4.1, Avg: 5.1, Max: 5.6, Diff: 1.4, Sum: 20.2]
      [Code Root Scanning (ms): Min: 0.0, Avg: 0.0, Max: 0.0, Diff: 0.0, Sum: 0.1]
      [Object Copy (ms): Min: 12.1, Avg: 12.2, Max: 12.3, Diff: 0.2, Sum: 49.0]
      [Termination (ms): Min: 0.0, Avg: 0.0, Max: 0.0, Diff: 0.0, Sum: 0.0]
         [Termination Attempts: Min: 1, Avg: 1.0, Max: 1, Diff: 0, Sum: 4]
      [GC Worker Other (ms): Min: 0.0, Avg: 0.0, Max: 0.1, Diff: 0.1, Sum: 0.2]
      [GC Worker Total (ms): Min: 24.1, Avg: 24.3, Max: 24.3, Diff: 0.2, Sum: 97.1]
      [GC Worker End (ms): Min: 3155409.2, Avg: 3155409.2, Max: 3155409.2, Diff: 0.0]
   [Code Root Fixup: 0.0 ms]
   [Code Root Purge: 0.0 ms]
   [Clear CT: 0.1 ms]
   [Other: 0.8 ms]
      [Choose CSet: 0.0 ms]
      [Ref Proc: 0.2 ms]
      [Ref Enq: 0.0 ms]
      [Redirty Cards: 0.1 ms]
      [Humongous Register: 0.1 ms]
      [Humongous Reclaim: 0.0 ms]
      [Free CSet: 0.1 ms]
   [Eden: 46.0M(46.0M)->0.0B(46.0M) Survivors: 5120.0K->5120.0K Heap: 274.6M(1024.0M)->229.1M(1024.0M)]
 [Times: user=0.06 sys=0.03, real=0.03 secs] 
2018-12-01T22:48:37.557+0800: 3179.924: [GC pause (G1 Evacuation Pause) (young), 0.0238164 secs]
   [Parallel Time: 19.1 ms, GC Workers: 4]
      [GC Worker Start (ms): Min: 3179927.9, Avg: 3179927.9, Max: 3179927.9, Diff: 0.1]
      [Ext Root Scanning (ms): Min: 1.1, Avg: 1.1, Max: 1.1, Diff: 0.1, Sum: 4.4]
      [Update RS (ms): Min: 2.4, Avg: 3.1, Max: 3.7, Diff: 1.4, Sum: 12.4]
         [Processed Buffers: Min: 2, Avg: 6.0, Max: 13, Diff: 11, Sum: 24]
      [Scan RS (ms): Min: 4.0, Avg: 4.5, Max: 5.2, Diff: 1.2, Sum: 18.0]
      [Code Root Scanning (ms): Min: 0.0, Avg: 0.0, Max: 0.0, Diff: 0.0, Sum: 0.0]
      [Object Copy (ms): Min: 10.1, Avg: 10.3, Max: 10.3, Diff: 0.2, Sum: 41.0]
      [Termination (ms): Min: 0.0, Avg: 0.0, Max: 0.0, Diff: 0.0, Sum: 0.0]
         [Termination Attempts: Min: 1, Avg: 1.0, Max: 1, Diff: 0, Sum: 4]
      [GC Worker Other (ms): Min: 0.0, Avg: 0.0, Max: 0.0, Diff: 0.0, Sum: 0.1]
      [GC Worker Total (ms): Min: 19.0, Avg: 19.0, Max: 19.0, Diff: 0.1, Sum: 76.0]
      [GC Worker End (ms): Min: 3179946.9, Avg: 3179946.9, Max: 3179946.9, Diff: 0.0]
   [Code Root Fixup: 0.0 ms]
   [Code Root Purge: 0.0 ms]
   [Clear CT: 0.2 ms]
   [Other: 4.6 ms]
      [Choose CSet: 0.0 ms]
      [Ref Proc: 0.3 ms]
      [Ref Enq: 0.0 ms]
      [Redirty Cards: 0.1 ms]
      [Humongous Register: 0.2 ms]
      [Humongous Reclaim: 0.0 ms]
      [Free CSet: 0.1 ms]
   [Eden: 46.0M(46.0M)->0.0B(46.0M) Survivors: 5120.0K->5120.0K Heap: 275.1M(1024.0M)->229.2M(1024.0M)]
 [Times: user=0.07 sys=0.00, real=0.03 secs] 
2018-12-01T22:49:02.187+0800: 3204.553: [GC pause (G1 Evacuation Pause) (young), 0.0425389 secs]
   [Parallel Time: 41.0 ms, GC Workers: 4]
      [GC Worker Start (ms): Min: 3204553.6, Avg: 3204553.6, Max: 3204553.7, Diff: 0.1]
      [Ext Root Scanning (ms): Min: 1.6, Avg: 5.9, Max: 18.3, Diff: 16.7, Sum: 23.4]
      [Update RS (ms): Min: 0.0, Avg: 8.6, Max: 12.1, Diff: 12.1, Sum: 34.6]
         [Processed Buffers: Min: 0, Avg: 7.0, Max: 15, Diff: 15, Sum: 28]
      [Scan RS (ms): Min: 2.8, Avg: 6.5, Max: 8.5, Diff: 5.7, Sum: 25.8]
      [Code Root Scanning (ms): Min: 0.0, Avg: 0.0, Max: 0.0, Diff: 0.0, Sum: 0.0]
      [Object Copy (ms): Min: 19.7, Avg: 19.8, Max: 19.8, Diff: 0.1, Sum: 79.2]
      [Termination (ms): Min: 0.0, Avg: 0.1, Max: 0.1, Diff: 0.1, Sum: 0.4]
         [Termination Attempts: Min: 1, Avg: 1.2, Max: 2, Diff: 1, Sum: 5]
      [GC Worker Other (ms): Min: 0.0, Avg: 0.1, Max: 0.1, Diff: 0.1, Sum: 0.2]
      [GC Worker Total (ms): Min: 40.9, Avg: 40.9, Max: 40.9, Diff: 0.1, Sum: 163.7]
      [GC Worker End (ms): Min: 3204594.6, Avg: 3204594.6, Max: 3204594.6, Diff: 0.0]
   [Code Root Fixup: 0.0 ms]
   [Code Root Purge: 0.0 ms]
   [Clear CT: 0.1 ms]
   [Other: 1.5 ms]
      [Choose CSet: 0.0 ms]
      [Ref Proc: 0.2 ms]
      [Ref Enq: 0.0 ms]
      [Redirty Cards: 0.1 ms]
      [Humongous Register: 0.0 ms]
      [Humongous Reclaim: 0.0 ms]
      [Free CSet: 0.6 ms]
   [Eden: 46.0M(46.0M)->0.0B(44.0M) Survivors: 5120.0K->7168.0K Heap: 275.2M(1024.0M)->231.2M(1024.0M)]
 [Times: user=0.08 sys=0.04, real=0.05 secs] 
2018-12-01T22:49:25.587+0800: 3227.953: [GC pause (G1 Evacuation Pause) (young), 0.0293658 secs]
   [Parallel Time: 27.5 ms, GC Workers: 4]
      [GC Worker Start (ms): Min: 3227953.8, Avg: 3227954.2, Max: 3227955.4, Diff: 1.7]
      [Ext Root Scanning (ms): Min: 0.0, Avg: 1.1, Max: 1.5, Diff: 1.4, Sum: 4.3]
      [Update RS (ms): Min: 2.8, Avg: 3.9, Max: 6.9, Diff: 4.2, Sum: 15.6]
         [Processed Buffers: Min: 3, Avg: 7.8, Max: 12, Diff: 9, Sum: 31]
      [Scan RS (ms): Min: 0.2, Avg: 3.4, Max: 4.6, Diff: 4.3, Sum: 13.5]
      [Code Root Scanning (ms): Min: 0.0, Avg: 0.0, Max: 0.0, Diff: 0.0, Sum: 0.0]
      [Object Copy (ms): Min: 16.5, Avg: 16.9, Max: 17.2, Diff: 0.7, Sum: 67.6]
      [Termination (ms): Min: 0.0, Avg: 0.9, Max: 1.8, Diff: 1.8, Sum: 3.5]
         [Termination Attempts: Min: 1, Avg: 1.0, Max: 1, Diff: 0, Sum: 4]
      [GC Worker Other (ms): Min: 0.0, Avg: 0.0, Max: 0.0, Diff: 0.0, Sum: 0.1]
      [GC Worker Total (ms): Min: 25.7, Avg: 26.2, Max: 27.4, Diff: 1.7, Sum: 104.6]
      [GC Worker End (ms): Min: 3227979.6, Avg: 3227980.4, Max: 3227981.2, Diff: 1.7]
   [Code Root Fixup: 0.0 ms]
   [Code Root Purge: 0.0 ms]
   [Clear CT: 0.2 ms]
   [Other: 1.7 ms]
      [Choose CSet: 0.0 ms]
      [Ref Proc: 0.8 ms]
      [Ref Enq: 0.0 ms]
      [Redirty Cards: 0.2 ms]
      [Humongous Register: 0.2 ms]
      [Humongous Reclaim: 0.0 ms]
      [Free CSet: 0.1 ms]
   [Eden: 44.0M(44.0M)->0.0B(46.0M) Survivors: 7168.0K->5120.0K Heap: 275.2M(1024.0M)->231.5M(1024.0M)]
 [Times: user=0.07 sys=0.01, real=0.03 secs] 
2018-12-01T22:49:49.987+0800: 3252.352: [GC pause (G1 Evacuation Pause) (young), 0.0232506 secs]
   [Parallel Time: 22.4 ms, GC Workers: 4]
      [GC Worker Start (ms): Min: 3252352.3, Avg: 3252352.4, Max: 3252352.7, Diff: 0.4]
      [Ext Root Scanning (ms): Min: 0.7, Avg: 1.0, Max: 1.1, Diff: 0.5, Sum: 4.0]
      [Update RS (ms): Min: 2.5, Avg: 4.1, Max: 6.2, Diff: 3.7, Sum: 16.5]
         [Processed Buffers: Min: 6, Avg: 9.0, Max: 13, Diff: 7, Sum: 36]
      [Scan RS (ms): Min: 4.0, Avg: 6.1, Max: 7.9, Diff: 3.8, Sum: 24.6]
      [Code Root Scanning (ms): Min: 0.0, Avg: 0.0, Max: 0.1, Diff: 0.1, Sum: 0.2]
      [Object Copy (ms): Min: 10.7, Avg: 10.8, Max: 10.9, Diff: 0.2, Sum: 43.1]
      [Termination (ms): Min: 0.0, Avg: 0.1, Max: 0.1, Diff: 0.1, Sum: 0.4]
         [Termination Attempts: Min: 1, Avg: 1.0, Max: 1, Diff: 0, Sum: 4]
      [GC Worker Other (ms): Min: 0.0, Avg: 0.0, Max: 0.0, Diff: 0.0, Sum: 0.1]
      [GC Worker Total (ms): Min: 21.9, Avg: 22.2, Max: 22.3, Diff: 0.4, Sum: 88.8]
      [GC Worker End (ms): Min: 3252374.6, Avg: 3252374.6, Max: 3252374.6, Diff: 0.0]
   [Code Root Fixup: 0.0 ms]
   [Code Root Purge: 0.0 ms]
   [Clear CT: 0.1 ms]
   [Other: 0.7 ms]
      [Choose CSet: 0.0 ms]
      [Ref Proc: 0.2 ms]
      [Ref Enq: 0.0 ms]
      [Redirty Cards: 0.1 ms]
      [Humongous Register: 0.0 ms]
      [Humongous Reclaim: 0.0 ms]
      [Free CSet: 0.1 ms]
   [Eden: 46.0M(46.0M)->0.0B(45.0M) Survivors: 5120.0K->6144.0K Heap: 277.5M(1024.0M)->232.0M(1024.0M)]
 [Times: user=0.06 sys=0.01, real=0.03 secs] 
2018-12-01T22:50:13.121+0800: 3275.485: [GC pause (G1 Evacuation Pause) (young), 0.0535413 secs]
   [Parallel Time: 48.0 ms, GC Workers: 4]
      [GC Worker Start (ms): Min: 3275490.0, Avg: 3275490.2, Max: 3275490.4, Diff: 0.3]
      [Ext Root Scanning (ms): Min: 5.6, Avg: 7.5, Max: 12.7, Diff: 7.1, Sum: 29.9]
      [Update RS (ms): Min: 5.0, Avg: 9.8, Max: 11.9, Diff: 6.9, Sum: 39.0]
         [Processed Buffers: Min: 1, Avg: 8.2, Max: 22, Diff: 21, Sum: 33]
      [Scan RS (ms): Min: 7.9, Avg: 8.4, Max: 9.3, Diff: 1.4, Sum: 33.8]
      [Code Root Scanning (ms): Min: 0.0, Avg: 0.1, Max: 0.2, Diff: 0.2, Sum: 0.2]
      [Object Copy (ms): Min: 21.8, Avg: 21.9, Max: 22.1, Diff: 0.3, Sum: 87.8]
      [Termination (ms): Min: 0.0, Avg: 0.0, Max: 0.0, Diff: 0.0, Sum: 0.0]
         [Termination Attempts: Min: 2, Avg: 2.5, Max: 3, Diff: 1, Sum: 10]
      [GC Worker Other (ms): Min: 0.0, Avg: 0.1, Max: 0.1, Diff: 0.0, Sum: 0.2]
      [GC Worker Total (ms): Min: 47.6, Avg: 47.7, Max: 47.9, Diff: 0.3, Sum: 190.9]
      [GC Worker End (ms): Min: 3275537.9, Avg: 3275537.9, Max: 3275537.9, Diff: 0.0]
   [Code Root Fixup: 0.0 ms]
   [Code Root Purge: 0.0 ms]
   [Clear CT: 0.1 ms]
   [Other: 5.4 ms]
      [Choose CSet: 0.0 ms]
      [Ref Proc: 0.2 ms]
      [Ref Enq: 0.0 ms]
      [Redirty Cards: 0.1 ms]
      [Humongous Register: 4.0 ms]
      [Humongous Reclaim: 0.0 ms]
      [Free CSet: 0.2 ms]
   [Eden: 45.0M(45.0M)->0.0B(44.0M) Survivors: 6144.0K->7168.0K Heap: 277.0M(1024.0M)->233.8M(1024.0M)]
 [Times: user=0.07 sys=0.10, real=0.05 secs] 
2018-12-01T22:50:36.371+0800: 3298.735: [GC pause (G1 Evacuation Pause) (young), 0.0182687 secs]
   [Parallel Time: 17.3 ms, GC Workers: 4]
      [GC Worker Start (ms): Min: 3298735.4, Avg: 3298735.5, Max: 3298735.6, Diff: 0.2]
      [Ext Root Scanning (ms): Min: 0.7, Avg: 0.9, Max: 1.1, Diff: 0.3, Sum: 3.5]
      [Update RS (ms): Min: 1.4, Avg: 1.7, Max: 2.0, Diff: 0.6, Sum: 6.9]
         [Processed Buffers: Min: 3, Avg: 8.5, Max: 18, Diff: 15, Sum: 34]
      [Scan RS (ms): Min: 2.5, Avg: 2.8, Max: 3.1, Diff: 0.6, Sum: 11.1]
      [Code Root Scanning (ms): Min: 0.0, Avg: 0.0, Max: 0.1, Diff: 0.1, Sum: 0.1]
      [Object Copy (ms): Min: 11.6, Avg: 11.7, Max: 11.8, Diff: 0.1, Sum: 46.9]
      [Termination (ms): Min: 0.0, Avg: 0.0, Max: 0.0, Diff: 0.0, Sum: 0.0]
         [Termination Attempts: Min: 1, Avg: 2.2, Max: 3, Diff: 2, Sum: 9]
      [GC Worker Other (ms): Min: 0.0, Avg: 0.0, Max: 0.0, Diff: 0.0, Sum: 0.1]
      [GC Worker Total (ms): Min: 17.0, Avg: 17.1, Max: 17.2, Diff: 0.2, Sum: 68.5]
      [GC Worker End (ms): Min: 3298752.6, Avg: 3298752.6, Max: 3298752.6, Diff: 0.0]
   [Code Root Fixup: 0.0 ms]
   [Code Root Purge: 0.0 ms]
   [Clear CT: 0.1 ms]
   [Other: 0.9 ms]
      [Choose CSet: 0.0 ms]
      [Ref Proc: 0.3 ms]
      [Ref Enq: 0.0 ms]
      [Redirty Cards: 0.1 ms]
      [Humongous Register: 0.0 ms]
      [Humongous Reclaim: 0.0 ms]
      [Free CSet: 0.1 ms]
   [Eden: 44.0M(44.0M)->0.0B(46.0M) Survivors: 7168.0K->5120.0K Heap: 277.8M(1024.0M)->233.1M(1024.0M)]
 [Times: user=0.06 sys=0.01, real=0.02 secs] 
2018-12-01T22:51:00.832+0800: 3323.196: [GC pause (G1 Evacuation Pause) (young), 0.0401951 secs]
   [Parallel Time: 35.2 ms, GC Workers: 4]
      [GC Worker Start (ms): Min: 3323199.7, Avg: 3323199.8, Max: 3323200.0, Diff: 0.3]
      [Ext Root Scanning (ms): Min: 4.4, Avg: 5.8, Max: 9.1, Diff: 4.8, Sum: 23.2]
      [Update RS (ms): Min: 2.0, Avg: 4.9, Max: 6.2, Diff: 4.2, Sum: 19.4]
         [Processed Buffers: Min: 1, Avg: 9.2, Max: 20, Diff: 19, Sum: 37]
      [Scan RS (ms): Min: 6.8, Avg: 7.1, Max: 7.3, Diff: 0.5, Sum: 28.3]
      [Code Root Scanning (ms): Min: 0.0, Avg: 0.0, Max: 0.1, Diff: 0.1, Sum: 0.1]
      [Object Copy (ms): Min: 16.4, Avg: 17.1, Max: 17.8, Diff: 1.4, Sum: 68.2]
      [Termination (ms): Min: 0.0, Avg: 0.0, Max: 0.0, Diff: 0.0, Sum: 0.1]
         [Termination Attempts: Min: 1, Avg: 1.2, Max: 2, Diff: 1, Sum: 5]
      [GC Worker Other (ms): Min: 0.0, Avg: 0.1, Max: 0.1, Diff: 0.0, Sum: 0.3]
      [GC Worker Total (ms): Min: 34.8, Avg: 34.9, Max: 35.0, Diff: 0.3, Sum: 139.6]
      [GC Worker End (ms): Min: 3323234.7, Avg: 3323234.7, Max: 3323234.7, Diff: 0.0]
   [Code Root Fixup: 0.0 ms]
   [Code Root Purge: 0.0 ms]
   [Clear CT: 0.1 ms]
   [Other: 4.9 ms]
      [Choose CSet: 0.0 ms]
      [Ref Proc: 0.2 ms]
      [Ref Enq: 0.0 ms]
      [Redirty Cards: 0.1 ms]
      [Humongous Register: 3.5 ms]
      [Humongous Reclaim: 0.0 ms]
      [Free CSet: 0.2 ms]
   [Eden: 46.0M(46.0M)->0.0B(46.0M) Survivors: 5120.0K->5120.0K Heap: 279.1M(1024.0M)->233.1M(1024.0M)]
 [Times: user=0.06 sys=0.06, real=0.04 secs] 
2018-12-01T22:51:25.194+0800: 3347.556: [GC pause (G1 Evacuation Pause) (young), 0.0274527 secs]
   [Parallel Time: 26.5 ms, GC Workers: 4]
      [GC Worker Start (ms): Min: 3347556.4, Avg: 3347556.5, Max: 3347556.5, Diff: 0.1]
      [Ext Root Scanning (ms): Min: 1.3, Avg: 1.5, Max: 2.1, Diff: 0.7, Sum: 6.2]
      [Update RS (ms): Min: 2.9, Avg: 3.4, Max: 4.6, Diff: 1.7, Sum: 13.4]
         [Processed Buffers: Min: 2, Avg: 7.8, Max: 14, Diff: 12, Sum: 31]
      [Scan RS (ms): Min: 4.7, Avg: 5.8, Max: 6.5, Diff: 1.8, Sum: 23.2]
      [Code Root Scanning (ms): Min: 0.0, Avg: 0.0, Max: 0.1, Diff: 0.1, Sum: 0.1]
      [Object Copy (ms): Min: 15.2, Avg: 15.2, Max: 15.4, Diff: 0.2, Sum: 60.9]
      [Termination (ms): Min: 0.0, Avg: 0.2, Max: 0.4, Diff: 0.4, Sum: 0.8]
         [Termination Attempts: Min: 1, Avg: 1.0, Max: 1, Diff: 0, Sum: 4]
      [GC Worker Other (ms): Min: 0.0, Avg: 0.0, Max: 0.1, Diff: 0.0, Sum: 0.1]
      [GC Worker Total (ms): Min: 26.1, Avg: 26.2, Max: 26.3, Diff: 0.3, Sum: 104.8]
      [GC Worker End (ms): Min: 3347582.6, Avg: 3347582.7, Max: 3347582.8, Diff: 0.2]
   [Code Root Fixup: 0.0 ms]
   [Code Root Purge: 0.0 ms]
   [Clear CT: 0.1 ms]
   [Other: 0.8 ms]
      [Choose CSet: 0.0 ms]
      [Ref Proc: 0.2 ms]
      [Ref Enq: 0.0 ms]
      [Redirty Cards: 0.1 ms]
      [Humongous Register: 0.0 ms]
      [Humongous Reclaim: 0.0 ms]
      [Free CSet: 0.1 ms]
   [Eden: 46.0M(46.0M)->0.0B(44.0M) Survivors: 5120.0K->7168.0K Heap: 279.1M(1024.0M)->235.9M(1024.0M)]
 [Times: user=0.07 sys=0.03, real=0.03 secs] 
2018-12-01T22:51:48.696+0800: 3371.058: [GC pause (G1 Evacuation Pause) (young), 0.0485657 secs]
   [Parallel Time: 43.5 ms, GC Workers: 4]
      [GC Worker Start (ms): Min: 3371062.4, Avg: 3371062.6, Max: 3371062.7, Diff: 0.3]
      [Ext Root Scanning (ms): Min: 4.5, Avg: 6.5, Max: 10.6, Diff: 6.1, Sum: 25.8]
      [Update RS (ms): Min: 0.9, Avg: 5.4, Max: 7.6, Diff: 6.8, Sum: 21.6]
         [Processed Buffers: Min: 4, Avg: 7.8, Max: 15, Diff: 11, Sum: 31]
      [Scan RS (ms): Min: 8.2, Avg: 9.3, Max: 10.2, Diff: 2.0, Sum: 37.0]
      [Code Root Scanning (ms): Min: 0.0, Avg: 0.1, Max: 0.1, Diff: 0.1, Sum: 0.2]
      [Object Copy (ms): Min: 21.7, Avg: 21.8, Max: 21.9, Diff: 0.2, Sum: 87.0]
      [Termination (ms): Min: 0.0, Avg: 0.0, Max: 0.0, Diff: 0.0, Sum: 0.0]
         [Termination Attempts: Min: 1, Avg: 1.0, Max: 1, Diff: 0, Sum: 4]
      [GC Worker Other (ms): Min: 0.0, Avg: 0.3, Max: 0.9, Diff: 0.8, Sum: 1.1]
      [GC Worker Total (ms): Min: 43.1, Avg: 43.2, Max: 43.4, Diff: 0.3, Sum: 172.9]
      [GC Worker End (ms): Min: 3371105.8, Avg: 3371105.8, Max: 3371105.8, Diff: 0.0]
   [Code Root Fixup: 0.0 ms]
   [Code Root Purge: 0.0 ms]
   [Clear CT: 0.0 ms]
   [Other: 5.0 ms]
      [Choose CSet: 0.0 ms]
      [Ref Proc: 0.2 ms]
      [Ref Enq: 0.0 ms]
      [Redirty Cards: 0.1 ms]
      [Humongous Register: 3.5 ms]
      [Humongous Reclaim: 0.0 ms]
      [Free CSet: 0.2 ms]
   [Eden: 44.0M(44.0M)->0.0B(46.0M) Survivors: 7168.0K->5120.0K Heap: 279.9M(1024.0M)->235.9M(1024.0M)]
 [Times: user=0.07 sys=0.08, real=0.05 secs] 
2018-12-01T22:52:13.019+0800: 3395.380: [GC pause (G1 Evacuation Pause) (young), 0.0272103 secs]
   [Parallel Time: 26.4 ms, GC Workers: 4]
      [GC Worker Start (ms): Min: 3395380.3, Avg: 3395380.3, Max: 3395380.4, Diff: 0.1]
      [Ext Root Scanning (ms): Min: 0.9, Avg: 1.0, Max: 1.0, Diff: 0.1, Sum: 3.8]
      [Update RS (ms): Min: 2.6, Avg: 2.7, Max: 2.7, Diff: 0.1, Sum: 10.7]
         [Processed Buffers: Min: 4, Avg: 7.8, Max: 16, Diff: 12, Sum: 31]
      [Scan RS (ms): Min: 6.5, Avg: 6.9, Max: 7.2, Diff: 0.7, Sum: 27.4]
      [Code Root Scanning (ms): Min: 0.0, Avg: 0.0, Max: 0.1, Diff: 0.1, Sum: 0.1]
      [Object Copy (ms): Min: 15.5, Avg: 15.7, Max: 16.1, Diff: 0.7, Sum: 62.8]
      [Termination (ms): Min: 0.0, Avg: 0.0, Max: 0.0, Diff: 0.0, Sum: 0.0]
         [Termination Attempts: Min: 1, Avg: 1.0, Max: 1, Diff: 0, Sum: 4]
      [GC Worker Other (ms): Min: 0.0, Avg: 0.0, Max: 0.1, Diff: 0.0, Sum: 0.2]
      [GC Worker Total (ms): Min: 26.2, Avg: 26.3, Max: 26.3, Diff: 0.1, Sum: 105.1]
      [GC Worker End (ms): Min: 3395406.6, Avg: 3395406.6, Max: 3395406.6, Diff: 0.0]
   [Code Root Fixup: 0.0 ms]
   [Code Root Purge: 0.0 ms]
   [Clear CT: 0.1 ms]
   [Other: 0.7 ms]
      [Choose CSet: 0.0 ms]
      [Ref Proc: 0.2 ms]
      [Ref Enq: 0.0 ms]
      [Redirty Cards: 0.1 ms]
      [Humongous Register: 0.1 ms]
      [Humongous Reclaim: 0.0 ms]
      [Free CSet: 0.1 ms]
   [Eden: 46.0M(46.0M)->0.0B(46.0M) Survivors: 5120.0K->5120.0K Heap: 281.9M(1024.0M)->236.9M(1024.0M)]
 [Times: user=0.07 sys=0.01, real=0.03 secs] 
2018-12-01T22:52:37.516+0800: 3419.877: [GC pause (G1 Evacuation Pause) (young), 0.0590657 secs]
   [Parallel Time: 45.0 ms, GC Workers: 4]
      [GC Worker Start (ms): Min: 3419888.3, Avg: 3419888.5, Max: 3419888.7, Diff: 0.4]
      [Ext Root Scanning (ms): Min: 5.6, Avg: 9.1, Max: 17.6, Diff: 12.1, Sum: 36.2]
      [Update RS (ms): Min: 0.0, Avg: 7.6, Max: 10.7, Diff: 10.7, Sum: 30.5]
         [Processed Buffers: Min: 0, Avg: 8.8, Max: 18, Diff: 18, Sum: 35]
      [Scan RS (ms): Min: 6.4, Avg: 6.6, Max: 6.8, Diff: 0.4, Sum: 26.3]
      [Code Root Scanning (ms): Min: 0.0, Avg: 0.0, Max: 0.0, Diff: 0.0, Sum: 0.0]
      [Object Copy (ms): Min: 20.6, Avg: 21.1, Max: 21.9, Diff: 1.3, Sum: 84.5]
      [Termination (ms): Min: 0.0, Avg: 0.1, Max: 0.1, Diff: 0.1, Sum: 0.3]
         [Termination Attempts: Min: 1, Avg: 1.0, Max: 1, Diff: 0, Sum: 4]
      [GC Worker Other (ms): Min: 0.0, Avg: 0.0, Max: 0.1, Diff: 0.1, Sum: 0.2]
      [GC Worker Total (ms): Min: 44.3, Avg: 44.5, Max: 44.7, Diff: 0.4, Sum: 178.1]
      [GC Worker End (ms): Min: 3419933.0, Avg: 3419933.1, Max: 3419933.1, Diff: 0.0]
   [Code Root Fixup: 0.0 ms]
   [Code Root Purge: 0.0 ms]
   [Clear CT: 0.1 ms]
   [Other: 14.0 ms]
      [Choose CSet: 0.0 ms]
      [Ref Proc: 1.5 ms]
      [Ref Enq: 0.0 ms]
      [Redirty Cards: 0.1 ms]
      [Humongous Register: 10.4 ms]
      [Humongous Reclaim: 0.0 ms]
      [Free CSet: 0.3 ms]
   [Eden: 46.0M(46.0M)->0.0B(46.0M) Survivors: 5120.0K->5120.0K Heap: 282.9M(1024.0M)->236.4M(1024.0M)]
 [Times: user=0.05 sys=0.05, real=0.06 secs] 
2018-12-01T22:53:02.230+0800: 3444.590: [GC pause (G1 Evacuation Pause) (young), 0.0827791 secs]
   [Parallel Time: 77.7 ms, GC Workers: 4]
      [GC Worker Start (ms): Min: 3444594.0, Avg: 3444594.1, Max: 3444594.2, Diff: 0.2]
      [Ext Root Scanning (ms): Min: 13.5, Avg: 18.9, Max: 34.8, Diff: 21.4, Sum: 75.5]
      [Update RS (ms): Min: 0.0, Avg: 16.8, Max: 23.5, Diff: 23.5, Sum: 67.1]
         [Processed Buffers: Min: 0, Avg: 7.2, Max: 13, Diff: 13, Sum: 29]
      [Scan RS (ms): Min: 10.5, Avg: 11.9, Max: 13.2, Diff: 2.7, Sum: 47.5]
      [Code Root Scanning (ms): Min: 0.0, Avg: 0.0, Max: 0.0, Diff: 0.0, Sum: 0.0]
      [Object Copy (ms): Min: 29.6, Avg: 29.9, Max: 30.1, Diff: 0.6, Sum: 119.5]
      [Termination (ms): Min: 0.0, Avg: 0.0, Max: 0.0, Diff: 0.0, Sum: 0.0]
         [Termination Attempts: Min: 1, Avg: 1.0, Max: 1, Diff: 0, Sum: 4]
      [GC Worker Other (ms): Min: 0.0, Avg: 0.1, Max: 0.1, Diff: 0.1, Sum: 0.2]
      [GC Worker Total (ms): Min: 77.4, Avg: 77.5, Max: 77.6, Diff: 0.2, Sum: 309.9]
      [GC Worker End (ms): Min: 3444671.6, Avg: 3444671.6, Max: 3444671.6, Diff: 0.0]
   [Code Root Fixup: 0.0 ms]
   [Code Root Purge: 0.0 ms]
   [Clear CT: 0.1 ms]
   [Other: 4.9 ms]
      [Choose CSet: 0.0 ms]
      [Ref Proc: 0.2 ms]
      [Ref Enq: 0.0 ms]
      [Redirty Cards: 0.1 ms]
      [Humongous Register: 3.1 ms]
      [Humongous Reclaim: 0.0 ms]
      [Free CSet: 0.2 ms]
   [Eden: 46.0M(46.0M)->0.0B(45.0M) Survivors: 5120.0K->6144.0K Heap: 282.4M(1024.0M)->238.5M(1024.0M)]
 [Times: user=0.07 sys=0.10, real=0.08 secs] 
2018-12-01T22:53:26.273+0800: 3468.631: [GC pause (G1 Evacuation Pause) (young), 0.0777911 secs]
   [Parallel Time: 72.3 ms, GC Workers: 4]
      [GC Worker Start (ms): Min: 3468636.0, Avg: 3468636.2, Max: 3468636.3, Diff: 0.3]
      [Ext Root Scanning (ms): Min: 10.9, Avg: 13.5, Max: 21.3, Diff: 10.4, Sum: 54.2]
      [Update RS (ms): Min: 10.8, Avg: 19.0, Max: 23.1, Diff: 12.3, Sum: 76.0]
         [Processed Buffers: Min: 2, Avg: 9.0, Max: 19, Diff: 17, Sum: 36]
      [Scan RS (ms): Min: 10.0, Avg: 11.6, Max: 13.3, Diff: 3.3, Sum: 46.3]
      [Code Root Scanning (ms): Min: 0.0, Avg: 0.0, Max: 0.0, Diff: 0.0, Sum: 0.0]
      [Object Copy (ms): Min: 27.7, Avg: 27.8, Max: 27.9, Diff: 0.3, Sum: 111.2]
      [Termination (ms): Min: 0.0, Avg: 0.0, Max: 0.0, Diff: 0.0, Sum: 0.0]
         [Termination Attempts: Min: 1, Avg: 1.0, Max: 1, Diff: 0, Sum: 4]
      [GC Worker Other (ms): Min: 0.0, Avg: 0.0, Max: 0.1, Diff: 0.0, Sum: 0.2]
      [GC Worker Total (ms): Min: 71.9, Avg: 72.0, Max: 72.1, Diff: 0.3, Sum: 287.9]
      [GC Worker End (ms): Min: 3468708.1, Avg: 3468708.1, Max: 3468708.1, Diff: 0.0]
   [Code Root Fixup: 0.0 ms]
   [Code Root Purge: 0.0 ms]
   [Clear CT: 0.1 ms]
   [Other: 5.4 ms]
      [Choose CSet: 0.0 ms]
      [Ref Proc: 0.2 ms]
      [Ref Enq: 0.0 ms]
      [Redirty Cards: 0.1 ms]
      [Humongous Register: 3.6 ms]
      [Humongous Reclaim: 0.0 ms]
      [Free CSet: 0.3 ms]
   [Eden: 45.0M(45.0M)->0.0B(45.0M) Survivors: 6144.0K->6144.0K Heap: 283.5M(1024.0M)->239.4M(1024.0M)]
 [Times: user=0.08 sys=0.09, real=0.08 secs] 
2018-12-01T22:53:50.514+0800: 3492.872: [GC pause (G1 Evacuation Pause) (young), 0.0187842 secs]
   [Parallel Time: 18.0 ms, GC Workers: 4]
      [GC Worker Start (ms): Min: 3492871.9, Avg: 3492871.9, Max: 3492872.1, Diff: 0.2]
      [Ext Root Scanning (ms): Min: 1.1, Avg: 1.5, Max: 2.6, Diff: 1.5, Sum: 6.1]
      [Update RS (ms): Min: 1.7, Avg: 2.7, Max: 3.0, Diff: 1.3, Sum: 10.8]
         [Processed Buffers: Min: 0, Avg: 9.2, Max: 13, Diff: 13, Sum: 37]
      [Scan RS (ms): Min: 3.8, Avg: 4.0, Max: 4.1, Diff: 0.3, Sum: 16.2]
      [Code Root Scanning (ms): Min: 0.0, Avg: 0.0, Max: 0.0, Diff: 0.0, Sum: 0.0]
      [Object Copy (ms): Min: 9.5, Avg: 9.6, Max: 9.7, Diff: 0.2, Sum: 38.3]
      [Termination (ms): Min: 0.0, Avg: 0.0, Max: 0.0, Diff: 0.0, Sum: 0.1]
         [Termination Attempts: Min: 1, Avg: 1.0, Max: 1, Diff: 0, Sum: 4]
      [GC Worker Other (ms): Min: 0.0, Avg: 0.0, Max: 0.1, Diff: 0.0, Sum: 0.2]
      [GC Worker Total (ms): Min: 17.8, Avg: 17.9, Max: 18.0, Diff: 0.2, Sum: 71.6]
      [GC Worker End (ms): Min: 3492889.8, Avg: 3492889.8, Max: 3492889.9, Diff: 0.0]
   [Code Root Fixup: 0.0 ms]
   [Code Root Purge: 0.0 ms]
   [Clear CT: 0.1 ms]
   [Other: 0.7 ms]
      [Choose CSet: 0.0 ms]
      [Ref Proc: 0.2 ms]
      [Ref Enq: 0.0 ms]
      [Redirty Cards: 0.1 ms]
      [Humongous Register: 0.0 ms]
      [Humongous Reclaim: 0.0 ms]
      [Free CSet: 0.1 ms]
   [Eden: 45.0M(45.0M)->0.0B(46.0M) Survivors: 6144.0K->5120.0K Heap: 284.4M(1024.0M)->240.0M(1024.0M)]
 [Times: user=0.06 sys=0.00, real=0.02 secs] 
2018-12-01T22:54:15.107+0800: 3517.464: [GC pause (G1 Evacuation Pause) (young), 0.0611642 secs]
   [Parallel Time: 57.7 ms, GC Workers: 4]
      [GC Worker Start (ms): Min: 3517466.5, Avg: 3517466.6, Max: 3517466.7, Diff: 0.2]
      [Ext Root Scanning (ms): Min: 9.6, Avg: 11.2, Max: 14.3, Diff: 4.6, Sum: 44.8]
      [Update RS (ms): Min: 6.8, Avg: 11.2, Max: 14.5, Diff: 7.7, Sum: 44.9]
         [Processed Buffers: Min: 1, Avg: 8.5, Max: 16, Diff: 15, Sum: 34]
      [Scan RS (ms): Min: 8.1, Avg: 11.1, Max: 13.1, Diff: 4.9, Sum: 44.4]
      [Code Root Scanning (ms): Min: 0.0, Avg: 0.0, Max: 0.0, Diff: 0.0, Sum: 0.0]
      [Object Copy (ms): Min: 23.2, Avg: 23.8, Max: 24.0, Diff: 0.8, Sum: 95.2]
      [Termination (ms): Min: 0.0, Avg: 0.1, Max: 0.1, Diff: 0.1, Sum: 0.4]
         [Termination Attempts: Min: 1, Avg: 1.0, Max: 1, Diff: 0, Sum: 4]
      [GC Worker Other (ms): Min: 0.0, Avg: 0.1, Max: 0.1, Diff: 0.1, Sum: 0.2]
      [GC Worker Total (ms): Min: 57.4, Avg: 57.5, Max: 57.6, Diff: 0.2, Sum: 230.0]
      [GC Worker End (ms): Min: 3517524.1, Avg: 3517524.1, Max: 3517524.1, Diff: 0.0]
   [Code Root Fixup: 0.0 ms]
   [Code Root Purge: 0.0 ms]
   [Clear CT: 0.1 ms]
   [Other: 3.3 ms]
      [Choose CSet: 0.0 ms]
      [Ref Proc: 0.3 ms]
      [Ref Enq: 0.0 ms]
      [Redirty Cards: 0.1 ms]
      [Humongous Register: 1.9 ms]
      [Humongous Reclaim: 0.0 ms]
      [Free CSet: 0.4 ms]
   [Eden: 46.0M(46.0M)->0.0B(45.0M) Survivors: 5120.0K->6144.0K Heap: 286.0M(1024.0M)->240.5M(1024.0M)]
 [Times: user=0.06 sys=0.06, real=0.07 secs] 
2018-12-01T22:54:39.170+0800: 3541.527: [GC pause (G1 Evacuation Pause) (young), 0.0216418 secs]
   [Parallel Time: 20.8 ms, GC Workers: 4]
      [GC Worker Start (ms): Min: 3541526.9, Avg: 3541526.9, Max: 3541527.0, Diff: 0.1]
      [Ext Root Scanning (ms): Min: 0.9, Avg: 1.0, Max: 1.0, Diff: 0.1, Sum: 3.9]
      [Update RS (ms): Min: 1.9, Avg: 2.3, Max: 3.2, Diff: 1.3, Sum: 9.3]
         [Processed Buffers: Min: 2, Avg: 8.0, Max: 13, Diff: 11, Sum: 32]
      [Scan RS (ms): Min: 4.1, Avg: 4.9, Max: 5.5, Diff: 1.4, Sum: 19.8]
      [Code Root Scanning (ms): Min: 0.0, Avg: 0.0, Max: 0.0, Diff: 0.0, Sum: 0.0]
      [Object Copy (ms): Min: 12.3, Avg: 12.4, Max: 12.5, Diff: 0.2, Sum: 49.5]
      [Termination (ms): Min: 0.0, Avg: 0.0, Max: 0.1, Diff: 0.1, Sum: 0.1]
         [Termination Attempts: Min: 1, Avg: 1.0, Max: 1, Diff: 0, Sum: 4]
      [GC Worker Other (ms): Min: 0.0, Avg: 0.0, Max: 0.0, Diff: 0.0, Sum: 0.1]
      [GC Worker Total (ms): Min: 20.7, Avg: 20.7, Max: 20.7, Diff: 0.0, Sum: 82.7]
      [GC Worker End (ms): Min: 3541547.6, Avg: 3541547.6, Max: 3541547.6, Diff: 0.0]
   [Code Root Fixup: 0.0 ms]
   [Code Root Purge: 0.0 ms]
   [Clear CT: 0.1 ms]
   [Other: 0.7 ms]
      [Choose CSet: 0.0 ms]
      [Ref Proc: 0.2 ms]
      [Ref Enq: 0.0 ms]
      [Redirty Cards: 0.1 ms]
      [Humongous Register: 0.0 ms]
      [Humongous Reclaim: 0.0 ms]
      [Free CSet: 0.1 ms]
   [Eden: 45.0M(45.0M)->0.0B(44.0M) Survivors: 6144.0K->7168.0K Heap: 285.5M(1024.0M)->242.1M(1024.0M)]
 [Times: user=0.08 sys=0.01, real=0.02 secs] 
2018-12-01T22:55:02.516+0800: 3564.872: [GC pause (G1 Evacuation Pause) (young), 0.0196405 secs]
   [Parallel Time: 18.6 ms, GC Workers: 4]
      [GC Worker Start (ms): Min: 3564872.0, Avg: 3564872.0, Max: 3564872.1, Diff: 0.1]
      [Ext Root Scanning (ms): Min: 0.6, Avg: 0.6, Max: 0.7, Diff: 0.2, Sum: 2.5]
      [Update RS (ms): Min: 1.6, Avg: 1.7, Max: 1.8, Diff: 0.2, Sum: 6.8]
         [Processed Buffers: Min: 5, Avg: 9.2, Max: 12, Diff: 7, Sum: 37]
      [Scan RS (ms): Min: 5.0, Avg: 5.1, Max: 5.2, Diff: 0.2, Sum: 20.3]
      [Code Root Scanning (ms): Min: 0.0, Avg: 0.0, Max: 0.0, Diff: 0.0, Sum: 0.0]
      [Object Copy (ms): Min: 11.1, Avg: 11.1, Max: 11.1, Diff: 0.0, Sum: 44.3]
      [Termination (ms): Min: 0.0, Avg: 0.0, Max: 0.0, Diff: 0.0, Sum: 0.0]
         [Termination Attempts: Min: 1, Avg: 1.0, Max: 1, Diff: 0, Sum: 4]
      [GC Worker Other (ms): Min: 0.0, Avg: 0.0, Max: 0.1, Diff: 0.0, Sum: 0.1]
      [GC Worker Total (ms): Min: 18.5, Avg: 18.5, Max: 18.5, Diff: 0.1, Sum: 74.0]
      [GC Worker End (ms): Min: 3564890.5, Avg: 3564890.6, Max: 3564890.6, Diff: 0.0]
   [Code Root Fixup: 0.0 ms]
   [Code Root Purge: 0.0 ms]
   [Clear CT: 0.1 ms]
   [Other: 0.9 ms]
      [Choose CSet: 0.0 ms]
      [Ref Proc: 0.3 ms]
      [Ref Enq: 0.0 ms]
      [Redirty Cards: 0.1 ms]
      [Humongous Register: 0.1 ms]
      [Humongous Reclaim: 0.0 ms]
      [Free CSet: 0.1 ms]
   [Eden: 44.0M(44.0M)->0.0B(46.0M) Survivors: 7168.0K->5120.0K Heap: 286.1M(1024.0M)->241.4M(1024.0M)]
 [Times: user=0.06 sys=0.00, real=0.02 secs] 
2018-12-01T22:55:26.913+0800: 3589.268: [GC pause (G1 Evacuation Pause) (young), 0.0197222 secs]
   [Parallel Time: 18.9 ms, GC Workers: 4]
      [GC Worker Start (ms): Min: 3589268.4, Avg: 3589268.4, Max: 3589268.4, Diff: 0.0]
      [Ext Root Scanning (ms): Min: 0.8, Avg: 0.8, Max: 0.8, Diff: 0.1, Sum: 3.3]
      [Update RS (ms): Min: 2.4, Avg: 2.7, Max: 3.1, Diff: 0.7, Sum: 10.8]
         [Processed Buffers: Min: 1, Avg: 8.0, Max: 15, Diff: 14, Sum: 32]
      [Scan RS (ms): Min: 4.9, Avg: 5.2, Max: 5.5, Diff: 0.5, Sum: 20.7]
      [Code Root Scanning (ms): Min: 0.0, Avg: 0.0, Max: 0.0, Diff: 0.0, Sum: 0.0]
      [Object Copy (ms): Min: 9.9, Avg: 10.0, Max: 10.1, Diff: 0.2, Sum: 40.1]
      [Termination (ms): Min: 0.0, Avg: 0.0, Max: 0.0, Diff: 0.0, Sum: 0.0]
         [Termination Attempts: Min: 1, Avg: 1.0, Max: 1, Diff: 0, Sum: 4]
      [GC Worker Other (ms): Min: 0.0, Avg: 0.0, Max: 0.1, Diff: 0.0, Sum: 0.2]
      [GC Worker Total (ms): Min: 18.8, Avg: 18.8, Max: 18.8, Diff: 0.0, Sum: 75.1]
      [GC Worker End (ms): Min: 3589287.2, Avg: 3589287.2, Max: 3589287.2, Diff: 0.0]
   [Code Root Fixup: 0.0 ms]
   [Code Root Purge: 0.0 ms]
   [Clear CT: 0.1 ms]
   [Other: 0.7 ms]
      [Choose CSet: 0.0 ms]
      [Ref Proc: 0.2 ms]
      [Ref Enq: 0.0 ms]
      [Redirty Cards: 0.1 ms]
      [Humongous Register: 0.0 ms]
      [Humongous Reclaim: 0.0 ms]
      [Free CSet: 0.1 ms]
   [Eden: 46.0M(46.0M)->0.0B(46.0M) Survivors: 5120.0K->5120.0K Heap: 287.4M(1024.0M)->242.5M(1024.0M)]
 [Times: user=0.07 sys=0.00, real=0.02 secs] 
2018-12-01T22:55:49.712+0800: 3612.066: [GC pause (G1 Evacuation Pause) (young), 0.0304894 secs]
   [Parallel Time: 29.6 ms, GC Workers: 4]
      [GC Worker Start (ms): Min: 3612066.7, Avg: 3612066.9, Max: 3612067.3, Diff: 0.5]
      [Ext Root Scanning (ms): Min: 0.9, Avg: 1.6, Max: 2.8, Diff: 1.9, Sum: 6.4]
      [Update RS (ms): Min: 1.4, Avg: 2.6, Max: 3.5, Diff: 2.0, Sum: 10.3]
         [Processed Buffers: Min: 1, Avg: 9.0, Max: 14, Diff: 13, Sum: 36]
      [Scan RS (ms): Min: 6.0, Avg: 6.6, Max: 6.8, Diff: 0.8, Sum: 26.2]
      [Code Root Scanning (ms): Min: 0.0, Avg: 0.0, Max: 0.0, Diff: 0.0, Sum: 0.0]
      [Object Copy (ms): Min: 18.6, Avg: 18.6, Max: 18.7, Diff: 0.1, Sum: 74.5]
      [Termination (ms): Min: 0.0, Avg: 0.0, Max: 0.0, Diff: 0.0, Sum: 0.0]
         [Termination Attempts: Min: 1, Avg: 1.0, Max: 1, Diff: 0, Sum: 4]
      [GC Worker Other (ms): Min: 0.0, Avg: 0.0, Max: 0.0, Diff: 0.0, Sum: 0.1]
      [GC Worker Total (ms): Min: 29.0, Avg: 29.4, Max: 29.5, Diff: 0.5, Sum: 117.5]
      [GC Worker End (ms): Min: 3612096.3, Avg: 3612096.3, Max: 3612096.3, Diff: 0.0]
   [Code Root Fixup: 0.0 ms]
   [Code Root Purge: 0.0 ms]
   [Clear CT: 0.1 ms]
   [Other: 0.8 ms]
      [Choose CSet: 0.0 ms]
      [Ref Proc: 0.2 ms]
      [Ref Enq: 0.0 ms]
      [Redirty Cards: 0.1 ms]
      [Humongous Register: 0.0 ms]
      [Humongous Reclaim: 0.0 ms]
      [Free CSet: 0.1 ms]
   [Eden: 46.0M(46.0M)->0.0B(44.0M) Survivors: 5120.0K->7168.0K Heap: 288.5M(1024.0M)->245.5M(1024.0M)]
 [Times: user=0.09 sys=0.01, real=0.03 secs] 
2018-12-01T22:56:12.996+0800: 3635.350: [GC pause (G1 Evacuation Pause) (young), 0.0746202 secs]
   [Parallel Time: 68.6 ms, GC Workers: 4]
      [GC Worker Start (ms): Min: 3635354.2, Avg: 3635354.4, Max: 3635354.5, Diff: 0.2]
      [Ext Root Scanning (ms): Min: 4.3, Avg: 6.4, Max: 10.3, Diff: 6.0, Sum: 25.7]
      [Update RS (ms): Min: 1.6, Avg: 4.9, Max: 6.4, Diff: 4.8, Sum: 19.8]
         [Processed Buffers: Min: 2, Avg: 8.5, Max: 15, Diff: 13, Sum: 34]
      [Scan RS (ms): Min: 14.4, Avg: 14.8, Max: 15.1, Diff: 0.7, Sum: 59.1]
      [Code Root Scanning (ms): Min: 0.0, Avg: 0.0, Max: 0.0, Diff: 0.0, Sum: 0.0]
      [Object Copy (ms): Min: 41.0, Avg: 41.1, Max: 41.3, Diff: 0.4, Sum: 164.5]
      [Termination (ms): Min: 0.0, Avg: 0.4, Max: 0.7, Diff: 0.7, Sum: 1.4]
         [Termination Attempts: Min: 1, Avg: 1.2, Max: 2, Diff: 1, Sum: 5]
      [GC Worker Other (ms): Min: 0.0, Avg: 0.4, Max: 1.3, Diff: 1.3, Sum: 1.5]
      [GC Worker Total (ms): Min: 67.6, Avg: 68.0, Max: 68.4, Diff: 0.8, Sum: 272.0]
      [GC Worker End (ms): Min: 3635422.1, Avg: 3635422.4, Max: 3635422.7, Diff: 0.6]
   [Code Root Fixup: 0.0 ms]
   [Code Root Purge: 0.0 ms]
   [Clear CT: 0.1 ms]
   [Other: 5.9 ms]
      [Choose CSet: 0.0 ms]
      [Ref Proc: 0.4 ms]
      [Ref Enq: 0.0 ms]
      [Redirty Cards: 0.2 ms]
      [Humongous Register: 3.5 ms]
      [Humongous Reclaim: 0.0 ms]
      [Free CSet: 0.4 ms]
   [Eden: 44.0M(44.0M)->0.0B(46.0M) Survivors: 7168.0K->5120.0K Heap: 289.5M(1024.0M)->246.1M(1024.0M)]
 [Times: user=0.08 sys=0.10, real=0.08 secs] 
2018-12-01T22:56:37.431+0800: 3659.784: [GC pause (G1 Evacuation Pause) (young), 0.0169854 secs]
   [Parallel Time: 16.1 ms, GC Workers: 4]
      [GC Worker Start (ms): Min: 3659784.5, Avg: 3659784.6, Max: 3659784.7, Diff: 0.2]
      [Ext Root Scanning (ms): Min: 1.1, Avg: 1.3, Max: 1.6, Diff: 0.5, Sum: 5.0]
      [Update RS (ms): Min: 1.4, Avg: 2.0, Max: 2.5, Diff: 1.2, Sum: 8.0]
         [Processed Buffers: Min: 4, Avg: 8.5, Max: 15, Diff: 11, Sum: 34]
      [Scan RS (ms): Min: 5.3, Avg: 5.6, Max: 5.9, Diff: 0.6, Sum: 22.6]
      [Code Root Scanning (ms): Min: 0.0, Avg: 0.0, Max: 0.0, Diff: 0.0, Sum: 0.0]
      [Object Copy (ms): Min: 6.9, Avg: 7.1, Max: 7.1, Diff: 0.2, Sum: 28.2]
      [Termination (ms): Min: 0.0, Avg: 0.0, Max: 0.0, Diff: 0.0, Sum: 0.0]
         [Termination Attempts: Min: 1, Avg: 1.0, Max: 1, Diff: 0, Sum: 4]
      [GC Worker Other (ms): Min: 0.0, Avg: 0.0, Max: 0.0, Diff: 0.0, Sum: 0.1]
      [GC Worker Total (ms): Min: 15.9, Avg: 16.0, Max: 16.0, Diff: 0.2, Sum: 63.9]
      [GC Worker End (ms): Min: 3659800.6, Avg: 3659800.6, Max: 3659800.6, Diff: 0.0]
   [Code Root Fixup: 0.0 ms]
   [Code Root Purge: 0.0 ms]
   [Clear CT: 0.1 ms]
   [Other: 0.7 ms]
      [Choose CSet: 0.0 ms]
      [Ref Proc: 0.2 ms]
      [Ref Enq: 0.0 ms]
      [Redirty Cards: 0.1 ms]
      [Humongous Register: 0.0 ms]
      [Humongous Reclaim: 0.0 ms]
      [Free CSet: 0.1 ms]
   [Eden: 46.0M(46.0M)->0.0B(46.0M) Survivors: 5120.0K->5120.0K Heap: 292.1M(1024.0M)->246.1M(1024.0M)]
 [Times: user=0.06 sys=0.00, real=0.02 secs] 
2018-12-01T22:57:01.856+0800: 3684.208: [GC pause (G1 Evacuation Pause) (young), 0.0256537 secs]
   [Parallel Time: 23.9 ms, GC Workers: 4]
      [GC Worker Start (ms): Min: 3684208.5, Avg: 3684208.6, Max: 3684208.6, Diff: 0.1]
      [Ext Root Scanning (ms): Min: 1.1, Avg: 1.2, Max: 1.4, Diff: 0.3, Sum: 5.0]
      [Update RS (ms): Min: 2.7, Avg: 2.9, Max: 3.0, Diff: 0.4, Sum: 11.4]
         [Processed Buffers: Min: 1, Avg: 8.0, Max: 21, Diff: 20, Sum: 32]
      [Scan RS (ms): Min: 5.1, Avg: 5.3, Max: 5.5, Diff: 0.4, Sum: 21.2]
      [Code Root Scanning (ms): Min: 0.0, Avg: 0.0, Max: 0.0, Diff: 0.0, Sum: 0.0]
      [Object Copy (ms): Min: 13.9, Avg: 14.0, Max: 14.2, Diff: 0.3, Sum: 56.0]
      [Termination (ms): Min: 0.0, Avg: 0.3, Max: 0.4, Diff: 0.4, Sum: 1.0]
         [Termination Attempts: Min: 1, Avg: 1.0, Max: 1, Diff: 0, Sum: 4]
      [GC Worker Other (ms): Min: 0.0, Avg: 0.0, Max: 0.1, Diff: 0.1, Sum: 0.2]
      [GC Worker Total (ms): Min: 23.6, Avg: 23.7, Max: 23.8, Diff: 0.2, Sum: 94.8]
      [GC Worker End (ms): Min: 3684232.2, Avg: 3684232.2, Max: 3684232.3, Diff: 0.1]
   [Code Root Fixup: 0.0 ms]
   [Code Root Purge: 0.0 ms]
   [Clear CT: 0.1 ms]
   [Other: 1.7 ms]
      [Choose CSet: 0.0 ms]
      [Ref Proc: 0.7 ms]
      [Ref Enq: 0.0 ms]
      [Redirty Cards: 0.1 ms]
      [Humongous Register: 0.3 ms]
      [Humongous Reclaim: 0.0 ms]
      [Free CSet: 0.1 ms]
   [Eden: 46.0M(46.0M)->0.0B(45.0M) Survivors: 5120.0K->6144.0K Heap: 292.1M(1024.0M)->247.1M(1024.0M)]
 [Times: user=0.06 sys=0.01, real=0.03 secs] 
2018-12-01T22:57:25.743+0800: 3708.095: [GC pause (G1 Evacuation Pause) (young), 0.0581922 secs]
   [Parallel Time: 52.0 ms, GC Workers: 4]
      [GC Worker Start (ms): Min: 3708100.2, Avg: 3708100.4, Max: 3708100.5, Diff: 0.3]
      [Ext Root Scanning (ms): Min: 6.9, Avg: 8.7, Max: 13.7, Diff: 6.8, Sum: 34.8]
      [Update RS (ms): Min: 3.2, Avg: 7.8, Max: 9.4, Diff: 6.2, Sum: 31.0]
         [Processed Buffers: Min: 0, Avg: 8.8, Max: 20, Diff: 20, Sum: 35]
      [Scan RS (ms): Min: 16.5, Avg: 16.6, Max: 16.8, Diff: 0.3, Sum: 66.6]
      [Code Root Scanning (ms): Min: 0.0, Avg: 0.0, Max: 0.0, Diff: 0.0, Sum: 0.0]
      [Object Copy (ms): Min: 18.3, Avg: 18.5, Max: 18.6, Diff: 0.3, Sum: 74.1]
      [Termination (ms): Min: 0.0, Avg: 0.0, Max: 0.0, Diff: 0.0, Sum: 0.0]
         [Termination Attempts: Min: 1, Avg: 1.2, Max: 2, Diff: 1, Sum: 5]
      [GC Worker Other (ms): Min: 0.0, Avg: 0.1, Max: 0.1, Diff: 0.1, Sum: 0.4]
      [GC Worker Total (ms): Min: 51.6, Avg: 51.7, Max: 51.9, Diff: 0.3, Sum: 206.9]
      [GC Worker End (ms): Min: 3708152.1, Avg: 3708152.1, Max: 3708152.1, Diff: 0.0]
   [Code Root Fixup: 0.0 ms]
   [Code Root Purge: 0.0 ms]
   [Clear CT: 0.1 ms]
   [Other: 6.0 ms]
      [Choose CSet: 0.0 ms]
      [Ref Proc: 0.2 ms]
      [Ref Enq: 0.0 ms]
      [Redirty Cards: 0.1 ms]
      [Humongous Register: 3.9 ms]
      [Humongous Reclaim: 0.0 ms]
      [Free CSet: 0.3 ms]
   [Eden: 45.0M(45.0M)->0.0B(48.0M) Survivors: 6144.0K->3072.0K Heap: 292.1M(1024.0M)->246.5M(1024.0M)]
 [Times: user=0.06 sys=0.10, real=0.06 secs] 
2018-12-01T22:57:51.370+0800: 3733.720: [GC pause (G1 Evacuation Pause) (young), 0.0154978 secs]
   [Parallel Time: 14.7 ms, GC Workers: 4]
      [GC Worker Start (ms): Min: 3733720.6, Avg: 3733720.7, Max: 3733720.8, Diff: 0.2]
      [Ext Root Scanning (ms): Min: 0.7, Avg: 0.9, Max: 0.9, Diff: 0.2, Sum: 3.5]
      [Update RS (ms): Min: 1.9, Avg: 2.2, Max: 2.5, Diff: 0.6, Sum: 8.9]
         [Processed Buffers: Min: 4, Avg: 8.0, Max: 14, Diff: 10, Sum: 32]
      [Scan RS (ms): Min: 1.0, Avg: 1.7, Max: 2.1, Diff: 1.1, Sum: 6.7]
      [Code Root Scanning (ms): Min: 0.0, Avg: 0.0, Max: 0.0, Diff: 0.0, Sum: 0.0]
      [Object Copy (ms): Min: 9.2, Avg: 9.7, Max: 10.1, Diff: 0.9, Sum: 38.9]
      [Termination (ms): Min: 0.0, Avg: 0.0, Max: 0.0, Diff: 0.0, Sum: 0.1]
         [Termination Attempts: Min: 1, Avg: 1.0, Max: 1, Diff: 0, Sum: 4]
      [GC Worker Other (ms): Min: 0.0, Avg: 0.0, Max: 0.0, Diff: 0.0, Sum: 0.1]
      [GC Worker Total (ms): Min: 14.4, Avg: 14.5, Max: 14.6, Diff: 0.2, Sum: 58.1]
      [GC Worker End (ms): Min: 3733735.2, Avg: 3733735.2, Max: 3733735.2, Diff: 0.0]
   [Code Root Fixup: 0.0 ms]
   [Code Root Purge: 0.0 ms]
   [Clear CT: 0.1 ms]
   [Other: 0.7 ms]
      [Choose CSet: 0.0 ms]
      [Ref Proc: 0.1 ms]
      [Ref Enq: 0.0 ms]
      [Redirty Cards: 0.1 ms]
      [Humongous Register: 0.0 ms]
      [Humongous Reclaim: 0.0 ms]
      [Free CSet: 0.1 ms]
   [Eden: 48.0M(48.0M)->0.0B(46.0M) Survivors: 3072.0K->5120.0K Heap: 294.5M(1024.0M)->247.9M(1024.0M)]
 [Times: user=0.04 sys=0.01, real=0.01 secs] 
2018-12-01T22:58:15.704+0800: 3758.054: [GC pause (G1 Evacuation Pause) (young), 0.0117550 secs]
   [Parallel Time: 11.1 ms, GC Workers: 4]
      [GC Worker Start (ms): Min: 3758054.6, Avg: 3758054.6, Max: 3758054.6, Diff: 0.1]
      [Ext Root Scanning (ms): Min: 0.7, Avg: 0.8, Max: 0.8, Diff: 0.1, Sum: 3.1]
      [Update RS (ms): Min: 1.1, Avg: 1.2, Max: 1.4, Diff: 0.2, Sum: 4.9]
         [Processed Buffers: Min: 4, Avg: 6.5, Max: 11, Diff: 7, Sum: 26]
      [Scan RS (ms): Min: 0.7, Avg: 0.9, Max: 0.9, Diff: 0.2, Sum: 3.4]
      [Code Root Scanning (ms): Min: 0.0, Avg: 0.0, Max: 0.0, Diff: 0.0, Sum: 0.0]
      [Object Copy (ms): Min: 8.0, Avg: 8.1, Max: 8.2, Diff: 0.1, Sum: 32.4]
      [Termination (ms): Min: 0.0, Avg: 0.0, Max: 0.0, Diff: 0.0, Sum: 0.0]
         [Termination Attempts: Min: 1, Avg: 1.0, Max: 1, Diff: 0, Sum: 4]
      [GC Worker Other (ms): Min: 0.0, Avg: 0.0, Max: 0.0, Diff: 0.0, Sum: 0.1]
      [GC Worker Total (ms): Min: 10.9, Avg: 11.0, Max: 11.0, Diff: 0.1, Sum: 44.0]
      [GC Worker End (ms): Min: 3758065.6, Avg: 3758065.6, Max: 3758065.6, Diff: 0.0]
   [Code Root Fixup: 0.0 ms]
   [Code Root Purge: 0.0 ms]
   [Clear CT: 0.1 ms]
   [Other: 0.5 ms]
      [Choose CSet: 0.0 ms]
      [Ref Proc: 0.1 ms]
      [Ref Enq: 0.0 ms]
      [Redirty Cards: 0.1 ms]
      [Humongous Register: 0.0 ms]
      [Humongous Reclaim: 0.0 ms]
      [Free CSet: 0.1 ms]
   [Eden: 46.0M(46.0M)->0.0B(46.0M) Survivors: 5120.0K->5120.0K Heap: 293.9M(1024.0M)->248.0M(1024.0M)]
 [Times: user=0.04 sys=0.00, real=0.01 secs] 
2018-12-01T22:58:40.426+0800: 3782.775: [GC pause (G1 Evacuation Pause) (young), 0.0333901 secs]
   [Parallel Time: 26.2 ms, GC Workers: 4]
      [GC Worker Start (ms): Min: 3782781.2, Avg: 3782781.4, Max: 3782781.7, Diff: 0.5]
      [Ext Root Scanning (ms): Min: 7.1, Avg: 8.8, Max: 13.2, Diff: 6.1, Sum: 35.4]
      [Update RS (ms): Min: 0.0, Avg: 3.4, Max: 5.5, Diff: 5.5, Sum: 13.7]
         [Processed Buffers: Min: 0, Avg: 6.2, Max: 14, Diff: 14, Sum: 25]
      [Scan RS (ms): Min: 0.0, Avg: 0.5, Max: 1.3, Diff: 1.3, Sum: 2.1]
      [Code Root Scanning (ms): Min: 0.0, Avg: 0.0, Max: 0.0, Diff: 0.0, Sum: 0.0]
      [Object Copy (ms): Min: 12.5, Avg: 12.7, Max: 12.8, Diff: 0.3, Sum: 50.8]
      [Termination (ms): Min: 0.0, Avg: 0.1, Max: 0.2, Diff: 0.2, Sum: 0.4]
         [Termination Attempts: Min: 1, Avg: 1.0, Max: 1, Diff: 0, Sum: 4]
      [GC Worker Other (ms): Min: 0.1, Avg: 0.1, Max: 0.1, Diff: 0.1, Sum: 0.4]
      [GC Worker Total (ms): Min: 25.4, Avg: 25.7, Max: 25.9, Diff: 0.5, Sum: 102.8]
      [GC Worker End (ms): Min: 3782807.1, Avg: 3782807.1, Max: 3782807.2, Diff: 0.0]
   [Code Root Fixup: 0.0 ms]
   [Code Root Purge: 0.0 ms]
   [Clear CT: 0.1 ms]
   [Other: 7.1 ms]
      [Choose CSet: 0.0 ms]
      [Ref Proc: 0.2 ms]
      [Ref Enq: 0.0 ms]
      [Redirty Cards: 0.1 ms]
      [Humongous Register: 5.3 ms]
      [Humongous Reclaim: 0.0 ms]
      [Free CSet: 0.3 ms]
   [Eden: 46.0M(46.0M)->0.0B(45.0M) Survivors: 5120.0K->6144.0K Heap: 294.0M(1024.0M)->248.8M(1024.0M)]
 [Times: user=0.03 sys=0.05, real=0.04 secs] 
2018-12-01T22:59:04.103+0800: 3806.452: [GC pause (G1 Evacuation Pause) (young), 0.0155846 secs]
   [Parallel Time: 14.9 ms, GC Workers: 4]
      [GC Worker Start (ms): Min: 3806452.2, Avg: 3806452.2, Max: 3806452.2, Diff: 0.0]
      [Ext Root Scanning (ms): Min: 0.8, Avg: 0.8, Max: 0.8, Diff: 0.1, Sum: 3.2]
      [Update RS (ms): Min: 2.2, Avg: 2.5, Max: 2.9, Diff: 0.7, Sum: 10.1]
         [Processed Buffers: Min: 4, Avg: 7.0, Max: 10, Diff: 6, Sum: 28]
      [Scan RS (ms): Min: 0.0, Avg: 0.4, Max: 0.7, Diff: 0.7, Sum: 1.6]
      [Code Root Scanning (ms): Min: 0.0, Avg: 0.0, Max: 0.0, Diff: 0.0, Sum: 0.0]
      [Object Copy (ms): Min: 11.0, Avg: 11.0, Max: 11.1, Diff: 0.2, Sum: 44.1]
      [Termination (ms): Min: 0.0, Avg: 0.0, Max: 0.0, Diff: 0.0, Sum: 0.0]
         [Termination Attempts: Min: 1, Avg: 1.0, Max: 1, Diff: 0, Sum: 4]
      [GC Worker Other (ms): Min: 0.0, Avg: 0.0, Max: 0.0, Diff: 0.0, Sum: 0.1]
      [GC Worker Total (ms): Min: 14.8, Avg: 14.8, Max: 14.8, Diff: 0.0, Sum: 59.2]
      [GC Worker End (ms): Min: 3806467.0, Avg: 3806467.0, Max: 3806467.0, Diff: 0.0]
   [Code Root Fixup: 0.0 ms]
   [Code Root Purge: 0.0 ms]
   [Clear CT: 0.1 ms]
   [Other: 0.6 ms]
      [Choose CSet: 0.0 ms]
      [Ref Proc: 0.1 ms]
      [Ref Enq: 0.0 ms]
      [Redirty Cards: 0.1 ms]
      [Humongous Register: 0.0 ms]
      [Humongous Reclaim: 0.0 ms]
      [Free CSet: 0.0 ms]
   [Eden: 45.0M(45.0M)->0.0B(45.0M) Survivors: 6144.0K->6144.0K Heap: 293.8M(1024.0M)->249.5M(1024.0M)]
 [Times: user=0.06 sys=0.01, real=0.02 secs] 
2018-12-01T22:59:27.796+0800: 3830.144: [GC pause (G1 Evacuation Pause) (young), 0.0342426 secs]
   [Parallel Time: 28.7 ms, GC Workers: 4]
      [GC Worker Start (ms): Min: 3830148.2, Avg: 3830148.4, Max: 3830148.8, Diff: 0.6]
      [Ext Root Scanning (ms): Min: 4.4, Avg: 5.9, Max: 9.6, Diff: 5.2, Sum: 23.8]
      [Update RS (ms): Min: 0.3, Avg: 3.7, Max: 4.9, Diff: 4.6, Sum: 14.8]
         [Processed Buffers: Min: 4, Avg: 7.2, Max: 12, Diff: 8, Sum: 29]
      [Scan RS (ms): Min: 0.1, Avg: 0.3, Max: 0.4, Diff: 0.3, Sum: 1.2]
      [Code Root Scanning (ms): Min: 0.0, Avg: 0.0, Max: 0.0, Diff: 0.0, Sum: 0.0]
      [Object Copy (ms): Min: 18.3, Avg: 18.4, Max: 18.5, Diff: 0.2, Sum: 73.5]
      [Termination (ms): Min: 0.0, Avg: 0.0, Max: 0.0, Diff: 0.0, Sum: 0.1]
         [Termination Attempts: Min: 1, Avg: 1.5, Max: 2, Diff: 1, Sum: 6]
      [GC Worker Other (ms): Min: 0.0, Avg: 0.0, Max: 0.1, Diff: 0.1, Sum: 0.2]
      [GC Worker Total (ms): Min: 28.0, Avg: 28.4, Max: 28.6, Diff: 0.6, Sum: 113.6]
      [GC Worker End (ms): Min: 3830176.8, Avg: 3830176.8, Max: 3830176.8, Diff: 0.0]
   [Code Root Fixup: 0.0 ms]
   [Code Root Purge: 0.0 ms]
   [Clear CT: 0.1 ms]
   [Other: 5.4 ms]
      [Choose CSet: 0.0 ms]
      [Ref Proc: 0.3 ms]
      [Ref Enq: 0.0 ms]
      [Redirty Cards: 0.1 ms]
      [Humongous Register: 3.7 ms]
      [Humongous Reclaim: 0.0 ms]
      [Free CSet: 0.2 ms]
   [Eden: 45.0M(45.0M)->0.0B(46.0M) Survivors: 6144.0K->5120.0K Heap: 294.5M(1024.0M)->249.5M(1024.0M)]
 [Times: user=0.05 sys=0.06, real=0.04 secs] 
2018-12-01T22:59:52.252+0800: 3854.599: [GC pause (G1 Evacuation Pause) (young), 0.0191053 secs]
   [Parallel Time: 18.2 ms, GC Workers: 4]
      [GC Worker Start (ms): Min: 3854599.0, Avg: 3854599.1, Max: 3854599.2, Diff: 0.2]
      [Ext Root Scanning (ms): Min: 0.8, Avg: 0.9, Max: 1.0, Diff: 0.2, Sum: 3.7]
      [Update RS (ms): Min: 2.3, Avg: 2.7, Max: 3.1, Diff: 0.8, Sum: 10.8]
         [Processed Buffers: Min: 1, Avg: 7.8, Max: 15, Diff: 14, Sum: 31]
      [Scan RS (ms): Min: 4.3, Avg: 4.7, Max: 5.0, Diff: 0.8, Sum: 18.6]
      [Code Root Scanning (ms): Min: 0.0, Avg: 0.0, Max: 0.0, Diff: 0.0, Sum: 0.0]
      [Object Copy (ms): Min: 9.7, Avg: 9.7, Max: 9.7, Diff: 0.1, Sum: 38.8]
      [Termination (ms): Min: 0.0, Avg: 0.0, Max: 0.0, Diff: 0.0, Sum: 0.0]
         [Termination Attempts: Min: 1, Avg: 1.5, Max: 2, Diff: 1, Sum: 6]
      [GC Worker Other (ms): Min: 0.0, Avg: 0.0, Max: 0.1, Diff: 0.0, Sum: 0.2]
      [GC Worker Total (ms): Min: 17.9, Avg: 18.0, Max: 18.1, Diff: 0.2, Sum: 72.2]
      [GC Worker End (ms): Min: 3854617.1, Avg: 3854617.1, Max: 3854617.1, Diff: 0.0]
   [Code Root Fixup: 0.0 ms]
   [Code Root Purge: 0.0 ms]
   [Clear CT: 0.1 ms]
   [Other: 0.8 ms]
      [Choose CSet: 0.0 ms]
      [Ref Proc: 0.2 ms]
      [Ref Enq: 0.0 ms]
      [Redirty Cards: 0.0 ms]
      [Humongous Register: 0.1 ms]
      [Humongous Reclaim: 0.0 ms]
      [Free CSet: 0.1 ms]
   [Eden: 46.0M(46.0M)->0.0B(46.0M) Survivors: 5120.0K->5120.0K Heap: 295.5M(1024.0M)->250.0M(1024.0M)]
 [Times: user=0.06 sys=0.01, real=0.02 secs] 
2018-12-01T23:00:16.461+0800: 3878.808: [GC pause (G1 Evacuation Pause) (young), 0.0490707 secs]
   [Parallel Time: 44.4 ms, GC Workers: 4]
      [GC Worker Start (ms): Min: 3878811.5, Avg: 3878811.6, Max: 3878811.7, Diff: 0.2]
      [Ext Root Scanning (ms): Min: 4.1, Avg: 7.2, Max: 16.2, Diff: 12.1, Sum: 28.9]
      [Update RS (ms): Min: 2.4, Avg: 11.4, Max: 14.8, Diff: 12.4, Sum: 45.7]
         [Processed Buffers: Min: 2, Avg: 7.0, Max: 14, Diff: 12, Sum: 28]
      [Scan RS (ms): Min: 1.3, Avg: 1.7, Max: 2.0, Diff: 0.7, Sum: 6.7]
      [Code Root Scanning (ms): Min: 0.0, Avg: 0.0, Max: 0.0, Diff: 0.0, Sum: 0.0]
      [Object Copy (ms): Min: 23.5, Avg: 23.6, Max: 23.8, Diff: 0.3, Sum: 94.4]
      [Termination (ms): Min: 0.0, Avg: 0.1, Max: 0.2, Diff: 0.2, Sum: 0.6]
         [Termination Attempts: Min: 1, Avg: 1.0, Max: 1, Diff: 0, Sum: 4]
      [GC Worker Other (ms): Min: 0.0, Avg: 0.1, Max: 0.1, Diff: 0.0, Sum: 0.2]
      [GC Worker Total (ms): Min: 44.0, Avg: 44.1, Max: 44.2, Diff: 0.2, Sum: 176.5]
      [GC Worker End (ms): Min: 3878855.7, Avg: 3878855.7, Max: 3878855.8, Diff: 0.1]
   [Code Root Fixup: 0.0 ms]
   [Code Root Purge: 0.0 ms]
   [Clear CT: 0.1 ms]
   [Other: 4.6 ms]
      [Choose CSet: 0.0 ms]
      [Ref Proc: 0.3 ms]
      [Ref Enq: 0.0 ms]
      [Redirty Cards: 0.1 ms]
      [Humongous Register: 3.1 ms]
      [Humongous Reclaim: 0.0 ms]
      [Free CSet: 0.3 ms]
   [Eden: 46.0M(46.0M)->0.0B(45.0M) Survivors: 5120.0K->6144.0K Heap: 296.0M(1024.0M)->250.5M(1024.0M)]
 [Times: user=0.05 sys=0.05, real=0.05 secs] 
2018-12-01T23:00:40.270+0800: 3902.616: [GC pause (G1 Evacuation Pause) (young), 0.0230866 secs]
   [Parallel Time: 22.3 ms, GC Workers: 4]
      [GC Worker Start (ms): Min: 3902616.1, Avg: 3902616.1, Max: 3902616.2, Diff: 0.1]
      [Ext Root Scanning (ms): Min: 1.1, Avg: 1.5, Max: 2.5, Diff: 1.4, Sum: 5.9]
      [Update RS (ms): Min: 1.3, Avg: 2.2, Max: 2.6, Diff: 1.3, Sum: 8.9]
         [Processed Buffers: Min: 3, Avg: 6.8, Max: 10, Diff: 7, Sum: 27]
      [Scan RS (ms): Min: 2.5, Avg: 2.7, Max: 2.8, Diff: 0.3, Sum: 10.6]
      [Code Root Scanning (ms): Min: 0.0, Avg: 0.0, Max: 0.0, Diff: 0.0, Sum: 0.0]
      [Object Copy (ms): Min: 15.8, Avg: 15.9, Max: 15.9, Diff: 0.1, Sum: 63.5]
      [Termination (ms): Min: 0.0, Avg: 0.0, Max: 0.0, Diff: 0.0, Sum: 0.0]
         [Termination Attempts: Min: 1, Avg: 1.0, Max: 1, Diff: 0, Sum: 4]
      [GC Worker Other (ms): Min: 0.0, Avg: 0.0, Max: 0.0, Diff: 0.0, Sum: 0.1]
      [GC Worker Total (ms): Min: 22.2, Avg: 22.2, Max: 22.3, Diff: 0.1, Sum: 88.9]
      [GC Worker End (ms): Min: 3902638.4, Avg: 3902638.4, Max: 3902638.4, Diff: 0.0]
   [Code Root Fixup: 0.0 ms]
   [Code Root Purge: 0.0 ms]
   [Clear CT: 0.1 ms]
   [Other: 0.6 ms]
      [Choose CSet: 0.0 ms]
      [Ref Proc: 0.2 ms]
      [Ref Enq: 0.0 ms]
      [Redirty Cards: 0.1 ms]
      [Humongous Register: 0.0 ms]
      [Humongous Reclaim: 0.0 ms]
      [Free CSet: 0.1 ms]
   [Eden: 45.0M(45.0M)->0.0B(44.0M) Survivors: 6144.0K->7168.0K Heap: 295.5M(1024.0M)->252.1M(1024.0M)]
 [Times: user=0.07 sys=0.01, real=0.02 secs] 
2018-12-01T23:01:03.601+0800: 3925.946: [GC pause (G1 Evacuation Pause) (young), 0.0187307 secs]
   [Parallel Time: 17.8 ms, GC Workers: 4]
      [GC Worker Start (ms): Min: 3925945.8, Avg: 3925945.8, Max: 3925945.9, Diff: 0.1]
      [Ext Root Scanning (ms): Min: 0.9, Avg: 0.9, Max: 0.9, Diff: 0.1, Sum: 3.5]
      [Update RS (ms): Min: 2.1, Avg: 2.3, Max: 2.5, Diff: 0.3, Sum: 9.2]
         [Processed Buffers: Min: 4, Avg: 9.0, Max: 21, Diff: 17, Sum: 36]
      [Scan RS (ms): Min: 2.8, Avg: 3.0, Max: 3.2, Diff: 0.4, Sum: 11.9]
      [Code Root Scanning (ms): Min: 0.0, Avg: 0.0, Max: 0.0, Diff: 0.0, Sum: 0.0]
      [Object Copy (ms): Min: 11.4, Avg: 11.5, Max: 11.5, Diff: 0.1, Sum: 45.9]
      [Termination (ms): Min: 0.0, Avg: 0.0, Max: 0.0, Diff: 0.0, Sum: 0.0]
         [Termination Attempts: Min: 1, Avg: 1.0, Max: 1, Diff: 0, Sum: 4]
      [GC Worker Other (ms): Min: 0.1, Avg: 0.1, Max: 0.1, Diff: 0.0, Sum: 0.3]
      [GC Worker Total (ms): Min: 17.7, Avg: 17.7, Max: 17.8, Diff: 0.1, Sum: 70.8]
      [GC Worker End (ms): Min: 3925963.5, Avg: 3925963.5, Max: 3925963.5, Diff: 0.0]
   [Code Root Fixup: 0.0 ms]
   [Code Root Purge: 0.0 ms]
   [Clear CT: 0.1 ms]
   [Other: 0.8 ms]
      [Choose CSet: 0.0 ms]
      [Ref Proc: 0.2 ms]
      [Ref Enq: 0.0 ms]
      [Redirty Cards: 0.1 ms]
      [Humongous Register: 0.1 ms]
      [Humongous Reclaim: 0.0 ms]
      [Free CSet: 0.1 ms]
   [Eden: 44.0M(44.0M)->0.0B(46.0M) Survivors: 7168.0K->5120.0K Heap: 296.1M(1024.0M)->251.7M(1024.0M)]
 [Times: user=0.06 sys=0.00, real=0.02 secs] 
2018-12-01T23:01:28.008+0800: 3950.337: [GC pause (G1 Evacuation Pause) (young), 0.0248611 secs]
   [Parallel Time: 23.8 ms, GC Workers: 4]
      [GC Worker Start (ms): Min: 3950336.9, Avg: 3950337.2, Max: 3950337.8, Diff: 0.9]
      [Ext Root Scanning (ms): Min: 0.2, Avg: 1.1, Max: 1.9, Diff: 1.6, Sum: 4.3]
      [Update RS (ms): Min: 2.5, Avg: 3.4, Max: 4.9, Diff: 2.4, Sum: 13.6]
         [Processed Buffers: Min: 0, Avg: 8.2, Max: 12, Diff: 12, Sum: 33]
      [Scan RS (ms): Min: 1.2, Avg: 3.2, Max: 4.2, Diff: 3.1, Sum: 12.8]
      [Code Root Scanning (ms): Min: 0.0, Avg: 0.0, Max: 0.0, Diff: 0.0, Sum: 0.0]
      [Object Copy (ms): Min: 15.4, Avg: 15.5, Max: 15.7, Diff: 0.2, Sum: 62.2]
      [Termination (ms): Min: 0.0, Avg: 0.1, Max: 0.2, Diff: 0.2, Sum: 0.4]
         [Termination Attempts: Min: 1, Avg: 1.0, Max: 1, Diff: 0, Sum: 4]
      [GC Worker Other (ms): Min: 0.0, Avg: 0.0, Max: 0.0, Diff: 0.0, Sum: 0.1]
      [GC Worker Total (ms): Min: 22.7, Avg: 23.3, Max: 23.6, Diff: 0.9, Sum: 93.4]
      [GC Worker End (ms): Min: 3950360.5, Avg: 3950360.5, Max: 3950360.5, Diff: 0.1]
   [Code Root Fixup: 0.0 ms]
   [Code Root Purge: 0.0 ms]
   [Clear CT: 0.1 ms]
   [Other: 1.0 ms]
      [Choose CSet: 0.0 ms]
      [Ref Proc: 0.6 ms]
      [Ref Enq: 0.0 ms]
      [Redirty Cards: 0.1 ms]
      [Humongous Register: 0.0 ms]
      [Humongous Reclaim: 0.0 ms]
      [Free CSet: 0.0 ms]
   [Eden: 46.0M(46.0M)->0.0B(46.0M) Survivors: 5120.0K->5120.0K Heap: 297.7M(1024.0M)->251.7M(1024.0M)]
 [Times: user=0.06 sys=0.01, real=0.03 secs] 
2018-12-01T23:01:52.670+0800: 3974.994: [GC pause (G1 Evacuation Pause) (young), 0.0173066 secs]
   [Parallel Time: 16.6 ms, GC Workers: 4]
      [GC Worker Start (ms): Min: 3974994.3, Avg: 3974994.4, Max: 3974994.4, Diff: 0.1]
      [Ext Root Scanning (ms): Min: 0.7, Avg: 0.8, Max: 0.8, Diff: 0.1, Sum: 3.1]
      [Update RS (ms): Min: 2.1, Avg: 2.1, Max: 2.2, Diff: 0.2, Sum: 8.6]
         [Processed Buffers: Min: 4, Avg: 6.8, Max: 9, Diff: 5, Sum: 27]
      [Scan RS (ms): Min: 2.8, Avg: 2.9, Max: 3.0, Diff: 0.1, Sum: 11.6]
      [Code Root Scanning (ms): Min: 0.0, Avg: 0.0, Max: 0.0, Diff: 0.0, Sum: 0.0]
      [Object Copy (ms): Min: 10.4, Avg: 10.6, Max: 10.6, Diff: 0.2, Sum: 42.3]
      [Termination (ms): Min: 0.0, Avg: 0.0, Max: 0.0, Diff: 0.0, Sum: 0.0]
         [Termination Attempts: Min: 1, Avg: 1.0, Max: 1, Diff: 0, Sum: 4]
      [GC Worker Other (ms): Min: 0.0, Avg: 0.0, Max: 0.1, Diff: 0.0, Sum: 0.2]
      [GC Worker Total (ms): Min: 16.4, Avg: 16.4, Max: 16.5, Diff: 0.0, Sum: 65.7]
      [GC Worker End (ms): Min: 3975010.8, Avg: 3975010.8, Max: 3975010.8, Diff: 0.0]
   [Code Root Fixup: 0.0 ms]
   [Code Root Purge: 0.0 ms]
   [Clear CT: 0.1 ms]
   [Other: 0.6 ms]
      [Choose CSet: 0.0 ms]
      [Ref Proc: 0.2 ms]
      [Ref Enq: 0.0 ms]
      [Redirty Cards: 0.1 ms]
      [Humongous Register: 0.0 ms]
      [Humongous Reclaim: 0.0 ms]
      [Free CSet: 0.0 ms]
   [Eden: 46.0M(46.0M)->0.0B(46.0M) Survivors: 5120.0K->5120.0K Heap: 297.7M(1024.0M)->252.4M(1024.0M)]
 [Times: user=0.06 sys=0.00, real=0.02 secs] 
2018-12-01T23:02:16.987+0800: 3999.310: [GC pause (G1 Evacuation Pause) (young), 0.0198217 secs]
   [Parallel Time: 19.2 ms, GC Workers: 4]
      [GC Worker Start (ms): Min: 3999309.7, Avg: 3999309.7, Max: 3999309.8, Diff: 0.1]
      [Ext Root Scanning (ms): Min: 0.9, Avg: 1.0, Max: 1.0, Diff: 0.2, Sum: 3.9]
      [Update RS (ms): Min: 2.2, Avg: 2.3, Max: 2.4, Diff: 0.3, Sum: 9.2]
         [Processed Buffers: Min: 3, Avg: 7.0, Max: 17, Diff: 14, Sum: 28]
      [Scan RS (ms): Min: 3.2, Avg: 3.4, Max: 3.5, Diff: 0.3, Sum: 13.4]
      [Code Root Scanning (ms): Min: 0.0, Avg: 0.0, Max: 0.0, Diff: 0.0, Sum: 0.0]
      [Object Copy (ms): Min: 12.4, Avg: 12.4, Max: 12.5, Diff: 0.1, Sum: 49.6]
      [Termination (ms): Min: 0.0, Avg: 0.0, Max: 0.0, Diff: 0.0, Sum: 0.0]
         [Termination Attempts: Min: 1, Avg: 1.0, Max: 1, Diff: 0, Sum: 4]
      [GC Worker Other (ms): Min: 0.0, Avg: 0.0, Max: 0.0, Diff: 0.0, Sum: 0.1]
      [GC Worker Total (ms): Min: 19.0, Avg: 19.1, Max: 19.1, Diff: 0.1, Sum: 76.3]
      [GC Worker End (ms): Min: 3999328.8, Avg: 3999328.8, Max: 3999328.8, Diff: 0.0]
   [Code Root Fixup: 0.0 ms]
   [Code Root Purge: 0.0 ms]
   [Clear CT: 0.1 ms]
   [Other: 0.5 ms]
      [Choose CSet: 0.0 ms]
      [Ref Proc: 0.1 ms]
      [Ref Enq: 0.0 ms]
      [Redirty Cards: 0.1 ms]
      [Humongous Register: 0.0 ms]
      [Humongous Reclaim: 0.0 ms]
      [Free CSet: 0.0 ms]
   [Eden: 46.0M(46.0M)->0.0B(44.0M) Survivors: 5120.0K->7168.0K Heap: 298.4M(1024.0M)->254.4M(1024.0M)]
 [Times: user=0.07 sys=0.01, real=0.02 secs] 
2018-12-01T23:02:40.572+0800: 4022.894: [GC pause (G1 Evacuation Pause) (young), 0.0277635 secs]
   [Parallel Time: 24.3 ms, GC Workers: 4]
      [GC Worker Start (ms): Min: 4022896.1, Avg: 4022896.2, Max: 4022896.3, Diff: 0.2]
      [Ext Root Scanning (ms): Min: 4.5, Avg: 5.7, Max: 9.1, Diff: 4.6, Sum: 22.7]
      [Update RS (ms): Min: 0.0, Avg: 2.6, Max: 3.6, Diff: 3.6, Sum: 10.3]
         [Processed Buffers: Min: 0, Avg: 6.8, Max: 15, Diff: 15, Sum: 27]
      [Scan RS (ms): Min: 1.2, Avg: 1.8, Max: 2.1, Diff: 0.9, Sum: 7.2]
      [Code Root Scanning (ms): Min: 0.0, Avg: 0.0, Max: 0.0, Diff: 0.0, Sum: 0.0]
      [Object Copy (ms): Min: 13.9, Avg: 14.0, Max: 14.1, Diff: 0.2, Sum: 56.0]
      [Termination (ms): Min: 0.0, Avg: 0.0, Max: 0.0, Diff: 0.0, Sum: 0.0]
         [Termination Attempts: Min: 1, Avg: 1.0, Max: 1, Diff: 0, Sum: 4]
      [GC Worker Other (ms): Min: 0.0, Avg: 0.0, Max: 0.1, Diff: 0.0, Sum: 0.2]
      [GC Worker Total (ms): Min: 24.0, Avg: 24.1, Max: 24.2, Diff: 0.2, Sum: 96.4]
      [GC Worker End (ms): Min: 4022920.3, Avg: 4022920.3, Max: 4022920.3, Diff: 0.0]
   [Code Root Fixup: 0.0 ms]
   [Code Root Purge: 0.0 ms]
   [Clear CT: 0.1 ms]
   [Other: 3.4 ms]
      [Choose CSet: 0.0 ms]
      [Ref Proc: 0.2 ms]
      [Ref Enq: 0.0 ms]
      [Redirty Cards: 0.1 ms]
      [Humongous Register: 2.0 ms]
      [Humongous Reclaim: 0.0 ms]
      [Free CSet: 0.3 ms]
   [Eden: 44.0M(44.0M)->0.0B(46.0M) Survivors: 7168.0K->5120.0K Heap: 298.4M(1024.0M)->254.2M(1024.0M)]
 [Times: user=0.06 sys=0.03, real=0.03 secs] 
2018-12-01T23:03:05.195+0800: 4047.515: [GC pause (G1 Evacuation Pause) (young), 0.0185278 secs]
   [Parallel Time: 17.7 ms, GC Workers: 4]
      [GC Worker Start (ms): Min: 4047515.1, Avg: 4047515.3, Max: 4047515.7, Diff: 0.6]
      [Ext Root Scanning (ms): Min: 0.4, Avg: 0.9, Max: 1.0, Diff: 0.6, Sum: 3.5]
      [Update RS (ms): Min: 1.8, Avg: 2.5, Max: 3.0, Diff: 1.3, Sum: 9.9]
         [Processed Buffers: Min: 4, Avg: 8.0, Max: 12, Diff: 8, Sum: 32]
      [Scan RS (ms): Min: 3.2, Avg: 4.2, Max: 6.5, Diff: 3.3, Sum: 17.0]
      [Code Root Scanning (ms): Min: 0.0, Avg: 0.0, Max: 0.0, Diff: 0.0, Sum: 0.0]
      [Object Copy (ms): Min: 8.2, Avg: 9.9, Max: 10.5, Diff: 2.2, Sum: 39.4]
      [Termination (ms): Min: 0.0, Avg: 0.0, Max: 0.0, Diff: 0.0, Sum: 0.0]
         [Termination Attempts: Min: 1, Avg: 1.0, Max: 1, Diff: 0, Sum: 4]
      [GC Worker Other (ms): Min: 0.0, Avg: 0.0, Max: 0.0, Diff: 0.0, Sum: 0.1]
      [GC Worker Total (ms): Min: 17.0, Avg: 17.5, Max: 17.6, Diff: 0.6, Sum: 69.9]
      [GC Worker End (ms): Min: 4047532.8, Avg: 4047532.8, Max: 4047532.8, Diff: 0.0]
   [Code Root Fixup: 0.0 ms]
   [Code Root Purge: 0.0 ms]
   [Clear CT: 0.1 ms]
   [Other: 0.7 ms]
      [Choose CSet: 0.0 ms]
      [Ref Proc: 0.1 ms]
      [Ref Enq: 0.0 ms]
      [Redirty Cards: 0.1 ms]
      [Humongous Register: 0.0 ms]
      [Humongous Reclaim: 0.0 ms]
      [Free CSet: 0.1 ms]
   [Eden: 46.0M(46.0M)->0.0B(46.0M) Survivors: 5120.0K->5120.0K Heap: 300.2M(1024.0M)->254.7M(1024.0M)]
 [Times: user=0.06 sys=0.00, real=0.02 secs] 
2018-12-01T23:03:29.528+0800: 4071.848: [GC pause (G1 Evacuation Pause) (young), 0.0975927 secs]
   [Parallel Time: 85.3 ms, GC Workers: 4]
      [GC Worker Start (ms): Min: 4071859.4, Avg: 4071860.7, Max: 4071863.4, Diff: 4.0]
      [Ext Root Scanning (ms): Min: 4.7, Avg: 9.6, Max: 16.9, Diff: 12.2, Sum: 38.3]
      [Update RS (ms): Min: 13.0, Avg: 18.5, Max: 22.9, Diff: 9.9, Sum: 74.2]
         [Processed Buffers: Min: 1, Avg: 6.8, Max: 20, Diff: 19, Sum: 27]
      [Scan RS (ms): Min: 5.6, Avg: 8.4, Max: 15.7, Diff: 10.1, Sum: 33.6]
      [Code Root Scanning (ms): Min: 0.0, Avg: 0.0, Max: 0.0, Diff: 0.0, Sum: 0.0]
      [Object Copy (ms): Min: 46.5, Avg: 47.0, Max: 47.5, Diff: 1.0, Sum: 188.1]
      [Termination (ms): Min: 0.0, Avg: 0.1, Max: 0.1, Diff: 0.1, Sum: 0.4]
         [Termination Attempts: Min: 1, Avg: 1.0, Max: 1, Diff: 0, Sum: 4]
      [GC Worker Other (ms): Min: 0.0, Avg: 0.1, Max: 0.1, Diff: 0.1, Sum: 0.2]
      [GC Worker Total (ms): Min: 81.0, Avg: 83.7, Max: 85.0, Diff: 4.0, Sum: 334.8]
      [GC Worker End (ms): Min: 4071944.4, Avg: 4071944.4, Max: 4071944.4, Diff: 0.0]
   [Code Root Fixup: 0.0 ms]
   [Code Root Purge: 0.0 ms]
   [Clear CT: 0.1 ms]
   [Other: 12.2 ms]
      [Choose CSet: 0.0 ms]
      [Ref Proc: 0.3 ms]
      [Ref Enq: 0.0 ms]
      [Redirty Cards: 0.0 ms]
      [Humongous Register: 10.4 ms]
      [Humongous Reclaim: 0.0 ms]
      [Free CSet: 0.3 ms]
   [Eden: 46.0M(46.0M)->0.0B(45.0M) Survivors: 5120.0K->6144.0K Heap: 300.7M(1024.0M)->255.9M(1024.0M)]
 [Times: user=0.07 sys=0.07, real=0.10 secs] 
2018-12-01T23:03:53.541+0800: 4095.860: [GC pause (G1 Evacuation Pause) (young), 0.0236421 secs]
   [Parallel Time: 22.6 ms, GC Workers: 4]
      [GC Worker Start (ms): Min: 4095859.9, Avg: 4095859.9, Max: 4095860.1, Diff: 0.2]
      [Ext Root Scanning (ms): Min: 1.7, Avg: 1.9, Max: 2.3, Diff: 0.5, Sum: 7.8]
      [Update RS (ms): Min: 2.9, Avg: 3.6, Max: 5.7, Diff: 2.9, Sum: 14.4]
         [Processed Buffers: Min: 0, Avg: 8.2, Max: 15, Diff: 15, Sum: 33]
      [Scan RS (ms): Min: 1.3, Avg: 3.8, Max: 5.9, Diff: 4.6, Sum: 15.1]
      [Code Root Scanning (ms): Min: 0.0, Avg: 0.0, Max: 0.0, Diff: 0.0, Sum: 0.0]
      [Object Copy (ms): Min: 11.4, Avg: 12.7, Max: 13.2, Diff: 1.8, Sum: 50.8]
      [Termination (ms): Min: 0.0, Avg: 0.2, Max: 0.4, Diff: 0.4, Sum: 1.0]
         [Termination Attempts: Min: 1, Avg: 1.5, Max: 2, Diff: 1, Sum: 6]
      [GC Worker Other (ms): Min: 0.0, Avg: 0.0, Max: 0.1, Diff: 0.0, Sum: 0.1]
      [GC Worker Total (ms): Min: 22.1, Avg: 22.3, Max: 22.5, Diff: 0.4, Sum: 89.3]
      [GC Worker End (ms): Min: 4095882.1, Avg: 4095882.3, Max: 4095882.4, Diff: 0.3]
   [Code Root Fixup: 0.0 ms]
   [Code Root Purge: 0.0 ms]
   [Clear CT: 0.1 ms]
   [Other: 0.9 ms]
      [Choose CSet: 0.0 ms]
      [Ref Proc: 0.3 ms]
      [Ref Enq: 0.0 ms]
      [Redirty Cards: 0.1 ms]
      [Humongous Register: 0.1 ms]
      [Humongous Reclaim: 0.0 ms]
      [Free CSet: 0.1 ms]
   [Eden: 45.0M(45.0M)->0.0B(46.0M) Survivors: 6144.0K->5120.0K Heap: 300.9M(1024.0M)->257.1M(1024.0M)]
 [Times: user=0.06 sys=0.01, real=0.02 secs] 
2018-12-01T23:04:17.998+0800: 4120.317: [GC pause (G1 Evacuation Pause) (young), 0.0218293 secs]
   [Parallel Time: 20.8 ms, GC Workers: 4]
      [GC Worker Start (ms): Min: 4120317.0, Avg: 4120317.1, Max: 4120317.1, Diff: 0.1]
      [Ext Root Scanning (ms): Min: 1.2, Avg: 1.3, Max: 1.3, Diff: 0.1, Sum: 5.1]
      [Update RS (ms): Min: 5.1, Avg: 5.5, Max: 6.5, Diff: 1.4, Sum: 22.2]
         [Processed Buffers: Min: 0, Avg: 7.8, Max: 20, Diff: 20, Sum: 31]
      [Scan RS (ms): Min: 4.4, Avg: 5.4, Max: 6.2, Diff: 1.9, Sum: 21.5]
      [Code Root Scanning (ms): Min: 0.0, Avg: 0.0, Max: 0.0, Diff: 0.0, Sum: 0.0]
      [Object Copy (ms): Min: 8.0, Avg: 8.4, Max: 8.7, Diff: 0.7, Sum: 33.7]
      [Termination (ms): Min: 0.0, Avg: 0.0, Max: 0.0, Diff: 0.0, Sum: 0.0]
         [Termination Attempts: Min: 1, Avg: 1.0, Max: 1, Diff: 0, Sum: 4]
      [GC Worker Other (ms): Min: 0.0, Avg: 0.0, Max: 0.0, Diff: 0.0, Sum: 0.1]
      [GC Worker Total (ms): Min: 20.6, Avg: 20.7, Max: 20.7, Diff: 0.1, Sum: 82.6]
      [GC Worker End (ms): Min: 4120337.7, Avg: 4120337.7, Max: 4120337.7, Diff: 0.0]
   [Code Root Fixup: 0.0 ms]
   [Code Root Purge: 0.0 ms]
   [Clear CT: 0.1 ms]
   [Other: 0.9 ms]
      [Choose CSet: 0.0 ms]
      [Ref Proc: 0.2 ms]
      [Ref Enq: 0.0 ms]
      [Redirty Cards: 0.1 ms]
      [Humongous Register: 0.2 ms]
      [Humongous Reclaim: 0.0 ms]
      [Free CSet: 0.1 ms]
   [Eden: 46.0M(46.0M)->0.0B(46.0M) Survivors: 5120.0K->5120.0K Heap: 303.1M(1024.0M)->257.6M(1024.0M)]
 [Times: user=0.06 sys=0.00, real=0.03 secs] 
2018-12-01T23:04:42.506+0800: 4144.824: [GC pause (G1 Evacuation Pause) (young), 0.0172155 secs]
   [Parallel Time: 16.6 ms, GC Workers: 4]
      [GC Worker Start (ms): Min: 4144823.7, Avg: 4144823.9, Max: 4144824.2, Diff: 0.5]
      [Ext Root Scanning (ms): Min: 0.5, Avg: 0.8, Max: 1.0, Diff: 0.5, Sum: 3.4]
      [Update RS (ms): Min: 2.3, Avg: 2.6, Max: 2.8, Diff: 0.5, Sum: 10.5]
         [Processed Buffers: Min: 1, Avg: 6.5, Max: 19, Diff: 18, Sum: 26]
      [Scan RS (ms): Min: 2.7, Avg: 2.9, Max: 3.2, Diff: 0.5, Sum: 11.5]
      [Code Root Scanning (ms): Min: 0.0, Avg: 0.0, Max: 0.0, Diff: 0.0, Sum: 0.0]
      [Object Copy (ms): Min: 9.9, Avg: 10.0, Max: 10.1, Diff: 0.2, Sum: 40.1]
      [Termination (ms): Min: 0.0, Avg: 0.0, Max: 0.0, Diff: 0.0, Sum: 0.0]
         [Termination Attempts: Min: 1, Avg: 1.0, Max: 1, Diff: 0, Sum: 4]
      [GC Worker Other (ms): Min: 0.0, Avg: 0.0, Max: 0.0, Diff: 0.0, Sum: 0.1]
      [GC Worker Total (ms): Min: 16.0, Avg: 16.4, Max: 16.5, Diff: 0.5, Sum: 65.5]
      [GC Worker End (ms): Min: 4144840.2, Avg: 4144840.2, Max: 4144840.3, Diff: 0.0]
   [Code Root Fixup: 0.0 ms]
   [Code Root Purge: 0.0 ms]
   [Clear CT: 0.1 ms]
   [Other: 0.5 ms]
      [Choose CSet: 0.0 ms]
      [Ref Proc: 0.1 ms]
      [Ref Enq: 0.0 ms]
      [Redirty Cards: 0.1 ms]
      [Humongous Register: 0.0 ms]
      [Humongous Reclaim: 0.0 ms]
      [Free CSet: 0.0 ms]
   [Eden: 46.0M(46.0M)->0.0B(46.0M) Survivors: 5120.0K->5120.0K Heap: 303.6M(1024.0M)->257.6M(1024.0M)]
 [Times: user=0.06 sys=0.00, real=0.02 secs] 
2018-12-01T23:05:06.989+0800: 4169.306: [GC pause (G1 Evacuation Pause) (young), 0.0205414 secs]
   [Parallel Time: 19.6 ms, GC Workers: 4]
      [GC Worker Start (ms): Min: 4169306.2, Avg: 4169306.2, Max: 4169306.3, Diff: 0.1]
      [Ext Root Scanning (ms): Min: 1.5, Avg: 1.7, Max: 2.0, Diff: 0.5, Sum: 6.7]
      [Update RS (ms): Min: 2.8, Avg: 3.2, Max: 3.5, Diff: 0.8, Sum: 12.9]
         [Processed Buffers: Min: 2, Avg: 7.8, Max: 17, Diff: 15, Sum: 31]
      [Scan RS (ms): Min: 3.2, Avg: 3.4, Max: 3.5, Diff: 0.4, Sum: 13.5]
      [Code Root Scanning (ms): Min: 0.0, Avg: 0.0, Max: 0.0, Diff: 0.0, Sum: 0.0]
      [Object Copy (ms): Min: 11.0, Avg: 11.1, Max: 11.2, Diff: 0.2, Sum: 44.3]
      [Termination (ms): Min: 0.0, Avg: 0.0, Max: 0.0, Diff: 0.0, Sum: 0.0]
         [Termination Attempts: Min: 1, Avg: 1.0, Max: 1, Diff: 0, Sum: 4]
      [GC Worker Other (ms): Min: 0.0, Avg: 0.0, Max: 0.0, Diff: 0.0, Sum: 0.1]
      [GC Worker Total (ms): Min: 19.3, Avg: 19.4, Max: 19.4, Diff: 0.0, Sum: 77.4]
      [GC Worker End (ms): Min: 4169325.6, Avg: 4169325.6, Max: 4169325.6, Diff: 0.0]
   [Code Root Fixup: 0.0 ms]
   [Code Root Purge: 0.0 ms]
   [Clear CT: 0.1 ms]
   [Other: 0.9 ms]
      [Choose CSet: 0.0 ms]
      [Ref Proc: 0.2 ms]
      [Ref Enq: 0.0 ms]
      [Redirty Cards: 0.2 ms]
      [Humongous Register: 0.0 ms]
      [Humongous Reclaim: 0.0 ms]
      [Free CSet: 0.1 ms]
   [Eden: 46.0M(46.0M)->0.0B(46.0M) Survivors: 5120.0K->5120.0K Heap: 303.6M(1024.0M)->257.7M(1024.0M)]
 [Times: user=0.06 sys=0.01, real=0.03 secs] 
2018-12-01T23:05:31.467+0800: 4193.782: [GC pause (G1 Evacuation Pause) (young), 0.0210384 secs]
   [Parallel Time: 20.4 ms, GC Workers: 4]
      [GC Worker Start (ms): Min: 4193782.7, Avg: 4193782.7, Max: 4193782.9, Diff: 0.3]
      [Ext Root Scanning (ms): Min: 0.7, Avg: 0.9, Max: 1.0, Diff: 0.3, Sum: 3.6]
      [Update RS (ms): Min: 1.6, Avg: 2.8, Max: 3.5, Diff: 1.9, Sum: 11.4]
         [Processed Buffers: Min: 1, Avg: 8.0, Max: 22, Diff: 21, Sum: 32]
      [Scan RS (ms): Min: 3.2, Avg: 3.5, Max: 3.7, Diff: 0.5, Sum: 14.0]
      [Code Root Scanning (ms): Min: 0.0, Avg: 0.0, Max: 0.0, Diff: 0.0, Sum: 0.0]
      [Object Copy (ms): Min: 12.5, Avg: 13.0, Max: 14.3, Diff: 1.8, Sum: 52.0]
      [Termination (ms): Min: 0.0, Avg: 0.0, Max: 0.0, Diff: 0.0, Sum: 0.0]
         [Termination Attempts: Min: 1, Avg: 1.0, Max: 1, Diff: 0, Sum: 4]
      [GC Worker Other (ms): Min: 0.0, Avg: 0.0, Max: 0.1, Diff: 0.0, Sum: 0.2]
      [GC Worker Total (ms): Min: 20.1, Avg: 20.3, Max: 20.4, Diff: 0.3, Sum: 81.2]
      [GC Worker End (ms): Min: 4193803.0, Avg: 4193803.0, Max: 4193803.1, Diff: 0.0]
   [Code Root Fixup: 0.0 ms]
   [Code Root Purge: 0.0 ms]
   [Clear CT: 0.1 ms]
   [Other: 0.5 ms]
      [Choose CSet: 0.0 ms]
      [Ref Proc: 0.1 ms]
      [Ref Enq: 0.0 ms]
      [Redirty Cards: 0.1 ms]
      [Humongous Register: 0.0 ms]
      [Humongous Reclaim: 0.0 ms]
      [Free CSet: 0.0 ms]
   [Eden: 46.0M(46.0M)->0.0B(44.0M) Survivors: 5120.0K->7168.0K Heap: 303.7M(1024.0M)->260.6M(1024.0M)]
 [Times: user=0.07 sys=0.01, real=0.03 secs] 
2018-12-01T23:05:55.021+0800: 4217.336: [GC pause (G1 Evacuation Pause) (young), 0.0294044 secs]
   [Parallel Time: 24.6 ms, GC Workers: 4]
      [GC Worker Start (ms): Min: 4217340.4, Avg: 4217340.4, Max: 4217340.6, Diff: 0.2]
      [Ext Root Scanning (ms): Min: 1.2, Avg: 1.3, Max: 1.4, Diff: 0.2, Sum: 5.3]
      [Update RS (ms): Min: 3.2, Avg: 4.9, Max: 9.6, Diff: 6.4, Sum: 19.6]
         [Processed Buffers: Min: 0, Avg: 9.2, Max: 17, Diff: 17, Sum: 37]
      [Scan RS (ms): Min: 0.0, Avg: 2.5, Max: 3.5, Diff: 3.5, Sum: 10.0]
      [Code Root Scanning (ms): Min: 0.0, Avg: 0.0, Max: 0.0, Diff: 0.0, Sum: 0.0]
      [Object Copy (ms): Min: 13.4, Avg: 15.6, Max: 16.6, Diff: 3.2, Sum: 62.6]
      [Termination (ms): Min: 0.0, Avg: 0.1, Max: 0.1, Diff: 0.1, Sum: 0.4]
         [Termination Attempts: Min: 1, Avg: 1.8, Max: 4, Diff: 3, Sum: 7]
      [GC Worker Other (ms): Min: 0.0, Avg: 0.0, Max: 0.0, Diff: 0.0, Sum: 0.1]
      [GC Worker Total (ms): Min: 24.4, Avg: 24.5, Max: 24.5, Diff: 0.2, Sum: 97.9]
      [GC Worker End (ms): Min: 4217364.9, Avg: 4217364.9, Max: 4217364.9, Diff: 0.0]
   [Code Root Fixup: 0.0 ms]
   [Code Root Purge: 0.0 ms]
   [Clear CT: 0.1 ms]
   [Other: 4.7 ms]
      [Choose CSet: 0.0 ms]
      [Ref Proc: 0.2 ms]
      [Ref Enq: 0.0 ms]
      [Redirty Cards: 0.1 ms]
      [Humongous Register: 3.7 ms]
      [Humongous Reclaim: 0.0 ms]
      [Free CSet: 0.1 ms]
   [Eden: 44.0M(44.0M)->0.0B(46.0M) Survivors: 7168.0K->5120.0K Heap: 304.6M(1024.0M)->260.5M(1024.0M)]
 [Times: user=0.07 sys=0.01, real=0.03 secs] 
2018-12-01T23:06:19.445+0800: 4241.760: [GC pause (G1 Evacuation Pause) (young), 0.0222185 secs]
   [Parallel Time: 21.2 ms, GC Workers: 4]
      [GC Worker Start (ms): Min: 4241760.2, Avg: 4241760.3, Max: 4241760.3, Diff: 0.1]
      [Ext Root Scanning (ms): Min: 1.1, Avg: 1.1, Max: 1.2, Diff: 0.1, Sum: 4.5]
      [Update RS (ms): Min: 3.7, Avg: 3.8, Max: 4.1, Diff: 0.4, Sum: 15.3]
         [Processed Buffers: Min: 2, Avg: 8.8, Max: 15, Diff: 13, Sum: 35]
      [Scan RS (ms): Min: 4.9, Avg: 4.9, Max: 5.0, Diff: 0.1, Sum: 19.8]
      [Code Root Scanning (ms): Min: 0.0, Avg: 0.0, Max: 0.0, Diff: 0.0, Sum: 0.0]
      [Object Copy (ms): Min: 11.0, Avg: 11.2, Max: 11.3, Diff: 0.3, Sum: 44.7]
      [Termination (ms): Min: 0.0, Avg: 0.0, Max: 0.0, Diff: 0.0, Sum: 0.0]
         [Termination Attempts: Min: 1, Avg: 1.8, Max: 3, Diff: 2, Sum: 7]
      [GC Worker Other (ms): Min: 0.0, Avg: 0.0, Max: 0.1, Diff: 0.0, Sum: 0.2]
      [GC Worker Total (ms): Min: 21.1, Avg: 21.1, Max: 21.2, Diff: 0.0, Sum: 84.6]
      [GC Worker End (ms): Min: 4241781.4, Avg: 4241781.4, Max: 4241781.4, Diff: 0.0]
   [Code Root Fixup: 0.0 ms]
   [Code Root Purge: 0.0 ms]
   [Clear CT: 0.1 ms]
   [Other: 0.9 ms]
      [Choose CSet: 0.0 ms]
      [Ref Proc: 0.3 ms]
      [Ref Enq: 0.0 ms]
      [Redirty Cards: 0.1 ms]
      [Humongous Register: 0.0 ms]
      [Humongous Reclaim: 0.0 ms]
      [Free CSet: 0.1 ms]
   [Eden: 46.0M(46.0M)->0.0B(46.0M) Survivors: 5120.0K->5120.0K Heap: 306.5M(1024.0M)->261.7M(1024.0M)]
 [Times: user=0.07 sys=0.02, real=0.03 secs] 
2018-12-01T23:06:43.994+0800: 4266.308: [GC pause (G1 Evacuation Pause) (young), 0.0146944 secs]
   [Parallel Time: 14.0 ms, GC Workers: 4]
      [GC Worker Start (ms): Min: 4266308.3, Avg: 4266308.3, Max: 4266308.4, Diff: 0.1]
      [Ext Root Scanning (ms): Min: 0.8, Avg: 0.8, Max: 0.8, Diff: 0.1, Sum: 3.2]
      [Update RS (ms): Min: 2.2, Avg: 2.2, Max: 2.3, Diff: 0.1, Sum: 8.8]
         [Processed Buffers: Min: 4, Avg: 7.2, Max: 13, Diff: 9, Sum: 29]
      [Scan RS (ms): Min: 2.7, Avg: 3.0, Max: 3.9, Diff: 1.2, Sum: 12.1]
      [Code Root Scanning (ms): Min: 0.0, Avg: 0.0, Max: 0.0, Diff: 0.0, Sum: 0.0]
      [Object Copy (ms): Min: 7.0, Avg: 7.8, Max: 8.2, Diff: 1.2, Sum: 31.3]
      [Termination (ms): Min: 0.0, Avg: 0.0, Max: 0.0, Diff: 0.0, Sum: 0.0]
         [Termination Attempts: Min: 1, Avg: 1.2, Max: 2, Diff: 1, Sum: 5]
      [GC Worker Other (ms): Min: 0.0, Avg: 0.0, Max: 0.0, Diff: 0.0, Sum: 0.1]
      [GC Worker Total (ms): Min: 13.9, Avg: 13.9, Max: 13.9, Diff: 0.0, Sum: 55.6]
      [GC Worker End (ms): Min: 4266322.2, Avg: 4266322.2, Max: 4266322.2, Diff: 0.0]
   [Code Root Fixup: 0.0 ms]
   [Code Root Purge: 0.0 ms]
   [Clear CT: 0.1 ms]
   [Other: 0.6 ms]
      [Choose CSet: 0.0 ms]
      [Ref Proc: 0.2 ms]
      [Ref Enq: 0.0 ms]
      [Redirty Cards: 0.1 ms]
      [Humongous Register: 0.0 ms]
      [Humongous Reclaim: 0.0 ms]
      [Free CSet: 0.1 ms]
   [Eden: 46.0M(46.0M)->0.0B(46.0M) Survivors: 5120.0K->5120.0K Heap: 307.7M(1024.0M)->261.2M(1024.0M)]
 [Times: user=0.05 sys=0.00, real=0.02 secs] 
2018-12-01T23:07:08.562+0800: 4290.875: [GC pause (G1 Evacuation Pause) (young), 0.0278262 secs]
   [Parallel Time: 26.9 ms, GC Workers: 4]
      [GC Worker Start (ms): Min: 4290875.8, Avg: 4290875.8, Max: 4290875.8, Diff: 0.1]
      [Ext Root Scanning (ms): Min: 1.0, Avg: 1.1, Max: 1.2, Diff: 0.2, Sum: 4.3]
      [Update RS (ms): Min: 2.5, Avg: 2.8, Max: 3.1, Diff: 0.5, Sum: 11.3]
         [Processed Buffers: Min: 2, Avg: 7.8, Max: 15, Diff: 13, Sum: 31]
      [Scan RS (ms): Min: 3.7, Avg: 3.9, Max: 4.2, Diff: 0.5, Sum: 15.6]
      [Code Root Scanning (ms): Min: 0.0, Avg: 0.0, Max: 0.0, Diff: 0.0, Sum: 0.0]
      [Object Copy (ms): Min: 18.8, Avg: 18.9, Max: 19.0, Diff: 0.2, Sum: 75.6]
      [Termination (ms): Min: 0.0, Avg: 0.1, Max: 0.1, Diff: 0.1, Sum: 0.4]
         [Termination Attempts: Min: 1, Avg: 1.0, Max: 1, Diff: 0, Sum: 4]
      [GC Worker Other (ms): Min: 0.0, Avg: 0.0, Max: 0.0, Diff: 0.0, Sum: 0.2]
      [GC Worker Total (ms): Min: 26.8, Avg: 26.8, Max: 26.9, Diff: 0.1, Sum: 107.3]
      [GC Worker End (ms): Min: 4290902.6, Avg: 4290902.6, Max: 4290902.6, Diff: 0.0]
   [Code Root Fixup: 0.0 ms]
   [Code Root Purge: 0.0 ms]
   [Clear CT: 0.1 ms]
   [Other: 0.8 ms]
      [Choose CSet: 0.0 ms]
      [Ref Proc: 0.2 ms]
      [Ref Enq: 0.0 ms]
      [Redirty Cards: 0.1 ms]
      [Humongous Register: 0.2 ms]
      [Humongous Reclaim: 0.0 ms]
      [Free CSet: 0.1 ms]
   [Eden: 46.0M(46.0M)->0.0B(45.0M) Survivors: 5120.0K->6144.0K Heap: 307.2M(1024.0M)->263.4M(1024.0M)]
 [Times: user=0.07 sys=0.01, real=0.03 secs] 
2018-12-01T23:07:32.193+0800: 4314.505: [GC pause (G1 Evacuation Pause) (young), 0.0224751 secs]
   [Parallel Time: 21.7 ms, GC Workers: 4]
      [GC Worker Start (ms): Min: 4314505.4, Avg: 4314505.4, Max: 4314505.4, Diff: 0.1]
      [Ext Root Scanning (ms): Min: 0.9, Avg: 0.9, Max: 0.9, Diff: 0.0, Sum: 3.6]
      [Update RS (ms): Min: 2.2, Avg: 2.5, Max: 3.3, Diff: 1.1, Sum: 9.9]
         [Processed Buffers: Min: 2, Avg: 9.0, Max: 12, Diff: 10, Sum: 36]
      [Scan RS (ms): Min: 4.4, Avg: 5.7, Max: 7.0, Diff: 2.6, Sum: 22.7]
      [Code Root Scanning (ms): Min: 0.0, Avg: 0.0, Max: 0.0, Diff: 0.0, Sum: 0.0]
      [Object Copy (ms): Min: 11.2, Avg: 12.3, Max: 12.8, Diff: 1.6, Sum: 49.3]
      [Termination (ms): Min: 0.0, Avg: 0.1, Max: 0.2, Diff: 0.1, Sum: 0.3]
         [Termination Attempts: Min: 1, Avg: 1.0, Max: 1, Diff: 0, Sum: 4]
      [GC Worker Other (ms): Min: 0.0, Avg: 0.0, Max: 0.0, Diff: 0.0, Sum: 0.1]
      [GC Worker Total (ms): Min: 21.5, Avg: 21.5, Max: 21.5, Diff: 0.0, Sum: 86.0]
      [GC Worker End (ms): Min: 4314526.9, Avg: 4314526.9, Max: 4314526.9, Diff: 0.1]
   [Code Root Fixup: 0.0 ms]
   [Code Root Purge: 0.0 ms]
   [Clear CT: 0.1 ms]
   [Other: 0.7 ms]
      [Choose CSet: 0.0 ms]
      [Ref Proc: 0.2 ms]
      [Ref Enq: 0.0 ms]
      [Redirty Cards: 0.1 ms]
      [Humongous Register: 0.0 ms]
      [Humongous Reclaim: 0.0 ms]
      [Free CSet: 0.1 ms]
   [Eden: 45.0M(45.0M)->0.0B(46.0M) Survivors: 6144.0K->5120.0K Heap: 308.4M(1024.0M)->263.3M(1024.0M)]
 [Times: user=0.07 sys=0.00, real=0.02 secs] 
2018-12-01T23:07:56.619+0800: 4338.930: [GC pause (G1 Evacuation Pause) (young), 0.0586776 secs]
   [Parallel Time: 54.9 ms, GC Workers: 4]
      [GC Worker Start (ms): Min: 4338933.4, Avg: 4338933.5, Max: 4338933.6, Diff: 0.1]
      [Ext Root Scanning (ms): Min: 7.7, Avg: 10.6, Max: 18.7, Diff: 11.0, Sum: 42.4]
      [Update RS (ms): Min: 5.1, Avg: 16.8, Max: 21.9, Diff: 16.8, Sum: 67.0]
         [Processed Buffers: Min: 3, Avg: 8.5, Max: 13, Diff: 10, Sum: 34]
      [Scan RS (ms): Min: 4.3, Avg: 6.4, Max: 10.6, Diff: 6.3, Sum: 25.5]
      [Code Root Scanning (ms): Min: 0.0, Avg: 0.0, Max: 0.0, Diff: 0.0, Sum: 0.0]
      [Object Copy (ms): Min: 19.5, Avg: 20.8, Max: 22.0, Diff: 2.5, Sum: 83.4]
      [Termination (ms): Min: 0.0, Avg: 0.1, Max: 0.1, Diff: 0.1, Sum: 0.4]
         [Termination Attempts: Min: 1, Avg: 1.0, Max: 1, Diff: 0, Sum: 4]
      [GC Worker Other (ms): Min: 0.0, Avg: 0.1, Max: 0.1, Diff: 0.1, Sum: 0.2]
      [GC Worker Total (ms): Min: 54.7, Avg: 54.7, Max: 54.8, Diff: 0.1, Sum: 219.0]
      [GC Worker End (ms): Min: 4338988.2, Avg: 4338988.2, Max: 4338988.2, Diff: 0.0]
   [Code Root Fixup: 0.0 ms]
   [Code Root Purge: 0.0 ms]
   [Clear CT: 0.1 ms]
   [Other: 3.7 ms]
      [Choose CSet: 0.0 ms]
      [Ref Proc: 0.2 ms]
      [Ref Enq: 0.0 ms]
      [Redirty Cards: 0.1 ms]
      [Humongous Register: 2.2 ms]
      [Humongous Reclaim: 0.0 ms]
      [Free CSet: 0.3 ms]
   [Eden: 46.0M(46.0M)->0.0B(46.0M) Survivors: 5120.0K->5120.0K Heap: 309.3M(1024.0M)->264.5M(1024.0M)]
 [Times: user=0.07 sys=0.06, real=0.07 secs] 
2018-12-01T23:08:21.138+0800: 4363.449: [GC pause (G1 Evacuation Pause) (young), 0.0203227 secs]
   [Parallel Time: 19.5 ms, GC Workers: 4]
      [GC Worker Start (ms): Min: 4363449.3, Avg: 4363449.3, Max: 4363449.4, Diff: 0.1]
      [Ext Root Scanning (ms): Min: 1.0, Avg: 1.1, Max: 1.1, Diff: 0.2, Sum: 4.3]
      [Update RS (ms): Min: 2.5, Avg: 2.7, Max: 2.9, Diff: 0.4, Sum: 10.9]
         [Processed Buffers: Min: 2, Avg: 8.8, Max: 19, Diff: 17, Sum: 35]
      [Scan RS (ms): Min: 4.9, Avg: 5.1, Max: 5.3, Diff: 0.4, Sum: 20.6]
      [Code Root Scanning (ms): Min: 0.0, Avg: 0.0, Max: 0.0, Diff: 0.0, Sum: 0.0]
      [Object Copy (ms): Min: 10.3, Avg: 10.4, Max: 10.4, Diff: 0.1, Sum: 41.4]
      [Termination (ms): Min: 0.0, Avg: 0.0, Max: 0.0, Diff: 0.0, Sum: 0.0]
         [Termination Attempts: Min: 1, Avg: 1.0, Max: 1, Diff: 0, Sum: 4]
      [GC Worker Other (ms): Min: 0.0, Avg: 0.0, Max: 0.1, Diff: 0.0, Sum: 0.2]
      [GC Worker Total (ms): Min: 19.3, Avg: 19.3, Max: 19.4, Diff: 0.1, Sum: 77.4]
      [GC Worker End (ms): Min: 4363468.7, Avg: 4363468.7, Max: 4363468.7, Diff: 0.0]
   [Code Root Fixup: 0.0 ms]
   [Code Root Purge: 0.0 ms]
   [Clear CT: 0.1 ms]
   [Other: 0.7 ms]
      [Choose CSet: 0.0 ms]
      [Ref Proc: 0.1 ms]
      [Ref Enq: 0.0 ms]
      [Redirty Cards: 0.1 ms]
      [Humongous Register: 0.0 ms]
      [Humongous Reclaim: 0.0 ms]
      [Free CSet: 0.1 ms]
   [Eden: 46.0M(46.0M)->0.0B(46.0M) Survivors: 5120.0K->5120.0K Heap: 310.5M(1024.0M)->264.5M(1024.0M)]
 [Times: user=0.07 sys=0.01, real=0.03 secs] 
2018-12-01T23:08:45.685+0800: 4387.995: [GC pause (G1 Evacuation Pause) (young), 0.0549113 secs]
   [Parallel Time: 49.8 ms, GC Workers: 4]
      [GC Worker Start (ms): Min: 4387999.4, Avg: 4387999.7, Max: 4387999.8, Diff: 0.4]
      [Ext Root Scanning (ms): Min: 9.0, Avg: 10.4, Max: 14.0, Diff: 5.0, Sum: 41.7]
      [Update RS (ms): Min: 0.0, Avg: 3.2, Max: 4.8, Diff: 4.8, Sum: 12.9]
         [Processed Buffers: Min: 0, Avg: 8.5, Max: 14, Diff: 14, Sum: 34]
      [Scan RS (ms): Min: 10.8, Avg: 11.5, Max: 12.4, Diff: 1.6, Sum: 46.1]
      [Code Root Scanning (ms): Min: 0.0, Avg: 0.0, Max: 0.0, Diff: 0.0, Sum: 0.0]
      [Object Copy (ms): Min: 23.4, Avg: 24.2, Max: 25.1, Diff: 1.8, Sum: 96.7]
      [Termination (ms): Min: 0.0, Avg: 0.0, Max: 0.0, Diff: 0.0, Sum: 0.0]
         [Termination Attempts: Min: 1, Avg: 1.8, Max: 2, Diff: 1, Sum: 7]
      [GC Worker Other (ms): Min: 0.1, Avg: 0.1, Max: 0.1, Diff: 0.1, Sum: 0.3]
      [GC Worker Total (ms): Min: 49.3, Avg: 49.5, Max: 49.7, Diff: 0.4, Sum: 197.9]
      [GC Worker End (ms): Min: 4388049.1, Avg: 4388049.1, Max: 4388049.1, Diff: 0.0]
   [Code Root Fixup: 0.0 ms]
   [Code Root Purge: 0.0 ms]
   [Clear CT: 0.1 ms]
   [Other: 5.0 ms]
      [Choose CSet: 0.0 ms]
      [Ref Proc: 0.2 ms]
      [Ref Enq: 0.0 ms]
      [Redirty Cards: 0.1 ms]
      [Humongous Register: 3.4 ms]
      [Humongous Reclaim: 0.0 ms]
      [Free CSet: 0.2 ms]
   [Eden: 46.0M(46.0M)->0.0B(44.0M) Survivors: 5120.0K->7168.0K Heap: 310.5M(1024.0M)->267.2M(1024.0M)]
 [Times: user=0.06 sys=0.07, real=0.06 secs] 
2018-12-01T23:09:09.142+0800: 4411.452: [GC pause (G1 Evacuation Pause) (young), 0.0205340 secs]
   [Parallel Time: 19.8 ms, GC Workers: 4]
      [GC Worker Start (ms): Min: 4411452.0, Avg: 4411452.0, Max: 4411452.0, Diff: 0.1]
      [Ext Root Scanning (ms): Min: 1.1, Avg: 1.1, Max: 1.1, Diff: 0.0, Sum: 4.4]
      [Update RS (ms): Min: 1.4, Avg: 1.9, Max: 2.5, Diff: 1.1, Sum: 7.8]
         [Processed Buffers: Min: 2, Avg: 8.2, Max: 16, Diff: 14, Sum: 33]
      [Scan RS (ms): Min: 5.3, Avg: 5.8, Max: 7.0, Diff: 1.7, Sum: 23.0]
      [Code Root Scanning (ms): Min: 0.0, Avg: 0.0, Max: 0.0, Diff: 0.0, Sum: 0.0]
      [Object Copy (ms): Min: 9.0, Avg: 10.8, Max: 11.7, Diff: 2.6, Sum: 43.3]
      [Termination (ms): Min: 0.0, Avg: 0.0, Max: 0.0, Diff: 0.0, Sum: 0.0]
         [Termination Attempts: Min: 1, Avg: 1.0, Max: 1, Diff: 0, Sum: 4]
      [GC Worker Other (ms): Min: 0.0, Avg: 0.0, Max: 0.0, Diff: 0.0, Sum: 0.1]
      [GC Worker Total (ms): Min: 19.6, Avg: 19.7, Max: 19.7, Diff: 0.0, Sum: 78.7]
      [GC Worker End (ms): Min: 4411471.6, Avg: 4411471.7, Max: 4411471.7, Diff: 0.0]
   [Code Root Fixup: 0.0 ms]
   [Code Root Purge: 0.0 ms]
   [Clear CT: 0.1 ms]
   [Other: 0.7 ms]
      [Choose CSet: 0.0 ms]
      [Ref Proc: 0.2 ms]
      [Ref Enq: 0.0 ms]
      [Redirty Cards: 0.1 ms]
      [Humongous Register: 0.0 ms]
      [Humongous Reclaim: 0.0 ms]
      [Free CSet: 0.1 ms]
   [Eden: 44.0M(44.0M)->0.0B(46.0M) Survivors: 7168.0K->5120.0K Heap: 311.2M(1024.0M)->266.7M(1024.0M)]
 [Times: user=0.08 sys=0.00, real=0.02 secs] 
2018-12-01T23:09:33.321+0800: 4435.629: [GC pause (G1 Evacuation Pause) (young), 0.0192532 secs]
   [Parallel Time: 18.2 ms, GC Workers: 4]
      [GC Worker Start (ms): Min: 4435629.6, Avg: 4435629.6, Max: 4435629.7, Diff: 0.1]
      [Ext Root Scanning (ms): Min: 0.8, Avg: 0.9, Max: 0.9, Diff: 0.1, Sum: 3.7]
      [Update RS (ms): Min: 2.6, Avg: 2.7, Max: 3.0, Diff: 0.4, Sum: 11.0]
         [Processed Buffers: Min: 1, Avg: 8.2, Max: 15, Diff: 14, Sum: 33]
      [Scan RS (ms): Min: 5.2, Avg: 5.8, Max: 6.9, Diff: 1.7, Sum: 23.3]
      [Code Root Scanning (ms): Min: 0.0, Avg: 0.0, Max: 0.0, Diff: 0.0, Sum: 0.0]
      [Object Copy (ms): Min: 7.4, Avg: 8.6, Max: 9.0, Diff: 1.6, Sum: 34.4]
      [Termination (ms): Min: 0.0, Avg: 0.0, Max: 0.0, Diff: 0.0, Sum: 0.0]
         [Termination Attempts: Min: 1, Avg: 1.0, Max: 1, Diff: 0, Sum: 4]
      [GC Worker Other (ms): Min: 0.0, Avg: 0.0, Max: 0.1, Diff: 0.0, Sum: 0.1]
      [GC Worker Total (ms): Min: 18.0, Avg: 18.1, Max: 18.2, Diff: 0.1, Sum: 72.5]
      [GC Worker End (ms): Min: 4435647.7, Avg: 4435647.7, Max: 4435647.7, Diff: 0.0]
   [Code Root Fixup: 0.0 ms]
   [Code Root Purge: 0.0 ms]
   [Clear CT: 0.2 ms]
   [Other: 0.8 ms]
      [Choose CSet: 0.0 ms]
      [Ref Proc: 0.2 ms]
      [Ref Enq: 0.0 ms]
      [Redirty Cards: 0.1 ms]
      [Humongous Register: 0.0 ms]
      [Humongous Reclaim: 0.0 ms]
      [Free CSet: 0.0 ms]
   [Eden: 46.0M(46.0M)->0.0B(46.0M) Survivors: 5120.0K->5120.0K Heap: 312.7M(1024.0M)->267.7M(1024.0M)]
 [Times: user=0.07 sys=0.01, real=0.02 secs] 
2018-12-01T23:09:57.757+0800: 4460.065: [GC pause (G1 Evacuation Pause) (young), 0.0186275 secs]
   [Parallel Time: 18.0 ms, GC Workers: 4]
      [GC Worker Start (ms): Min: 4460065.0, Avg: 4460065.0, Max: 4460065.0, Diff: 0.1]
      [Ext Root Scanning (ms): Min: 0.7, Avg: 0.8, Max: 0.8, Diff: 0.1, Sum: 3.0]
      [Update RS (ms): Min: 2.3, Avg: 2.4, Max: 2.5, Diff: 0.1, Sum: 9.5]
         [Processed Buffers: Min: 4, Avg: 8.5, Max: 18, Diff: 14, Sum: 34]
      [Scan RS (ms): Min: 5.5, Avg: 6.0, Max: 7.5, Diff: 2.0, Sum: 24.1]
      [Code Root Scanning (ms): Min: 0.0, Avg: 0.0, Max: 0.0, Diff: 0.0, Sum: 0.0]
      [Object Copy (ms): Min: 7.1, Avg: 8.6, Max: 9.2, Diff: 2.1, Sum: 34.5]
      [Termination (ms): Min: 0.0, Avg: 0.0, Max: 0.0, Diff: 0.0, Sum: 0.0]
         [Termination Attempts: Min: 1, Avg: 1.0, Max: 1, Diff: 0, Sum: 4]
      [GC Worker Other (ms): Min: 0.1, Avg: 0.1, Max: 0.1, Diff: 0.0, Sum: 0.3]
      [GC Worker Total (ms): Min: 17.8, Avg: 17.9, Max: 17.9, Diff: 0.1, Sum: 71.4]
      [GC Worker End (ms): Min: 4460082.8, Avg: 4460082.9, Max: 4460082.9, Diff: 0.0]
   [Code Root Fixup: 0.0 ms]
   [Code Root Purge: 0.0 ms]
   [Clear CT: 0.1 ms]
   [Other: 0.6 ms]
      [Choose CSet: 0.0 ms]
      [Ref Proc: 0.1 ms]
      [Ref Enq: 0.0 ms]
      [Redirty Cards: 0.1 ms]
      [Humongous Register: 0.0 ms]
      [Humongous Reclaim: 0.0 ms]
      [Free CSet: 0.1 ms]
   [Eden: 46.0M(46.0M)->0.0B(46.0M) Survivors: 5120.0K->5120.0K Heap: 313.7M(1024.0M)->267.7M(1024.0M)]
 [Times: user=0.07 sys=0.00, real=0.02 secs] 
2018-12-01T23:10:22.191+0800: 4484.498: [GC pause (G1 Evacuation Pause) (young), 0.0202925 secs]
   [Parallel Time: 19.6 ms, GC Workers: 4]
      [GC Worker Start (ms): Min: 4484498.6, Avg: 4484498.7, Max: 4484498.8, Diff: 0.2]
      [Ext Root Scanning (ms): Min: 0.7, Avg: 0.8, Max: 0.9, Diff: 0.3, Sum: 3.3]
      [Update RS (ms): Min: 1.6, Avg: 1.8, Max: 2.1, Diff: 0.5, Sum: 7.2]
         [Processed Buffers: Min: 2, Avg: 8.5, Max: 11, Diff: 9, Sum: 34]
      [Scan RS (ms): Min: 5.1, Avg: 5.6, Max: 6.5, Diff: 1.4, Sum: 22.3]
      [Code Root Scanning (ms): Min: 0.0, Avg: 0.0, Max: 0.0, Diff: 0.0, Sum: 0.0]
      [Object Copy (ms): Min: 10.3, Avg: 11.2, Max: 11.6, Diff: 1.2, Sum: 44.9]
      [Termination (ms): Min: 0.0, Avg: 0.0, Max: 0.0, Diff: 0.0, Sum: 0.0]
         [Termination Attempts: Min: 1, Avg: 1.2, Max: 2, Diff: 1, Sum: 5]
      [GC Worker Other (ms): Min: 0.0, Avg: 0.0, Max: 0.0, Diff: 0.0, Sum: 0.1]
      [GC Worker Total (ms): Min: 19.3, Avg: 19.5, Max: 19.5, Diff: 0.2, Sum: 77.8]
      [GC Worker End (ms): Min: 4484518.1, Avg: 4484518.1, Max: 4484518.1, Diff: 0.0]
   [Code Root Fixup: 0.0 ms]
   [Code Root Purge: 0.0 ms]
   [Clear CT: 0.1 ms]
   [Other: 0.6 ms]
      [Choose CSet: 0.0 ms]
      [Ref Proc: 0.2 ms]
      [Ref Enq: 0.0 ms]
      [Redirty Cards: 0.1 ms]
      [Humongous Register: 0.0 ms]
      [Humongous Reclaim: 0.0 ms]
      [Free CSet: 0.1 ms]
   [Eden: 46.0M(46.0M)->0.0B(44.0M) Survivors: 5120.0K->7168.0K Heap: 313.7M(1024.0M)->270.4M(1024.0M)]
 [Times: user=0.07 sys=0.00, real=0.02 secs] 
2018-12-01T23:10:45.799+0800: 4508.105: [GC pause (G1 Evacuation Pause) (young), 0.0208391 secs]
   [Parallel Time: 19.8 ms, GC Workers: 4]
      [GC Worker Start (ms): Min: 4508105.7, Avg: 4508105.8, Max: 4508106.1, Diff: 0.5]
      [Ext Root Scanning (ms): Min: 0.6, Avg: 0.9, Max: 1.1, Diff: 0.5, Sum: 3.4]
      [Update RS (ms): Min: 2.6, Avg: 2.7, Max: 2.8, Diff: 0.2, Sum: 10.8]
         [Processed Buffers: Min: 1, Avg: 7.8, Max: 21, Diff: 20, Sum: 31]
      [Scan RS (ms): Min: 4.7, Avg: 4.9, Max: 5.1, Diff: 0.4, Sum: 19.6]
      [Code Root Scanning (ms): Min: 0.0, Avg: 0.0, Max: 0.0, Diff: 0.0, Sum: 0.0]
      [Object Copy (ms): Min: 11.0, Avg: 11.1, Max: 11.2, Diff: 0.2, Sum: 44.4]
      [Termination (ms): Min: 0.0, Avg: 0.0, Max: 0.0, Diff: 0.0, Sum: 0.0]
         [Termination Attempts: Min: 1, Avg: 1.0, Max: 1, Diff: 0, Sum: 4]
      [GC Worker Other (ms): Min: 0.0, Avg: 0.0, Max: 0.0, Diff: 0.0, Sum: 0.1]
      [GC Worker Total (ms): Min: 19.3, Avg: 19.6, Max: 19.8, Diff: 0.5, Sum: 78.4]
      [GC Worker End (ms): Min: 4508125.4, Avg: 4508125.4, Max: 4508125.4, Diff: 0.0]
   [Code Root Fixup: 0.0 ms]
   [Code Root Purge: 0.0 ms]
   [Clear CT: 0.1 ms]
   [Other: 0.8 ms]
      [Choose CSet: 0.0 ms]
      [Ref Proc: 0.3 ms]
      [Ref Enq: 0.0 ms]
      [Redirty Cards: 0.1 ms]
      [Humongous Register: 0.1 ms]
      [Humongous Reclaim: 0.0 ms]
      [Free CSet: 0.0 ms]
   [Eden: 44.0M(44.0M)->0.0B(46.0M) Survivors: 7168.0K->5120.0K Heap: 314.4M(1024.0M)->269.8M(1024.0M)]
 [Times: user=0.08 sys=0.00, real=0.03 secs] 
2018-12-01T23:11:10.379+0800: 4532.685: [GC pause (G1 Evacuation Pause) (young), 0.0185521 secs]
   [Parallel Time: 17.9 ms, GC Workers: 4]
      [GC Worker Start (ms): Min: 4532685.3, Avg: 4532685.4, Max: 4532685.4, Diff: 0.1]
      [Ext Root Scanning (ms): Min: 0.7, Avg: 0.8, Max: 0.8, Diff: 0.1, Sum: 3.1]
      [Update RS (ms): Min: 2.3, Avg: 2.7, Max: 2.9, Diff: 0.5, Sum: 10.6]
         [Processed Buffers: Min: 4, Avg: 8.5, Max: 17, Diff: 13, Sum: 34]
      [Scan RS (ms): Min: 5.3, Avg: 6.0, Max: 6.9, Diff: 1.6, Sum: 24.1]
      [Code Root Scanning (ms): Min: 0.0, Avg: 0.0, Max: 0.0, Diff: 0.0, Sum: 0.0]
      [Object Copy (ms): Min: 7.7, Avg: 8.3, Max: 8.9, Diff: 1.2, Sum: 33.1]
      [Termination (ms): Min: 0.0, Avg: 0.0, Max: 0.0, Diff: 0.0, Sum: 0.0]
         [Termination Attempts: Min: 1, Avg: 1.5, Max: 2, Diff: 1, Sum: 6]
      [GC Worker Other (ms): Min: 0.0, Avg: 0.0, Max: 0.1, Diff: 0.0, Sum: 0.2]
      [GC Worker Total (ms): Min: 17.7, Avg: 17.8, Max: 17.8, Diff: 0.0, Sum: 71.1]
      [GC Worker End (ms): Min: 4532703.1, Avg: 4532703.1, Max: 4532703.1, Diff: 0.0]
   [Code Root Fixup: 0.0 ms]
   [Code Root Purge: 0.0 ms]
   [Clear CT: 0.1 ms]
   [Other: 0.5 ms]
      [Choose CSet: 0.0 ms]
      [Ref Proc: 0.1 ms]
      [Ref Enq: 0.0 ms]
      [Redirty Cards: 0.1 ms]
      [Humongous Register: 0.0 ms]
      [Humongous Reclaim: 0.0 ms]
      [Free CSet: 0.1 ms]
   [Eden: 46.0M(46.0M)->0.0B(45.0M) Survivors: 5120.0K->6144.0K Heap: 315.8M(1024.0M)->270.8M(1024.0M)]
 [Times: user=0.07 sys=0.00, real=0.03 secs] 
2018-12-01T23:11:34.128+0800: 4556.433: [GC pause (G1 Evacuation Pause) (young), 0.0222628 secs]
   [Parallel Time: 21.4 ms, GC Workers: 4]
      [GC Worker Start (ms): Min: 4556433.0, Avg: 4556433.0, Max: 4556433.0, Diff: 0.1]
      [Ext Root Scanning (ms): Min: 0.9, Avg: 1.1, Max: 1.4, Diff: 0.4, Sum: 4.3]
      [Update RS (ms): Min: 1.8, Avg: 2.2, Max: 2.4, Diff: 0.7, Sum: 8.9]
         [Processed Buffers: Min: 3, Avg: 8.0, Max: 13, Diff: 10, Sum: 32]
      [Scan RS (ms): Min: 5.2, Avg: 6.4, Max: 7.5, Diff: 2.3, Sum: 25.8]
      [Code Root Scanning (ms): Min: 0.0, Avg: 0.0, Max: 0.0, Diff: 0.0, Sum: 0.0]
      [Object Copy (ms): Min: 10.0, Avg: 11.2, Max: 12.4, Diff: 2.4, Sum: 44.7]
      [Termination (ms): Min: 0.0, Avg: 0.3, Max: 0.4, Diff: 0.4, Sum: 1.2]
         [Termination Attempts: Min: 1, Avg: 1.5, Max: 3, Diff: 2, Sum: 6]
      [GC Worker Other (ms): Min: 0.0, Avg: 0.0, Max: 0.1, Diff: 0.0, Sum: 0.1]
      [GC Worker Total (ms): Min: 21.1, Avg: 21.3, Max: 21.4, Diff: 0.3, Sum: 85.0]
      [GC Worker End (ms): Min: 4556454.1, Avg: 4556454.3, Max: 4556454.3, Diff: 0.3]
   [Code Root Fixup: 0.0 ms]
   [Code Root Purge: 0.0 ms]
   [Clear CT: 0.1 ms]
   [Other: 0.8 ms]
      [Choose CSet: 0.0 ms]
      [Ref Proc: 0.3 ms]
      [Ref Enq: 0.0 ms]
      [Redirty Cards: 0.1 ms]
      [Humongous Register: 0.1 ms]
      [Humongous Reclaim: 0.0 ms]
      [Free CSet: 0.1 ms]
   [Eden: 45.0M(45.0M)->0.0B(45.0M) Survivors: 6144.0K->6144.0K Heap: 315.8M(1024.0M)->272.1M(1024.0M)]
 [Times: user=0.07 sys=0.01, real=0.03 secs] 
2018-12-01T23:11:58.072+0800: 4580.376: [GC pause (G1 Evacuation Pause) (young), 0.0227207 secs]
   [Parallel Time: 21.1 ms, GC Workers: 4]
      [GC Worker Start (ms): Min: 4580376.4, Avg: 4580376.4, Max: 4580376.5, Diff: 0.1]
      [Ext Root Scanning (ms): Min: 0.9, Avg: 2.3, Max: 5.9, Diff: 5.0, Sum: 9.1]
      [Update RS (ms): Min: 0.0, Avg: 1.2, Max: 1.7, Diff: 1.7, Sum: 4.7]
         [Processed Buffers: Min: 0, Avg: 9.0, Max: 14, Diff: 14, Sum: 36]
      [Scan RS (ms): Min: 1.3, Avg: 5.4, Max: 11.0, Diff: 9.7, Sum: 21.7]
      [Code Root Scanning (ms): Min: 0.0, Avg: 0.0, Max: 0.0, Diff: 0.0, Sum: 0.0]
      [Object Copy (ms): Min: 7.4, Avg: 12.1, Max: 13.6, Diff: 6.2, Sum: 48.3]
      [Termination (ms): Min: 0.0, Avg: 0.0, Max: 0.0, Diff: 0.0, Sum: 0.0]
         [Termination Attempts: Min: 1, Avg: 1.0, Max: 1, Diff: 0, Sum: 4]
      [GC Worker Other (ms): Min: 0.0, Avg: 0.0, Max: 0.0, Diff: 0.0, Sum: 0.1]
      [GC Worker Total (ms): Min: 20.9, Avg: 21.0, Max: 21.0, Diff: 0.1, Sum: 83.8]
      [GC Worker End (ms): Min: 4580397.4, Avg: 4580397.4, Max: 4580397.4, Diff: 0.0]
   [Code Root Fixup: 0.0 ms]
   [Code Root Purge: 0.0 ms]
   [Clear CT: 0.2 ms]
   [Other: 1.4 ms]
      [Choose CSet: 0.0 ms]
      [Ref Proc: 0.4 ms]
      [Ref Enq: 0.0 ms]
      [Redirty Cards: 0.2 ms]
      [Humongous Register: 0.2 ms]
      [Humongous Reclaim: 0.0 ms]
      [Free CSet: 0.2 ms]
   [Eden: 45.0M(45.0M)->0.0B(46.0M) Survivors: 6144.0K->5120.0K Heap: 317.1M(1024.0M)->272.5M(1024.0M)]
 [Times: user=0.06 sys=0.01, real=0.02 secs] 
2018-12-01T23:12:22.445+0800: 4604.749: [GC pause (G1 Evacuation Pause) (young), 0.0312658 secs]
   [Parallel Time: 29.7 ms, GC Workers: 4]
      [GC Worker Start (ms): Min: 4604750.1, Avg: 4604750.2, Max: 4604750.2, Diff: 0.1]
      [Ext Root Scanning (ms): Min: 1.5, Avg: 1.6, Max: 1.7, Diff: 0.1, Sum: 6.4]
      [Update RS (ms): Min: 6.6, Avg: 6.7, Max: 6.9, Diff: 0.3, Sum: 27.0]
         [Processed Buffers: Min: 1, Avg: 8.0, Max: 15, Diff: 14, Sum: 32]
      [Scan RS (ms): Min: 6.7, Avg: 7.0, Max: 7.3, Diff: 0.7, Sum: 28.2]
      [Code Root Scanning (ms): Min: 0.0, Avg: 0.0, Max: 0.0, Diff: 0.0, Sum: 0.0]
      [Object Copy (ms): Min: 14.0, Avg: 14.1, Max: 14.2, Diff: 0.2, Sum: 56.3]
      [Termination (ms): Min: 0.0, Avg: 0.0, Max: 0.0, Diff: 0.0, Sum: 0.0]
         [Termination Attempts: Min: 1, Avg: 1.0, Max: 1, Diff: 0, Sum: 4]
      [GC Worker Other (ms): Min: 0.0, Avg: 0.0, Max: 0.1, Diff: 0.1, Sum: 0.2]
      [GC Worker Total (ms): Min: 29.5, Avg: 29.5, Max: 29.6, Diff: 0.1, Sum: 118.1]
      [GC Worker End (ms): Min: 4604779.7, Avg: 4604779.7, Max: 4604779.7, Diff: 0.0]
   [Code Root Fixup: 0.0 ms]
   [Code Root Purge: 0.0 ms]
   [Clear CT: 0.1 ms]
   [Other: 1.4 ms]
      [Choose CSet: 0.0 ms]
      [Ref Proc: 0.2 ms]
      [Ref Enq: 0.0 ms]
      [Redirty Cards: 0.1 ms]
      [Humongous Register: 0.3 ms]
      [Humongous Reclaim: 0.0 ms]
      [Free CSet: 0.1 ms]
   [Eden: 46.0M(46.0M)->0.0B(46.0M) Survivors: 5120.0K->5120.0K Heap: 318.5M(1024.0M)->273.0M(1024.0M)]
 [Times: user=0.07 sys=0.04, real=0.03 secs] 
2018-12-01T23:12:46.876+0800: 4629.179: [GC pause (G1 Evacuation Pause) (young), 0.0196988 secs]
   [Parallel Time: 18.4 ms, GC Workers: 4]
      [GC Worker Start (ms): Min: 4629179.0, Avg: 4629179.0, Max: 4629179.1, Diff: 0.1]
      [Ext Root Scanning (ms): Min: 0.8, Avg: 0.9, Max: 0.9, Diff: 0.1, Sum: 3.4]
      [Update RS (ms): Min: 1.7, Avg: 1.9, Max: 2.0, Diff: 0.3, Sum: 7.5]
         [Processed Buffers: Min: 5, Avg: 9.5, Max: 19, Diff: 14, Sum: 38]
      [Scan RS (ms): Min: 4.1, Avg: 5.0, Max: 7.4, Diff: 3.3, Sum: 20.2]
      [Code Root Scanning (ms): Min: 0.0, Avg: 0.0, Max: 0.0, Diff: 0.0, Sum: 0.0]
      [Object Copy (ms): Min: 8.3, Avg: 10.5, Max: 11.4, Diff: 3.1, Sum: 42.1]
      [Termination (ms): Min: 0.0, Avg: 0.0, Max: 0.0, Diff: 0.0, Sum: 0.1]
         [Termination Attempts: Min: 1, Avg: 1.0, Max: 1, Diff: 0, Sum: 4]
      [GC Worker Other (ms): Min: 0.0, Avg: 0.0, Max: 0.0, Diff: 0.0, Sum: 0.1]
      [GC Worker Total (ms): Min: 18.3, Avg: 18.3, Max: 18.4, Diff: 0.1, Sum: 73.4]
      [GC Worker End (ms): Min: 4629197.4, Avg: 4629197.4, Max: 4629197.4, Diff: 0.0]
   [Code Root Fixup: 0.0 ms]
   [Code Root Purge: 0.0 ms]
   [Clear CT: 0.1 ms]
   [Other: 1.1 ms]
      [Choose CSet: 0.0 ms]
      [Ref Proc: 0.3 ms]
      [Ref Enq: 0.0 ms]
      [Redirty Cards: 0.1 ms]
      [Humongous Register: 0.1 ms]
      [Humongous Reclaim: 0.0 ms]
      [Free CSet: 0.1 ms]
   [Eden: 46.0M(46.0M)->0.0B(46.0M) Survivors: 5120.0K->5120.0K Heap: 319.0M(1024.0M)->273.5M(1024.0M)]
 [Times: user=0.05 sys=0.01, real=0.02 secs] 
2018-12-01T23:13:11.356+0800: 4653.658: [GC pause (G1 Evacuation Pause) (young), 0.0209774 secs]
   [Parallel Time: 20.3 ms, GC Workers: 4]
      [GC Worker Start (ms): Min: 4653658.3, Avg: 4653658.7, Max: 4653659.0, Diff: 0.7]
      [Ext Root Scanning (ms): Min: 0.8, Avg: 1.1, Max: 1.5, Diff: 0.7, Sum: 4.6]
      [Update RS (ms): Min: 1.9, Avg: 2.4, Max: 3.3, Diff: 1.4, Sum: 9.5]
         [Processed Buffers: Min: 1, Avg: 7.5, Max: 16, Diff: 15, Sum: 30]
      [Scan RS (ms): Min: 5.4, Avg: 6.2, Max: 7.8, Diff: 2.3, Sum: 24.9]
      [Code Root Scanning (ms): Min: 0.0, Avg: 0.0, Max: 0.0, Diff: 0.0, Sum: 0.0]
      [Object Copy (ms): Min: 9.0, Avg: 10.0, Max: 10.8, Diff: 1.8, Sum: 40.1]
      [Termination (ms): Min: 0.0, Avg: 0.0, Max: 0.0, Diff: 0.0, Sum: 0.0]
         [Termination Attempts: Min: 1, Avg: 1.0, Max: 1, Diff: 0, Sum: 4]
      [GC Worker Other (ms): Min: 0.0, Avg: 0.0, Max: 0.0, Diff: 0.0, Sum: 0.2]
      [GC Worker Total (ms): Min: 19.5, Avg: 19.8, Max: 20.2, Diff: 0.7, Sum: 79.3]
      [GC Worker End (ms): Min: 4653678.5, Avg: 4653678.5, Max: 4653678.5, Diff: 0.0]
   [Code Root Fixup: 0.0 ms]
   [Code Root Purge: 0.0 ms]
   [Clear CT: 0.1 ms]
   [Other: 0.6 ms]
      [Choose CSet: 0.0 ms]
      [Ref Proc: 0.1 ms]
      [Ref Enq: 0.0 ms]
      [Redirty Cards: 0.1 ms]
      [Humongous Register: 0.1 ms]
      [Humongous Reclaim: 0.0 ms]
      [Free CSet: 0.1 ms]
   [Eden: 46.0M(46.0M)->0.0B(46.0M) Survivors: 5120.0K->5120.0K Heap: 319.5M(1024.0M)->273.6M(1024.0M)]
 [Times: user=0.07 sys=0.00, real=0.02 secs] 
2018-12-01T23:13:35.723+0800: 4678.024: [GC pause (G1 Evacuation Pause) (young), 0.0935381 secs]
   [Parallel Time: 85.2 ms, GC Workers: 4]
      [GC Worker Start (ms): Min: 4678028.4, Avg: 4678028.5, Max: 4678028.6, Diff: 0.2]
      [Ext Root Scanning (ms): Min: 4.1, Avg: 6.9, Max: 15.1, Diff: 11.0, Sum: 27.7]
      [Update RS (ms): Min: 0.0, Avg: 7.7, Max: 11.8, Diff: 11.8, Sum: 31.0]
         [Processed Buffers: Min: 0, Avg: 9.2, Max: 27, Diff: 27, Sum: 37]
      [Scan RS (ms): Min: 20.6, Avg: 21.9, Max: 23.2, Diff: 2.6, Sum: 87.7]
      [Code Root Scanning (ms): Min: 0.0, Avg: 0.0, Max: 0.0, Diff: 0.0, Sum: 0.0]
      [Object Copy (ms): Min: 47.8, Avg: 48.2, Max: 48.5, Diff: 0.7, Sum: 192.9]
      [Termination (ms): Min: 0.0, Avg: 0.1, Max: 0.2, Diff: 0.2, Sum: 0.4]
         [Termination Attempts: Min: 1, Avg: 1.0, Max: 1, Diff: 0, Sum: 4]
      [GC Worker Other (ms): Min: 0.0, Avg: 0.0, Max: 0.0, Diff: 0.0, Sum: 0.1]
      [GC Worker Total (ms): Min: 84.8, Avg: 84.9, Max: 85.1, Diff: 0.2, Sum: 339.8]
      [GC Worker End (ms): Min: 4678113.4, Avg: 4678113.4, Max: 4678113.5, Diff: 0.1]
   [Code Root Fixup: 0.0 ms]
   [Code Root Purge: 0.0 ms]
   [Clear CT: 0.1 ms]
   [Other: 8.2 ms]
      [Choose CSet: 0.0 ms]
      [Ref Proc: 0.6 ms]
      [Ref Enq: 0.0 ms]
      [Redirty Cards: 0.1 ms]
      [Humongous Register: 3.2 ms]
      [Humongous Reclaim: 0.0 ms]
      [Free CSet: 2.8 ms]
   [Eden: 46.0M(46.0M)->0.0B(44.0M) Survivors: 5120.0K->7168.0K Heap: 319.6M(1024.0M)->275.6M(1024.0M)]
 [Times: user=0.08 sys=0.09, real=0.09 secs] 
2018-12-01T23:13:59.142+0800: 4701.443: [GC pause (G1 Evacuation Pause) (young), 0.0244809 secs]
   [Parallel Time: 23.5 ms, GC Workers: 4]
      [GC Worker Start (ms): Min: 4701443.5, Avg: 4701443.6, Max: 4701443.9, Diff: 0.4]
      [Ext Root Scanning (ms): Min: 1.2, Avg: 1.5, Max: 1.6, Diff: 0.4, Sum: 5.9]
      [Update RS (ms): Min: 3.2, Avg: 3.7, Max: 4.3, Diff: 1.1, Sum: 14.7]
         [Processed Buffers: Min: 3, Avg: 8.5, Max: 16, Diff: 13, Sum: 34]
      [Scan RS (ms): Min: 4.7, Avg: 6.6, Max: 7.6, Diff: 2.9, Sum: 26.6]
      [Code Root Scanning (ms): Min: 0.0, Avg: 0.0, Max: 0.0, Diff: 0.0, Sum: 0.0]
      [Object Copy (ms): Min: 11.0, Avg: 11.4, Max: 12.7, Diff: 1.8, Sum: 45.7]
      [Termination (ms): Min: 0.0, Avg: 0.0, Max: 0.0, Diff: 0.0, Sum: 0.0]
         [Termination Attempts: Min: 1, Avg: 1.2, Max: 2, Diff: 1, Sum: 5]
      [GC Worker Other (ms): Min: 0.0, Avg: 0.0, Max: 0.0, Diff: 0.0, Sum: 0.1]
      [GC Worker Total (ms): Min: 22.9, Avg: 23.3, Max: 23.4, Diff: 0.4, Sum: 93.0]
      [GC Worker End (ms): Min: 4701466.8, Avg: 4701466.9, Max: 4701466.9, Diff: 0.0]
   [Code Root Fixup: 0.0 ms]
   [Code Root Purge: 0.0 ms]
   [Clear CT: 0.1 ms]
   [Other: 0.9 ms]
      [Choose CSet: 0.0 ms]
      [Ref Proc: 0.2 ms]
      [Ref Enq: 0.0 ms]
      [Redirty Cards: 0.1 ms]
      [Humongous Register: 0.2 ms]
      [Humongous Reclaim: 0.0 ms]
      [Free CSet: 0.1 ms]
   [Eden: 44.0M(44.0M)->0.0B(46.0M) Survivors: 7168.0K->5120.0K Heap: 319.6M(1024.0M)->275.4M(1024.0M)]
 [Times: user=0.08 sys=0.01, real=0.02 secs] 
2018-12-01T23:14:23.377+0800: 4725.677: [GC pause (G1 Evacuation Pause) (young), 0.0882543 secs]
   [Parallel Time: 82.3 ms, GC Workers: 4]
      [GC Worker Start (ms): Min: 4725681.7, Avg: 4725681.9, Max: 4725682.1, Diff: 0.4]
      [Ext Root Scanning (ms): Min: 5.3, Avg: 5.7, Max: 6.2, Diff: 0.9, Sum: 22.7]
      [Update RS (ms): Min: 16.8, Avg: 18.6, Max: 19.5, Diff: 2.7, Sum: 74.4]
         [Processed Buffers: Min: 1, Avg: 8.8, Max: 16, Diff: 15, Sum: 35]
      [Scan RS (ms): Min: 18.9, Avg: 20.5, Max: 21.6, Diff: 2.7, Sum: 82.1]
      [Code Root Scanning (ms): Min: 0.0, Avg: 0.0, Max: 0.1, Diff: 0.1, Sum: 0.1]
      [Object Copy (ms): Min: 35.3, Avg: 37.0, Max: 38.5, Diff: 3.2, Sum: 147.8]
      [Termination (ms): Min: 0.0, Avg: 0.1, Max: 0.2, Diff: 0.2, Sum: 0.4]
         [Termination Attempts: Min: 1, Avg: 1.2, Max: 2, Diff: 1, Sum: 5]
      [GC Worker Other (ms): Min: 0.0, Avg: 0.0, Max: 0.1, Diff: 0.0, Sum: 0.2]
      [GC Worker Total (ms): Min: 81.7, Avg: 81.9, Max: 82.1, Diff: 0.4, Sum: 327.7]
      [GC Worker End (ms): Min: 4725763.8, Avg: 4725763.8, Max: 4725763.9, Diff: 0.1]
   [Code Root Fixup: 0.0 ms]
   [Code Root Purge: 0.0 ms]
   [Clear CT: 0.1 ms]
   [Other: 5.8 ms]
      [Choose CSet: 0.0 ms]
      [Ref Proc: 0.3 ms]
      [Ref Enq: 0.0 ms]
      [Redirty Cards: 0.1 ms]
      [Humongous Register: 3.3 ms]
      [Humongous Reclaim: 0.0 ms]
      [Free CSet: 0.3 ms]
   [Eden: 46.0M(46.0M)->0.0B(46.0M) Survivors: 5120.0K->5120.0K Heap: 321.4M(1024.0M)->275.9M(1024.0M)]
 [Times: user=0.07 sys=0.07, real=0.09 secs] 
2018-12-01T23:14:47.874+0800: 4750.173: [GC pause (G1 Evacuation Pause) (young), 0.0317224 secs]
   [Parallel Time: 30.8 ms, GC Workers: 4]
      [GC Worker Start (ms): Min: 4750173.1, Avg: 4750173.2, Max: 4750173.5, Diff: 0.4]
      [Ext Root Scanning (ms): Min: 1.1, Avg: 1.7, Max: 2.8, Diff: 1.7, Sum: 6.8]
      [Update RS (ms): Min: 1.3, Avg: 2.1, Max: 2.5, Diff: 1.3, Sum: 8.2]
         [Processed Buffers: Min: 0, Avg: 8.5, Max: 14, Diff: 14, Sum: 34]
      [Scan RS (ms): Min: 7.0, Avg: 7.9, Max: 10.3, Diff: 3.3, Sum: 31.7]
      [Code Root Scanning (ms): Min: 0.0, Avg: 0.0, Max: 0.0, Diff: 0.0, Sum: 0.0]
      [Object Copy (ms): Min: 16.5, Avg: 18.8, Max: 19.7, Diff: 3.2, Sum: 75.4]
      [Termination (ms): Min: 0.0, Avg: 0.1, Max: 0.1, Diff: 0.1, Sum: 0.4]
         [Termination Attempts: Min: 1, Avg: 1.0, Max: 1, Diff: 0, Sum: 4]
      [GC Worker Other (ms): Min: 0.0, Avg: 0.1, Max: 0.2, Diff: 0.1, Sum: 0.2]
      [GC Worker Total (ms): Min: 30.4, Avg: 30.7, Max: 30.8, Diff: 0.4, Sum: 122.7]
      [GC Worker End (ms): Min: 4750203.8, Avg: 4750203.8, Max: 4750203.8, Diff: 0.0]
   [Code Root Fixup: 0.0 ms]
   [Code Root Purge: 0.0 ms]
   [Clear CT: 0.1 ms]
   [Other: 0.8 ms]
      [Choose CSet: 0.0 ms]
      [Ref Proc: 0.2 ms]
      [Ref Enq: 0.0 ms]
      [Redirty Cards: 0.2 ms]
      [Humongous Register: 0.0 ms]
      [Humongous Reclaim: 0.0 ms]
      [Free CSet: 0.1 ms]
   [Eden: 46.0M(46.0M)->0.0B(45.0M) Survivors: 5120.0K->6144.0K Heap: 321.9M(1024.0M)->277.7M(1024.0M)]
 [Times: user=0.06 sys=0.01, real=0.03 secs] 
2018-12-01T23:15:12.056+0800: 4774.355: [GC pause (G1 Evacuation Pause) (young), 0.0485178 secs]
   [Parallel Time: 42.9 ms, GC Workers: 4]
      [GC Worker Start (ms): Min: 4774359.7, Avg: 4774360.3, Max: 4774361.4, Diff: 1.8]
      [Ext Root Scanning (ms): Min: 5.9, Avg: 8.6, Max: 13.8, Diff: 7.9, Sum: 34.4]
      [Update RS (ms): Min: 0.0, Avg: 3.4, Max: 4.9, Diff: 4.9, Sum: 13.5]
         [Processed Buffers: Min: 0, Avg: 8.2, Max: 16, Diff: 16, Sum: 33]
      [Scan RS (ms): Min: 8.9, Avg: 10.9, Max: 12.4, Diff: 3.5, Sum: 43.7]
      [Code Root Scanning (ms): Min: 0.0, Avg: 0.0, Max: 0.0, Diff: 0.0, Sum: 0.0]
      [Object Copy (ms): Min: 17.9, Avg: 19.1, Max: 20.2, Diff: 2.3, Sum: 76.5]
      [Termination (ms): Min: 0.0, Avg: 0.0, Max: 0.0, Diff: 0.0, Sum: 0.0]
         [Termination Attempts: Min: 1, Avg: 1.0, Max: 1, Diff: 0, Sum: 4]
      [GC Worker Other (ms): Min: 0.0, Avg: 0.1, Max: 0.2, Diff: 0.1, Sum: 0.4]
      [GC Worker Total (ms): Min: 40.9, Avg: 42.1, Max: 42.7, Diff: 1.8, Sum: 168.5]
      [GC Worker End (ms): Min: 4774402.4, Avg: 4774402.4, Max: 4774402.4, Diff: 0.0]
   [Code Root Fixup: 0.0 ms]
   [Code Root Purge: 0.0 ms]
   [Clear CT: 0.1 ms]
   [Other: 5.5 ms]
      [Choose CSet: 0.0 ms]
      [Ref Proc: 0.1 ms]
      [Ref Enq: 0.0 ms]
      [Redirty Cards: 0.1 ms]
      [Humongous Register: 3.6 ms]
      [Humongous Reclaim: 0.0 ms]
      [Free CSet: 0.2 ms]
   [Eden: 45.0M(45.0M)->0.0B(46.0M) Survivors: 6144.0K->5120.0K Heap: 322.7M(1024.0M)->278.4M(1024.0M)]
 [Times: user=0.07 sys=0.06, real=0.06 secs] 
2018-12-01T23:15:36.542+0800: 4798.840: [GC pause (G1 Evacuation Pause) (young), 0.0604026 secs]
   [Parallel Time: 53.6 ms, GC Workers: 4]
      [GC Worker Start (ms): Min: 4798845.6, Avg: 4798846.1, Max: 4798846.7, Diff: 1.1]
      [Ext Root Scanning (ms): Min: 5.5, Avg: 7.7, Max: 12.9, Diff: 7.4, Sum: 30.6]
      [Update RS (ms): Min: 3.2, Avg: 9.0, Max: 11.8, Diff: 8.6, Sum: 36.1]
         [Processed Buffers: Min: 4, Avg: 9.0, Max: 16, Diff: 12, Sum: 36]
      [Scan RS (ms): Min: 10.1, Avg: 12.8, Max: 14.7, Diff: 4.6, Sum: 51.3]
      [Code Root Scanning (ms): Min: 0.0, Avg: 0.0, Max: 0.0, Diff: 0.0, Sum: 0.1]
      [Object Copy (ms): Min: 21.4, Avg: 23.0, Max: 24.5, Diff: 3.2, Sum: 92.0]
      [Termination (ms): Min: 0.0, Avg: 0.1, Max: 0.2, Diff: 0.2, Sum: 0.5]
         [Termination Attempts: Min: 1, Avg: 1.2, Max: 2, Diff: 1, Sum: 5]
      [GC Worker Other (ms): Min: 0.0, Avg: 0.1, Max: 0.1, Diff: 0.1, Sum: 0.3]
      [GC Worker Total (ms): Min: 52.2, Avg: 52.7, Max: 53.3, Diff: 1.1, Sum: 211.0]
      [GC Worker End (ms): Min: 4798898.8, Avg: 4798898.9, Max: 4798898.9, Diff: 0.1]
   [Code Root Fixup: 0.0 ms]
   [Code Root Purge: 0.0 ms]
   [Clear CT: 0.1 ms]
   [Other: 6.7 ms]
      [Choose CSet: 0.0 ms]
      [Ref Proc: 0.4 ms]
      [Ref Enq: 0.0 ms]
      [Redirty Cards: 0.1 ms]
      [Humongous Register: 4.0 ms]
      [Humongous Reclaim: 0.0 ms]
      [Free CSet: 0.4 ms]
   [Eden: 46.0M(46.0M)->0.0B(46.0M) Survivors: 5120.0K->5120.0K Heap: 324.4M(1024.0M)->279.5M(1024.0M)]
 [Times: user=0.07 sys=0.09, real=0.06 secs] 
2018-12-01T23:16:01.074+0800: 4823.372: [GC pause (G1 Evacuation Pause) (young), 0.0227222 secs]
   [Parallel Time: 21.6 ms, GC Workers: 4]
      [GC Worker Start (ms): Min: 4823372.1, Avg: 4823372.1, Max: 4823372.2, Diff: 0.1]
      [Ext Root Scanning (ms): Min: 1.0, Avg: 1.1, Max: 1.2, Diff: 0.2, Sum: 4.3]
      [Update RS (ms): Min: 3.0, Avg: 3.2, Max: 3.8, Diff: 0.8, Sum: 12.9]
         [Processed Buffers: Min: 3, Avg: 9.8, Max: 17, Diff: 14, Sum: 39]
      [Scan RS (ms): Min: 5.0, Avg: 6.7, Max: 10.2, Diff: 5.2, Sum: 26.9]
      [Code Root Scanning (ms): Min: 0.0, Avg: 0.0, Max: 0.0, Diff: 0.0, Sum: 0.1]
      [Object Copy (ms): Min: 7.1, Avg: 10.4, Max: 11.5, Diff: 4.5, Sum: 41.4]
      [Termination (ms): Min: 0.0, Avg: 0.0, Max: 0.1, Diff: 0.1, Sum: 0.2]
         [Termination Attempts: Min: 1, Avg: 1.0, Max: 1, Diff: 0, Sum: 4]
      [GC Worker Other (ms): Min: 0.0, Avg: 0.0, Max: 0.0, Diff: 0.0, Sum: 0.1]
      [GC Worker Total (ms): Min: 21.4, Avg: 21.5, Max: 21.5, Diff: 0.1, Sum: 85.8]
      [GC Worker End (ms): Min: 4823393.6, Avg: 4823393.6, Max: 4823393.6, Diff: 0.0]
   [Code Root Fixup: 0.0 ms]
   [Code Root Purge: 0.0 ms]
   [Clear CT: 0.1 ms]
   [Other: 1.0 ms]
      [Choose CSet: 0.0 ms]
      [Ref Proc: 0.2 ms]
      [Ref Enq: 0.0 ms]
      [Redirty Cards: 0.1 ms]
      [Humongous Register: 0.2 ms]
      [Humongous Reclaim: 0.0 ms]
      [Free CSet: 0.1 ms]
   [Eden: 46.0M(46.0M)->0.0B(45.0M) Survivors: 5120.0K->6144.0K Heap: 325.5M(1024.0M)->280.0M(1024.0M)]
 [Times: user=0.07 sys=0.02, real=0.02 secs] 
2018-12-01T23:16:25.121+0800: 4847.417: [GC pause (G1 Evacuation Pause) (young), 0.0236078 secs]
   [Parallel Time: 22.6 ms, GC Workers: 4]
      [GC Worker Start (ms): Min: 4847417.4, Avg: 4847417.6, Max: 4847417.9, Diff: 0.5]
      [Ext Root Scanning (ms): Min: 1.0, Avg: 1.2, Max: 1.4, Diff: 0.4, Sum: 4.8]
      [Update RS (ms): Min: 1.9, Avg: 2.1, Max: 2.3, Diff: 0.4, Sum: 8.3]
         [Processed Buffers: Min: 4, Avg: 8.0, Max: 12, Diff: 8, Sum: 32]
      [Scan RS (ms): Min: 6.0, Avg: 6.1, Max: 6.2, Diff: 0.2, Sum: 24.5]
      [Code Root Scanning (ms): Min: 0.0, Avg: 0.0, Max: 0.0, Diff: 0.0, Sum: 0.0]
      [Object Copy (ms): Min: 12.8, Avg: 12.9, Max: 13.0, Diff: 0.2, Sum: 51.5]
      [Termination (ms): Min: 0.0, Avg: 0.1, Max: 0.2, Diff: 0.2, Sum: 0.4]
         [Termination Attempts: Min: 1, Avg: 47.2, Max: 185, Diff: 184, Sum: 189]
      [GC Worker Other (ms): Min: 0.0, Avg: 0.0, Max: 0.0, Diff: 0.0, Sum: 0.1]
      [GC Worker Total (ms): Min: 22.0, Avg: 22.4, Max: 22.5, Diff: 0.5, Sum: 89.5]
      [GC Worker End (ms): Min: 4847439.9, Avg: 4847439.9, Max: 4847440.0, Diff: 0.1]
   [Code Root Fixup: 0.0 ms]
   [Code Root Purge: 0.0 ms]
   [Clear CT: 0.1 ms]
   [Other: 0.9 ms]
      [Choose CSet: 0.0 ms]
      [Ref Proc: 0.3 ms]
      [Ref Enq: 0.0 ms]
      [Redirty Cards: 0.1 ms]
      [Humongous Register: 0.0 ms]
      [Humongous Reclaim: 0.0 ms]
      [Free CSet: 0.1 ms]
   [Eden: 45.0M(45.0M)->0.0B(46.0M) Survivors: 6144.0K->5120.0K Heap: 325.0M(1024.0M)->280.1M(1024.0M)]
 [Times: user=0.06 sys=0.00, real=0.02 secs] 
2018-12-01T23:16:49.516+0800: 4871.812: [GC pause (G1 Evacuation Pause) (young), 0.0260634 secs]
   [Parallel Time: 25.3 ms, GC Workers: 4]
      [GC Worker Start (ms): Min: 4871812.3, Avg: 4871812.3, Max: 4871812.4, Diff: 0.1]
      [Ext Root Scanning (ms): Min: 0.8, Avg: 0.8, Max: 0.9, Diff: 0.1, Sum: 3.4]
      [Update RS (ms): Min: 2.4, Avg: 2.6, Max: 2.6, Diff: 0.3, Sum: 10.2]
         [Processed Buffers: Min: 3, Avg: 8.8, Max: 18, Diff: 15, Sum: 35]
      [Scan RS (ms): Min: 5.8, Avg: 6.6, Max: 7.0, Diff: 1.2, Sum: 26.5]
      [Code Root Scanning (ms): Min: 0.0, Avg: 0.0, Max: 0.0, Diff: 0.0, Sum: 0.0]
      [Object Copy (ms): Min: 12.6, Avg: 13.5, Max: 15.9, Diff: 3.3, Sum: 53.8]
      [Termination (ms): Min: 0.0, Avg: 1.6, Max: 2.2, Diff: 2.2, Sum: 6.5]
         [Termination Attempts: Min: 1, Avg: 1.0, Max: 1, Diff: 0, Sum: 4]
      [GC Worker Other (ms): Min: 0.0, Avg: 0.0, Max: 0.0, Diff: 0.0, Sum: 0.1]
      [GC Worker Total (ms): Min: 25.1, Avg: 25.1, Max: 25.2, Diff: 0.1, Sum: 100.5]
      [GC Worker End (ms): Min: 4871837.5, Avg: 4871837.5, Max: 4871837.5, Diff: 0.0]
   [Code Root Fixup: 0.0 ms]
   [Code Root Purge: 0.0 ms]
   [Clear CT: 0.1 ms]
   [Other: 0.7 ms]
      [Choose CSet: 0.0 ms]
      [Ref Proc: 0.2 ms]
      [Ref Enq: 0.0 ms]
      [Redirty Cards: 0.1 ms]
      [Humongous Register: 0.1 ms]
      [Humongous Reclaim: 0.0 ms]
      [Free CSet: 0.1 ms]
   [Eden: 46.0M(46.0M)->0.0B(44.0M) Survivors: 5120.0K->7168.0K Heap: 326.1M(1024.0M)->281.6M(1024.0M)]
 [Times: user=0.08 sys=0.01, real=0.03 secs] 
2018-12-01T23:17:12.955+0800: 4895.248: [GC pause (G1 Evacuation Pause) (young), 0.0282847 secs]
   [Parallel Time: 27.2 ms, GC Workers: 4]
      [GC Worker Start (ms): Min: 4895248.4, Avg: 4895249.8, Max: 4895251.9, Diff: 3.5]
      [Ext Root Scanning (ms): Min: 0.0, Avg: 0.8, Max: 1.9, Diff: 1.9, Sum: 3.3]
      [Update RS (ms): Min: 0.3, Avg: 2.2, Max: 3.6, Diff: 3.3, Sum: 8.7]
         [Processed Buffers: Min: 4, Avg: 6.8, Max: 10, Diff: 6, Sum: 27]
      [Scan RS (ms): Min: 6.0, Avg: 7.1, Max: 7.8, Diff: 1.8, Sum: 28.3]
      [Code Root Scanning (ms): Min: 0.0, Avg: 0.0, Max: 0.0, Diff: 0.0, Sum: 0.0]
      [Object Copy (ms): Min: 14.4, Avg: 14.5, Max: 14.7, Diff: 0.4, Sum: 58.1]
      [Termination (ms): Min: 0.0, Avg: 0.9, Max: 1.2, Diff: 1.2, Sum: 3.4]
         [Termination Attempts: Min: 1, Avg: 1.2, Max: 2, Diff: 1, Sum: 5]
      [GC Worker Other (ms): Min: 0.0, Avg: 0.0, Max: 0.0, Diff: 0.0, Sum: 0.1]
      [GC Worker Total (ms): Min: 23.7, Avg: 25.5, Max: 27.1, Diff: 3.5, Sum: 101.9]
      [GC Worker End (ms): Min: 4895274.6, Avg: 4895275.3, Max: 4895275.6, Diff: 1.0]
   [Code Root Fixup: 0.0 ms]
   [Code Root Purge: 0.0 ms]
   [Clear CT: 0.1 ms]
   [Other: 0.9 ms]
      [Choose CSet: 0.0 ms]
      [Ref Proc: 0.2 ms]
      [Ref Enq: 0.0 ms]
      [Redirty Cards: 0.2 ms]
      [Humongous Register: 0.2 ms]
      [Humongous Reclaim: 0.0 ms]
      [Free CSet: 0.1 ms]
   [Eden: 44.0M(44.0M)->0.0B(46.0M) Survivors: 7168.0K->5120.0K Heap: 325.6M(1024.0M)->281.9M(1024.0M)]
 [Times: user=0.06 sys=0.01, real=0.03 secs] 
2018-12-01T23:17:37.390+0800: 4919.669: [GC pause (G1 Evacuation Pause) (young), 0.0262588 secs]
   [Parallel Time: 25.2 ms, GC Workers: 4]
      [GC Worker Start (ms): Min: 4919669.1, Avg: 4919669.4, Max: 4919670.0, Diff: 0.8]
      [Ext Root Scanning (ms): Min: 0.6, Avg: 1.2, Max: 1.4, Diff: 0.8, Sum: 4.7]
      [Update RS (ms): Min: 3.0, Avg: 3.7, Max: 5.0, Diff: 2.0, Sum: 14.9]
         [Processed Buffers: Min: 1, Avg: 8.2, Max: 11, Diff: 10, Sum: 33]
      [Scan RS (ms): Min: 5.6, Avg: 7.3, Max: 8.5, Diff: 3.0, Sum: 29.2]
      [Code Root Scanning (ms): Min: 0.0, Avg: 0.0, Max: 0.0, Diff: 0.0, Sum: 0.0]
      [Object Copy (ms): Min: 12.0, Avg: 12.6, Max: 13.2, Diff: 1.2, Sum: 50.3]
      [Termination (ms): Min: 0.0, Avg: 0.1, Max: 0.1, Diff: 0.1, Sum: 0.4]
         [Termination Attempts: Min: 1, Avg: 1.2, Max: 2, Diff: 1, Sum: 5]
      [GC Worker Other (ms): Min: 0.0, Avg: 0.0, Max: 0.0, Diff: 0.0, Sum: 0.1]
      [GC Worker Total (ms): Min: 24.3, Avg: 24.9, Max: 25.2, Diff: 0.9, Sum: 99.5]
      [GC Worker End (ms): Min: 4919694.3, Avg: 4919694.3, Max: 4919694.3, Diff: 0.0]
   [Code Root Fixup: 0.0 ms]
   [Code Root Purge: 0.0 ms]
   [Clear CT: 0.1 ms]
   [Other: 0.9 ms]
      [Choose CSet: 0.0 ms]
      [Ref Proc: 0.2 ms]
      [Ref Enq: 0.0 ms]
      [Redirty Cards: 0.2 ms]
      [Humongous Register: 0.1 ms]
      [Humongous Reclaim: 0.0 ms]
      [Free CSet: 0.1 ms]
   [Eden: 46.0M(46.0M)->0.0B(45.0M) Survivors: 5120.0K->6144.0K Heap: 327.9M(1024.0M)->282.4M(1024.0M)]
 [Times: user=0.07 sys=0.01, real=0.02 secs] 
2018-12-01T23:18:01.318+0800: 4943.593: [GC pause (G1 Evacuation Pause) (young), 0.0540387 secs]
   [Parallel Time: 49.1 ms, GC Workers: 4]
      [GC Worker Start (ms): Min: 4943597.3, Avg: 4943597.5, Max: 4943597.7, Diff: 0.4]
      [Ext Root Scanning (ms): Min: 5.8, Avg: 7.5, Max: 12.1, Diff: 6.3, Sum: 29.8]
      [Update RS (ms): Min: 1.1, Avg: 6.5, Max: 9.7, Diff: 8.7, Sum: 26.0]
         [Processed Buffers: Min: 2, Avg: 7.5, Max: 12, Diff: 10, Sum: 30]
      [Scan RS (ms): Min: 8.4, Avg: 10.1, Max: 11.4, Diff: 3.1, Sum: 40.6]
      [Code Root Scanning (ms): Min: 0.0, Avg: 0.0, Max: 0.0, Diff: 0.0, Sum: 0.0]
      [Object Copy (ms): Min: 24.4, Avg: 24.5, Max: 24.6, Diff: 0.2, Sum: 98.0]
      [Termination (ms): Min: 0.0, Avg: 0.0, Max: 0.0, Diff: 0.0, Sum: 0.0]
         [Termination Attempts: Min: 1, Avg: 1.2, Max: 2, Diff: 1, Sum: 5]
      [GC Worker Other (ms): Min: 0.1, Avg: 0.2, Max: 0.3, Diff: 0.2, Sum: 0.6]
      [GC Worker Total (ms): Min: 48.5, Avg: 48.8, Max: 48.9, Diff: 0.4, Sum: 195.1]
      [GC Worker End (ms): Min: 4943646.3, Avg: 4943646.3, Max: 4943646.3, Diff: 0.0]
   [Code Root Fixup: 0.0 ms]
   [Code Root Purge: 0.0 ms]
   [Clear CT: 0.1 ms]
   [Other: 4.8 ms]
      [Choose CSet: 0.0 ms]
      [Ref Proc: 0.2 ms]
      [Ref Enq: 0.0 ms]
      [Redirty Cards: 0.1 ms]
      [Humongous Register: 3.2 ms]
      [Humongous Reclaim: 0.0 ms]
      [Free CSet: 0.2 ms]
   [Eden: 45.0M(45.0M)->0.0B(44.0M) Survivors: 6144.0K->7168.0K Heap: 327.4M(1024.0M)->284.2M(1024.0M)]
 [Times: user=0.08 sys=0.10, real=0.06 secs] 
2018-12-01T23:18:24.716+0800: 4966.990: [GC pause (G1 Evacuation Pause) (young), 0.0314861 secs]
   [Parallel Time: 30.7 ms, GC Workers: 4]
      [GC Worker Start (ms): Min: 4966989.8, Avg: 4966989.8, Max: 4966990.0, Diff: 0.2]
      [Ext Root Scanning (ms): Min: 1.4, Avg: 2.9, Max: 4.6, Diff: 3.2, Sum: 11.6]
      [Update RS (ms): Min: 1.1, Avg: 2.6, Max: 4.0, Diff: 2.9, Sum: 10.3]
         [Processed Buffers: Min: 3, Avg: 9.0, Max: 17, Diff: 14, Sum: 36]
      [Scan RS (ms): Min: 4.1, Avg: 5.0, Max: 6.7, Diff: 2.6, Sum: 19.9]
      [Code Root Scanning (ms): Min: 0.0, Avg: 0.0, Max: 0.0, Diff: 0.0, Sum: 0.0]
      [Object Copy (ms): Min: 18.5, Avg: 19.9, Max: 20.6, Diff: 2.1, Sum: 79.8]
      [Termination (ms): Min: 0.0, Avg: 0.1, Max: 0.1, Diff: 0.1, Sum: 0.3]
         [Termination Attempts: Min: 1, Avg: 1.2, Max: 2, Diff: 1, Sum: 5]
      [GC Worker Other (ms): Min: 0.0, Avg: 0.0, Max: 0.0, Diff: 0.0, Sum: 0.1]
      [GC Worker Total (ms): Min: 30.4, Avg: 30.5, Max: 30.6, Diff: 0.2, Sum: 122.0]
      [GC Worker End (ms): Min: 4967020.3, Avg: 4967020.3, Max: 4967020.4, Diff: 0.0]
   [Code Root Fixup: 0.0 ms]
   [Code Root Purge: 0.0 ms]
   [Clear CT: 0.1 ms]
   [Other: 0.8 ms]
      [Choose CSet: 0.0 ms]
      [Ref Proc: 0.2 ms]
      [Ref Enq: 0.0 ms]
      [Redirty Cards: 0.1 ms]
      [Humongous Register: 0.0 ms]
      [Humongous Reclaim: 0.0 ms]
      [Free CSet: 0.1 ms]
   [Eden: 44.0M(44.0M)->0.0B(46.0M) Survivors: 7168.0K->5120.0K Heap: 328.2M(1024.0M)->284.4M(1024.0M)]
 [Times: user=0.06 sys=0.00, real=0.03 secs] 
2018-12-01T23:18:49.214+0800: 4991.486: [GC pause (G1 Evacuation Pause) (young), 0.0205232 secs]
   [Parallel Time: 19.8 ms, GC Workers: 4]
      [GC Worker Start (ms): Min: 4991486.7, Avg: 4991486.9, Max: 4991487.5, Diff: 0.8]
      [Ext Root Scanning (ms): Min: 0.5, Avg: 1.1, Max: 1.3, Diff: 0.8, Sum: 4.3]
      [Update RS (ms): Min: 2.4, Avg: 2.7, Max: 3.2, Diff: 0.9, Sum: 11.0]
         [Processed Buffers: Min: 4, Avg: 9.2, Max: 19, Diff: 15, Sum: 37]
      [Scan RS (ms): Min: 4.9, Avg: 5.6, Max: 6.3, Diff: 1.4, Sum: 22.6]
      [Code Root Scanning (ms): Min: 0.0, Avg: 0.0, Max: 0.0, Diff: 0.0, Sum: 0.0]
      [Object Copy (ms): Min: 9.7, Avg: 10.0, Max: 10.3, Diff: 0.5, Sum: 40.0]
      [Termination (ms): Min: 0.0, Avg: 0.0, Max: 0.0, Diff: 0.0, Sum: 0.0]
         [Termination Attempts: Min: 1, Avg: 1.0, Max: 1, Diff: 0, Sum: 4]
      [GC Worker Other (ms): Min: 0.0, Avg: 0.0, Max: 0.0, Diff: 0.0, Sum: 0.2]
      [GC Worker Total (ms): Min: 18.9, Avg: 19.5, Max: 19.7, Diff: 0.8, Sum: 78.1]
      [GC Worker End (ms): Min: 4991506.4, Avg: 4991506.4, Max: 4991506.4, Diff: 0.0]
   [Code Root Fixup: 0.0 ms]
   [Code Root Purge: 0.0 ms]
   [Clear CT: 0.1 ms]
   [Other: 0.6 ms]
      [Choose CSet: 0.0 ms]
      [Ref Proc: 0.2 ms]
      [Ref Enq: 0.0 ms]
      [Redirty Cards: 0.1 ms]
      [Humongous Register: 0.0 ms]
      [Humongous Reclaim: 0.0 ms]
      [Free CSet: 0.0 ms]
   [Eden: 46.0M(46.0M)->0.0B(46.0M) Survivors: 5120.0K->5120.0K Heap: 330.4M(1024.0M)->284.4M(1024.0M)]
 [Times: user=0.07 sys=0.01, real=0.02 secs] 
2018-12-01T23:19:13.568+0800: 5015.840: [GC pause (G1 Evacuation Pause) (young), 0.0196279 secs]
   [Parallel Time: 18.8 ms, GC Workers: 4]
      [GC Worker Start (ms): Min: 5015840.0, Avg: 5015840.1, Max: 5015840.2, Diff: 0.2]
      [Ext Root Scanning (ms): Min: 1.1, Avg: 1.1, Max: 1.2, Diff: 0.1, Sum: 4.5]
      [Update RS (ms): Min: 2.1, Avg: 2.5, Max: 2.9, Diff: 0.8, Sum: 9.9]
         [Processed Buffers: Min: 3, Avg: 8.2, Max: 15, Diff: 12, Sum: 33]
      [Scan RS (ms): Min: 4.7, Avg: 5.1, Max: 5.4, Diff: 0.7, Sum: 20.6]
      [Code Root Scanning (ms): Min: 0.0, Avg: 0.0, Max: 0.0, Diff: 0.0, Sum: 0.0]
      [Object Copy (ms): Min: 9.4, Avg: 9.7, Max: 9.8, Diff: 0.4, Sum: 38.6]
      [Termination (ms): Min: 0.0, Avg: 0.2, Max: 0.3, Diff: 0.3, Sum: 0.8]
         [Termination Attempts: Min: 1, Avg: 1.2, Max: 2, Diff: 1, Sum: 5]
      [GC Worker Other (ms): Min: 0.0, Avg: 0.0, Max: 0.0, Diff: 0.0, Sum: 0.1]
      [GC Worker Total (ms): Min: 18.5, Avg: 18.6, Max: 18.7, Diff: 0.2, Sum: 74.4]
      [GC Worker End (ms): Min: 5015858.6, Avg: 5015858.7, Max: 5015858.8, Diff: 0.2]
   [Code Root Fixup: 0.0 ms]
   [Code Root Purge: 0.0 ms]
   [Clear CT: 0.1 ms]
   [Other: 0.7 ms]
      [Choose CSet: 0.0 ms]
      [Ref Proc: 0.2 ms]
      [Ref Enq: 0.0 ms]
      [Redirty Cards: 0.1 ms]
      [Humongous Register: 0.0 ms]
      [Humongous Reclaim: 0.0 ms]
      [Free CSet: 0.0 ms]
   [Eden: 46.0M(46.0M)->0.0B(46.0M) Survivors: 5120.0K->5120.0K Heap: 330.4M(1024.0M)->284.6M(1024.0M)]
 [Times: user=0.07 sys=0.00, real=0.02 secs] 
2018-12-01T23:19:38.102+0800: 5040.373: [GC pause (G1 Evacuation Pause) (young), 0.0233951 secs]
   [Parallel Time: 22.6 ms, GC Workers: 4]
      [GC Worker Start (ms): Min: 5040373.1, Avg: 5040373.2, Max: 5040373.2, Diff: 0.1]
      [Ext Root Scanning (ms): Min: 0.7, Avg: 0.7, Max: 0.8, Diff: 0.1, Sum: 2.9]
      [Update RS (ms): Min: 1.8, Avg: 2.1, Max: 2.3, Diff: 0.5, Sum: 8.3]
         [Processed Buffers: Min: 4, Avg: 8.5, Max: 13, Diff: 9, Sum: 34]
      [Scan RS (ms): Min: 5.3, Avg: 6.3, Max: 7.3, Diff: 2.0, Sum: 25.3]
      [Code Root Scanning (ms): Min: 0.0, Avg: 0.0, Max: 0.0, Diff: 0.0, Sum: 0.0]
      [Object Copy (ms): Min: 12.5, Avg: 13.3, Max: 14.2, Diff: 1.7, Sum: 53.4]
      [Termination (ms): Min: 0.0, Avg: 0.0, Max: 0.0, Diff: 0.0, Sum: 0.0]
         [Termination Attempts: Min: 1, Avg: 1.8, Max: 3, Diff: 2, Sum: 7]
      [GC Worker Other (ms): Min: 0.0, Avg: 0.0, Max: 0.0, Diff: 0.0, Sum: 0.1]
      [GC Worker Total (ms): Min: 22.5, Avg: 22.5, Max: 22.5, Diff: 0.1, Sum: 90.0]
      [GC Worker End (ms): Min: 5040395.6, Avg: 5040395.6, Max: 5040395.7, Diff: 0.0]
   [Code Root Fixup: 0.0 ms]
   [Code Root Purge: 0.0 ms]
   [Clear CT: 0.2 ms]
   [Other: 0.6 ms]
      [Choose CSet: 0.0 ms]
      [Ref Proc: 0.2 ms]
      [Ref Enq: 0.0 ms]
      [Redirty Cards: 0.1 ms]
      [Humongous Register: 0.0 ms]
      [Humongous Reclaim: 0.0 ms]
      [Free CSet: 0.1 ms]
   [Eden: 46.0M(46.0M)->0.0B(44.0M) Survivors: 5120.0K->7168.0K Heap: 330.6M(1024.0M)->287.4M(1024.0M)]
 [Times: user=0.08 sys=0.01, real=0.02 secs] 
2018-12-01T23:20:01.378+0800: 5063.648: [GC pause (G1 Evacuation Pause) (young), 0.0226957 secs]
   [Parallel Time: 21.6 ms, GC Workers: 4]
      [GC Worker Start (ms): Min: 5063648.7, Avg: 5063648.8, Max: 5063648.8, Diff: 0.1]
      [Ext Root Scanning (ms): Min: 0.9, Avg: 1.0, Max: 1.1, Diff: 0.2, Sum: 3.9]
      [Update RS (ms): Min: 2.1, Avg: 2.6, Max: 3.3, Diff: 1.3, Sum: 10.3]
         [Processed Buffers: Min: 5, Avg: 8.5, Max: 13, Diff: 8, Sum: 34]
      [Scan RS (ms): Min: 6.9, Avg: 7.7, Max: 8.8, Diff: 1.9, Sum: 30.8]
      [Code Root Scanning (ms): Min: 0.0, Avg: 0.0, Max: 0.0, Diff: 0.0, Sum: 0.0]
      [Object Copy (ms): Min: 9.3, Avg: 10.2, Max: 11.1, Diff: 1.8, Sum: 40.6]
      [Termination (ms): Min: 0.0, Avg: 0.0, Max: 0.0, Diff: 0.0, Sum: 0.0]
         [Termination Attempts: Min: 1, Avg: 1.0, Max: 1, Diff: 0, Sum: 4]
      [GC Worker Other (ms): Min: 0.0, Avg: 0.0, Max: 0.0, Diff: 0.0, Sum: 0.1]
      [GC Worker Total (ms): Min: 21.4, Avg: 21.4, Max: 21.5, Diff: 0.1, Sum: 85.7]
      [GC Worker End (ms): Min: 5063670.2, Avg: 5063670.2, Max: 5063670.2, Diff: 0.0]
   [Code Root Fixup: 0.0 ms]
   [Code Root Purge: 0.0 ms]
   [Clear CT: 0.1 ms]
   [Other: 1.0 ms]
      [Choose CSet: 0.0 ms]
      [Ref Proc: 0.3 ms]
      [Ref Enq: 0.0 ms]
      [Redirty Cards: 0.1 ms]
      [Humongous Register: 0.2 ms]
      [Humongous Reclaim: 0.0 ms]
      [Free CSet: 0.1 ms]
   [Eden: 44.0M(44.0M)->0.0B(46.0M) Survivors: 7168.0K->5120.0K Heap: 331.4M(1024.0M)->287.5M(1024.0M)]
 [Times: user=0.07 sys=0.00, real=0.03 secs] 
2018-12-01T23:20:25.821+0800: 5088.091: [GC pause (G1 Evacuation Pause) (young), 0.0205191 secs]
   [Parallel Time: 19.3 ms, GC Workers: 4]
      [GC Worker Start (ms): Min: 5088091.4, Avg: 5088091.8, Max: 5088092.7, Diff: 1.3]
      [Ext Root Scanning (ms): Min: 0.2, Avg: 1.0, Max: 1.5, Diff: 1.3, Sum: 4.1]
      [Update RS (ms): Min: 1.3, Avg: 1.8, Max: 2.0, Diff: 0.7, Sum: 7.3]
         [Processed Buffers: Min: 3, Avg: 8.0, Max: 18, Diff: 15, Sum: 32]
      [Scan RS (ms): Min: 4.3, Avg: 5.4, Max: 5.8, Diff: 1.5, Sum: 21.7]
      [Code Root Scanning (ms): Min: 0.0, Avg: 0.0, Max: 0.0, Diff: 0.0, Sum: 0.0]
      [Object Copy (ms): Min: 9.8, Avg: 10.3, Max: 11.2, Diff: 1.4, Sum: 41.3]
      [Termination (ms): Min: 0.0, Avg: 0.1, Max: 0.2, Diff: 0.1, Sum: 0.4]
         [Termination Attempts: Min: 1, Avg: 1.0, Max: 1, Diff: 0, Sum: 4]
      [GC Worker Other (ms): Min: 0.0, Avg: 0.0, Max: 0.1, Diff: 0.1, Sum: 0.2]
      [GC Worker Total (ms): Min: 17.9, Avg: 18.7, Max: 19.1, Diff: 1.3, Sum: 74.9]
      [GC Worker End (ms): Min: 5088110.5, Avg: 5088110.5, Max: 5088110.5, Diff: 0.0]
   [Code Root Fixup: 0.0 ms]
   [Code Root Purge: 0.0 ms]
   [Clear CT: 0.1 ms]
   [Other: 1.2 ms]
      [Choose CSet: 0.0 ms]
      [Ref Proc: 0.3 ms]
      [Ref Enq: 0.0 ms]
      [Redirty Cards: 0.1 ms]
      [Humongous Register: 0.1 ms]
      [Humongous Reclaim: 0.0 ms]
      [Free CSet: 0.1 ms]
   [Eden: 46.0M(46.0M)->0.0B(46.0M) Survivors: 5120.0K->5120.0K Heap: 333.5M(1024.0M)->287.5M(1024.0M)]
 [Times: user=0.05 sys=0.01, real=0.02 secs] 
2018-12-01T23:20:50.494+0800: 5112.763: [GC pause (G1 Evacuation Pause) (young), 0.0334203 secs]
   [Parallel Time: 32.4 ms, GC Workers: 4]
      [GC Worker Start (ms): Min: 5112763.8, Avg: 5112763.8, Max: 5112763.8, Diff: 0.1]
      [Ext Root Scanning (ms): Min: 1.2, Avg: 1.3, Max: 1.3, Diff: 0.1, Sum: 5.0]
      [Update RS (ms): Min: 8.7, Avg: 9.8, Max: 11.5, Diff: 2.7, Sum: 39.2]
         [Processed Buffers: Min: 1, Avg: 7.8, Max: 14, Diff: 13, Sum: 31]
      [Scan RS (ms): Min: 5.4, Avg: 7.6, Max: 9.7, Diff: 4.3, Sum: 30.4]
      [Code Root Scanning (ms): Min: 0.0, Avg: 0.0, Max: 0.0, Diff: 0.0, Sum: 0.0]
      [Object Copy (ms): Min: 12.4, Avg: 13.5, Max: 16.3, Diff: 3.9, Sum: 54.2]
      [Termination (ms): Min: 0.0, Avg: 0.0, Max: 0.0, Diff: 0.0, Sum: 0.0]
         [Termination Attempts: Min: 1, Avg: 1.5, Max: 3, Diff: 2, Sum: 6]
      [GC Worker Other (ms): Min: 0.0, Avg: 0.0, Max: 0.1, Diff: 0.1, Sum: 0.2]
      [GC Worker Total (ms): Min: 32.2, Avg: 32.2, Max: 32.3, Diff: 0.0, Sum: 129.0]
      [GC Worker End (ms): Min: 5112796.0, Avg: 5112796.0, Max: 5112796.1, Diff: 0.0]
   [Code Root Fixup: 0.0 ms]
   [Code Root Purge: 0.0 ms]
   [Clear CT: 0.1 ms]
   [Other: 1.0 ms]
      [Choose CSet: 0.0 ms]
      [Ref Proc: 0.1 ms]
      [Ref Enq: 0.0 ms]
      [Redirty Cards: 0.1 ms]
      [Humongous Register: 0.2 ms]
      [Humongous Reclaim: 0.0 ms]
      [Free CSet: 0.1 ms]
   [Eden: 46.0M(46.0M)->0.0B(46.0M) Survivors: 5120.0K->5120.0K Heap: 333.5M(1024.0M)->288.3M(1024.0M)]
 [Times: user=0.06 sys=0.02, real=0.04 secs] 
2018-12-01T23:21:14.738+0800: 5137.006: [GC pause (G1 Evacuation Pause) (young), 0.0210761 secs]
   [Parallel Time: 20.3 ms, GC Workers: 4]
      [GC Worker Start (ms): Min: 5137006.7, Avg: 5137006.7, Max: 5137006.8, Diff: 0.1]
      [Ext Root Scanning (ms): Min: 0.9, Avg: 1.0, Max: 1.1, Diff: 0.3, Sum: 3.9]
      [Update RS (ms): Min: 1.8, Avg: 2.1, Max: 2.3, Diff: 0.5, Sum: 8.5]
         [Processed Buffers: Min: 1, Avg: 9.0, Max: 14, Diff: 13, Sum: 36]
      [Scan RS (ms): Min: 4.7, Avg: 5.4, Max: 6.7, Diff: 2.0, Sum: 21.5]
      [Code Root Scanning (ms): Min: 0.0, Avg: 0.0, Max: 0.0, Diff: 0.0, Sum: 0.0]
      [Object Copy (ms): Min: 10.3, Avg: 11.6, Max: 12.2, Diff: 1.9, Sum: 46.4]
      [Termination (ms): Min: 0.0, Avg: 0.0, Max: 0.0, Diff: 0.0, Sum: 0.1]
         [Termination Attempts: Min: 2, Avg: 2.2, Max: 3, Diff: 1, Sum: 9]
      [GC Worker Other (ms): Min: 0.0, Avg: 0.0, Max: 0.0, Diff: 0.0, Sum: 0.1]
      [GC Worker Total (ms): Min: 20.0, Avg: 20.1, Max: 20.2, Diff: 0.1, Sum: 80.4]
      [GC Worker End (ms): Min: 5137026.8, Avg: 5137026.8, Max: 5137026.8, Diff: 0.0]
   [Code Root Fixup: 0.0 ms]
   [Code Root Purge: 0.0 ms]
   [Clear CT: 0.1 ms]
   [Other: 0.7 ms]
      [Choose CSet: 0.0 ms]
      [Ref Proc: 0.2 ms]
      [Ref Enq: 0.0 ms]
      [Redirty Cards: 0.1 ms]
      [Humongous Register: 0.0 ms]
      [Humongous Reclaim: 0.0 ms]
      [Free CSet: 0.0 ms]
   [Eden: 46.0M(46.0M)->0.0B(45.0M) Survivors: 5120.0K->6144.0K Heap: 334.3M(1024.0M)->290.2M(1024.0M)]
 [Times: user=0.07 sys=0.00, real=0.03 secs] 
2018-12-01T23:21:38.669+0800: 5160.936: [GC pause (G1 Evacuation Pause) (young), 0.0256171 secs]
   [Parallel Time: 24.8 ms, GC Workers: 4]
      [GC Worker Start (ms): Min: 5160936.6, Avg: 5160936.8, Max: 5160937.1, Diff: 0.5]
      [Ext Root Scanning (ms): Min: 0.7, Avg: 1.0, Max: 1.2, Diff: 0.4, Sum: 4.2]
      [Update RS (ms): Min: 0.0, Avg: 2.6, Max: 4.8, Diff: 4.8, Sum: 10.3]
         [Processed Buffers: Min: 0, Avg: 8.0, Max: 21, Diff: 21, Sum: 32]
      [Scan RS (ms): Min: 2.5, Avg: 5.4, Max: 9.3, Diff: 6.7, Sum: 21.6]
      [Code Root Scanning (ms): Min: 0.0, Avg: 0.0, Max: 0.0, Diff: 0.0, Sum: 0.0]
      [Object Copy (ms): Min: 11.3, Avg: 15.5, Max: 20.9, Diff: 9.6, Sum: 62.0]
      [Termination (ms): Min: 0.0, Avg: 0.0, Max: 0.0, Diff: 0.0, Sum: 0.0]
         [Termination Attempts: Min: 1, Avg: 1.0, Max: 1, Diff: 0, Sum: 4]
      [GC Worker Other (ms): Min: 0.0, Avg: 0.0, Max: 0.0, Diff: 0.0, Sum: 0.1]
      [GC Worker Total (ms): Min: 24.2, Avg: 24.6, Max: 24.7, Diff: 0.5, Sum: 98.3]
      [GC Worker End (ms): Min: 5160961.3, Avg: 5160961.3, Max: 5160961.4, Diff: 0.0]
   [Code Root Fixup: 0.0 ms]
   [Code Root Purge: 0.0 ms]
   [Clear CT: 0.1 ms]
   [Other: 0.7 ms]
      [Choose CSet: 0.0 ms]
      [Ref Proc: 0.2 ms]
      [Ref Enq: 0.0 ms]
      [Redirty Cards: 0.1 ms]
      [Humongous Register: 0.1 ms]
      [Humongous Reclaim: 0.0 ms]
      [Free CSet: 0.1 ms]
   [Eden: 45.0M(45.0M)->0.0B(46.0M) Survivors: 6144.0K->5120.0K Heap: 335.2M(1024.0M)->290.8M(1024.0M)]
 [Times: user=0.06 sys=0.01, real=0.03 secs] 
2018-12-01T23:22:03.097+0800: 5185.364: [GC pause (G1 Evacuation Pause) (young), 0.0549738 secs]
   [Parallel Time: 48.5 ms, GC Workers: 4]
      [GC Worker Start (ms): Min: 5185369.5, Avg: 5185369.6, Max: 5185369.8, Diff: 0.3]
      [Ext Root Scanning (ms): Min: 6.6, Avg: 8.0, Max: 11.8, Diff: 5.3, Sum: 32.0]
      [Update RS (ms): Min: 3.2, Avg: 7.3, Max: 9.1, Diff: 5.9, Sum: 29.4]
         [Processed Buffers: Min: 4, Avg: 9.2, Max: 18, Diff: 14, Sum: 37]
      [Scan RS (ms): Min: 12.0, Avg: 12.4, Max: 12.8, Diff: 0.8, Sum: 49.5]
      [Code Root Scanning (ms): Min: 0.0, Avg: 0.0, Max: 0.0, Diff: 0.0, Sum: 0.0]
      [Object Copy (ms): Min: 20.1, Avg: 20.2, Max: 20.4, Diff: 0.3, Sum: 80.9]
      [Termination (ms): Min: 0.0, Avg: 0.0, Max: 0.0, Diff: 0.0, Sum: 0.0]
         [Termination Attempts: Min: 1, Avg: 1.0, Max: 1, Diff: 0, Sum: 4]
      [GC Worker Other (ms): Min: 0.1, Avg: 0.1, Max: 0.3, Diff: 0.3, Sum: 0.6]
      [GC Worker Total (ms): Min: 47.9, Avg: 48.1, Max: 48.2, Diff: 0.3, Sum: 192.4]
      [GC Worker End (ms): Min: 5185417.7, Avg: 5185417.7, Max: 5185417.7, Diff: 0.0]
   [Code Root Fixup: 0.0 ms]
   [Code Root Purge: 0.0 ms]
   [Clear CT: 0.1 ms]
   [Other: 6.4 ms]
      [Choose CSet: 0.0 ms]
      [Ref Proc: 0.3 ms]
      [Ref Enq: 0.0 ms]
      [Redirty Cards: 0.1 ms]
      [Humongous Register: 3.8 ms]
      [Humongous Reclaim: 0.0 ms]
      [Free CSet: 0.4 ms]
   [Eden: 46.0M(46.0M)->0.0B(46.0M) Survivors: 5120.0K->5120.0K Heap: 336.8M(1024.0M)->291.8M(1024.0M)]
 [Times: user=0.07 sys=0.09, real=0.06 secs] 
2018-12-01T23:22:27.255+0800: 5209.521: [GC pause (G1 Evacuation Pause) (young), 0.0196145 secs]
   [Parallel Time: 18.7 ms, GC Workers: 4]
      [GC Worker Start (ms): Min: 5209521.3, Avg: 5209521.4, Max: 5209521.4, Diff: 0.1]
      [Ext Root Scanning (ms): Min: 0.9, Avg: 0.9, Max: 1.0, Diff: 0.1, Sum: 3.7]
      [Update RS (ms): Min: 2.3, Avg: 2.5, Max: 2.9, Diff: 0.5, Sum: 10.1]
         [Processed Buffers: Min: 4, Avg: 9.5, Max: 23, Diff: 19, Sum: 38]
      [Scan RS (ms): Min: 4.9, Avg: 6.0, Max: 7.0, Diff: 2.1, Sum: 24.1]
      [Code Root Scanning (ms): Min: 0.0, Avg: 0.0, Max: 0.0, Diff: 0.0, Sum: 0.0]
      [Object Copy (ms): Min: 8.2, Avg: 9.0, Max: 9.9, Diff: 1.6, Sum: 36.2]
      [Termination (ms): Min: 0.0, Avg: 0.0, Max: 0.0, Diff: 0.0, Sum: 0.0]
         [Termination Attempts: Min: 1, Avg: 1.0, Max: 1, Diff: 0, Sum: 4]
      [GC Worker Other (ms): Min: 0.0, Avg: 0.0, Max: 0.1, Diff: 0.0, Sum: 0.2]
      [GC Worker Total (ms): Min: 18.5, Avg: 18.6, Max: 18.6, Diff: 0.1, Sum: 74.2]
      [GC Worker End (ms): Min: 5209539.9, Avg: 5209540.0, Max: 5209540.0, Diff: 0.0]
   [Code Root Fixup: 0.0 ms]
   [Code Root Purge: 0.0 ms]
   [Clear CT: 0.1 ms]
   [Other: 0.8 ms]
      [Choose CSet: 0.0 ms]
      [Ref Proc: 0.2 ms]
      [Ref Enq: 0.0 ms]
      [Redirty Cards: 0.1 ms]
      [Humongous Register: 0.0 ms]
      [Humongous Reclaim: 0.0 ms]
      [Free CSet: 0.1 ms]
   [Eden: 46.0M(46.0M)->0.0B(46.0M) Survivors: 5120.0K->5120.0K Heap: 337.8M(1024.0M)->292.3M(1024.0M)]
 [Times: user=0.06 sys=0.00, real=0.02 secs] 
2018-12-01T23:22:51.650+0800: 5233.916: [GC pause (G1 Evacuation Pause) (young), 0.0749307 secs]
   [Parallel Time: 66.6 ms, GC Workers: 4]
      [GC Worker Start (ms): Min: 5233922.7, Avg: 5233922.9, Max: 5233923.2, Diff: 0.4]
      [Ext Root Scanning (ms): Min: 10.4, Avg: 13.1, Max: 18.0, Diff: 7.6, Sum: 52.3]
      [Update RS (ms): Min: 3.4, Avg: 7.4, Max: 10.4, Diff: 7.0, Sum: 29.8]
         [Processed Buffers: Min: 2, Avg: 9.0, Max: 16, Diff: 14, Sum: 36]
      [Scan RS (ms): Min: 12.9, Avg: 13.6, Max: 14.2, Diff: 1.4, Sum: 54.4]
      [Code Root Scanning (ms): Min: 0.0, Avg: 0.0, Max: 0.0, Diff: 0.0, Sum: 0.0]
      [Object Copy (ms): Min: 30.6, Avg: 31.9, Max: 34.4, Diff: 3.8, Sum: 127.5]
      [Termination (ms): Min: 0.0, Avg: 0.1, Max: 0.2, Diff: 0.2, Sum: 0.4]
         [Termination Attempts: Min: 1, Avg: 1.0, Max: 1, Diff: 0, Sum: 4]
      [GC Worker Other (ms): Min: 0.0, Avg: 0.1, Max: 0.1, Diff: 0.0, Sum: 0.2]
      [GC Worker Total (ms): Min: 66.0, Avg: 66.1, Max: 66.3, Diff: 0.3, Sum: 264.6]
      [GC Worker End (ms): Min: 5233989.0, Avg: 5233989.1, Max: 5233989.1, Diff: 0.1]
   [Code Root Fixup: 0.0 ms]
   [Code Root Purge: 0.0 ms]
   [Clear CT: 0.1 ms]
   [Other: 8.2 ms]
      [Choose CSet: 0.0 ms]
      [Ref Proc: 0.5 ms]
      [Ref Enq: 0.0 ms]
      [Redirty Cards: 0.1 ms]
      [Humongous Register: 6.2 ms]
      [Humongous Reclaim: 0.0 ms]
      [Free CSet: 0.3 ms]
   [Eden: 46.0M(46.0M)->0.0B(45.0M) Survivors: 5120.0K->6144.0K Heap: 338.3M(1024.0M)->293.9M(1024.0M)]
 [Times: user=0.07 sys=0.09, real=0.07 secs] 
2018-12-01T23:23:15.682+0800: 5257.947: [GC pause (G1 Evacuation Pause) (young), 0.0215356 secs]
   [Parallel Time: 20.7 ms, GC Workers: 4]
      [GC Worker Start (ms): Min: 5257947.1, Avg: 5257947.1, Max: 5257947.2, Diff: 0.1]
      [Ext Root Scanning (ms): Min: 0.9, Avg: 1.0, Max: 1.0, Diff: 0.1, Sum: 4.0]
      [Update RS (ms): Min: 1.7, Avg: 2.3, Max: 3.1, Diff: 1.4, Sum: 9.4]
         [Processed Buffers: Min: 4, Avg: 9.0, Max: 20, Diff: 16, Sum: 36]
      [Scan RS (ms): Min: 5.6, Avg: 6.6, Max: 7.8, Diff: 2.2, Sum: 26.5]
      [Code Root Scanning (ms): Min: 0.0, Avg: 0.0, Max: 0.0, Diff: 0.0, Sum: 0.0]
      [Object Copy (ms): Min: 9.4, Avg: 10.6, Max: 11.8, Diff: 2.4, Sum: 42.4]
      [Termination (ms): Min: 0.0, Avg: 0.0, Max: 0.0, Diff: 0.0, Sum: 0.0]
         [Termination Attempts: Min: 1, Avg: 1.0, Max: 1, Diff: 0, Sum: 4]
      [GC Worker Other (ms): Min: 0.0, Avg: 0.1, Max: 0.1, Diff: 0.1, Sum: 0.2]
      [GC Worker Total (ms): Min: 20.6, Avg: 20.6, Max: 20.6, Diff: 0.0, Sum: 82.4]
      [GC Worker End (ms): Min: 5257967.7, Avg: 5257967.7, Max: 5257967.7, Diff: 0.0]
   [Code Root Fixup: 0.0 ms]
   [Code Root Purge: 0.0 ms]
   [Clear CT: 0.1 ms]
   [Other: 0.8 ms]
      [Choose CSet: 0.0 ms]
      [Ref Proc: 0.3 ms]
      [Ref Enq: 0.0 ms]
      [Redirty Cards: 0.1 ms]
      [Humongous Register: 0.1 ms]
      [Humongous Reclaim: 0.0 ms]
      [Free CSet: 0.1 ms]
   [Eden: 45.0M(45.0M)->0.0B(46.0M) Survivors: 6144.0K->5120.0K Heap: 338.9M(1024.0M)->294.6M(1024.0M)]
 [Times: user=0.08 sys=0.01, real=0.02 secs] 
2018-12-01T23:23:40.069+0800: 5282.333: [GC pause (G1 Evacuation Pause) (young), 0.0293339 secs]
   [Parallel Time: 28.3 ms, GC Workers: 4]
      [GC Worker Start (ms): Min: 5282333.1, Avg: 5282333.2, Max: 5282333.4, Diff: 0.4]
      [Ext Root Scanning (ms): Min: 0.7, Avg: 0.8, Max: 1.0, Diff: 0.3, Sum: 3.4]
      [Update RS (ms): Min: 0.0, Avg: 1.4, Max: 1.9, Diff: 1.9, Sum: 5.6]
         [Processed Buffers: Min: 0, Avg: 7.5, Max: 16, Diff: 16, Sum: 30]
      [Scan RS (ms): Min: 2.1, Avg: 7.0, Max: 9.7, Diff: 7.6, Sum: 28.2]
      [Code Root Scanning (ms): Min: 0.0, Avg: 0.0, Max: 0.0, Diff: 0.0, Sum: 0.0]
      [Object Copy (ms): Min: 15.4, Avg: 18.5, Max: 24.9, Diff: 9.5, Sum: 74.0]
      [Termination (ms): Min: 0.0, Avg: 0.2, Max: 0.3, Diff: 0.3, Sum: 0.6]
         [Termination Attempts: Min: 1, Avg: 1.0, Max: 1, Diff: 0, Sum: 4]
      [GC Worker Other (ms): Min: 0.0, Avg: 0.0, Max: 0.0, Diff: 0.0, Sum: 0.1]
      [GC Worker Total (ms): Min: 27.8, Avg: 28.0, Max: 28.1, Diff: 0.3, Sum: 111.8]
      [GC Worker End (ms): Min: 5282361.1, Avg: 5282361.2, Max: 5282361.3, Diff: 0.1]
   [Code Root Fixup: 0.0 ms]
   [Code Root Purge: 0.0 ms]
   [Clear CT: 0.2 ms]
   [Other: 0.9 ms]
      [Choose CSet: 0.0 ms]
      [Ref Proc: 0.3 ms]
      [Ref Enq: 0.0 ms]
      [Redirty Cards: 0.1 ms]
      [Humongous Register: 0.1 ms]
      [Humongous Reclaim: 0.1 ms]
      [Free CSet: 0.1 ms]
   [Eden: 46.0M(46.0M)->0.0B(46.0M) Survivors: 5120.0K->5120.0K Heap: 340.6M(1024.0M)->295.2M(1024.0M)]
 [Times: user=0.05 sys=0.01, real=0.04 secs] 
2018-12-01T23:24:04.612+0800: 5306.876: [GC pause (G1 Evacuation Pause) (young), 0.0525682 secs]
   [Parallel Time: 44.7 ms, GC Workers: 4]
      [GC Worker Start (ms): Min: 5306882.1, Avg: 5306882.7, Max: 5306883.4, Diff: 1.3]
      [Ext Root Scanning (ms): Min: 4.6, Avg: 6.0, Max: 9.3, Diff: 4.7, Sum: 23.9]
      [Update RS (ms): Min: 6.3, Avg: 8.5, Max: 10.6, Diff: 4.3, Sum: 34.2]
         [Processed Buffers: Min: 1, Avg: 9.5, Max: 17, Diff: 16, Sum: 38]
      [Scan RS (ms): Min: 5.5, Avg: 9.2, Max: 13.3, Diff: 7.8, Sum: 36.9]
      [Code Root Scanning (ms): Min: 0.0, Avg: 0.0, Max: 0.0, Diff: 0.0, Sum: 0.0]
      [Object Copy (ms): Min: 19.0, Avg: 19.9, Max: 22.4, Diff: 3.5, Sum: 79.6]
      [Termination (ms): Min: 0.0, Avg: 0.0, Max: 0.0, Diff: 0.0, Sum: 0.0]
         [Termination Attempts: Min: 1, Avg: 1.0, Max: 1, Diff: 0, Sum: 4]
      [GC Worker Other (ms): Min: 0.0, Avg: 0.2, Max: 0.6, Diff: 0.6, Sum: 0.7]
      [GC Worker Total (ms): Min: 43.2, Avg: 43.8, Max: 44.5, Diff: 1.3, Sum: 175.4]
      [GC Worker End (ms): Min: 5306926.5, Avg: 5306926.6, Max: 5306926.6, Diff: 0.0]
   [Code Root Fixup: 0.0 ms]
   [Code Root Purge: 0.0 ms]
   [Clear CT: 0.1 ms]
   [Other: 7.8 ms]
      [Choose CSet: 0.0 ms]
      [Ref Proc: 0.3 ms]
      [Ref Enq: 0.0 ms]
      [Redirty Cards: 0.1 ms]
      [Humongous Register: 5.0 ms]
      [Humongous Reclaim: 0.0 ms]
      [Free CSet: 0.6 ms]
   [Eden: 46.0M(46.0M)->0.0B(46.0M) Survivors: 5120.0K->5120.0K Heap: 341.2M(1024.0M)->295.7M(1024.0M)]
 [Times: user=0.06 sys=0.05, real=0.05 secs] 
2018-12-01T23:24:29.120+0800: 5331.382: [GC pause (G1 Evacuation Pause) (young), 0.0228025 secs]
   [Parallel Time: 21.9 ms, GC Workers: 4]
      [GC Worker Start (ms): Min: 5331382.5, Avg: 5331382.6, Max: 5331382.7, Diff: 0.2]
      [Ext Root Scanning (ms): Min: 1.0, Avg: 1.2, Max: 1.2, Diff: 0.2, Sum: 4.6]
      [Update RS (ms): Min: 2.0, Avg: 2.3, Max: 2.8, Diff: 0.8, Sum: 9.3]
         [Processed Buffers: Min: 2, Avg: 8.5, Max: 15, Diff: 13, Sum: 34]
      [Scan RS (ms): Min: 4.6, Avg: 5.5, Max: 6.3, Diff: 1.7, Sum: 21.8]
      [Code Root Scanning (ms): Min: 0.0, Avg: 0.0, Max: 0.0, Diff: 0.0, Sum: 0.0]
      [Object Copy (ms): Min: 12.1, Avg: 12.8, Max: 13.1, Diff: 1.1, Sum: 51.3]
      [Termination (ms): Min: 0.0, Avg: 0.0, Max: 0.0, Diff: 0.0, Sum: 0.0]
         [Termination Attempts: Min: 1, Avg: 1.0, Max: 1, Diff: 0, Sum: 4]
      [GC Worker Other (ms): Min: 0.0, Avg: 0.0, Max: 0.0, Diff: 0.0, Sum: 0.1]
      [GC Worker Total (ms): Min: 21.7, Avg: 21.8, Max: 21.9, Diff: 0.2, Sum: 87.2]
      [GC Worker End (ms): Min: 5331404.4, Avg: 5331404.4, Max: 5331404.4, Diff: 0.0]
   [Code Root Fixup: 0.0 ms]
   [Code Root Purge: 0.0 ms]
   [Clear CT: 0.1 ms]
   [Other: 0.7 ms]
      [Choose CSet: 0.0 ms]
      [Ref Proc: 0.2 ms]
      [Ref Enq: 0.0 ms]
      [Redirty Cards: 0.1 ms]
      [Humongous Register: 0.0 ms]
      [Humongous Reclaim: 0.0 ms]
      [Free CSet: 0.1 ms]
   [Eden: 46.0M(46.0M)->0.0B(44.0M) Survivors: 5120.0K->7168.0K Heap: 341.7M(1024.0M)->297.9M(1024.0M)]
 [Times: user=0.08 sys=0.01, real=0.02 secs] 
2018-12-01T23:24:52.547+0800: 5354.809: [GC pause (G1 Evacuation Pause) (young), 0.0204284 secs]
   [Parallel Time: 19.7 ms, GC Workers: 4]
      [GC Worker Start (ms): Min: 5354808.8, Avg: 5354808.9, Max: 5354809.2, Diff: 0.4]
      [Ext Root Scanning (ms): Min: 0.7, Avg: 1.0, Max: 1.1, Diff: 0.4, Sum: 4.0]
      [Update RS (ms): Min: 1.8, Avg: 2.0, Max: 2.1, Diff: 0.3, Sum: 7.8]
         [Processed Buffers: Min: 4, Avg: 9.0, Max: 13, Diff: 9, Sum: 36]
      [Scan RS (ms): Min: 5.5, Avg: 5.9, Max: 6.9, Diff: 1.4, Sum: 23.7]
      [Code Root Scanning (ms): Min: 0.0, Avg: 0.0, Max: 0.0, Diff: 0.0, Sum: 0.0]
      [Object Copy (ms): Min: 9.4, Avg: 10.6, Max: 11.1, Diff: 1.6, Sum: 42.3]
      [Termination (ms): Min: 0.0, Avg: 0.1, Max: 0.1, Diff: 0.1, Sum: 0.3]
         [Termination Attempts: Min: 1, Avg: 1.2, Max: 2, Diff: 1, Sum: 5]
      [GC Worker Other (ms): Min: 0.0, Avg: 0.0, Max: 0.0, Diff: 0.0, Sum: 0.1]
      [GC Worker Total (ms): Min: 19.3, Avg: 19.5, Max: 19.6, Diff: 0.4, Sum: 78.1]
      [GC Worker End (ms): Min: 5354828.4, Avg: 5354828.5, Max: 5354828.5, Diff: 0.0]
   [Code Root Fixup: 0.0 ms]
   [Code Root Purge: 0.0 ms]
   [Clear CT: 0.1 ms]
   [Other: 0.7 ms]
      [Choose CSet: 0.0 ms]
      [Ref Proc: 0.1 ms]
      [Ref Enq: 0.0 ms]
      [Redirty Cards: 0.1 ms]
      [Humongous Register: 0.0 ms]
      [Humongous Reclaim: 0.0 ms]
      [Free CSet: 0.1 ms]
   [Eden: 44.0M(44.0M)->0.0B(46.0M) Survivors: 7168.0K->5120.0K Heap: 341.9M(1024.0M)->297.3M(1024.0M)]
 [Times: user=0.07 sys=0.00, real=0.02 secs] 
2018-12-01T23:25:17.019+0800: 5379.280: [GC pause (G1 Evacuation Pause) (young), 0.0198443 secs]
   [Parallel Time: 19.0 ms, GC Workers: 4]
      [GC Worker Start (ms): Min: 5379280.4, Avg: 5379280.5, Max: 5379280.5, Diff: 0.1]
      [Ext Root Scanning (ms): Min: 0.8, Avg: 0.8, Max: 0.9, Diff: 0.1, Sum: 3.2]
      [Update RS (ms): Min: 2.6, Avg: 2.7, Max: 2.9, Diff: 0.3, Sum: 10.9]
         [Processed Buffers: Min: 1, Avg: 8.8, Max: 14, Diff: 13, Sum: 35]
      [Scan RS (ms): Min: 5.4, Avg: 6.1, Max: 6.8, Diff: 1.4, Sum: 24.5]
      [Code Root Scanning (ms): Min: 0.0, Avg: 0.0, Max: 0.0, Diff: 0.0, Sum: 0.0]
      [Object Copy (ms): Min: 8.5, Avg: 9.1, Max: 9.8, Diff: 1.2, Sum: 36.5]
      [Termination (ms): Min: 0.0, Avg: 0.0, Max: 0.0, Diff: 0.0, Sum: 0.0]
         [Termination Attempts: Min: 1, Avg: 1.2, Max: 2, Diff: 1, Sum: 5]
      [GC Worker Other (ms): Min: 0.0, Avg: 0.0, Max: 0.0, Diff: 0.0, Sum: 0.1]
      [GC Worker Total (ms): Min: 18.8, Avg: 18.8, Max: 18.9, Diff: 0.1, Sum: 75.3]
      [GC Worker End (ms): Min: 5379299.3, Avg: 5379299.3, Max: 5379299.3, Diff: 0.0]
   [Code Root Fixup: 0.0 ms]
   [Code Root Purge: 0.0 ms]
   [Clear CT: 0.1 ms]
   [Other: 0.8 ms]
      [Choose CSet: 0.0 ms]
      [Ref Proc: 0.3 ms]
      [Ref Enq: 0.0 ms]
      [Redirty Cards: 0.1 ms]
      [Humongous Register: 0.0 ms]
      [Humongous Reclaim: 0.0 ms]
      [Free CSet: 0.1 ms]
   [Eden: 46.0M(46.0M)->0.0B(46.0M) Survivors: 5120.0K->5120.0K Heap: 343.3M(1024.0M)->298.5M(1024.0M)]
 [Times: user=0.08 sys=0.01, real=0.03 secs] 
2018-12-01T23:25:41.444+0800: 5403.705: [GC pause (G1 Evacuation Pause) (young), 0.0185085 secs]
   [Parallel Time: 17.8 ms, GC Workers: 4]
      [GC Worker Start (ms): Min: 5403705.0, Avg: 5403705.1, Max: 5403705.1, Diff: 0.1]
      [Ext Root Scanning (ms): Min: 0.8, Avg: 0.8, Max: 0.9, Diff: 0.1, Sum: 3.2]
      [Update RS (ms): Min: 2.4, Avg: 2.8, Max: 3.2, Diff: 0.8, Sum: 11.1]
         [Processed Buffers: Min: 5, Avg: 8.0, Max: 17, Diff: 12, Sum: 32]
      [Scan RS (ms): Min: 4.8, Avg: 5.2, Max: 5.5, Diff: 0.8, Sum: 20.7]
      [Code Root Scanning (ms): Min: 0.0, Avg: 0.0, Max: 0.0, Diff: 0.0, Sum: 0.0]
      [Object Copy (ms): Min: 8.8, Avg: 8.8, Max: 8.9, Diff: 0.2, Sum: 35.4]
      [Termination (ms): Min: 0.0, Avg: 0.0, Max: 0.0, Diff: 0.0, Sum: 0.0]
         [Termination Attempts: Min: 1, Avg: 1.8, Max: 3, Diff: 2, Sum: 7]
      [GC Worker Other (ms): Min: 0.0, Avg: 0.0, Max: 0.1, Diff: 0.0, Sum: 0.2]
      [GC Worker Total (ms): Min: 17.6, Avg: 17.6, Max: 17.7, Diff: 0.0, Sum: 70.6]
      [GC Worker End (ms): Min: 5403722.7, Avg: 5403722.7, Max: 5403722.7, Diff: 0.0]
   [Code Root Fixup: 0.0 ms]
   [Code Root Purge: 0.0 ms]
   [Clear CT: 0.1 ms]
   [Other: 0.6 ms]
      [Choose CSet: 0.0 ms]
      [Ref Proc: 0.2 ms]
      [Ref Enq: 0.0 ms]
      [Redirty Cards: 0.1 ms]
      [Humongous Register: 0.0 ms]
      [Humongous Reclaim: 0.0 ms]
      [Free CSet: 0.1 ms]
   [Eden: 46.0M(46.0M)->0.0B(46.0M) Survivors: 5120.0K->5120.0K Heap: 344.5M(1024.0M)->298.5M(1024.0M)]
 [Times: user=0.06 sys=0.00, real=0.02 secs] 
2018-12-01T23:26:05.876+0800: 5428.136: [GC pause (G1 Evacuation Pause) (young), 0.0206733 secs]
   [Parallel Time: 19.9 ms, GC Workers: 4]
      [GC Worker Start (ms): Min: 5428136.1, Avg: 5428136.1, Max: 5428136.1, Diff: 0.1]
      [Ext Root Scanning (ms): Min: 0.7, Avg: 0.7, Max: 0.8, Diff: 0.1, Sum: 3.0]
      [Update RS (ms): Min: 1.8, Avg: 2.1, Max: 2.5, Diff: 0.7, Sum: 8.6]
         [Processed Buffers: Min: 3, Avg: 9.8, Max: 18, Diff: 15, Sum: 39]
      [Scan RS (ms): Min: 5.2, Avg: 6.0, Max: 7.6, Diff: 2.5, Sum: 24.0]
      [Code Root Scanning (ms): Min: 0.0, Avg: 0.0, Max: 0.0, Diff: 0.0, Sum: 0.0]
      [Object Copy (ms): Min: 9.2, Avg: 10.9, Max: 11.5, Diff: 2.3, Sum: 43.5]
      [Termination (ms): Min: 0.0, Avg: 0.0, Max: 0.0, Diff: 0.0, Sum: 0.0]
         [Termination Attempts: Min: 1, Avg: 1.0, Max: 1, Diff: 0, Sum: 4]
      [GC Worker Other (ms): Min: 0.0, Avg: 0.0, Max: 0.0, Diff: 0.0, Sum: 0.1]
      [GC Worker Total (ms): Min: 19.8, Avg: 19.8, Max: 19.8, Diff: 0.1, Sum: 79.1]
      [GC Worker End (ms): Min: 5428155.9, Avg: 5428155.9, Max: 5428155.9, Diff: 0.0]
   [Code Root Fixup: 0.0 ms]
   [Code Root Purge: 0.0 ms]
   [Clear CT: 0.1 ms]
   [Other: 0.7 ms]
      [Choose CSet: 0.0 ms]
      [Ref Proc: 0.2 ms]
      [Ref Enq: 0.0 ms]
      [Redirty Cards: 0.1 ms]
      [Humongous Register: 0.0 ms]
      [Humongous Reclaim: 0.0 ms]
      [Free CSet: 0.1 ms]
   [Eden: 46.0M(46.0M)->0.0B(44.0M) Survivors: 5120.0K->7168.0K Heap: 344.5M(1024.0M)->301.2M(1024.0M)]
 [Times: user=0.07 sys=0.00, real=0.02 secs] 
2018-12-01T23:26:29.233+0800: 5451.493: [GC pause (G1 Evacuation Pause) (young), 0.0209553 secs]
   [Parallel Time: 20.3 ms, GC Workers: 4]
      [GC Worker Start (ms): Min: 5451492.7, Avg: 5451492.8, Max: 5451493.1, Diff: 0.4]
      [Ext Root Scanning (ms): Min: 0.6, Avg: 1.4, Max: 3.3, Diff: 2.7, Sum: 5.8]
      [Update RS (ms): Min: 0.0, Avg: 1.7, Max: 2.7, Diff: 2.7, Sum: 6.7]
         [Processed Buffers: Min: 0, Avg: 8.8, Max: 20, Diff: 20, Sum: 35]
      [Scan RS (ms): Min: 5.3, Avg: 5.7, Max: 5.9, Diff: 0.7, Sum: 22.8]
      [Code Root Scanning (ms): Min: 0.0, Avg: 0.0, Max: 0.0, Diff: 0.0, Sum: 0.0]
      [Object Copy (ms): Min: 11.2, Avg: 11.2, Max: 11.3, Diff: 0.1, Sum: 44.9]
      [Termination (ms): Min: 0.0, Avg: 0.0, Max: 0.0, Diff: 0.0, Sum: 0.1]
         [Termination Attempts: Min: 1, Avg: 1.0, Max: 1, Diff: 0, Sum: 4]
      [GC Worker Other (ms): Min: 0.0, Avg: 0.0, Max: 0.0, Diff: 0.0, Sum: 0.1]
      [GC Worker Total (ms): Min: 19.8, Avg: 20.1, Max: 20.2, Diff: 0.4, Sum: 80.4]
      [GC Worker End (ms): Min: 5451512.9, Avg: 5451512.9, Max: 5451512.9, Diff: 0.0]
   [Code Root Fixup: 0.0 ms]
   [Code Root Purge: 0.0 ms]
   [Clear CT: 0.1 ms]
   [Other: 0.6 ms]
      [Choose CSet: 0.0 ms]
      [Ref Proc: 0.1 ms]
      [Ref Enq: 0.0 ms]
      [Redirty Cards: 0.1 ms]
      [Humongous Register: 0.0 ms]
      [Humongous Reclaim: 0.0 ms]
      [Free CSet: 0.1 ms]
   [Eden: 44.0M(44.0M)->0.0B(46.0M) Survivors: 7168.0K->5120.0K Heap: 345.2M(1024.0M)->301.2M(1024.0M)]
 [Times: user=0.08 sys=0.01, real=0.02 secs] 
2018-12-01T23:26:53.768+0800: 5476.027: [GC pause (G1 Evacuation Pause) (young), 0.0177655 secs]
   [Parallel Time: 17.1 ms, GC Workers: 4]
      [GC Worker Start (ms): Min: 5476026.9, Avg: 5476026.9, Max: 5476026.9, Diff: 0.1]
      [Ext Root Scanning (ms): Min: 0.8, Avg: 0.8, Max: 0.8, Diff: 0.1, Sum: 3.2]
      [Update RS (ms): Min: 2.5, Avg: 2.7, Max: 2.9, Diff: 0.4, Sum: 10.8]
         [Processed Buffers: Min: 1, Avg: 9.0, Max: 13, Diff: 12, Sum: 36]
      [Scan RS (ms): Min: 4.0, Avg: 4.3, Max: 4.4, Diff: 0.3, Sum: 17.2]
      [Code Root Scanning (ms): Min: 0.0, Avg: 0.0, Max: 0.0, Diff: 0.0, Sum: 0.0]
      [Object Copy (ms): Min: 9.0, Avg: 9.2, Max: 9.2, Diff: 0.2, Sum: 36.6]
      [Termination (ms): Min: 0.0, Avg: 0.0, Max: 0.0, Diff: 0.0, Sum: 0.0]
         [Termination Attempts: Min: 1, Avg: 1.0, Max: 1, Diff: 0, Sum: 4]
      [GC Worker Other (ms): Min: 0.0, Avg: 0.0, Max: 0.1, Diff: 0.0, Sum: 0.1]
      [GC Worker Total (ms): Min: 16.9, Avg: 17.0, Max: 17.0, Diff: 0.1, Sum: 67.9]
      [GC Worker End (ms): Min: 5476043.9, Avg: 5476043.9, Max: 5476043.9, Diff: 0.0]
   [Code Root Fixup: 0.0 ms]
   [Code Root Purge: 0.0 ms]
   [Clear CT: 0.1 ms]
   [Other: 0.6 ms]
      [Choose CSet: 0.0 ms]
      [Ref Proc: 0.1 ms]
      [Ref Enq: 0.0 ms]
      [Redirty Cards: 0.1 ms]
      [Humongous Register: 0.0 ms]
      [Humongous Reclaim: 0.0 ms]
      [Free CSet: 0.1 ms]
   [Eden: 46.0M(46.0M)->0.0B(46.0M) Survivors: 5120.0K->5120.0K Heap: 347.2M(1024.0M)->301.7M(1024.0M)]
 [Times: user=0.06 sys=0.00, real=0.02 secs] 
2018-12-01T23:27:18.191+0800: 5500.449: [GC pause (G1 Evacuation Pause) (young), 0.0195318 secs]
   [Parallel Time: 18.8 ms, GC Workers: 4]
      [GC Worker Start (ms): Min: 5500448.9, Avg: 5500449.0, Max: 5500449.4, Diff: 0.5]
      [Ext Root Scanning (ms): Min: 0.6, Avg: 0.9, Max: 1.1, Diff: 0.5, Sum: 3.7]
      [Update RS (ms): Min: 2.3, Avg: 2.5, Max: 2.7, Diff: 0.4, Sum: 10.1]
         [Processed Buffers: Min: 6, Avg: 8.2, Max: 11, Diff: 5, Sum: 33]
      [Scan RS (ms): Min: 5.2, Avg: 6.6, Max: 9.0, Diff: 3.7, Sum: 26.5]
      [Code Root Scanning (ms): Min: 0.0, Avg: 0.0, Max: 0.0, Diff: 0.0, Sum: 0.0]
      [Object Copy (ms): Min: 6.3, Avg: 8.5, Max: 9.7, Diff: 3.4, Sum: 34.0]
      [Termination (ms): Min: 0.0, Avg: 0.0, Max: 0.0, Diff: 0.0, Sum: 0.1]
         [Termination Attempts: Min: 1, Avg: 1.2, Max: 2, Diff: 1, Sum: 5]
      [GC Worker Other (ms): Min: 0.0, Avg: 0.0, Max: 0.0, Diff: 0.0, Sum: 0.1]
      [GC Worker Total (ms): Min: 18.3, Avg: 18.6, Max: 18.7, Diff: 0.5, Sum: 74.4]
      [GC Worker End (ms): Min: 5500467.6, Avg: 5500467.6, Max: 5500467.6, Diff: 0.0]
   [Code Root Fixup: 0.0 ms]
   [Code Root Purge: 0.0 ms]
   [Clear CT: 0.1 ms]
   [Other: 0.6 ms]
      [Choose CSet: 0.0 ms]
      [Ref Proc: 0.1 ms]
      [Ref Enq: 0.0 ms]
      [Redirty Cards: 0.1 ms]
      [Humongous Register: 0.0 ms]
      [Humongous Reclaim: 0.0 ms]
      [Free CSet: 0.1 ms]
   [Eden: 46.0M(46.0M)->0.0B(46.0M) Survivors: 5120.0K->5120.0K Heap: 347.7M(1024.0M)->302.2M(1024.0M)]
 [Times: user=0.07 sys=0.00, real=0.02 secs] 
2018-12-01T23:27:42.581+0800: 5524.838: [GC pause (G1 Evacuation Pause) (young), 0.0220927 secs]
   [Parallel Time: 21.1 ms, GC Workers: 4]
      [GC Worker Start (ms): Min: 5524838.7, Avg: 5524838.7, Max: 5524838.8, Diff: 0.1]
      [Ext Root Scanning (ms): Min: 0.7, Avg: 0.8, Max: 0.8, Diff: 0.2, Sum: 3.0]
      [Update RS (ms): Min: 0.0, Avg: 2.0, Max: 2.9, Diff: 2.9, Sum: 8.0]
         [Processed Buffers: Min: 0, Avg: 8.0, Max: 25, Diff: 25, Sum: 32]
      [Scan RS (ms): Min: 3.0, Avg: 4.3, Max: 5.9, Diff: 2.9, Sum: 17.1]
      [Code Root Scanning (ms): Min: 0.0, Avg: 0.0, Max: 0.0, Diff: 0.0, Sum: 0.0]
      [Object Copy (ms): Min: 11.2, Avg: 13.9, Max: 17.1, Diff: 5.9, Sum: 55.5]
      [Termination (ms): Min: 0.0, Avg: 0.0, Max: 0.0, Diff: 0.0, Sum: 0.0]
         [Termination Attempts: Min: 1, Avg: 1.0, Max: 1, Diff: 0, Sum: 4]
      [GC Worker Other (ms): Min: 0.0, Avg: 0.0, Max: 0.0, Diff: 0.0, Sum: 0.1]
      [GC Worker Total (ms): Min: 20.9, Avg: 20.9, Max: 21.0, Diff: 0.1, Sum: 83.7]
      [GC Worker End (ms): Min: 5524859.7, Avg: 5524859.7, Max: 5524859.7, Diff: 0.0]
   [Code Root Fixup: 0.0 ms]
   [Code Root Purge: 0.0 ms]
   [Clear CT: 0.1 ms]
   [Other: 0.9 ms]
      [Choose CSet: 0.0 ms]
      [Ref Proc: 0.2 ms]
      [Ref Enq: 0.0 ms]
      [Redirty Cards: 0.1 ms]
      [Humongous Register: 0.2 ms]
      [Humongous Reclaim: 0.0 ms]
      [Free CSet: 0.1 ms]
   [Eden: 46.0M(46.0M)->0.0B(45.0M) Survivors: 5120.0K->6144.0K Heap: 348.2M(1024.0M)->303.9M(1024.0M)]
 [Times: user=0.06 sys=0.00, real=0.02 secs] 
2018-12-01T23:28:06.630+0800: 5548.886: [GC pause (G1 Evacuation Pause) (young), 0.0243586 secs]
   [Parallel Time: 23.6 ms, GC Workers: 4]
      [GC Worker Start (ms): Min: 5548886.3, Avg: 5548886.4, Max: 5548886.4, Diff: 0.1]
      [Ext Root Scanning (ms): Min: 0.8, Avg: 0.8, Max: 0.8, Diff: 0.1, Sum: 3.3]
      [Update RS (ms): Min: 3.5, Avg: 3.8, Max: 4.3, Diff: 0.8, Sum: 15.3]
         [Processed Buffers: Min: 2, Avg: 8.2, Max: 13, Diff: 11, Sum: 33]
      [Scan RS (ms): Min: 6.4, Avg: 7.1, Max: 8.3, Diff: 1.9, Sum: 28.5]
      [Code Root Scanning (ms): Min: 0.0, Avg: 0.0, Max: 0.0, Diff: 0.0, Sum: 0.0]
      [Object Copy (ms): Min: 10.1, Avg: 11.7, Max: 12.3, Diff: 2.3, Sum: 46.7]
      [Termination (ms): Min: 0.0, Avg: 0.0, Max: 0.0, Diff: 0.0, Sum: 0.0]
         [Termination Attempts: Min: 1, Avg: 1.2, Max: 2, Diff: 1, Sum: 5]
      [GC Worker Other (ms): Min: 0.0, Avg: 0.0, Max: 0.1, Diff: 0.0, Sum: 0.2]
      [GC Worker Total (ms): Min: 23.5, Avg: 23.5, Max: 23.5, Diff: 0.0, Sum: 94.0]
      [GC Worker End (ms): Min: 5548909.9, Avg: 5548909.9, Max: 5548909.9, Diff: 0.0]
   [Code Root Fixup: 0.0 ms]
   [Code Root Purge: 0.0 ms]
   [Clear CT: 0.1 ms]
   [Other: 0.6 ms]
      [Choose CSet: 0.0 ms]
      [Ref Proc: 0.1 ms]
      [Ref Enq: 0.0 ms]
      [Redirty Cards: 0.1 ms]
      [Humongous Register: 0.0 ms]
      [Humongous Reclaim: 0.0 ms]
      [Free CSet: 0.1 ms]
   [Eden: 45.0M(45.0M)->0.0B(45.0M) Survivors: 6144.0K->6144.0K Heap: 348.9M(1024.0M)->304.8M(1024.0M)]
 [Times: user=0.07 sys=0.00, real=0.02 secs] 
2018-12-01T23:28:30.540+0800: 5572.796: [GC pause (G1 Evacuation Pause) (young), 0.0176546 secs]
   [Parallel Time: 16.9 ms, GC Workers: 4]
      [GC Worker Start (ms): Min: 5572796.0, Avg: 5572796.1, Max: 5572796.1, Diff: 0.1]
      [Ext Root Scanning (ms): Min: 0.7, Avg: 0.8, Max: 0.8, Diff: 0.1, Sum: 3.2]
      [Update RS (ms): Min: 1.8, Avg: 1.9, Max: 2.1, Diff: 0.3, Sum: 7.7]
         [Processed Buffers: Min: 5, Avg: 8.8, Max: 17, Diff: 12, Sum: 35]
      [Scan RS (ms): Min: 5.1, Avg: 5.5, Max: 6.6, Diff: 1.5, Sum: 22.0]
      [Code Root Scanning (ms): Min: 0.0, Avg: 0.0, Max: 0.0, Diff: 0.0, Sum: 0.0]
      [Object Copy (ms): Min: 7.5, Avg: 8.4, Max: 8.8, Diff: 1.3, Sum: 33.8]
      [Termination (ms): Min: 0.0, Avg: 0.0, Max: 0.1, Diff: 0.1, Sum: 0.1]
         [Termination Attempts: Min: 1, Avg: 1.5, Max: 2, Diff: 1, Sum: 6]
      [GC Worker Other (ms): Min: 0.0, Avg: 0.0, Max: 0.0, Diff: 0.0, Sum: 0.1]
      [GC Worker Total (ms): Min: 16.6, Avg: 16.7, Max: 16.8, Diff: 0.1, Sum: 66.9]
      [GC Worker End (ms): Min: 5572812.8, Avg: 5572812.8, Max: 5572812.8, Diff: 0.0]
   [Code Root Fixup: 0.0 ms]
   [Code Root Purge: 0.0 ms]
   [Clear CT: 0.1 ms]
   [Other: 0.7 ms]
      [Choose CSet: 0.0 ms]
      [Ref Proc: 0.2 ms]
      [Ref Enq: 0.0 ms]
      [Redirty Cards: 0.1 ms]
      [Humongous Register: 0.0 ms]
      [Humongous Reclaim: 0.0 ms]
      [Free CSet: 0.1 ms]
   [Eden: 45.0M(45.0M)->0.0B(46.0M) Survivors: 6144.0K->5120.0K Heap: 349.8M(1024.0M)->305.0M(1024.0M)]
 [Times: user=0.06 sys=0.00, real=0.02 secs] 
2018-12-01T23:28:55.024+0800: 5597.279: [GC pause (G1 Evacuation Pause) (young), 0.0660706 secs]
   [Parallel Time: 57.9 ms, GC Workers: 4]
      [GC Worker Start (ms): Min: 5597286.4, Avg: 5597286.5, Max: 5597286.7, Diff: 0.3]
      [Ext Root Scanning (ms): Min: 4.9, Avg: 6.2, Max: 9.8, Diff: 4.9, Sum: 25.0]
      [Update RS (ms): Min: 1.3, Avg: 5.2, Max: 8.1, Diff: 6.8, Sum: 20.8]
         [Processed Buffers: Min: 1, Avg: 8.8, Max: 23, Diff: 22, Sum: 35]
      [Scan RS (ms): Min: 10.7, Avg: 11.7, Max: 13.4, Diff: 2.7, Sum: 46.9]
      [Code Root Scanning (ms): Min: 0.0, Avg: 0.0, Max: 0.1, Diff: 0.1, Sum: 0.1]
      [Object Copy (ms): Min: 31.1, Avg: 32.2, Max: 33.9, Diff: 2.9, Sum: 128.7]
      [Termination (ms): Min: 0.0, Avg: 1.1, Max: 2.2, Diff: 2.2, Sum: 4.4]
         [Termination Attempts: Min: 1, Avg: 1.0, Max: 1, Diff: 0, Sum: 4]
      [GC Worker Other (ms): Min: 0.0, Avg: 0.0, Max: 0.1, Diff: 0.0, Sum: 0.2]
      [GC Worker Total (ms): Min: 55.5, Avg: 56.6, Max: 57.7, Diff: 2.1, Sum: 226.2]
      [GC Worker End (ms): Min: 5597342.0, Avg: 5597343.0, Max: 5597344.1, Diff: 2.1]
   [Code Root Fixup: 0.0 ms]
   [Code Root Purge: 0.0 ms]
   [Clear CT: 0.1 ms]
   [Other: 8.0 ms]
      [Choose CSet: 0.0 ms]
      [Ref Proc: 0.2 ms]
      [Ref Enq: 0.0 ms]
      [Redirty Cards: 0.1 ms]
      [Humongous Register: 5.8 ms]
      [Humongous Reclaim: 0.0 ms]
      [Free CSet: 0.3 ms]
   [Eden: 46.0M(46.0M)->0.0B(45.0M) Survivors: 5120.0K->6144.0K Heap: 351.0M(1024.0M)->306.5M(1024.0M)]
 [Times: user=0.06 sys=0.06, real=0.07 secs] 
2018-12-01T23:29:18.867+0800: 5621.121: [GC pause (G1 Evacuation Pause) (young), 0.0226728 secs]
   [Parallel Time: 21.8 ms, GC Workers: 4]
      [GC Worker Start (ms): Min: 5621121.0, Avg: 5621121.0, Max: 5621121.0, Diff: 0.1]
      [Ext Root Scanning (ms): Min: 0.9, Avg: 0.9, Max: 0.9, Diff: 0.1, Sum: 3.7]
      [Update RS (ms): Min: 1.9, Avg: 2.1, Max: 2.4, Diff: 0.4, Sum: 8.5]
         [Processed Buffers: Min: 4, Avg: 8.8, Max: 17, Diff: 13, Sum: 35]
      [Scan RS (ms): Min: 6.6, Avg: 8.0, Max: 9.4, Diff: 2.7, Sum: 31.8]
      [Code Root Scanning (ms): Min: 0.0, Avg: 0.0, Max: 0.0, Diff: 0.0, Sum: 0.0]
      [Object Copy (ms): Min: 9.1, Avg: 10.7, Max: 12.2, Diff: 3.1, Sum: 42.7]
      [Termination (ms): Min: 0.0, Avg: 0.0, Max: 0.0, Diff: 0.0, Sum: 0.0]
         [Termination Attempts: Min: 1, Avg: 1.5, Max: 2, Diff: 1, Sum: 6]
      [GC Worker Other (ms): Min: 0.0, Avg: 0.0, Max: 0.0, Diff: 0.0, Sum: 0.1]
      [GC Worker Total (ms): Min: 21.7, Avg: 21.7, Max: 21.8, Diff: 0.1, Sum: 86.9]
      [GC Worker End (ms): Min: 5621142.7, Avg: 5621142.7, Max: 5621142.7, Diff: 0.0]
   [Code Root Fixup: 0.0 ms]
   [Code Root Purge: 0.0 ms]
   [Clear CT: 0.1 ms]
   [Other: 0.8 ms]
      [Choose CSet: 0.0 ms]
      [Ref Proc: 0.3 ms]
      [Ref Enq: 0.0 ms]
      [Redirty Cards: 0.1 ms]
      [Humongous Register: 0.0 ms]
      [Humongous Reclaim: 0.0 ms]
      [Free CSet: 0.1 ms]
   [Eden: 45.0M(45.0M)->0.0B(45.0M) Survivors: 6144.0K->6144.0K Heap: 351.5M(1024.0M)->307.1M(1024.0M)]
 [Times: user=0.08 sys=0.00, real=0.03 secs] 
2018-12-01T23:29:42.727+0800: 5644.980: [GC pause (G1 Evacuation Pause) (young), 0.0212859 secs]
   [Parallel Time: 20.4 ms, GC Workers: 4]
      [GC Worker Start (ms): Min: 5644980.4, Avg: 5644980.4, Max: 5644980.5, Diff: 0.2]
      [Ext Root Scanning (ms): Min: 0.9, Avg: 1.0, Max: 1.2, Diff: 0.3, Sum: 4.2]
      [Update RS (ms): Min: 2.1, Avg: 2.2, Max: 2.4, Diff: 0.3, Sum: 8.8]
         [Processed Buffers: Min: 3, Avg: 8.5, Max: 19, Diff: 16, Sum: 34]
      [Scan RS (ms): Min: 5.7, Avg: 6.1, Max: 6.5, Diff: 0.8, Sum: 24.2]
      [Code Root Scanning (ms): Min: 0.0, Avg: 0.0, Max: 0.0, Diff: 0.0, Sum: 0.0]
      [Object Copy (ms): Min: 10.5, Avg: 11.0, Max: 11.2, Diff: 0.7, Sum: 43.9]
      [Termination (ms): Min: 0.0, Avg: 0.0, Max: 0.0, Diff: 0.0, Sum: 0.0]
         [Termination Attempts: Min: 1, Avg: 1.0, Max: 1, Diff: 0, Sum: 4]
      [GC Worker Other (ms): Min: 0.0, Avg: 0.0, Max: 0.0, Diff: 0.0, Sum: 0.1]
      [GC Worker Total (ms): Min: 20.2, Avg: 20.3, Max: 20.4, Diff: 0.1, Sum: 81.2]
      [GC Worker End (ms): Min: 5645000.7, Avg: 5645000.7, Max: 5645000.7, Diff: 0.0]
   [Code Root Fixup: 0.0 ms]
   [Code Root Purge: 0.0 ms]
   [Clear CT: 0.1 ms]
   [Other: 0.7 ms]
      [Choose CSet: 0.0 ms]
      [Ref Proc: 0.1 ms]
      [Ref Enq: 0.0 ms]
      [Redirty Cards: 0.1 ms]
      [Humongous Register: 0.1 ms]
      [Humongous Reclaim: 0.0 ms]
      [Free CSet: 0.1 ms]
   [Eden: 45.0M(45.0M)->0.0B(46.0M) Survivors: 6144.0K->5120.0K Heap: 352.1M(1024.0M)->307.1M(1024.0M)]
 [Times: user=0.08 sys=0.00, real=0.03 secs] 
2018-12-01T23:30:07.038+0800: 5669.291: [GC pause (G1 Evacuation Pause) (young), 0.0227241 secs]
   [Parallel Time: 21.6 ms, GC Workers: 4]
      [GC Worker Start (ms): Min: 5669291.4, Avg: 5669291.5, Max: 5669291.5, Diff: 0.1]
      [Ext Root Scanning (ms): Min: 1.5, Avg: 2.0, Max: 3.3, Diff: 1.8, Sum: 8.2]
      [Update RS (ms): Min: 2.2, Avg: 3.2, Max: 3.7, Diff: 1.5, Sum: 12.9]
         [Processed Buffers: Min: 6, Avg: 8.8, Max: 15, Diff: 9, Sum: 35]
      [Scan RS (ms): Min: 5.9, Avg: 6.9, Max: 7.4, Diff: 1.5, Sum: 27.5]
      [Code Root Scanning (ms): Min: 0.0, Avg: 0.0, Max: 0.0, Diff: 0.0, Sum: 0.0]
      [Object Copy (ms): Min: 8.9, Avg: 9.3, Max: 10.2, Diff: 1.3, Sum: 37.1]
      [Termination (ms): Min: 0.0, Avg: 0.0, Max: 0.0, Diff: 0.0, Sum: 0.0]
         [Termination Attempts: Min: 1, Avg: 2.0, Max: 3, Diff: 2, Sum: 8]
      [GC Worker Other (ms): Min: 0.0, Avg: 0.0, Max: 0.0, Diff: 0.0, Sum: 0.2]
      [GC Worker Total (ms): Min: 21.4, Avg: 21.5, Max: 21.5, Diff: 0.1, Sum: 85.9]
      [GC Worker End (ms): Min: 5669312.9, Avg: 5669312.9, Max: 5669313.0, Diff: 0.0]
   [Code Root Fixup: 0.0 ms]
   [Code Root Purge: 0.0 ms]
   [Clear CT: 0.1 ms]
   [Other: 1.0 ms]
      [Choose CSet: 0.0 ms]
      [Ref Proc: 0.2 ms]
      [Ref Enq: 0.0 ms]
      [Redirty Cards: 0.1 ms]
      [Humongous Register: 0.2 ms]
      [Humongous Reclaim: 0.0 ms]
      [Free CSet: 0.1 ms]
   [Eden: 46.0M(46.0M)->0.0B(46.0M) Survivors: 5120.0K->5120.0K Heap: 353.1M(1024.0M)->308.2M(1024.0M)]
 [Times: user=0.07 sys=0.02, real=0.03 secs] 
2018-12-01T23:30:31.260+0800: 5693.512: [GC pause (G1 Evacuation Pause) (young), 0.0323409 secs]
   [Parallel Time: 31.5 ms, GC Workers: 4]
      [GC Worker Start (ms): Min: 5693512.3, Avg: 5693512.3, Max: 5693512.3, Diff: 0.1]
      [Ext Root Scanning (ms): Min: 1.1, Avg: 1.1, Max: 1.2, Diff: 0.1, Sum: 4.5]
      [Update RS (ms): Min: 4.7, Avg: 4.9, Max: 5.0, Diff: 0.4, Sum: 19.5]
         [Processed Buffers: Min: 1, Avg: 8.2, Max: 14, Diff: 13, Sum: 33]
      [Scan RS (ms): Min: 14.7, Avg: 16.0, Max: 18.0, Diff: 3.3, Sum: 64.1]
      [Code Root Scanning (ms): Min: 0.0, Avg: 0.0, Max: 0.0, Diff: 0.0, Sum: 0.0]
      [Object Copy (ms): Min: 7.2, Avg: 9.4, Max: 10.9, Diff: 3.7, Sum: 37.5]
      [Termination (ms): Min: 0.0, Avg: 0.0, Max: 0.0, Diff: 0.0, Sum: 0.1]
         [Termination Attempts: Min: 1, Avg: 1.0, Max: 1, Diff: 0, Sum: 4]
      [GC Worker Other (ms): Min: 0.0, Avg: 0.0, Max: 0.0, Diff: 0.0, Sum: 0.1]
      [GC Worker Total (ms): Min: 31.4, Avg: 31.5, Max: 31.5, Diff: 0.1, Sum: 125.8]
      [GC Worker End (ms): Min: 5693543.8, Avg: 5693543.8, Max: 5693543.8, Diff: 0.0]
   [Code Root Fixup: 0.0 ms]
   [Code Root Purge: 0.0 ms]
   [Clear CT: 0.1 ms]
   [Other: 0.7 ms]
      [Choose CSet: 0.0 ms]
      [Ref Proc: 0.1 ms]
      [Ref Enq: 0.0 ms]
      [Redirty Cards: 0.1 ms]
      [Humongous Register: 0.1 ms]
      [Humongous Reclaim: 0.0 ms]
      [Free CSet: 0.1 ms]
   [Eden: 46.0M(46.0M)->0.0B(46.0M) Survivors: 5120.0K->5120.0K Heap: 354.2M(1024.0M)->308.7M(1024.0M)]
 [Times: user=0.06 sys=0.02, real=0.03 secs] 
2018-12-01T23:30:55.702+0800: 5717.953: [GC pause (G1 Evacuation Pause) (young), 0.0264596 secs]
   [Parallel Time: 25.2 ms, GC Workers: 4]
      [GC Worker Start (ms): Min: 5717953.2, Avg: 5717953.3, Max: 5717953.3, Diff: 0.1]
      [Ext Root Scanning (ms): Min: 1.2, Avg: 1.6, Max: 2.8, Diff: 1.5, Sum: 6.6]
      [Update RS (ms): Min: 1.2, Avg: 2.4, Max: 3.0, Diff: 1.8, Sum: 9.6]
         [Processed Buffers: Min: 6, Avg: 9.5, Max: 15, Diff: 9, Sum: 38]
      [Scan RS (ms): Min: 6.0, Avg: 6.4, Max: 7.4, Diff: 1.4, Sum: 25.6]
      [Code Root Scanning (ms): Min: 0.0, Avg: 0.0, Max: 0.0, Diff: 0.0, Sum: 0.0]
      [Object Copy (ms): Min: 13.8, Avg: 14.6, Max: 14.9, Diff: 1.2, Sum: 58.4]
      [Termination (ms): Min: 0.0, Avg: 0.0, Max: 0.0, Diff: 0.0, Sum: 0.0]
         [Termination Attempts: Min: 1, Avg: 1.0, Max: 1, Diff: 0, Sum: 4]
      [GC Worker Other (ms): Min: 0.0, Avg: 0.0, Max: 0.0, Diff: 0.0, Sum: 0.1]
      [GC Worker Total (ms): Min: 25.1, Avg: 25.1, Max: 25.1, Diff: 0.1, Sum: 100.4]
      [GC Worker End (ms): Min: 5717978.4, Avg: 5717978.4, Max: 5717978.4, Diff: 0.0]
   [Code Root Fixup: 0.0 ms]
   [Code Root Purge: 0.0 ms]
   [Clear CT: 0.1 ms]
   [Other: 1.1 ms]
      [Choose CSet: 0.0 ms]
      [Ref Proc: 0.2 ms]
      [Ref Enq: 0.0 ms]
      [Redirty Cards: 0.1 ms]
      [Humongous Register: 0.2 ms]
      [Humongous Reclaim: 0.0 ms]
      [Free CSet: 0.2 ms]
   [Eden: 46.0M(46.0M)->0.0B(45.0M) Survivors: 5120.0K->6144.0K Heap: 354.7M(1024.0M)->310.4M(1024.0M)]
 [Times: user=0.07 sys=0.02, real=0.03 secs] 
2018-12-01T23:31:19.414+0800: 5741.665: [GC pause (G1 Evacuation Pause) (young), 0.0207712 secs]
   [Parallel Time: 20.0 ms, GC Workers: 4]
      [GC Worker Start (ms): Min: 5741665.1, Avg: 5741665.3, Max: 5741665.8, Diff: 0.7]
      [Ext Root Scanning (ms): Min: 0.5, Avg: 0.9, Max: 1.1, Diff: 0.7, Sum: 3.7]
      [Update RS (ms): Min: 2.2, Avg: 2.5, Max: 3.0, Diff: 0.8, Sum: 10.0]
         [Processed Buffers: Min: 0, Avg: 8.2, Max: 22, Diff: 22, Sum: 33]
      [Scan RS (ms): Min: 4.9, Avg: 5.4, Max: 5.7, Diff: 0.8, Sum: 21.7]
      [Code Root Scanning (ms): Min: 0.0, Avg: 0.0, Max: 0.0, Diff: 0.0, Sum: 0.0]
      [Object Copy (ms): Min: 10.7, Avg: 10.7, Max: 10.8, Diff: 0.1, Sum: 42.8]
      [Termination (ms): Min: 0.0, Avg: 0.0, Max: 0.0, Diff: 0.0, Sum: 0.0]
         [Termination Attempts: Min: 1, Avg: 1.0, Max: 1, Diff: 0, Sum: 4]
      [GC Worker Other (ms): Min: 0.0, Avg: 0.0, Max: 0.1, Diff: 0.0, Sum: 0.2]
      [GC Worker Total (ms): Min: 19.1, Avg: 19.6, Max: 19.8, Diff: 0.7, Sum: 78.4]
      [GC Worker End (ms): Min: 5741684.9, Avg: 5741684.9, Max: 5741684.9, Diff: 0.0]
   [Code Root Fixup: 0.0 ms]
   [Code Root Purge: 0.0 ms]
   [Clear CT: 0.1 ms]
   [Other: 0.7 ms]
      [Choose CSet: 0.0 ms]
      [Ref Proc: 0.2 ms]
      [Ref Enq: 0.0 ms]
      [Redirty Cards: 0.1 ms]
      [Humongous Register: 0.0 ms]
      [Humongous Reclaim: 0.0 ms]
      [Free CSet: 0.1 ms]
   [Eden: 45.0M(45.0M)->0.0B(46.0M) Survivors: 6144.0K->5120.0K Heap: 355.4M(1024.0M)->310.8M(1024.0M)]
 [Times: user=0.07 sys=0.00, real=0.03 secs] 
2018-12-01T23:31:44.039+0800: 5766.289: [GC pause (G1 Evacuation Pause) (young), 0.0188904 secs]
   [Parallel Time: 18.2 ms, GC Workers: 4]
      [GC Worker Start (ms): Min: 5766289.2, Avg: 5766289.3, Max: 5766289.3, Diff: 0.1]
      [Ext Root Scanning (ms): Min: 0.8, Avg: 0.8, Max: 0.8, Diff: 0.0, Sum: 3.3]
      [Update RS (ms): Min: 2.2, Avg: 2.5, Max: 2.8, Diff: 0.6, Sum: 9.9]
         [Processed Buffers: Min: 1, Avg: 8.0, Max: 15, Diff: 14, Sum: 32]
      [Scan RS (ms): Min: 5.2, Avg: 6.1, Max: 7.9, Diff: 2.8, Sum: 24.5]
      [Code Root Scanning (ms): Min: 0.0, Avg: 0.0, Max: 0.0, Diff: 0.0, Sum: 0.0]
      [Object Copy (ms): Min: 6.9, Avg: 8.6, Max: 9.3, Diff: 2.3, Sum: 34.5]
      [Termination (ms): Min: 0.0, Avg: 0.0, Max: 0.0, Diff: 0.0, Sum: 0.0]
         [Termination Attempts: Min: 1, Avg: 1.0, Max: 1, Diff: 0, Sum: 4]
      [GC Worker Other (ms): Min: 0.0, Avg: 0.0, Max: 0.1, Diff: 0.0, Sum: 0.2]
      [GC Worker Total (ms): Min: 18.1, Avg: 18.1, Max: 18.1, Diff: 0.0, Sum: 72.3]
      [GC Worker End (ms): Min: 5766307.3, Avg: 5766307.3, Max: 5766307.4, Diff: 0.0]
   [Code Root Fixup: 0.0 ms]
   [Code Root Purge: 0.0 ms]
   [Clear CT: 0.1 ms]
   [Other: 0.6 ms]
      [Choose CSet: 0.0 ms]
      [Ref Proc: 0.1 ms]
      [Ref Enq: 0.0 ms]
      [Redirty Cards: 0.1 ms]
      [Humongous Register: 0.0 ms]
      [Humongous Reclaim: 0.0 ms]
      [Free CSet: 0.1 ms]
   [Eden: 46.0M(46.0M)->0.0B(46.0M) Survivors: 5120.0K->5120.0K Heap: 356.8M(1024.0M)->310.8M(1024.0M)]
 [Times: user=0.07 sys=0.00, real=0.02 secs] 
2018-12-01T23:32:08.519+0800: 5790.768: [GC pause (G1 Evacuation Pause) (young), 0.0175733 secs]
   [Parallel Time: 16.4 ms, GC Workers: 4]
      [GC Worker Start (ms): Min: 5790768.3, Avg: 5790768.3, Max: 5790768.5, Diff: 0.2]
      [Ext Root Scanning (ms): Min: 0.4, Avg: 0.5, Max: 0.6, Diff: 0.2, Sum: 2.1]
      [Update RS (ms): Min: 1.1, Avg: 1.2, Max: 1.3, Diff: 0.3, Sum: 4.9]
         [Processed Buffers: Min: 2, Avg: 8.2, Max: 14, Diff: 12, Sum: 33]
      [Scan RS (ms): Min: 3.1, Avg: 3.6, Max: 5.2, Diff: 2.1, Sum: 14.5]
      [Code Root Scanning (ms): Min: 0.0, Avg: 0.0, Max: 0.0, Diff: 0.0, Sum: 0.0]
      [Object Copy (ms): Min: 9.3, Avg: 10.7, Max: 11.2, Diff: 1.9, Sum: 42.8]
      [Termination (ms): Min: 0.0, Avg: 0.1, Max: 0.2, Diff: 0.2, Sum: 0.5]
         [Termination Attempts: Min: 1, Avg: 1.0, Max: 1, Diff: 0, Sum: 4]
      [GC Worker Other (ms): Min: 0.0, Avg: 0.0, Max: 0.0, Diff: 0.0, Sum: 0.1]
      [GC Worker Total (ms): Min: 16.1, Avg: 16.2, Max: 16.3, Diff: 0.2, Sum: 65.0]
      [GC Worker End (ms): Min: 5790784.5, Avg: 5790784.6, Max: 5790784.6, Diff: 0.1]
   [Code Root Fixup: 0.0 ms]
   [Code Root Purge: 0.0 ms]
   [Clear CT: 0.1 ms]
   [Other: 1.0 ms]
      [Choose CSet: 0.0 ms]
      [Ref Proc: 0.6 ms]
      [Ref Enq: 0.0 ms]
      [Redirty Cards: 0.1 ms]
      [Humongous Register: 0.0 ms]
      [Humongous Reclaim: 0.0 ms]
      [Free CSet: 0.1 ms]
   [Eden: 46.0M(46.0M)->0.0B(45.0M) Survivors: 5120.0K->6144.0K Heap: 356.8M(1024.0M)->312.0M(1024.0M)]
 [Times: user=0.05 sys=0.00, real=0.02 secs] 
2018-12-01T23:32:32.381+0800: 5814.630: [GC pause (G1 Evacuation Pause) (young), 0.0910158 secs]
   [Parallel Time: 83.2 ms, GC Workers: 4]
      [GC Worker Start (ms): Min: 5814635.1, Avg: 5814635.3, Max: 5814635.4, Diff: 0.3]
      [Ext Root Scanning (ms): Min: 16.0, Avg: 19.4, Max: 29.2, Diff: 13.2, Sum: 77.6]
      [Update RS (ms): Min: 13.8, Avg: 19.2, Max: 23.3, Diff: 9.5, Sum: 76.7]
         [Processed Buffers: Min: 1, Avg: 8.2, Max: 15, Diff: 14, Sum: 33]
      [Scan RS (ms): Min: 6.2, Avg: 16.5, Max: 24.5, Diff: 18.4, Sum: 66.1]
      [Code Root Scanning (ms): Min: 0.0, Avg: 0.0, Max: 0.0, Diff: 0.0, Sum: 0.1]
      [Object Copy (ms): Min: 25.1, Avg: 27.4, Max: 28.5, Diff: 3.5, Sum: 109.4]
      [Termination (ms): Min: 0.0, Avg: 0.1, Max: 0.3, Diff: 0.3, Sum: 0.6]
         [Termination Attempts: Min: 1, Avg: 1.0, Max: 1, Diff: 0, Sum: 4]
      [GC Worker Other (ms): Min: 0.0, Avg: 0.1, Max: 0.1, Diff: 0.1, Sum: 0.3]
      [GC Worker Total (ms): Min: 82.5, Avg: 82.7, Max: 82.8, Diff: 0.3, Sum: 330.7]
      [GC Worker End (ms): Min: 5814717.9, Avg: 5814717.9, Max: 5814718.0, Diff: 0.1]
   [Code Root Fixup: 0.0 ms]
   [Code Root Purge: 0.0 ms]
   [Clear CT: 0.2 ms]
   [Other: 7.7 ms]
      [Choose CSet: 0.0 ms]
      [Ref Proc: 0.8 ms]
      [Ref Enq: 0.0 ms]
      [Redirty Cards: 0.2 ms]
      [Humongous Register: 4.4 ms]
      [Humongous Reclaim: 0.0 ms]
      [Free CSet: 0.7 ms]
   [Eden: 45.0M(45.0M)->0.0B(44.0M) Survivors: 6144.0K->7168.0K Heap: 357.0M(1024.0M)->313.7M(1024.0M)]
 [Times: user=0.08 sys=0.10, real=0.09 secs] 
2018-12-01T23:32:55.820+0800: 5838.067: [GC pause (G1 Evacuation Pause) (young), 0.0300448 secs]
   [Parallel Time: 28.7 ms, GC Workers: 4]
      [GC Worker Start (ms): Min: 5838068.1, Avg: 5838068.4, Max: 5838068.7, Diff: 0.6]
      [Ext Root Scanning (ms): Min: 0.7, Avg: 2.2, Max: 5.9, Diff: 5.2, Sum: 8.7]
      [Update RS (ms): Min: 0.0, Avg: 1.9, Max: 3.3, Diff: 3.3, Sum: 7.7]
         [Processed Buffers: Min: 0, Avg: 9.0, Max: 22, Diff: 22, Sum: 36]
      [Scan RS (ms): Min: 2.7, Avg: 4.8, Max: 5.9, Diff: 3.3, Sum: 19.2]
      [Code Root Scanning (ms): Min: 0.0, Avg: 0.0, Max: 0.0, Diff: 0.0, Sum: 0.0]
      [Object Copy (ms): Min: 19.2, Avg: 19.3, Max: 19.4, Diff: 0.1, Sum: 77.3]
      [Termination (ms): Min: 0.0, Avg: 0.1, Max: 0.2, Diff: 0.2, Sum: 0.4]
         [Termination Attempts: Min: 1, Avg: 1.8, Max: 3, Diff: 2, Sum: 7]
      [GC Worker Other (ms): Min: 0.0, Avg: 0.0, Max: 0.0, Diff: 0.0, Sum: 0.1]
      [GC Worker Total (ms): Min: 28.1, Avg: 28.4, Max: 28.6, Diff: 0.6, Sum: 113.4]
      [GC Worker End (ms): Min: 5838096.7, Avg: 5838096.7, Max: 5838096.7, Diff: 0.0]
   [Code Root Fixup: 0.0 ms]
   [Code Root Purge: 0.0 ms]
   [Clear CT: 0.0 ms]
   [Other: 1.2 ms]
      [Choose CSet: 0.0 ms]
      [Ref Proc: 0.2 ms]
      [Ref Enq: 0.0 ms]
      [Redirty Cards: 0.1 ms]
      [Humongous Register: 0.2 ms]
      [Humongous Reclaim: 0.0 ms]
      [Free CSet: 0.1 ms]
   [Eden: 44.0M(44.0M)->0.0B(46.0M) Survivors: 7168.0K->5120.0K Heap: 357.7M(1024.0M)->313.2M(1024.0M)]
 [Times: user=0.07 sys=0.01, real=0.03 secs] 
2018-12-01T23:33:20.187+0800: 5862.433: [GC pause (G1 Evacuation Pause) (young), 0.0355564 secs]
   [Parallel Time: 34.4 ms, GC Workers: 4]
      [GC Worker Start (ms): Min: 5862433.8, Avg: 5862433.8, Max: 5862433.8, Diff: 0.0]
      [Ext Root Scanning (ms): Min: 0.6, Avg: 0.6, Max: 0.6, Diff: 0.0, Sum: 2.3]
      [Update RS (ms): Min: 5.5, Avg: 5.7, Max: 5.8, Diff: 0.3, Sum: 22.6]
         [Processed Buffers: Min: 3, Avg: 9.0, Max: 20, Diff: 17, Sum: 36]
      [Scan RS (ms): Min: 7.3, Avg: 8.4, Max: 9.5, Diff: 2.2, Sum: 33.7]
      [Code Root Scanning (ms): Min: 0.0, Avg: 0.0, Max: 0.0, Diff: 0.0, Sum: 0.0]
      [Object Copy (ms): Min: 18.7, Avg: 19.6, Max: 20.6, Diff: 1.9, Sum: 78.5]
      [Termination (ms): Min: 0.0, Avg: 0.0, Max: 0.0, Diff: 0.0, Sum: 0.0]
         [Termination Attempts: Min: 1, Avg: 1.2, Max: 2, Diff: 1, Sum: 5]
      [GC Worker Other (ms): Min: 0.0, Avg: 0.0, Max: 0.0, Diff: 0.0, Sum: 0.1]
      [GC Worker Total (ms): Min: 34.3, Avg: 34.3, Max: 34.4, Diff: 0.0, Sum: 137.4]
      [GC Worker End (ms): Min: 5862468.1, Avg: 5862468.1, Max: 5862468.1, Diff: 0.0]
   [Code Root Fixup: 0.0 ms]
   [Code Root Purge: 0.0 ms]
   [Clear CT: 0.1 ms]
   [Other: 1.1 ms]
      [Choose CSet: 0.0 ms]
      [Ref Proc: 0.2 ms]
      [Ref Enq: 0.0 ms]
      [Redirty Cards: 0.1 ms]
      [Humongous Register: 0.1 ms]
      [Humongous Reclaim: 0.0 ms]
      [Free CSet: 0.3 ms]
   [Eden: 46.0M(46.0M)->0.0B(46.0M) Survivors: 5120.0K->5120.0K Heap: 359.2M(1024.0M)->313.7M(1024.0M)]
 [Times: user=0.06 sys=0.04, real=0.04 secs] 
2018-12-01T23:33:44.704+0800: 5886.951: [GC pause (G1 Evacuation Pause) (young), 0.0336160 secs]
   [Parallel Time: 28.9 ms, GC Workers: 4]
      [GC Worker Start (ms): Min: 5886954.7, Avg: 5886954.9, Max: 5886955.2, Diff: 0.5]
      [Ext Root Scanning (ms): Min: 6.4, Avg: 8.1, Max: 12.8, Diff: 6.4, Sum: 32.5]
      [Update RS (ms): Min: 0.0, Avg: 2.3, Max: 3.1, Diff: 3.1, Sum: 9.0]
         [Processed Buffers: Min: 0, Avg: 8.5, Max: 15, Diff: 15, Sum: 34]
      [Scan RS (ms): Min: 3.8, Avg: 6.0, Max: 6.8, Diff: 3.0, Sum: 23.9]
      [Code Root Scanning (ms): Min: 0.0, Avg: 0.0, Max: 0.0, Diff: 0.0, Sum: 0.0]
      [Object Copy (ms): Min: 12.0, Avg: 12.1, Max: 12.1, Diff: 0.1, Sum: 48.4]
      [Termination (ms): Min: 0.0, Avg: 0.0, Max: 0.0, Diff: 0.0, Sum: 0.0]
         [Termination Attempts: Min: 1, Avg: 1.2, Max: 2, Diff: 1, Sum: 5]
      [GC Worker Other (ms): Min: 0.0, Avg: 0.1, Max: 0.1, Diff: 0.0, Sum: 0.3]
      [GC Worker Total (ms): Min: 28.2, Avg: 28.5, Max: 28.7, Diff: 0.5, Sum: 114.1]
      [GC Worker End (ms): Min: 5886983.4, Avg: 5886983.5, Max: 5886983.5, Diff: 0.0]
   [Code Root Fixup: 0.0 ms]
   [Code Root Purge: 0.0 ms]
   [Clear CT: 0.1 ms]
   [Other: 4.6 ms]
      [Choose CSet: 0.0 ms]
      [Ref Proc: 0.1 ms]
      [Ref Enq: 0.0 ms]
      [Redirty Cards: 0.1 ms]
      [Humongous Register: 3.4 ms]
      [Humongous Reclaim: 0.0 ms]
      [Free CSet: 0.1 ms]
   [Eden: 46.0M(46.0M)->0.0B(46.0M) Survivors: 5120.0K->5120.0K Heap: 359.7M(1024.0M)->313.8M(1024.0M)]
 [Times: user=0.06 sys=0.04, real=0.04 secs] 
2018-12-01T23:34:09.122+0800: 5911.367: [GC pause (G1 Evacuation Pause) (young), 0.0503867 secs]
   [Parallel Time: 49.0 ms, GC Workers: 4]
      [GC Worker Start (ms): Min: 5911367.8, Avg: 5911367.9, Max: 5911367.9, Diff: 0.1]
      [Ext Root Scanning (ms): Min: 2.0, Avg: 2.0, Max: 2.0, Diff: 0.1, Sum: 8.0]
      [Update RS (ms): Min: 6.2, Avg: 6.8, Max: 7.2, Diff: 1.0, Sum: 27.3]
         [Processed Buffers: Min: 3, Avg: 8.2, Max: 15, Diff: 12, Sum: 33]
      [Scan RS (ms): Min: 7.5, Avg: 7.9, Max: 8.9, Diff: 1.4, Sum: 31.5]
      [Code Root Scanning (ms): Min: 0.0, Avg: 0.0, Max: 0.0, Diff: 0.0, Sum: 0.0]
      [Object Copy (ms): Min: 30.9, Avg: 32.1, Max: 33.1, Diff: 2.2, Sum: 128.6]
      [Termination (ms): Min: 0.0, Avg: 0.0, Max: 0.0, Diff: 0.0, Sum: 0.0]
         [Termination Attempts: Min: 2, Avg: 3.2, Max: 5, Diff: 3, Sum: 13]
      [GC Worker Other (ms): Min: 0.0, Avg: 0.0, Max: 0.0, Diff: 0.0, Sum: 0.1]
      [GC Worker Total (ms): Min: 48.9, Avg: 48.9, Max: 49.0, Diff: 0.1, Sum: 195.6]
      [GC Worker End (ms): Min: 5911416.8, Avg: 5911416.8, Max: 5911416.8, Diff: 0.0]
   [Code Root Fixup: 0.0 ms]
   [Code Root Purge: 0.0 ms]
   [Clear CT: 0.1 ms]
   [Other: 1.2 ms]
      [Choose CSet: 0.0 ms]
      [Ref Proc: 0.1 ms]
      [Ref Enq: 0.0 ms]
      [Redirty Cards: 0.1 ms]
      [Humongous Register: 0.2 ms]
      [Humongous Reclaim: 0.0 ms]
      [Free CSet: 0.2 ms]
   [Eden: 46.0M(46.0M)->0.0B(44.0M) Survivors: 5120.0K->7168.0K Heap: 359.8M(1024.0M)->315.8M(1024.0M)]
 [Times: user=0.07 sys=0.05, real=0.05 secs] 
2018-12-01T23:34:32.411+0800: 5934.656: [GC pause (G1 Evacuation Pause) (young), 0.0214894 secs]
   [Parallel Time: 20.7 ms, GC Workers: 4]
      [GC Worker Start (ms): Min: 5934655.9, Avg: 5934655.9, Max: 5934655.9, Diff: 0.1]
      [Ext Root Scanning (ms): Min: 0.9, Avg: 1.0, Max: 1.0, Diff: 0.1, Sum: 3.9]
      [Update RS (ms): Min: 2.0, Avg: 2.3, Max: 2.7, Diff: 0.7, Sum: 9.3]
         [Processed Buffers: Min: 5, Avg: 8.5, Max: 12, Diff: 7, Sum: 34]
      [Scan RS (ms): Min: 4.7, Avg: 5.6, Max: 6.5, Diff: 1.8, Sum: 22.6]
      [Code Root Scanning (ms): Min: 0.0, Avg: 0.0, Max: 0.0, Diff: 0.0, Sum: 0.0]
      [Object Copy (ms): Min: 10.8, Avg: 11.7, Max: 12.3, Diff: 1.5, Sum: 46.6]
      [Termination (ms): Min: 0.0, Avg: 0.0, Max: 0.0, Diff: 0.0, Sum: 0.0]
         [Termination Attempts: Min: 1, Avg: 1.0, Max: 1, Diff: 0, Sum: 4]
      [GC Worker Other (ms): Min: 0.0, Avg: 0.0, Max: 0.0, Diff: 0.0, Sum: 0.1]
      [GC Worker Total (ms): Min: 20.6, Avg: 20.6, Max: 20.7, Diff: 0.1, Sum: 82.5]
      [GC Worker End (ms): Min: 5934676.5, Avg: 5934676.5, Max: 5934676.5, Diff: 0.0]
   [Code Root Fixup: 0.0 ms]
   [Code Root Purge: 0.0 ms]
   [Clear CT: 0.1 ms]
   [Other: 0.7 ms]
      [Choose CSet: 0.0 ms]
      [Ref Proc: 0.2 ms]
      [Ref Enq: 0.0 ms]
      [Redirty Cards: 0.1 ms]
      [Humongous Register: 0.0 ms]
      [Humongous Reclaim: 0.0 ms]
      [Free CSet: 0.1 ms]
   [Eden: 44.0M(44.0M)->0.0B(46.0M) Survivors: 7168.0K->5120.0K Heap: 359.8M(1024.0M)->315.6M(1024.0M)]
 [Times: user=0.08 sys=0.01, real=0.02 secs] 
2018-12-01T23:34:56.917+0800: 5959.161: [GC pause (G1 Evacuation Pause) (young), 0.0612785 secs]
   [Parallel Time: 55.9 ms, GC Workers: 4]
      [GC Worker Start (ms): Min: 5959165.0, Avg: 5959165.2, Max: 5959165.3, Diff: 0.2]
      [Ext Root Scanning (ms): Min: 5.6, Avg: 8.1, Max: 15.4, Diff: 9.8, Sum: 32.2]
      [Update RS (ms): Min: 1.2, Avg: 8.6, Max: 11.1, Diff: 9.9, Sum: 34.5]
         [Processed Buffers: Min: 6, Avg: 8.8, Max: 14, Diff: 8, Sum: 35]
      [Scan RS (ms): Min: 13.6, Avg: 14.2, Max: 14.9, Diff: 1.3, Sum: 56.9]
      [Code Root Scanning (ms): Min: 0.0, Avg: 0.0, Max: 0.0, Diff: 0.0, Sum: 0.0]
      [Object Copy (ms): Min: 24.1, Avg: 24.6, Max: 25.1, Diff: 1.0, Sum: 98.6]
      [Termination (ms): Min: 0.0, Avg: 0.1, Max: 0.1, Diff: 0.1, Sum: 0.3]
         [Termination Attempts: Min: 1, Avg: 1.0, Max: 1, Diff: 0, Sum: 4]
      [GC Worker Other (ms): Min: 0.0, Avg: 0.1, Max: 0.1, Diff: 0.0, Sum: 0.2]
      [GC Worker Total (ms): Min: 55.6, Avg: 55.7, Max: 55.8, Diff: 0.2, Sum: 222.6]
      [GC Worker End (ms): Min: 5959220.8, Avg: 5959220.8, Max: 5959220.8, Diff: 0.0]
   [Code Root Fixup: 0.0 ms]
   [Code Root Purge: 0.0 ms]
   [Clear CT: 0.1 ms]
   [Other: 5.2 ms]
      [Choose CSet: 0.0 ms]
      [Ref Proc: 0.2 ms]
      [Ref Enq: 0.0 ms]
      [Redirty Cards: 0.1 ms]
      [Humongous Register: 3.3 ms]
      [Humongous Reclaim: 0.0 ms]
      [Free CSet: 0.3 ms]
   [Eden: 46.0M(46.0M)->0.0B(46.0M) Survivors: 5120.0K->5120.0K Heap: 361.6M(1024.0M)->315.6M(1024.0M)]
 [Times: user=0.06 sys=0.09, real=0.07 secs] 
2018-12-01T23:35:21.424+0800: 5983.667: [GC pause (G1 Evacuation Pause) (young), 0.0225783 secs]
   [Parallel Time: 21.6 ms, GC Workers: 4]
      [GC Worker Start (ms): Min: 5983667.6, Avg: 5983667.6, Max: 5983667.6, Diff: 0.1]
      [Ext Root Scanning (ms): Min: 0.8, Avg: 1.2, Max: 1.9, Diff: 1.0, Sum: 4.8]
      [Update RS (ms): Min: 2.0, Avg: 2.2, Max: 2.4, Diff: 0.3, Sum: 8.8]
         [Processed Buffers: Min: 2, Avg: 8.0, Max: 17, Diff: 15, Sum: 32]
      [Scan RS (ms): Min: 2.4, Avg: 4.0, Max: 5.3, Diff: 2.9, Sum: 16.1]
      [Code Root Scanning (ms): Min: 0.0, Avg: 0.0, Max: 0.0, Diff: 0.0, Sum: 0.0]
      [Object Copy (ms): Min: 13.1, Avg: 14.0, Max: 14.9, Diff: 1.8, Sum: 55.9]
      [Termination (ms): Min: 0.0, Avg: 0.0, Max: 0.0, Diff: 0.0, Sum: 0.0]
         [Termination Attempts: Min: 1, Avg: 1.0, Max: 1, Diff: 0, Sum: 4]
      [GC Worker Other (ms): Min: 0.0, Avg: 0.1, Max: 0.1, Diff: 0.1, Sum: 0.2]
      [GC Worker Total (ms): Min: 21.4, Avg: 21.5, Max: 21.5, Diff: 0.1, Sum: 85.8]
      [GC Worker End (ms): Min: 5983689.0, Avg: 5983689.1, Max: 5983689.1, Diff: 0.1]
   [Code Root Fixup: 0.0 ms]
   [Code Root Purge: 0.0 ms]
   [Clear CT: 0.1 ms]
   [Other: 0.9 ms]
      [Choose CSet: 0.0 ms]
      [Ref Proc: 0.3 ms]
      [Ref Enq: 0.0 ms]
      [Redirty Cards: 0.1 ms]
      [Humongous Register: 0.0 ms]
      [Humongous Reclaim: 0.0 ms]
      [Free CSet: 0.2 ms]
   [Eden: 46.0M(46.0M)->0.0B(45.0M) Survivors: 5120.0K->6144.0K Heap: 361.6M(1024.0M)->317.9M(1024.0M)]
 [Times: user=0.06 sys=0.01, real=0.02 secs] 
2018-12-01T23:35:45.312+0800: 6007.554: [GC pause (G1 Evacuation Pause) (young), 0.0222368 secs]
   [Parallel Time: 21.0 ms, GC Workers: 4]
      [GC Worker Start (ms): Min: 6007554.4, Avg: 6007554.5, Max: 6007554.6, Diff: 0.2]
      [Ext Root Scanning (ms): Min: 1.0, Avg: 1.1, Max: 1.2, Diff: 0.2, Sum: 4.3]
      [Update RS (ms): Min: 2.6, Avg: 2.9, Max: 3.1, Diff: 0.5, Sum: 11.6]
         [Processed Buffers: Min: 4, Avg: 8.5, Max: 16, Diff: 12, Sum: 34]
      [Scan RS (ms): Min: 5.5, Avg: 5.8, Max: 6.0, Diff: 0.4, Sum: 23.2]
      [Code Root Scanning (ms): Min: 0.0, Avg: 0.0, Max: 0.0, Diff: 0.0, Sum: 0.0]
      [Object Copy (ms): Min: 10.9, Avg: 11.0, Max: 11.2, Diff: 0.3, Sum: 44.2]
      [Termination (ms): Min: 0.0, Avg: 0.0, Max: 0.0, Diff: 0.0, Sum: 0.1]
         [Termination Attempts: Min: 1, Avg: 1.2, Max: 2, Diff: 1, Sum: 5]
      [GC Worker Other (ms): Min: 0.0, Avg: 0.0, Max: 0.1, Diff: 0.0, Sum: 0.1]
      [GC Worker Total (ms): Min: 20.8, Avg: 20.9, Max: 21.0, Diff: 0.2, Sum: 83.5]
      [GC Worker End (ms): Min: 6007575.4, Avg: 6007575.4, Max: 6007575.4, Diff: 0.0]
   [Code Root Fixup: 0.0 ms]
   [Code Root Purge: 0.0 ms]
   [Clear CT: 0.1 ms]
   [Other: 1.0 ms]
      [Choose CSet: 0.0 ms]
      [Ref Proc: 0.3 ms]
      [Ref Enq: 0.0 ms]
      [Redirty Cards: 0.1 ms]
      [Humongous Register: 0.2 ms]
      [Humongous Reclaim: 0.0 ms]
      [Free CSet: 0.1 ms]
   [Eden: 45.0M(45.0M)->0.0B(45.0M) Survivors: 6144.0K->6144.0K Heap: 362.9M(1024.0M)->319.0M(1024.0M)]
 [Times: user=0.08 sys=0.00, real=0.02 secs] 
2018-12-01T23:36:09.183+0800: 6031.425: [GC pause (G1 Evacuation Pause) (young), 0.0446474 secs]
   [Parallel Time: 39.0 ms, GC Workers: 4]
      [GC Worker Start (ms): Min: 6031429.5, Avg: 6031429.6, Max: 6031429.8, Diff: 0.2]
      [Ext Root Scanning (ms): Min: 5.6, Avg: 7.2, Max: 10.9, Diff: 5.3, Sum: 28.6]
      [Update RS (ms): Min: 1.6, Avg: 5.5, Max: 6.9, Diff: 5.3, Sum: 21.9]
         [Processed Buffers: Min: 1, Avg: 8.5, Max: 20, Diff: 19, Sum: 34]
      [Scan RS (ms): Min: 9.1, Avg: 9.4, Max: 9.7, Diff: 0.6, Sum: 37.7]
      [Code Root Scanning (ms): Min: 0.0, Avg: 0.0, Max: 0.0, Diff: 0.0, Sum: 0.0]
      [Object Copy (ms): Min: 16.5, Avg: 16.6, Max: 16.7, Diff: 0.2, Sum: 66.3]
      [Termination (ms): Min: 0.0, Avg: 0.0, Max: 0.0, Diff: 0.0, Sum: 0.1]
         [Termination Attempts: Min: 1, Avg: 1.2, Max: 2, Diff: 1, Sum: 5]
      [GC Worker Other (ms): Min: 0.0, Avg: 0.1, Max: 0.4, Diff: 0.4, Sum: 0.6]
      [GC Worker Total (ms): Min: 38.6, Avg: 38.8, Max: 38.9, Diff: 0.2, Sum: 155.1]
      [GC Worker End (ms): Min: 6031468.4, Avg: 6031468.4, Max: 6031468.4, Diff: 0.0]
   [Code Root Fixup: 0.0 ms]
   [Code Root Purge: 0.0 ms]
   [Clear CT: 0.1 ms]
   [Other: 5.5 ms]
      [Choose CSet: 0.0 ms]
      [Ref Proc: 0.2 ms]
      [Ref Enq: 0.0 ms]
      [Redirty Cards: 0.1 ms]
      [Humongous Register: 3.3 ms]
      [Humongous Reclaim: 0.0 ms]
      [Free CSet: 0.4 ms]
   [Eden: 45.0M(45.0M)->0.0B(46.0M) Survivors: 6144.0K->5120.0K Heap: 364.0M(1024.0M)->319.0M(1024.0M)]
 [Times: user=0.06 sys=0.08, real=0.05 secs] 
2018-12-01T23:36:33.666+0800: 6055.907: [GC pause (G1 Evacuation Pause) (young), 0.0191695 secs]
   [Parallel Time: 18.3 ms, GC Workers: 4]
      [GC Worker Start (ms): Min: 6055907.2, Avg: 6055907.3, Max: 6055907.4, Diff: 0.2]
      [Ext Root Scanning (ms): Min: 0.8, Avg: 0.9, Max: 1.0, Diff: 0.2, Sum: 3.8]
      [Update RS (ms): Min: 2.3, Avg: 2.6, Max: 2.9, Diff: 0.6, Sum: 10.4]
         [Processed Buffers: Min: 3, Avg: 7.8, Max: 13, Diff: 10, Sum: 31]
      [Scan RS (ms): Min: 4.1, Avg: 5.1, Max: 6.6, Diff: 2.5, Sum: 20.2]
      [Code Root Scanning (ms): Min: 0.0, Avg: 0.0, Max: 0.0, Diff: 0.0, Sum: 0.0]
      [Object Copy (ms): Min: 7.9, Avg: 9.5, Max: 10.2, Diff: 2.3, Sum: 38.1]
      [Termination (ms): Min: 0.0, Avg: 0.0, Max: 0.0, Diff: 0.0, Sum: 0.0]
         [Termination Attempts: Min: 1, Avg: 1.0, Max: 1, Diff: 0, Sum: 4]
      [GC Worker Other (ms): Min: 0.0, Avg: 0.0, Max: 0.0, Diff: 0.0, Sum: 0.1]
      [GC Worker Total (ms): Min: 18.0, Avg: 18.2, Max: 18.2, Diff: 0.2, Sum: 72.7]
      [GC Worker End (ms): Min: 6055925.4, Avg: 6055925.4, Max: 6055925.4, Diff: 0.0]
   [Code Root Fixup: 0.0 ms]
   [Code Root Purge: 0.0 ms]
   [Clear CT: 0.1 ms]
   [Other: 0.7 ms]
      [Choose CSet: 0.0 ms]
      [Ref Proc: 0.2 ms]
      [Ref Enq: 0.0 ms]
      [Redirty Cards: 0.1 ms]
      [Humongous Register: 0.1 ms]
      [Humongous Reclaim: 0.0 ms]
      [Free CSet: 0.1 ms]
   [Eden: 46.0M(46.0M)->0.0B(46.0M) Survivors: 5120.0K->5120.0K Heap: 365.0M(1024.0M)->319.5M(1024.0M)]
 [Times: user=0.06 sys=0.01, real=0.02 secs] 
2018-12-01T23:36:58.280+0800: 6080.510: [GC pause (G1 Evacuation Pause) (young), 0.0227164 secs]
   [Parallel Time: 22.1 ms, GC Workers: 4]
      [GC Worker Start (ms): Min: 6080510.6, Avg: 6080510.8, Max: 6080511.1, Diff: 0.5]
      [Ext Root Scanning (ms): Min: 0.6, Avg: 0.9, Max: 1.1, Diff: 0.5, Sum: 3.6]
      [Update RS (ms): Min: 1.9, Avg: 2.5, Max: 3.0, Diff: 1.1, Sum: 10.0]
         [Processed Buffers: Min: 5, Avg: 7.8, Max: 10, Diff: 5, Sum: 31]
      [Scan RS (ms): Min: 5.1, Avg: 5.7, Max: 6.3, Diff: 1.2, Sum: 22.9]
      [Code Root Scanning (ms): Min: 0.0, Avg: 0.0, Max: 0.0, Diff: 0.0, Sum: 0.0]
      [Object Copy (ms): Min: 11.8, Avg: 12.6, Max: 13.4, Diff: 1.7, Sum: 50.3]
      [Termination (ms): Min: 0.0, Avg: 0.0, Max: 0.0, Diff: 0.0, Sum: 0.0]
         [Termination Attempts: Min: 1, Avg: 1.0, Max: 1, Diff: 0, Sum: 4]
      [GC Worker Other (ms): Min: 0.0, Avg: 0.0, Max: 0.0, Diff: 0.0, Sum: 0.1]
      [GC Worker Total (ms): Min: 21.5, Avg: 21.7, Max: 21.9, Diff: 0.5, Sum: 87.0]
      [GC Worker End (ms): Min: 6080532.5, Avg: 6080532.5, Max: 6080532.5, Diff: 0.0]
   [Code Root Fixup: 0.0 ms]
   [Code Root Purge: 0.0 ms]
   [Clear CT: 0.1 ms]
   [Other: 0.5 ms]
      [Choose CSet: 0.0 ms]
      [Ref Proc: 0.1 ms]
      [Ref Enq: 0.0 ms]
      [Redirty Cards: 0.1 ms]
      [Humongous Register: 0.0 ms]
      [Humongous Reclaim: 0.0 ms]
      [Free CSet: 0.0 ms]
   [Eden: 46.0M(46.0M)->0.0B(45.0M) Survivors: 5120.0K->6144.0K Heap: 365.5M(1024.0M)->321.1M(1024.0M)]
 [Times: user=0.07 sys=0.01, real=0.02 secs] 
